[INFO] Scanning for projects...
[INFO] 
[INFO] ----------------------< br.com.technews:technews >----------------------
[INFO] Building technews 0.0.1-SNAPSHOT
[INFO]   from pom.xml
[INFO] --------------------------------[ jar ]---------------------------------
[INFO] 
[INFO] --- resources:3.3.1:resources (default-resources) @ technews ---
[INFO] Copying 5 resources from src/main/resources to target/classes
[INFO] Copying 33 resources from src/main/resources to target/classes
[INFO] 
[INFO] --- compiler:3.14.0:compile (default-compile) @ technews ---
[INFO] Nothing to compile - all classes are up to date.
[INFO] 
[INFO] --- resources:3.3.1:testResources (default-testResources) @ technews ---
[INFO] Copying 2 resources from src/test/resources to target/test-classes
[INFO] 
[INFO] --- compiler:3.14.0:testCompile (default-testCompile) @ technews ---
[INFO] Nothing to compile - all classes are up to date.
[INFO] 
[INFO] --- surefire:3.0.0-M9:test (default-test) @ technews ---
[INFO] Using auto detected provider org.apache.maven.surefire.junitplatform.JUnitPlatformProvider
[INFO] 
[INFO] -------------------------------------------------------
[INFO]  T E S T S
[INFO] -------------------------------------------------------
[INFO] Running br.com.technews.controller.admin.CategoryControllerTest
20:33:51.389 [main] INFO org.springframework.test.context.support.AnnotationConfigContextLoaderUtils -- Could not detect default configuration classes for test class [br.com.technews.controller.admin.CategoryControllerTest]: CategoryControllerTest does not declare any static, non-private, non-final, nested classes annotated with @Configuration.
20:33:52.395 [main] INFO org.springframework.boot.test.context.SpringBootTestContextBootstrapper -- Found @SpringBootConfiguration br.com.technews.TechnewsApplication for test class br.com.technews.controller.admin.CategoryControllerTest

  .   ____          _            __ _ _
 /\\ / ___'_ __ _ _(_)_ __  __ _ \ \ \ \
( ( )\___ | '_ | '_| | '_ \/ _` | \ \ \ \
 \\/  ___)| |_)| | | | | || (_| |  ) ) ) )
  '  |____| .__|_| |_|_| |_\__, | / / / /
 =========|_|==============|___/=/_/_/_/

 :: Spring Boot ::                (v3.5.5)

2025-09-20T20:33:54.535-03:00  INFO 29846 --- [TechNews] [           main] b.c.t.c.admin.CategoryControllerTest     : Starting CategoryControllerTest using Java 21.0.8 with PID 29846 (started by lan in /mnt/c/Users/Usuario/Documents/technews)
2025-09-20T20:33:54.538-03:00  INFO 29846 --- [TechNews] [           main] b.c.t.c.admin.CategoryControllerTest     : The following 1 profile is active: "test"
2025-09-20T20:33:54.591-03:00 DEBUG 29846 --- [TechNews] [           main] o.s.w.c.s.GenericWebApplicationContext   : Refreshing org.springframework.web.context.support.GenericWebApplicationContext@15923407
wsl : Mockito is currently 
self-attaching to enable the 
inline-mock-maker. This will no 
longer work in future releases of 
the JDK. Please add Mockito as an 
agent to your build as described 
in Mockito's documentation: https:
//javadoc.io/doc/org.mockito/mocki
to-core/latest/org.mockito/org/moc
kito/Mockito.html#0.3
No linha:1 caractere:1
+ wsl mvn test > test-output.txt 
2>&1
+ ~~~~~~~~~~~~~~~~~~~~~~~~~~~~~~~~
~~~
    + CategoryInfo          : Not 
   Specified: (Mockito is curr..  
  .ockito.html#0.3:String) [],    
 RemoteException
    + FullyQualifiedErrorId : Nat 
   iveCommandError
 
OpenJDK 64-Bit Server VM warning: 
Sharing is only supported for 
boot loader classes because 
bootstrap classpath has been 
appended
WARNING: A Java agent has been 
loaded dynamically (/home/lan/.m2/
repository/net/bytebuddy/byte-budd
y-agent/1.17.7/byte-buddy-agent-1.
17.7.jar)
WARNING: If a serviceability tool 
is in use, please run with 
-XX:+EnableDynamicAgentLoading to 
hide this warning
WARNING: If a serviceability tool 
is not in use, please run with 
-Djdk.instrument.traceUsage for 
more information
WARNING: Dynamic loading of 
agents will be disallowed by 
default in a future release
2025-09-20T20:34:02.659-03:00  INFO 29846 --- [TechNews] [           main] o.s.b.a.w.s.WelcomePageHandlerMapping    : Adding welcome page template: index
2025-09-20T20:34:02.964-03:00 DEBUG 29846 --- [TechNews] [           main] s.w.s.m.m.a.RequestMappingHandlerMapping : 11 mappings in 'requestMappingHandlerMapping'
2025-09-20T20:34:03.628-03:00 DEBUG 29846 --- [TechNews] [           main] o.s.w.s.handler.SimpleUrlHandlerMapping  : Patterns [/webjars/**, /**] in 'resourceHandlerMapping'
2025-09-20T20:34:03.748-03:00  INFO 29846 --- [TechNews] [           main] r$InitializeUserDetailsManagerConfigurer : Global AuthenticationManager configured with UserDetailsService bean with name inMemoryUserDetailsManager
2025-09-20T20:34:04.482-03:00 DEBUG 29846 --- [TechNews] [           main] s.w.s.m.m.a.RequestMappingHandlerAdapter : ControllerAdvice beans: 0 @ModelAttribute, 0 @InitBinder, 1 RequestBodyAdvice, 1 ResponseBodyAdvice
2025-09-20T20:34:04.868-03:00 DEBUG 29846 --- [TechNews] [           main] .m.m.a.ExceptionHandlerExceptionResolver : ControllerAdvice beans: 0 @ExceptionHandler, 1 ResponseBodyAdvice
2025-09-20T20:34:05.091-03:00  INFO 29846 --- [TechNews] [           main] o.s.b.t.m.w.SpringBootMockServletContext : Initializing Spring TestDispatcherServlet ''
2025-09-20T20:34:05.092-03:00  INFO 29846 --- [TechNews] [           main] o.s.t.web.servlet.TestDispatcherServlet  : Initializing Servlet ''
2025-09-20T20:34:05.097-03:00  INFO 29846 --- [TechNews] [           main] o.s.t.web.servlet.TestDispatcherServlet  : Completed initialization in 4 ms
2025-09-20T20:34:05.162-03:00  INFO 29846 --- [TechNews] [           main] b.c.t.c.admin.CategoryControllerTest     : Started CategoryControllerTest in 12.312 seconds (process running for 16.785)
2025-09-20T20:34:05.531-03:00 DEBUG 29846 --- [TechNews] [           main] s.w.s.m.m.a.RequestMappingHandlerMapping : Mapped to br.com.technews.controller.admin.CategoryController#viewCategory(Long, Model, RedirectAttributes)
2025-09-20T20:34:05.682-03:00 DEBUG 29846 --- [TechNews] [           main] o.s.w.s.v.ContentNegotiatingViewResolver : Selected '*/*' given [*/*]
2025-09-20T20:34:06.998-03:00 ERROR 29846 --- [TechNews] [           main] org.thymeleaf.TemplateEngine             : [THYMELEAF][main] Exception processing template "admin/categories/view": An error happened during template parsing (template: "class path resource [templates/admin/categories/view.html]")

org.thymeleaf.exceptions.TemplateInputException: An error happened during template parsing (template: "class path resource [templates/admin/categories/view.html]")
	at org.thymeleaf.templateparser.markup.AbstractMarkupTemplateParser.parse(AbstractMarkupTemplateParser.java:241) ~[thymeleaf-3.1.3.RELEASE.jar:3.1.3.RELEASE]
	at org.thymeleaf.templateparser.markup.AbstractMarkupTemplateParser.parseStandalone(AbstractMarkupTemplateParser.java:100) ~[thymeleaf-3.1.3.RELEASE.jar:3.1.3.RELEASE]
	at org.thymeleaf.engine.TemplateManager.parseAndProcess(TemplateManager.java:666) ~[thymeleaf-3.1.3.RELEASE.jar:3.1.3.RELEASE]
	at org.thymeleaf.TemplateEngine.process(TemplateEngine.java:1103) ~[thymeleaf-3.1.3.RELEASE.jar:3.1.3.RELEASE]
	at org.thymeleaf.TemplateEngine.process(TemplateEngine.java:1077) ~[thymeleaf-3.1.3.RELEASE.jar:3.1.3.RELEASE]
	at org.thymeleaf.spring6.view.ThymeleafView.renderFragment(ThymeleafView.java:372) ~[thymeleaf-spring6-3.1.3.RELEASE.jar:3.1.3.RELEASE]
	at org.thymeleaf.spring6.view.ThymeleafView.render(ThymeleafView.java:192) ~[thymeleaf-spring6-3.1.3.RELEASE.jar:3.1.3.RELEASE]
	at org.springframework.web.servlet.DispatcherServlet.render(DispatcherServlet.java:1438) ~[spring-webmvc-6.2.10.jar:6.2.10]
	at org.springframework.test.web.servlet.TestDispatcherServlet.render(TestDispatcherServlet.java:138) ~[spring-test-6.2.10.jar:6.2.10]
	at org.springframework.web.servlet.DispatcherServlet.processDispatchResult(DispatcherServlet.java:1168) ~[spring-webmvc-6.2.10.jar:6.2.10]
	at org.springframework.web.servlet.DispatcherServlet.doDispatch(DispatcherServlet.java:1106) ~[spring-webmvc-6.2.10.jar:6.2.10]
	at org.springframework.web.servlet.DispatcherServlet.doService(DispatcherServlet.java:979) ~[spring-webmvc-6.2.10.jar:6.2.10]
	at org.springframework.web.servlet.FrameworkServlet.processRequest(FrameworkServlet.java:1014) ~[spring-webmvc-6.2.10.jar:6.2.10]
	at org.springframework.web.servlet.FrameworkServlet.doGet(FrameworkServlet.java:903) ~[spring-webmvc-6.2.10.jar:6.2.10]
	at jakarta.servlet.http.HttpServlet.service(HttpServlet.java:564) ~[tomcat-embed-core-10.1.44.jar:6.0]
	at org.springframework.web.servlet.FrameworkServlet.service(FrameworkServlet.java:885) ~[spring-webmvc-6.2.10.jar:6.2.10]
	at org.springframework.test.web.servlet.TestDispatcherServlet.service(TestDispatcherServlet.java:72) ~[spring-test-6.2.10.jar:6.2.10]
	at jakarta.servlet.http.HttpServlet.service(HttpServlet.java:658) ~[tomcat-embed-core-10.1.44.jar:6.0]
	at org.springframework.mock.web.MockFilterChain$ServletFilterProxy.doFilter(MockFilterChain.java:165) ~[spring-test-6.2.10.jar:6.2.10]
	at org.springframework.mock.web.MockFilterChain.doFilter(MockFilterChain.java:132) ~[spring-test-6.2.10.jar:6.2.10]
	at org.springframework.web.filter.CompositeFilter$VirtualFilterChain.doFilter(CompositeFilter.java:108) ~[spring-web-6.2.10.jar:6.2.10]
	at org.springframework.web.filter.CompositeFilter$VirtualFilterChain.doFilter(CompositeFilter.java:108) ~[spring-web-6.2.10.jar:6.2.10]
	at org.springframework.security.web.FilterChainProxy.lambda$doFilterInternal$3(FilterChainProxy.java:231) ~[spring-security-web-6.5.3.jar:6.5.3]
	at org.springframework.security.web.FilterChainProxy$VirtualFilterChain.doFilter(FilterChainProxy.java:365) ~[spring-security-web-6.5.3.jar:6.5.3]
	at org.springframework.security.web.access.intercept.AuthorizationFilter.doFilter(AuthorizationFilter.java:101) ~[spring-security-web-6.5.3.jar:6.5.3]
	at org.springframework.security.web.FilterChainProxy$VirtualFilterChain.doFilter(FilterChainProxy.java:374) ~[spring-security-web-6.5.3.jar:6.5.3]
	at org.springframework.security.web.access.ExceptionTranslationFilter.doFilter(ExceptionTranslationFilter.java:125) ~[spring-security-web-6.5.3.jar:6.5.3]
	at org.springframework.security.web.access.ExceptionTranslationFilter.doFilter(ExceptionTranslationFilter.java:119) ~[spring-security-web-6.5.3.jar:6.5.3]
	at org.springframework.security.web.FilterChainProxy$VirtualFilterChain.doFilter(FilterChainProxy.java:374) ~[spring-security-web-6.5.3.jar:6.5.3]
	at org.springframework.security.web.authentication.AnonymousAuthenticationFilter.doFilter(AnonymousAuthenticationFilter.java:100) ~[spring-security-web-6.5.3.jar:6.5.3]
	at org.springframework.security.web.FilterChainProxy$VirtualFilterChain.doFilter(FilterChainProxy.java:374) ~[spring-security-web-6.5.3.jar:6.5.3]
	at org.springframework.security.web.servletapi.SecurityContextHolderAwareRequestFilter.doFilter(SecurityContextHolderAwareRequestFilter.java:179) ~[spring-security-web-6.5.3.jar:6.5.3]
	at org.springframework.security.web.FilterChainProxy$VirtualFilterChain.doFilter(FilterChainProxy.java:374) ~[spring-security-web-6.5.3.jar:6.5.3]
	at org.springframework.security.web.savedrequest.RequestCacheAwareFilter.doFilter(RequestCacheAwareFilter.java:63) ~[spring-security-web-6.5.3.jar:6.5.3]
	at org.springframework.security.web.FilterChainProxy$VirtualFilterChain.doFilter(FilterChainProxy.java:374) ~[spring-security-web-6.5.3.jar:6.5.3]
	at org.springframework.security.web.authentication.logout.LogoutFilter.doFilter(LogoutFilter.java:107) ~[spring-security-web-6.5.3.jar:6.5.3]
	at org.springframework.security.web.authentication.logout.LogoutFilter.doFilter(LogoutFilter.java:93) ~[spring-security-web-6.5.3.jar:6.5.3]
	at org.springframework.security.web.FilterChainProxy$VirtualFilterChain.doFilter(FilterChainProxy.java:374) ~[spring-security-web-6.5.3.jar:6.5.3]
	at org.springframework.security.web.header.HeaderWriterFilter.doHeadersAfter(HeaderWriterFilter.java:90) ~[spring-security-web-6.5.3.jar:6.5.3]
	at org.springframework.security.web.header.HeaderWriterFilter.doFilterInternal(HeaderWriterFilter.java:75) ~[spring-security-web-6.5.3.jar:6.5.3]
	at org.springframework.web.filter.OncePerRequestFilter.doFilter(OncePerRequestFilter.java:116) ~[spring-web-6.2.10.jar:6.2.10]
	at org.springframework.security.web.FilterChainProxy$VirtualFilterChain.doFilter(FilterChainProxy.java:374) ~[spring-security-web-6.5.3.jar:6.5.3]
	at org.springframework.security.web.context.SecurityContextHolderFilter.doFilter(SecurityContextHolderFilter.java:82) ~[spring-security-web-6.5.3.jar:6.5.3]
	at org.springframework.security.web.context.SecurityContextHolderFilter.doFilter(SecurityContextHolderFilter.java:69) ~[spring-security-web-6.5.3.jar:6.5.3]
	at org.springframework.security.web.FilterChainProxy$VirtualFilterChain.doFilter(FilterChainProxy.java:374) ~[spring-security-web-6.5.3.jar:6.5.3]
	at org.springframework.security.web.context.request.async.WebAsyncManagerIntegrationFilter.doFilterInternal(WebAsyncManagerIntegrationFilter.java:62) ~[spring-security-web-6.5.3.jar:6.5.3]
	at org.springframework.web.filter.OncePerRequestFilter.doFilter(OncePerRequestFilter.java:116) ~[spring-web-6.2.10.jar:6.2.10]
	at org.springframework.security.web.FilterChainProxy$VirtualFilterChain.doFilter(FilterChainProxy.java:374) ~[spring-security-web-6.5.3.jar:6.5.3]
	at org.springframework.security.web.session.DisableEncodeUrlFilter.doFilterInternal(DisableEncodeUrlFilter.java:42) ~[spring-security-web-6.5.3.jar:6.5.3]
	at org.springframework.web.filter.OncePerRequestFilter.doFilter(OncePerRequestFilter.java:116) ~[spring-web-6.2.10.jar:6.2.10]
	at org.springframework.security.web.FilterChainProxy$VirtualFilterChain.doFilter(FilterChainProxy.java:374) ~[spring-security-web-6.5.3.jar:6.5.3]
	at org.springframework.security.web.FilterChainProxy.doFilterInternal(FilterChainProxy.java:233) ~[spring-security-web-6.5.3.jar:6.5.3]
	at org.springframework.security.web.FilterChainProxy.doFilter(FilterChainProxy.java:191) ~[spring-security-web-6.5.3.jar:6.5.3]
	at org.springframework.web.filter.CompositeFilter$VirtualFilterChain.doFilter(CompositeFilter.java:113) ~[spring-web-6.2.10.jar:6.2.10]
	at org.springframework.web.filter.ServletRequestPathFilter.doFilter(ServletRequestPathFilter.java:52) ~[spring-web-6.2.10.jar:6.2.10]
	at org.springframework.web.filter.CompositeFilter$VirtualFilterChain.doFilter(CompositeFilter.java:113) ~[spring-web-6.2.10.jar:6.2.10]
	at org.springframework.web.filter.CompositeFilter.doFilter(CompositeFilter.java:74) ~[spring-web-6.2.10.jar:6.2.10]
	at org.springframework.security.config.annotation.web.configuration.WebSecurityConfiguration$CompositeFilterChainProxy.doFilter(WebSecurityConfiguration.java:319) ~[spring-security-config-6.5.3.jar:6.5.3]
	at org.springframework.web.filter.CompositeFilter$VirtualFilterChain.doFilter(CompositeFilter.java:113) ~[spring-web-6.2.10.jar:6.2.10]
	at org.springframework.web.servlet.handler.HandlerMappingIntrospector.lambda$createCacheFilter$4(HandlerMappingIntrospector.java:267) ~[spring-webmvc-6.2.10.jar:6.2.10]
	at org.springframework.web.filter.CompositeFilter$VirtualFilterChain.doFilter(CompositeFilter.java:113) ~[spring-web-6.2.10.jar:6.2.10]
	at org.springframework.web.filter.CompositeFilter.doFilter(CompositeFilter.java:74) ~[spring-web-6.2.10.jar:6.2.10]
	at org.springframework.security.config.annotation.web.configuration.WebMvcSecurityConfiguration$CompositeFilterChainProxy.doFilter(WebMvcSecurityConfiguration.java:240) ~[spring-security-config-6.5.3.jar:6.5.3]
	at org.springframework.web.filter.DelegatingFilterProxy.invokeDelegate(DelegatingFilterProxy.java:362) ~[spring-web-6.2.10.jar:6.2.10]
	at org.springframework.web.filter.DelegatingFilterProxy.doFilter(DelegatingFilterProxy.java:278) ~[spring-web-6.2.10.jar:6.2.10]
	at org.springframework.test.web.servlet.setup.MockMvcFilterDecorator.doFilter(MockMvcFilterDecorator.java:162) ~[spring-test-6.2.10.jar:6.2.10]
	at org.springframework.mock.web.MockFilterChain.doFilter(MockFilterChain.java:132) ~[spring-test-6.2.10.jar:6.2.10]
	at org.springframework.web.filter.RequestContextFilter.doFilterInternal(RequestContextFilter.java:100) ~[spring-web-6.2.10.jar:6.2.10]
	at org.springframework.web.filter.OncePerRequestFilter.doFilter(OncePerRequestFilter.java:116) ~[spring-web-6.2.10.jar:6.2.10]
	at org.springframework.test.web.servlet.setup.MockMvcFilterDecorator.doFilter(MockMvcFilterDecorator.java:162) ~[spring-test-6.2.10.jar:6.2.10]
	at org.springframework.mock.web.MockFilterChain.doFilter(MockFilterChain.java:132) ~[spring-test-6.2.10.jar:6.2.10]
	at org.springframework.web.filter.FormContentFilter.doFilterInternal(FormContentFilter.java:93) ~[spring-web-6.2.10.jar:6.2.10]
	at org.springframework.web.filter.OncePerRequestFilter.doFilter(OncePerRequestFilter.java:116) ~[spring-web-6.2.10.jar:6.2.10]
	at org.springframework.test.web.servlet.setup.MockMvcFilterDecorator.doFilter(MockMvcFilterDecorator.java:162) ~[spring-test-6.2.10.jar:6.2.10]
	at org.springframework.mock.web.MockFilterChain.doFilter(MockFilterChain.java:132) ~[spring-test-6.2.10.jar:6.2.10]
	at org.springframework.web.filter.CharacterEncodingFilter.doFilterInternal(CharacterEncodingFilter.java:201) ~[spring-web-6.2.10.jar:6.2.10]
	at org.springframework.web.filter.OncePerRequestFilter.doFilter(OncePerRequestFilter.java:116) ~[spring-web-6.2.10.jar:6.2.10]
	at org.springframework.test.web.servlet.setup.MockMvcFilterDecorator.doFilter(MockMvcFilterDecorator.java:162) ~[spring-test-6.2.10.jar:6.2.10]
	at org.springframework.mock.web.MockFilterChain.doFilter(MockFilterChain.java:132) ~[spring-test-6.2.10.jar:6.2.10]
	at org.springframework.test.web.servlet.MockMvc.perform(MockMvc.java:201) ~[spring-test-6.2.10.jar:6.2.10]
	at br.com.technews.controller.admin.CategoryControllerTest.shouldViewCategoryDetails(CategoryControllerTest.java:230) ~[test-classes/:na]
	at java.base/jdk.internal.reflect.DirectMethodHandleAccessor.invoke(DirectMethodHandleAccessor.java:103) ~[na:na]
	at java.base/java.lang.reflect.Method.invoke(Method.java:580) ~[na:na]
	at org.junit.platform.commons.util.ReflectionUtils.invokeMethod(ReflectionUtils.java:775) ~[junit-platform-commons-1.12.2.jar:1.12.2]
	at org.junit.platform.commons.support.ReflectionSupport.invokeMethod(ReflectionSupport.java:479) ~[junit-platform-commons-1.12.2.jar:1.12.2]
	at org.junit.jupiter.engine.execution.MethodInvocation.proceed(MethodInvocation.java:60) ~[junit-jupiter-engine-5.12.2.jar:5.12.2]
	at org.junit.jupiter.engine.execution.InvocationInterceptorChain$ValidatingInvocation.proceed(InvocationInterceptorChain.java:131) ~[junit-jupiter-engine-5.12.2.jar:5.12.2]
	at org.junit.jupiter.engine.extension.TimeoutExtension.intercept(TimeoutExtension.java:161) ~[junit-jupiter-engine-5.12.2.jar:5.12.2]
	at org.junit.jupiter.engine.extension.TimeoutExtension.interceptTestableMethod(TimeoutExtension.java:152) ~[junit-jupiter-engine-5.12.2.jar:5.12.2]
	at org.junit.jupiter.engine.extension.TimeoutExtension.interceptTestMethod(TimeoutExtension.java:91) ~[junit-jupiter-engine-5.12.2.jar:5.12.2]
	at org.junit.jupiter.engine.execution.InterceptingExecutableInvoker$ReflectiveInterceptorCall.lambda$ofVoidMethod$0(InterceptingExecutableInvoker.java:112) ~[junit-jupiter-engine-5.12.2.jar:5.12.2]
	at org.junit.jupiter.engine.execution.InterceptingExecutableInvoker.lambda$invoke$0(InterceptingExecutableInvoker.java:94) ~[junit-jupiter-engine-5.12.2.jar:5.12.2]
	at org.junit.jupiter.engine.execution.InvocationInterceptorChain$InterceptedInvocation.proceed(InvocationInterceptorChain.java:106) ~[junit-jupiter-engine-5.12.2.jar:5.12.2]
	at org.junit.jupiter.engine.execution.InvocationInterceptorChain.proceed(InvocationInterceptorChain.java:64) ~[junit-jupiter-engine-5.12.2.jar:5.12.2]
	at org.junit.jupiter.engine.execution.InvocationInterceptorChain.chainAndInvoke(InvocationInterceptorChain.java:45) ~[junit-jupiter-engine-5.12.2.jar:5.12.2]
	at org.junit.jupiter.engine.execution.InvocationInterceptorChain.invoke(InvocationInterceptorChain.java:37) ~[junit-jupiter-engine-5.12.2.jar:5.12.2]
	at org.junit.jupiter.engine.execution.InterceptingExecutableInvoker.invoke(InterceptingExecutableInvoker.java:93) ~[junit-jupiter-engine-5.12.2.jar:5.12.2]
	at org.junit.jupiter.engine.execution.InterceptingExecutableInvoker.invoke(InterceptingExecutableInvoker.java:87) ~[junit-jupiter-engine-5.12.2.jar:5.12.2]
	at org.junit.jupiter.engine.descriptor.TestMethodTestDescriptor.lambda$invokeTestMethod$7(TestMethodTestDescriptor.java:216) ~[junit-jupiter-engine-5.12.2.jar:5.12.2]
	at org.junit.platform.engine.support.hierarchical.ThrowableCollector.execute(ThrowableCollector.java:73) ~[junit-platform-engine-1.12.2.jar:1.12.2]
	at org.junit.jupiter.engine.descriptor.TestMethodTestDescriptor.invokeTestMethod(TestMethodTestDescriptor.java:212) ~[junit-jupiter-engine-5.12.2.jar:5.12.2]
	at org.junit.jupiter.engine.descriptor.TestMethodTestDescriptor.execute(TestMethodTestDescriptor.java:137) ~[junit-jupiter-engine-5.12.2.jar:5.12.2]
	at org.junit.jupiter.engine.descriptor.TestMethodTestDescriptor.execute(TestMethodTestDescriptor.java:69) ~[junit-jupiter-engine-5.12.2.jar:5.12.2]
	at org.junit.platform.engine.support.hierarchical.NodeTestTask.lambda$executeRecursively$6(NodeTestTask.java:156) ~[junit-platform-engine-1.12.2.jar:1.12.2]
	at org.junit.platform.engine.support.hierarchical.ThrowableCollector.execute(ThrowableCollector.java:73) ~[junit-platform-engine-1.12.2.jar:1.12.2]
	at org.junit.platform.engine.support.hierarchical.NodeTestTask.lambda$executeRecursively$8(NodeTestTask.java:146) ~[junit-platform-engine-1.12.2.jar:1.12.2]
	at org.junit.platform.engine.support.hierarchical.Node.around(Node.java:137) ~[junit-platform-engine-1.12.2.jar:1.12.2]
	at org.junit.platform.engine.support.hierarchical.NodeTestTask.lambda$executeRecursively$9(NodeTestTask.java:144) ~[junit-platform-engine-1.12.2.jar:1.12.2]
	at org.junit.platform.engine.support.hierarchical.ThrowableCollector.execute(ThrowableCollector.java:73) ~[junit-platform-engine-1.12.2.jar:1.12.2]
	at org.junit.platform.engine.support.hierarchical.NodeTestTask.executeRecursively(NodeTestTask.java:143) ~[junit-platform-engine-1.12.2.jar:1.12.2]
	at org.junit.platform.engine.support.hierarchical.NodeTestTask.execute(NodeTestTask.java:100) ~[junit-platform-engine-1.12.2.jar:1.12.2]
	at java.base/java.util.ArrayList.forEach(ArrayList.java:1596) ~[na:na]
	at org.junit.platform.engine.support.hierarchical.SameThreadHierarchicalTestExecutorService.invokeAll(SameThreadHierarchicalTestExecutorService.java:41) ~[junit-platform-engine-1.12.2.jar:1.12.2]
	at org.junit.platform.engine.support.hierarchical.NodeTestTask.lambda$executeRecursively$6(NodeTestTask.java:160) ~[junit-platform-engine-1.12.2.jar:1.12.2]
	at org.junit.platform.engine.support.hierarchical.ThrowableCollector.execute(ThrowableCollector.java:73) ~[junit-platform-engine-1.12.2.jar:1.12.2]
	at org.junit.platform.engine.support.hierarchical.NodeTestTask.lambda$executeRecursively$8(NodeTestTask.java:146) ~[junit-platform-engine-1.12.2.jar:1.12.2]
	at org.junit.platform.engine.support.hierarchical.Node.around(Node.java:137) ~[junit-platform-engine-1.12.2.jar:1.12.2]
	at org.junit.platform.engine.support.hierarchical.NodeTestTask.lambda$executeRecursively$9(NodeTestTask.java:144) ~[junit-platform-engine-1.12.2.jar:1.12.2]
	at org.junit.platform.engine.support.hierarchical.ThrowableCollector.execute(ThrowableCollector.java:73) ~[junit-platform-engine-1.12.2.jar:1.12.2]
	at org.junit.platform.engine.support.hierarchical.NodeTestTask.executeRecursively(NodeTestTask.java:143) ~[junit-platform-engine-1.12.2.jar:1.12.2]
	at org.junit.platform.engine.support.hierarchical.NodeTestTask.execute(NodeTestTask.java:100) ~[junit-platform-engine-1.12.2.jar:1.12.2]
	at java.base/java.util.ArrayList.forEach(ArrayList.java:1596) ~[na:na]
	at org.junit.platform.engine.support.hierarchical.SameThreadHierarchicalTestExecutorService.invokeAll(SameThreadHierarchicalTestExecutorService.java:41) ~[junit-platform-engine-1.12.2.jar:1.12.2]
	at org.junit.platform.engine.support.hierarchical.NodeTestTask.lambda$executeRecursively$6(NodeTestTask.java:160) ~[junit-platform-engine-1.12.2.jar:1.12.2]
	at org.junit.platform.engine.support.hierarchical.ThrowableCollector.execute(ThrowableCollector.java:73) ~[junit-platform-engine-1.12.2.jar:1.12.2]
	at org.junit.platform.engine.support.hierarchical.NodeTestTask.lambda$executeRecursively$8(NodeTestTask.java:146) ~[junit-platform-engine-1.12.2.jar:1.12.2]
	at org.junit.platform.engine.support.hierarchical.Node.around(Node.java:137) ~[junit-platform-engine-1.12.2.jar:1.12.2]
	at org.junit.platform.engine.support.hierarchical.NodeTestTask.lambda$executeRecursively$9(NodeTestTask.java:144) ~[junit-platform-engine-1.12.2.jar:1.12.2]
	at org.junit.platform.engine.support.hierarchical.ThrowableCollector.execute(ThrowableCollector.java:73) ~[junit-platform-engine-1.12.2.jar:1.12.2]
	at org.junit.platform.engine.support.hierarchical.NodeTestTask.executeRecursively(NodeTestTask.java:143) ~[junit-platform-engine-1.12.2.jar:1.12.2]
	at org.junit.platform.engine.support.hierarchical.NodeTestTask.execute(NodeTestTask.java:100) ~[junit-platform-engine-1.12.2.jar:1.12.2]
	at org.junit.platform.engine.support.hierarchical.SameThreadHierarchicalTestExecutorService.submit(SameThreadHierarchicalTestExecutorService.java:35) ~[junit-platform-engine-1.12.2.jar:1.12.2]
	at org.junit.platform.engine.support.hierarchical.HierarchicalTestExecutor.execute(HierarchicalTestExecutor.java:57) ~[junit-platform-engine-1.12.2.jar:1.12.2]
	at org.junit.platform.engine.support.hierarchical.HierarchicalTestEngine.execute(HierarchicalTestEngine.java:54) ~[junit-platform-engine-1.12.2.jar:1.12.2]
	at org.junit.platform.launcher.core.EngineExecutionOrchestrator.execute(EngineExecutionOrchestrator.java:201) ~[junit-platform-launcher-1.12.2.jar:1.12.2]
	at org.junit.platform.launcher.core.EngineExecutionOrchestrator.execute(EngineExecutionOrchestrator.java:170) ~[junit-platform-launcher-1.12.2.jar:1.12.2]
	at org.junit.platform.launcher.core.EngineExecutionOrchestrator.execute(EngineExecutionOrchestrator.java:94) ~[junit-platform-launcher-1.12.2.jar:1.12.2]
	at org.junit.platform.launcher.core.EngineExecutionOrchestrator.lambda$execute$0(EngineExecutionOrchestrator.java:59) ~[junit-platform-launcher-1.12.2.jar:1.12.2]
	at org.junit.platform.launcher.core.EngineExecutionOrchestrator.withInterceptedStreams(EngineExecutionOrchestrator.java:142) ~[junit-platform-launcher-1.12.2.jar:1.12.2]
	at org.junit.platform.launcher.core.EngineExecutionOrchestrator.execute(EngineExecutionOrchestrator.java:58) ~[junit-platform-launcher-1.12.2.jar:1.12.2]
	at org.junit.platform.launcher.core.DefaultLauncher.execute(DefaultLauncher.java:103) ~[junit-platform-launcher-1.12.2.jar:1.12.2]
	at org.junit.platform.launcher.core.DefaultLauncher.execute(DefaultLauncher.java:85) ~[junit-platform-launcher-1.12.2.jar:1.12.2]
	at org.junit.platform.launcher.core.DelegatingLauncher.execute(DelegatingLauncher.java:47) ~[junit-platform-launcher-1.12.2.jar:1.12.2]
	at org.junit.platform.launcher.core.InterceptingLauncher.lambda$execute$1(InterceptingLauncher.java:39) ~[junit-platform-launcher-1.12.2.jar:1.12.2]
	at org.junit.platform.launcher.core.ClasspathAlignmentCheckingLauncherInterceptor.intercept(ClasspathAlignmentCheckingLauncherInterceptor.java:25) ~[junit-platform-launcher-1.12.2.jar:1.12.2]
	at org.junit.platform.launcher.core.InterceptingLauncher.execute(InterceptingLauncher.java:38) ~[junit-platform-launcher-1.12.2.jar:1.12.2]
	at org.junit.platform.launcher.core.DelegatingLauncher.execute(DelegatingLauncher.java:47) ~[junit-platform-launcher-1.12.2.jar:1.12.2]
	at org.apache.maven.surefire.junitplatform.LazyLauncher.execute(LazyLauncher.java:55) ~[surefire-junit-platform-3.0.0-M9.jar:3.0.0-M9]
	at org.apache.maven.surefire.junitplatform.JUnitPlatformProvider.execute(JUnitPlatformProvider.java:223) ~[surefire-junit-platform-3.0.0-M9.jar:3.0.0-M9]
	at org.apache.maven.surefire.junitplatform.JUnitPlatformProvider.invokeAllTests(JUnitPlatformProvider.java:175) ~[surefire-junit-platform-3.0.0-M9.jar:3.0.0-M9]
	at org.apache.maven.surefire.junitplatform.JUnitPlatformProvider.invoke(JUnitPlatformProvider.java:139) ~[surefire-junit-platform-3.0.0-M9.jar:3.0.0-M9]
	at org.apache.maven.surefire.booter.ForkedBooter.runSuitesInProcess(ForkedBooter.java:456) ~[surefire-booter-3.0.0-M9.jar:3.0.0-M9]
	at org.apache.maven.surefire.booter.ForkedBooter.execute(ForkedBooter.java:169) ~[surefire-booter-3.0.0-M9.jar:3.0.0-M9]
	at org.apache.maven.surefire.booter.ForkedBooter.run(ForkedBooter.java:595) ~[surefire-booter-3.0.0-M9.jar:3.0.0-M9]
	at org.apache.maven.surefire.booter.ForkedBooter.main(ForkedBooter.java:581) ~[surefire-booter-3.0.0-M9.jar:3.0.0-M9]
Caused by: org.attoparser.ParseException: Exception evaluating SpringEL expression: "#lists.size(#lists.select(category.articles, article.published))" (template: "admin/categories/view" - line 194, col 66)
	at org.attoparser.MarkupParser.parseDocument(MarkupParser.java:393) ~[attoparser-2.0.7.RELEASE.jar:2.0.7.RELEASE]
	at org.attoparser.MarkupParser.parse(MarkupParser.java:257) ~[attoparser-2.0.7.RELEASE.jar:2.0.7.RELEASE]
	at org.thymeleaf.templateparser.markup.AbstractMarkupTemplateParser.parse(AbstractMarkupTemplateParser.java:230) ~[thymeleaf-3.1.3.RELEASE.jar:3.1.3.RELEASE]
	... 154 common frames omitted
Caused by: org.thymeleaf.exceptions.TemplateProcessingException: Exception evaluating SpringEL expression: "#lists.size(#lists.select(category.articles, article.published))" (template: "admin/categories/view" - line 194, col 66)
	at org.thymeleaf.spring6.expression.SPELVariableExpressionEvaluator.evaluate(SPELVariableExpressionEvaluator.java:292) ~[thymeleaf-spring6-3.1.3.RELEASE.jar:3.1.3.RELEASE]
	at org.thymeleaf.standard.expression.VariableExpression.executeVariableExpression(VariableExpression.java:166) ~[thymeleaf-3.1.3.RELEASE.jar:3.1.3.RELEASE]
	at org.thymeleaf.standard.expression.SimpleExpression.executeSimple(SimpleExpression.java:66) ~[thymeleaf-3.1.3.RELEASE.jar:3.1.3.RELEASE]
	at org.thymeleaf.standard.expression.Expression.execute(Expression.java:109) ~[thymeleaf-3.1.3.RELEASE.jar:3.1.3.RELEASE]
	at org.thymeleaf.standard.expression.Expression.execute(Expression.java:138) ~[thymeleaf-3.1.3.RELEASE.jar:3.1.3.RELEASE]
	at org.thymeleaf.standard.processor.AbstractStandardExpressionAttributeTagProcessor.doProcess(AbstractStandardExpressionAttributeTagProcessor.java:144) ~[thymeleaf-3.1.3.RELEASE.jar:3.1.3.RELEASE]
	at org.thymeleaf.processor.element.AbstractAttributeTagProcessor.doProcess(AbstractAttributeTagProcessor.java:74) ~[thymeleaf-3.1.3.RELEASE.jar:3.1.3.RELEASE]
	at org.thymeleaf.processor.element.AbstractElementTagProcessor.process(AbstractElementTagProcessor.java:95) ~[thymeleaf-3.1.3.RELEASE.jar:3.1.3.RELEASE]
	at org.thymeleaf.util.ProcessorConfigurationUtils$ElementTagProcessorWrapper.process(ProcessorConfigurationUtils.java:633) ~[thymeleaf-3.1.3.RELEASE.jar:3.1.3.RELEASE]
	at org.thymeleaf.engine.ProcessorTemplateHandler.handleOpenElement(ProcessorTemplateHandler.java:1314) ~[thymeleaf-3.1.3.RELEASE.jar:3.1.3.RELEASE]
	at org.thymeleaf.engine.TemplateHandlerAdapterMarkupHandler.handleOpenElementEnd(TemplateHandlerAdapterMarkupHandler.java:304) ~[thymeleaf-3.1.3.RELEASE.jar:3.1.3.RELEASE]
	at org.thymeleaf.templateparser.markup.InlinedOutputExpressionMarkupHandler$InlineMarkupAdapterPreProcessorHandler.handleOpenElementEnd(InlinedOutputExpressionMarkupHandler.java:278) ~[thymeleaf-3.1.3.RELEASE.jar:3.1.3.RELEASE]
	at org.thymeleaf.standard.inline.OutputExpressionInlinePreProcessorHandler.handleOpenElementEnd(OutputExpressionInlinePreProcessorHandler.java:186) ~[thymeleaf-3.1.3.RELEASE.jar:3.1.3.RELEASE]
	at org.thymeleaf.templateparser.markup.InlinedOutputExpressionMarkupHandler.handleOpenElementEnd(InlinedOutputExpressionMarkupHandler.java:124) ~[thymeleaf-3.1.3.RELEASE.jar:3.1.3.RELEASE]
	at org.attoparser.HtmlElement.handleOpenElementEnd(HtmlElement.java:109) ~[attoparser-2.0.7.RELEASE.jar:2.0.7.RELEASE]
	at org.attoparser.HtmlMarkupHandler.handleOpenElementEnd(HtmlMarkupHandler.java:297) ~[attoparser-2.0.7.RELEASE.jar:2.0.7.RELEASE]
	at org.attoparser.MarkupEventProcessorHandler.handleOpenElementEnd(MarkupEventProcessorHandler.java:402) ~[attoparser-2.0.7.RELEASE.jar:2.0.7.RELEASE]
	at org.attoparser.ParsingElementMarkupUtil.parseOpenElement(ParsingElementMarkupUtil.java:159) ~[attoparser-2.0.7.RELEASE.jar:2.0.7.RELEASE]
	at org.attoparser.MarkupParser.parseBuffer(MarkupParser.java:710) ~[attoparser-2.0.7.RELEASE.jar:2.0.7.RELEASE]
	at org.attoparser.MarkupParser.parseDocument(MarkupParser.java:301) ~[attoparser-2.0.7.RELEASE.jar:2.0.7.RELEASE]
	... 156 common frames omitted
Caused by: org.springframework.expression.spel.SpelEvaluationException: EL1007E: Property or field 'published' cannot be found on null
	at org.springframework.expression.spel.ast.PropertyOrFieldReference.readProperty(PropertyOrFieldReference.java:225) ~[spring-expression-6.2.10.jar:6.2.10]
	at org.springframework.expression.spel.ast.PropertyOrFieldReference.getValueInternal(PropertyOrFieldReference.java:112) ~[spring-expression-6.2.10.jar:6.2.10]
	at org.springframework.expression.spel.ast.PropertyOrFieldReference$AccessorValueRef.getValue(PropertyOrFieldReference.java:376) ~[spring-expression-6.2.10.jar:6.2.10]
	at org.springframework.expression.spel.ast.CompoundExpression.getValueInternal(CompoundExpression.java:97) ~[spring-expression-6.2.10.jar:6.2.10]
	at org.springframework.expression.spel.ast.MethodReference.getArguments(MethodReference.java:177) ~[spring-expression-6.2.10.jar:6.2.10]
	at org.springframework.expression.spel.ast.MethodReference.getValueRef(MethodReference.java:94) ~[spring-expression-6.2.10.jar:6.2.10]
	at org.springframework.expression.spel.ast.CompoundExpression.getValueRef(CompoundExpression.java:75) ~[spring-expression-6.2.10.jar:6.2.10]
	at org.springframework.expression.spel.ast.CompoundExpression.getValueInternal(CompoundExpression.java:96) ~[spring-expression-6.2.10.jar:6.2.10]
	at org.springframework.expression.spel.ast.MethodReference.getArguments(MethodReference.java:177) ~[spring-expression-6.2.10.jar:6.2.10]
	at org.springframework.expression.spel.ast.MethodReference.getValueRef(MethodReference.java:94) ~[spring-expression-6.2.10.jar:6.2.10]
	at org.springframework.expression.spel.ast.CompoundExpression.getValueRef(CompoundExpression.java:75) ~[spring-expression-6.2.10.jar:6.2.10]
	at org.springframework.expression.spel.ast.CompoundExpression.getValueInternal(CompoundExpression.java:96) ~[spring-expression-6.2.10.jar:6.2.10]
	at org.springframework.expression.spel.ast.SpelNodeImpl.getValue(SpelNodeImpl.java:116) ~[spring-expression-6.2.10.jar:6.2.10]
	at org.springframework.expression.spel.standard.SpelExpression.getValue(SpelExpression.java:338) ~[spring-expression-6.2.10.jar:6.2.10]
	at org.thymeleaf.spring6.expression.SPELVariableExpressionEvaluator.evaluate(SPELVariableExpressionEvaluator.java:265) ~[thymeleaf-spring6-3.1.3.RELEASE.jar:3.1.3.RELEASE]
	... 175 common frames omitted

2025-09-20T20:34:07.091-03:00 DEBUG 29846 --- [TechNews] [           main] s.w.s.m.m.a.RequestMappingHandlerMapping : Mapped to br.com.technews.controller.admin.CategoryController#showEditForm(Long, Model, RedirectAttributes)
2025-09-20T20:34:07.097-03:00 DEBUG 29846 --- [TechNews] [           main] o.s.web.servlet.view.RedirectView        : View name [redirect:], model {}
2025-09-20T20:34:07.193-03:00 DEBUG 29846 --- [TechNews] [           main] s.w.s.m.m.a.RequestMappingHandlerMapping : Mapped to br.com.technews.controller.admin.CategoryController#showEditForm(Long, Model, RedirectAttributes)
2025-09-20T20:34:07.196-03:00 DEBUG 29846 --- [TechNews] [           main] o.s.w.s.v.ContentNegotiatingViewResolver : Selected '*/*' given [*/*]
2025-09-20T20:34:07.293-03:00 ERROR 29846 --- [TechNews] [           main] org.thymeleaf.TemplateEngine             : [THYMELEAF][main] Exception processing template "admin/categories/form": An error happened during template parsing (template: "class path resource [templates/admin/categories/form.html]")

org.thymeleaf.exceptions.TemplateInputException: An error happened during template parsing (template: "class path resource [templates/admin/categories/form.html]")
	at org.thymeleaf.templateparser.markup.AbstractMarkupTemplateParser.parse(AbstractMarkupTemplateParser.java:241) ~[thymeleaf-3.1.3.RELEASE.jar:3.1.3.RELEASE]
	at org.thymeleaf.templateparser.markup.AbstractMarkupTemplateParser.parseStandalone(AbstractMarkupTemplateParser.java:100) ~[thymeleaf-3.1.3.RELEASE.jar:3.1.3.RELEASE]
	at org.thymeleaf.engine.TemplateManager.parseAndProcess(TemplateManager.java:666) ~[thymeleaf-3.1.3.RELEASE.jar:3.1.3.RELEASE]
	at org.thymeleaf.TemplateEngine.process(TemplateEngine.java:1103) ~[thymeleaf-3.1.3.RELEASE.jar:3.1.3.RELEASE]
	at org.thymeleaf.TemplateEngine.process(TemplateEngine.java:1077) ~[thymeleaf-3.1.3.RELEASE.jar:3.1.3.RELEASE]
	at org.thymeleaf.spring6.view.ThymeleafView.renderFragment(ThymeleafView.java:372) ~[thymeleaf-spring6-3.1.3.RELEASE.jar:3.1.3.RELEASE]
	at org.thymeleaf.spring6.view.ThymeleafView.render(ThymeleafView.java:192) ~[thymeleaf-spring6-3.1.3.RELEASE.jar:3.1.3.RELEASE]
	at org.springframework.web.servlet.DispatcherServlet.render(DispatcherServlet.java:1438) ~[spring-webmvc-6.2.10.jar:6.2.10]
	at org.springframework.test.web.servlet.TestDispatcherServlet.render(TestDispatcherServlet.java:138) ~[spring-test-6.2.10.jar:6.2.10]
	at org.springframework.web.servlet.DispatcherServlet.processDispatchResult(DispatcherServlet.java:1168) ~[spring-webmvc-6.2.10.jar:6.2.10]
	at org.springframework.web.servlet.DispatcherServlet.doDispatch(DispatcherServlet.java:1106) ~[spring-webmvc-6.2.10.jar:6.2.10]
	at org.springframework.web.servlet.DispatcherServlet.doService(DispatcherServlet.java:979) ~[spring-webmvc-6.2.10.jar:6.2.10]
	at org.springframework.web.servlet.FrameworkServlet.processRequest(FrameworkServlet.java:1014) ~[spring-webmvc-6.2.10.jar:6.2.10]
	at org.springframework.web.servlet.FrameworkServlet.doGet(FrameworkServlet.java:903) ~[spring-webmvc-6.2.10.jar:6.2.10]
	at jakarta.servlet.http.HttpServlet.service(HttpServlet.java:564) ~[tomcat-embed-core-10.1.44.jar:6.0]
	at org.springframework.web.servlet.FrameworkServlet.service(FrameworkServlet.java:885) ~[spring-webmvc-6.2.10.jar:6.2.10]
	at org.springframework.test.web.servlet.TestDispatcherServlet.service(TestDispatcherServlet.java:72) ~[spring-test-6.2.10.jar:6.2.10]
	at jakarta.servlet.http.HttpServlet.service(HttpServlet.java:658) ~[tomcat-embed-core-10.1.44.jar:6.0]
	at org.springframework.mock.web.MockFilterChain$ServletFilterProxy.doFilter(MockFilterChain.java:165) ~[spring-test-6.2.10.jar:6.2.10]
	at org.springframework.mock.web.MockFilterChain.doFilter(MockFilterChain.java:132) ~[spring-test-6.2.10.jar:6.2.10]
	at org.springframework.web.filter.CompositeFilter$VirtualFilterChain.doFilter(CompositeFilter.java:108) ~[spring-web-6.2.10.jar:6.2.10]
	at org.springframework.web.filter.CompositeFilter$VirtualFilterChain.doFilter(CompositeFilter.java:108) ~[spring-web-6.2.10.jar:6.2.10]
	at org.springframework.security.web.FilterChainProxy.lambda$doFilterInternal$3(FilterChainProxy.java:231) ~[spring-security-web-6.5.3.jar:6.5.3]
	at org.springframework.security.web.FilterChainProxy$VirtualFilterChain.doFilter(FilterChainProxy.java:365) ~[spring-security-web-6.5.3.jar:6.5.3]
	at org.springframework.security.web.access.intercept.AuthorizationFilter.doFilter(AuthorizationFilter.java:101) ~[spring-security-web-6.5.3.jar:6.5.3]
	at org.springframework.security.web.FilterChainProxy$VirtualFilterChain.doFilter(FilterChainProxy.java:374) ~[spring-security-web-6.5.3.jar:6.5.3]
	at org.springframework.security.web.access.ExceptionTranslationFilter.doFilter(ExceptionTranslationFilter.java:125) ~[spring-security-web-6.5.3.jar:6.5.3]
	at org.springframework.security.web.access.ExceptionTranslationFilter.doFilter(ExceptionTranslationFilter.java:119) ~[spring-security-web-6.5.3.jar:6.5.3]
	at org.springframework.security.web.FilterChainProxy$VirtualFilterChain.doFilter(FilterChainProxy.java:374) ~[spring-security-web-6.5.3.jar:6.5.3]
	at org.springframework.security.web.authentication.AnonymousAuthenticationFilter.doFilter(AnonymousAuthenticationFilter.java:100) ~[spring-security-web-6.5.3.jar:6.5.3]
	at org.springframework.security.web.FilterChainProxy$VirtualFilterChain.doFilter(FilterChainProxy.java:374) ~[spring-security-web-6.5.3.jar:6.5.3]
	at org.springframework.security.web.servletapi.SecurityContextHolderAwareRequestFilter.doFilter(SecurityContextHolderAwareRequestFilter.java:179) ~[spring-security-web-6.5.3.jar:6.5.3]
	at org.springframework.security.web.FilterChainProxy$VirtualFilterChain.doFilter(FilterChainProxy.java:374) ~[spring-security-web-6.5.3.jar:6.5.3]
	at org.springframework.security.web.savedrequest.RequestCacheAwareFilter.doFilter(RequestCacheAwareFilter.java:63) ~[spring-security-web-6.5.3.jar:6.5.3]
	at org.springframework.security.web.FilterChainProxy$VirtualFilterChain.doFilter(FilterChainProxy.java:374) ~[spring-security-web-6.5.3.jar:6.5.3]
	at org.springframework.security.web.authentication.logout.LogoutFilter.doFilter(LogoutFilter.java:107) ~[spring-security-web-6.5.3.jar:6.5.3]
	at org.springframework.security.web.authentication.logout.LogoutFilter.doFilter(LogoutFilter.java:93) ~[spring-security-web-6.5.3.jar:6.5.3]
	at org.springframework.security.web.FilterChainProxy$VirtualFilterChain.doFilter(FilterChainProxy.java:374) ~[spring-security-web-6.5.3.jar:6.5.3]
	at org.springframework.security.web.header.HeaderWriterFilter.doHeadersAfter(HeaderWriterFilter.java:90) ~[spring-security-web-6.5.3.jar:6.5.3]
	at org.springframework.security.web.header.HeaderWriterFilter.doFilterInternal(HeaderWriterFilter.java:75) ~[spring-security-web-6.5.3.jar:6.5.3]
	at org.springframework.web.filter.OncePerRequestFilter.doFilter(OncePerRequestFilter.java:116) ~[spring-web-6.2.10.jar:6.2.10]
	at org.springframework.security.web.FilterChainProxy$VirtualFilterChain.doFilter(FilterChainProxy.java:374) ~[spring-security-web-6.5.3.jar:6.5.3]
	at org.springframework.security.web.context.SecurityContextHolderFilter.doFilter(SecurityContextHolderFilter.java:82) ~[spring-security-web-6.5.3.jar:6.5.3]
	at org.springframework.security.web.context.SecurityContextHolderFilter.doFilter(SecurityContextHolderFilter.java:69) ~[spring-security-web-6.5.3.jar:6.5.3]
	at org.springframework.security.web.FilterChainProxy$VirtualFilterChain.doFilter(FilterChainProxy.java:374) ~[spring-security-web-6.5.3.jar:6.5.3]
	at org.springframework.security.web.context.request.async.WebAsyncManagerIntegrationFilter.doFilterInternal(WebAsyncManagerIntegrationFilter.java:62) ~[spring-security-web-6.5.3.jar:6.5.3]
	at org.springframework.web.filter.OncePerRequestFilter.doFilter(OncePerRequestFilter.java:116) ~[spring-web-6.2.10.jar:6.2.10]
	at org.springframework.security.web.FilterChainProxy$VirtualFilterChain.doFilter(FilterChainProxy.java:374) ~[spring-security-web-6.5.3.jar:6.5.3]
	at org.springframework.security.web.session.DisableEncodeUrlFilter.doFilterInternal(DisableEncodeUrlFilter.java:42) ~[spring-security-web-6.5.3.jar:6.5.3]
	at org.springframework.web.filter.OncePerRequestFilter.doFilter(OncePerRequestFilter.java:116) ~[spring-web-6.2.10.jar:6.2.10]
	at org.springframework.security.web.FilterChainProxy$VirtualFilterChain.doFilter(FilterChainProxy.java:374) ~[spring-security-web-6.5.3.jar:6.5.3]
	at org.springframework.security.web.FilterChainProxy.doFilterInternal(FilterChainProxy.java:233) ~[spring-security-web-6.5.3.jar:6.5.3]
	at org.springframework.security.web.FilterChainProxy.doFilter(FilterChainProxy.java:191) ~[spring-security-web-6.5.3.jar:6.5.3]
	at org.springframework.web.filter.CompositeFilter$VirtualFilterChain.doFilter(CompositeFilter.java:113) ~[spring-web-6.2.10.jar:6.2.10]
	at org.springframework.web.filter.ServletRequestPathFilter.doFilter(ServletRequestPathFilter.java:52) ~[spring-web-6.2.10.jar:6.2.10]
	at org.springframework.web.filter.CompositeFilter$VirtualFilterChain.doFilter(CompositeFilter.java:113) ~[spring-web-6.2.10.jar:6.2.10]
	at org.springframework.web.filter.CompositeFilter.doFilter(CompositeFilter.java:74) ~[spring-web-6.2.10.jar:6.2.10]
	at org.springframework.security.config.annotation.web.configuration.WebSecurityConfiguration$CompositeFilterChainProxy.doFilter(WebSecurityConfiguration.java:319) ~[spring-security-config-6.5.3.jar:6.5.3]
	at org.springframework.web.filter.CompositeFilter$VirtualFilterChain.doFilter(CompositeFilter.java:113) ~[spring-web-6.2.10.jar:6.2.10]
	at org.springframework.web.servlet.handler.HandlerMappingIntrospector.lambda$createCacheFilter$4(HandlerMappingIntrospector.java:267) ~[spring-webmvc-6.2.10.jar:6.2.10]
	at org.springframework.web.filter.CompositeFilter$VirtualFilterChain.doFilter(CompositeFilter.java:113) ~[spring-web-6.2.10.jar:6.2.10]
	at org.springframework.web.filter.CompositeFilter.doFilter(CompositeFilter.java:74) ~[spring-web-6.2.10.jar:6.2.10]
	at org.springframework.security.config.annotation.web.configuration.WebMvcSecurityConfiguration$CompositeFilterChainProxy.doFilter(WebMvcSecurityConfiguration.java:240) ~[spring-security-config-6.5.3.jar:6.5.3]
	at org.springframework.web.filter.DelegatingFilterProxy.invokeDelegate(DelegatingFilterProxy.java:362) ~[spring-web-6.2.10.jar:6.2.10]
	at org.springframework.web.filter.DelegatingFilterProxy.doFilter(DelegatingFilterProxy.java:278) ~[spring-web-6.2.10.jar:6.2.10]
	at org.springframework.test.web.servlet.setup.MockMvcFilterDecorator.doFilter(MockMvcFilterDecorator.java:162) ~[spring-test-6.2.10.jar:6.2.10]
	at org.springframework.mock.web.MockFilterChain.doFilter(MockFilterChain.java:132) ~[spring-test-6.2.10.jar:6.2.10]
	at org.springframework.web.filter.RequestContextFilter.doFilterInternal(RequestContextFilter.java:100) ~[spring-web-6.2.10.jar:6.2.10]
	at org.springframework.web.filter.OncePerRequestFilter.doFilter(OncePerRequestFilter.java:116) ~[spring-web-6.2.10.jar:6.2.10]
	at org.springframework.test.web.servlet.setup.MockMvcFilterDecorator.doFilter(MockMvcFilterDecorator.java:162) ~[spring-test-6.2.10.jar:6.2.10]
	at org.springframework.mock.web.MockFilterChain.doFilter(MockFilterChain.java:132) ~[spring-test-6.2.10.jar:6.2.10]
	at org.springframework.web.filter.FormContentFilter.doFilterInternal(FormContentFilter.java:93) ~[spring-web-6.2.10.jar:6.2.10]
	at org.springframework.web.filter.OncePerRequestFilter.doFilter(OncePerRequestFilter.java:116) ~[spring-web-6.2.10.jar:6.2.10]
	at org.springframework.test.web.servlet.setup.MockMvcFilterDecorator.doFilter(MockMvcFilterDecorator.java:162) ~[spring-test-6.2.10.jar:6.2.10]
	at org.springframework.mock.web.MockFilterChain.doFilter(MockFilterChain.java:132) ~[spring-test-6.2.10.jar:6.2.10]
	at org.springframework.web.filter.CharacterEncodingFilter.doFilterInternal(CharacterEncodingFilter.java:201) ~[spring-web-6.2.10.jar:6.2.10]
	at org.springframework.web.filter.OncePerRequestFilter.doFilter(OncePerRequestFilter.java:116) ~[spring-web-6.2.10.jar:6.2.10]
	at org.springframework.test.web.servlet.setup.MockMvcFilterDecorator.doFilter(MockMvcFilterDecorator.java:162) ~[spring-test-6.2.10.jar:6.2.10]
	at org.springframework.mock.web.MockFilterChain.doFilter(MockFilterChain.java:132) ~[spring-test-6.2.10.jar:6.2.10]
	at org.springframework.test.web.servlet.MockMvc.perform(MockMvc.java:201) ~[spring-test-6.2.10.jar:6.2.10]
	at br.com.technews.controller.admin.CategoryControllerTest.shouldShowEditForm(CategoryControllerTest.java:125) ~[test-classes/:na]
	at java.base/jdk.internal.reflect.DirectMethodHandleAccessor.invoke(DirectMethodHandleAccessor.java:103) ~[na:na]
	at java.base/java.lang.reflect.Method.invoke(Method.java:580) ~[na:na]
	at org.junit.platform.commons.util.ReflectionUtils.invokeMethod(ReflectionUtils.java:775) ~[junit-platform-commons-1.12.2.jar:1.12.2]
	at org.junit.platform.commons.support.ReflectionSupport.invokeMethod(ReflectionSupport.java:479) ~[junit-platform-commons-1.12.2.jar:1.12.2]
	at org.junit.jupiter.engine.execution.MethodInvocation.proceed(MethodInvocation.java:60) ~[junit-jupiter-engine-5.12.2.jar:5.12.2]
	at org.junit.jupiter.engine.execution.InvocationInterceptorChain$ValidatingInvocation.proceed(InvocationInterceptorChain.java:131) ~[junit-jupiter-engine-5.12.2.jar:5.12.2]
	at org.junit.jupiter.engine.extension.TimeoutExtension.intercept(TimeoutExtension.java:161) ~[junit-jupiter-engine-5.12.2.jar:5.12.2]
	at org.junit.jupiter.engine.extension.TimeoutExtension.interceptTestableMethod(TimeoutExtension.java:152) ~[junit-jupiter-engine-5.12.2.jar:5.12.2]
	at org.junit.jupiter.engine.extension.TimeoutExtension.interceptTestMethod(TimeoutExtension.java:91) ~[junit-jupiter-engine-5.12.2.jar:5.12.2]
	at org.junit.jupiter.engine.execution.InterceptingExecutableInvoker$ReflectiveInterceptorCall.lambda$ofVoidMethod$0(InterceptingExecutableInvoker.java:112) ~[junit-jupiter-engine-5.12.2.jar:5.12.2]
	at org.junit.jupiter.engine.execution.InterceptingExecutableInvoker.lambda$invoke$0(InterceptingExecutableInvoker.java:94) ~[junit-jupiter-engine-5.12.2.jar:5.12.2]
	at org.junit.jupiter.engine.execution.InvocationInterceptorChain$InterceptedInvocation.proceed(InvocationInterceptorChain.java:106) ~[junit-jupiter-engine-5.12.2.jar:5.12.2]
	at org.junit.jupiter.engine.execution.InvocationInterceptorChain.proceed(InvocationInterceptorChain.java:64) ~[junit-jupiter-engine-5.12.2.jar:5.12.2]
	at org.junit.jupiter.engine.execution.InvocationInterceptorChain.chainAndInvoke(InvocationInterceptorChain.java:45) ~[junit-jupiter-engine-5.12.2.jar:5.12.2]
	at org.junit.jupiter.engine.execution.InvocationInterceptorChain.invoke(InvocationInterceptorChain.java:37) ~[junit-jupiter-engine-5.12.2.jar:5.12.2]
	at org.junit.jupiter.engine.execution.InterceptingExecutableInvoker.invoke(InterceptingExecutableInvoker.java:93) ~[junit-jupiter-engine-5.12.2.jar:5.12.2]
	at org.junit.jupiter.engine.execution.InterceptingExecutableInvoker.invoke(InterceptingExecutableInvoker.java:87) ~[junit-jupiter-engine-5.12.2.jar:5.12.2]
	at org.junit.jupiter.engine.descriptor.TestMethodTestDescriptor.lambda$invokeTestMethod$7(TestMethodTestDescriptor.java:216) ~[junit-jupiter-engine-5.12.2.jar:5.12.2]
	at org.junit.platform.engine.support.hierarchical.ThrowableCollector.execute(ThrowableCollector.java:73) ~[junit-platform-engine-1.12.2.jar:1.12.2]
	at org.junit.jupiter.engine.descriptor.TestMethodTestDescriptor.invokeTestMethod(TestMethodTestDescriptor.java:212) ~[junit-jupiter-engine-5.12.2.jar:5.12.2]
	at org.junit.jupiter.engine.descriptor.TestMethodTestDescriptor.execute(TestMethodTestDescriptor.java:137) ~[junit-jupiter-engine-5.12.2.jar:5.12.2]
	at org.junit.jupiter.engine.descriptor.TestMethodTestDescriptor.execute(TestMethodTestDescriptor.java:69) ~[junit-jupiter-engine-5.12.2.jar:5.12.2]
	at org.junit.platform.engine.support.hierarchical.NodeTestTask.lambda$executeRecursively$6(NodeTestTask.java:156) ~[junit-platform-engine-1.12.2.jar:1.12.2]
	at org.junit.platform.engine.support.hierarchical.ThrowableCollector.execute(ThrowableCollector.java:73) ~[junit-platform-engine-1.12.2.jar:1.12.2]
	at org.junit.platform.engine.support.hierarchical.NodeTestTask.lambda$executeRecursively$8(NodeTestTask.java:146) ~[junit-platform-engine-1.12.2.jar:1.12.2]
	at org.junit.platform.engine.support.hierarchical.Node.around(Node.java:137) ~[junit-platform-engine-1.12.2.jar:1.12.2]
	at org.junit.platform.engine.support.hierarchical.NodeTestTask.lambda$executeRecursively$9(NodeTestTask.java:144) ~[junit-platform-engine-1.12.2.jar:1.12.2]
	at org.junit.platform.engine.support.hierarchical.ThrowableCollector.execute(ThrowableCollector.java:73) ~[junit-platform-engine-1.12.2.jar:1.12.2]
	at org.junit.platform.engine.support.hierarchical.NodeTestTask.executeRecursively(NodeTestTask.java:143) ~[junit-platform-engine-1.12.2.jar:1.12.2]
	at org.junit.platform.engine.support.hierarchical.NodeTestTask.execute(NodeTestTask.java:100) ~[junit-platform-engine-1.12.2.jar:1.12.2]
	at java.base/java.util.ArrayList.forEach(ArrayList.java:1596) ~[na:na]
	at org.junit.platform.engine.support.hierarchical.SameThreadHierarchicalTestExecutorService.invokeAll(SameThreadHierarchicalTestExecutorService.java:41) ~[junit-platform-engine-1.12.2.jar:1.12.2]
	at org.junit.platform.engine.support.hierarchical.NodeTestTask.lambda$executeRecursively$6(NodeTestTask.java:160) ~[junit-platform-engine-1.12.2.jar:1.12.2]
	at org.junit.platform.engine.support.hierarchical.ThrowableCollector.execute(ThrowableCollector.java:73) ~[junit-platform-engine-1.12.2.jar:1.12.2]
	at org.junit.platform.engine.support.hierarchical.NodeTestTask.lambda$executeRecursively$8(NodeTestTask.java:146) ~[junit-platform-engine-1.12.2.jar:1.12.2]
	at org.junit.platform.engine.support.hierarchical.Node.around(Node.java:137) ~[junit-platform-engine-1.12.2.jar:1.12.2]
	at org.junit.platform.engine.support.hierarchical.NodeTestTask.lambda$executeRecursively$9(NodeTestTask.java:144) ~[junit-platform-engine-1.12.2.jar:1.12.2]
	at org.junit.platform.engine.support.hierarchical.ThrowableCollector.execute(ThrowableCollector.java:73) ~[junit-platform-engine-1.12.2.jar:1.12.2]
	at org.junit.platform.engine.support.hierarchical.NodeTestTask.executeRecursively(NodeTestTask.java:143) ~[junit-platform-engine-1.12.2.jar:1.12.2]
	at org.junit.platform.engine.support.hierarchical.NodeTestTask.execute(NodeTestTask.java:100) ~[junit-platform-engine-1.12.2.jar:1.12.2]
	at java.base/java.util.ArrayList.forEach(ArrayList.java:1596) ~[na:na]
	at org.junit.platform.engine.support.hierarchical.SameThreadHierarchicalTestExecutorService.invokeAll(SameThreadHierarchicalTestExecutorService.java:41) ~[junit-platform-engine-1.12.2.jar:1.12.2]
	at org.junit.platform.engine.support.hierarchical.NodeTestTask.lambda$executeRecursively$6(NodeTestTask.java:160) ~[junit-platform-engine-1.12.2.jar:1.12.2]
	at org.junit.platform.engine.support.hierarchical.ThrowableCollector.execute(ThrowableCollector.java:73) ~[junit-platform-engine-1.12.2.jar:1.12.2]
	at org.junit.platform.engine.support.hierarchical.NodeTestTask.lambda$executeRecursively$8(NodeTestTask.java:146) ~[junit-platform-engine-1.12.2.jar:1.12.2]
	at org.junit.platform.engine.support.hierarchical.Node.around(Node.java:137) ~[junit-platform-engine-1.12.2.jar:1.12.2]
	at org.junit.platform.engine.support.hierarchical.NodeTestTask.lambda$executeRecursively$9(NodeTestTask.java:144) ~[junit-platform-engine-1.12.2.jar:1.12.2]
	at org.junit.platform.engine.support.hierarchical.ThrowableCollector.execute(ThrowableCollector.java:73) ~[junit-platform-engine-1.12.2.jar:1.12.2]
	at org.junit.platform.engine.support.hierarchical.NodeTestTask.executeRecursively(NodeTestTask.java:143) ~[junit-platform-engine-1.12.2.jar:1.12.2]
	at org.junit.platform.engine.support.hierarchical.NodeTestTask.execute(NodeTestTask.java:100) ~[junit-platform-engine-1.12.2.jar:1.12.2]
	at org.junit.platform.engine.support.hierarchical.SameThreadHierarchicalTestExecutorService.submit(SameThreadHierarchicalTestExecutorService.java:35) ~[junit-platform-engine-1.12.2.jar:1.12.2]
	at org.junit.platform.engine.support.hierarchical.HierarchicalTestExecutor.execute(HierarchicalTestExecutor.java:57) ~[junit-platform-engine-1.12.2.jar:1.12.2]
	at org.junit.platform.engine.support.hierarchical.HierarchicalTestEngine.execute(HierarchicalTestEngine.java:54) ~[junit-platform-engine-1.12.2.jar:1.12.2]
	at org.junit.platform.launcher.core.EngineExecutionOrchestrator.execute(EngineExecutionOrchestrator.java:201) ~[junit-platform-launcher-1.12.2.jar:1.12.2]
	at org.junit.platform.launcher.core.EngineExecutionOrchestrator.execute(EngineExecutionOrchestrator.java:170) ~[junit-platform-launcher-1.12.2.jar:1.12.2]
	at org.junit.platform.launcher.core.EngineExecutionOrchestrator.execute(EngineExecutionOrchestrator.java:94) ~[junit-platform-launcher-1.12.2.jar:1.12.2]
	at org.junit.platform.launcher.core.EngineExecutionOrchestrator.lambda$execute$0(EngineExecutionOrchestrator.java:59) ~[junit-platform-launcher-1.12.2.jar:1.12.2]
	at org.junit.platform.launcher.core.EngineExecutionOrchestrator.withInterceptedStreams(EngineExecutionOrchestrator.java:142) ~[junit-platform-launcher-1.12.2.jar:1.12.2]
	at org.junit.platform.launcher.core.EngineExecutionOrchestrator.execute(EngineExecutionOrchestrator.java:58) ~[junit-platform-launcher-1.12.2.jar:1.12.2]
	at org.junit.platform.launcher.core.DefaultLauncher.execute(DefaultLauncher.java:103) ~[junit-platform-launcher-1.12.2.jar:1.12.2]
	at org.junit.platform.launcher.core.DefaultLauncher.execute(DefaultLauncher.java:85) ~[junit-platform-launcher-1.12.2.jar:1.12.2]
	at org.junit.platform.launcher.core.DelegatingLauncher.execute(DelegatingLauncher.java:47) ~[junit-platform-launcher-1.12.2.jar:1.12.2]
	at org.junit.platform.launcher.core.InterceptingLauncher.lambda$execute$1(InterceptingLauncher.java:39) ~[junit-platform-launcher-1.12.2.jar:1.12.2]
	at org.junit.platform.launcher.core.ClasspathAlignmentCheckingLauncherInterceptor.intercept(ClasspathAlignmentCheckingLauncherInterceptor.java:25) ~[junit-platform-launcher-1.12.2.jar:1.12.2]
	at org.junit.platform.launcher.core.InterceptingLauncher.execute(InterceptingLauncher.java:38) ~[junit-platform-launcher-1.12.2.jar:1.12.2]
	at org.junit.platform.launcher.core.DelegatingLauncher.execute(DelegatingLauncher.java:47) ~[junit-platform-launcher-1.12.2.jar:1.12.2]
	at org.apache.maven.surefire.junitplatform.LazyLauncher.execute(LazyLauncher.java:55) ~[surefire-junit-platform-3.0.0-M9.jar:3.0.0-M9]
	at org.apache.maven.surefire.junitplatform.JUnitPlatformProvider.execute(JUnitPlatformProvider.java:223) ~[surefire-junit-platform-3.0.0-M9.jar:3.0.0-M9]
	at org.apache.maven.surefire.junitplatform.JUnitPlatformProvider.invokeAllTests(JUnitPlatformProvider.java:175) ~[surefire-junit-platform-3.0.0-M9.jar:3.0.0-M9]
	at org.apache.maven.surefire.junitplatform.JUnitPlatformProvider.invoke(JUnitPlatformProvider.java:139) ~[surefire-junit-platform-3.0.0-M9.jar:3.0.0-M9]
	at org.apache.maven.surefire.booter.ForkedBooter.runSuitesInProcess(ForkedBooter.java:456) ~[surefire-booter-3.0.0-M9.jar:3.0.0-M9]
	at org.apache.maven.surefire.booter.ForkedBooter.execute(ForkedBooter.java:169) ~[surefire-booter-3.0.0-M9.jar:3.0.0-M9]
	at org.apache.maven.surefire.booter.ForkedBooter.run(ForkedBooter.java:595) ~[surefire-booter-3.0.0-M9.jar:3.0.0-M9]
	at org.apache.maven.surefire.booter.ForkedBooter.main(ForkedBooter.java:581) ~[surefire-booter-3.0.0-M9.jar:3.0.0-M9]
Caused by: org.attoparser.ParseException: Exception evaluating SpringEL expression: "isEdit && category.createdAt" (template: "admin/categories/form" - line 470, col 38)
	at org.attoparser.MarkupParser.parseDocument(MarkupParser.java:393) ~[attoparser-2.0.7.RELEASE.jar:2.0.7.RELEASE]
	at org.attoparser.MarkupParser.parse(MarkupParser.java:257) ~[attoparser-2.0.7.RELEASE.jar:2.0.7.RELEASE]
	at org.thymeleaf.templateparser.markup.AbstractMarkupTemplateParser.parse(AbstractMarkupTemplateParser.java:230) ~[thymeleaf-3.1.3.RELEASE.jar:3.1.3.RELEASE]
	... 154 common frames omitted
Caused by: org.thymeleaf.exceptions.TemplateProcessingException: Exception evaluating SpringEL expression: "isEdit && category.createdAt" (template: "admin/categories/form" - line 470, col 38)
	at org.thymeleaf.spring6.expression.SPELVariableExpressionEvaluator.evaluate(SPELVariableExpressionEvaluator.java:292) ~[thymeleaf-spring6-3.1.3.RELEASE.jar:3.1.3.RELEASE]
	at org.thymeleaf.standard.expression.VariableExpression.executeVariableExpression(VariableExpression.java:166) ~[thymeleaf-3.1.3.RELEASE.jar:3.1.3.RELEASE]
	at org.thymeleaf.standard.expression.SimpleExpression.executeSimple(SimpleExpression.java:66) ~[thymeleaf-3.1.3.RELEASE.jar:3.1.3.RELEASE]
	at org.thymeleaf.standard.expression.Expression.execute(Expression.java:109) ~[thymeleaf-3.1.3.RELEASE.jar:3.1.3.RELEASE]
	at org.thymeleaf.standard.expression.Expression.execute(Expression.java:138) ~[thymeleaf-3.1.3.RELEASE.jar:3.1.3.RELEASE]
	at org.thymeleaf.standard.expression.Expression.execute(Expression.java:125) ~[thymeleaf-3.1.3.RELEASE.jar:3.1.3.RELEASE]
	at org.thymeleaf.standard.processor.StandardIfTagProcessor.isVisible(StandardIfTagProcessor.java:59) ~[thymeleaf-3.1.3.RELEASE.jar:3.1.3.RELEASE]
	at org.thymeleaf.standard.processor.AbstractStandardConditionalVisibilityTagProcessor.doProcess(AbstractStandardConditionalVisibilityTagProcessor.java:61) ~[thymeleaf-3.1.3.RELEASE.jar:3.1.3.RELEASE]
	at org.thymeleaf.processor.element.AbstractAttributeTagProcessor.doProcess(AbstractAttributeTagProcessor.java:74) ~[thymeleaf-3.1.3.RELEASE.jar:3.1.3.RELEASE]
	at org.thymeleaf.processor.element.AbstractElementTagProcessor.process(AbstractElementTagProcessor.java:95) ~[thymeleaf-3.1.3.RELEASE.jar:3.1.3.RELEASE]
	at org.thymeleaf.util.ProcessorConfigurationUtils$ElementTagProcessorWrapper.process(ProcessorConfigurationUtils.java:633) ~[thymeleaf-3.1.3.RELEASE.jar:3.1.3.RELEASE]
	at org.thymeleaf.engine.ProcessorTemplateHandler.handleOpenElement(ProcessorTemplateHandler.java:1314) ~[thymeleaf-3.1.3.RELEASE.jar:3.1.3.RELEASE]
	at org.thymeleaf.engine.TemplateHandlerAdapterMarkupHandler.handleOpenElementEnd(TemplateHandlerAdapterMarkupHandler.java:304) ~[thymeleaf-3.1.3.RELEASE.jar:3.1.3.RELEASE]
	at org.thymeleaf.templateparser.markup.InlinedOutputExpressionMarkupHandler$InlineMarkupAdapterPreProcessorHandler.handleOpenElementEnd(InlinedOutputExpressionMarkupHandler.java:278) ~[thymeleaf-3.1.3.RELEASE.jar:3.1.3.RELEASE]
	at org.thymeleaf.standard.inline.OutputExpressionInlinePreProcessorHandler.handleOpenElementEnd(OutputExpressionInlinePreProcessorHandler.java:186) ~[thymeleaf-3.1.3.RELEASE.jar:3.1.3.RELEASE]
	at org.thymeleaf.templateparser.markup.InlinedOutputExpressionMarkupHandler.handleOpenElementEnd(InlinedOutputExpressionMarkupHandler.java:124) ~[thymeleaf-3.1.3.RELEASE.jar:3.1.3.RELEASE]
	at org.attoparser.HtmlElement.handleOpenElementEnd(HtmlElement.java:109) ~[attoparser-2.0.7.RELEASE.jar:2.0.7.RELEASE]
	at org.attoparser.HtmlMarkupHandler.handleOpenElementEnd(HtmlMarkupHandler.java:297) ~[attoparser-2.0.7.RELEASE.jar:2.0.7.RELEASE]
	at org.attoparser.MarkupEventProcessorHandler.handleOpenElementEnd(MarkupEventProcessorHandler.java:402) ~[attoparser-2.0.7.RELEASE.jar:2.0.7.RELEASE]
	at org.attoparser.ParsingElementMarkupUtil.parseOpenElement(ParsingElementMarkupUtil.java:159) ~[attoparser-2.0.7.RELEASE.jar:2.0.7.RELEASE]
	at org.attoparser.MarkupParser.parseBuffer(MarkupParser.java:710) ~[attoparser-2.0.7.RELEASE.jar:2.0.7.RELEASE]
	at org.attoparser.MarkupParser.parseDocument(MarkupParser.java:301) ~[attoparser-2.0.7.RELEASE.jar:2.0.7.RELEASE]
	... 156 common frames omitted
Caused by: org.springframework.expression.spel.SpelEvaluationException: EL1001E: Type conversion problem, cannot convert from @jakarta.persistence.Column java.time.LocalDateTime to java.lang.Boolean
	at org.springframework.expression.spel.support.StandardTypeConverter.convertValue(StandardTypeConverter.java:87) ~[spring-expression-6.2.10.jar:6.2.10]
	at org.springframework.expression.common.ExpressionUtils.convertTypedValue(ExpressionUtils.java:57) ~[spring-expression-6.2.10.jar:6.2.10]
	at org.springframework.expression.spel.ast.SpelNodeImpl.getValue(SpelNodeImpl.java:203) ~[spring-expression-6.2.10.jar:6.2.10]
	at org.springframework.expression.spel.ast.OpAnd.getBooleanValue(OpAnd.java:58) ~[spring-expression-6.2.10.jar:6.2.10]
	at org.springframework.expression.spel.ast.OpAnd.getValueInternal(OpAnd.java:53) ~[spring-expression-6.2.10.jar:6.2.10]
	at org.springframework.expression.spel.ast.SpelNodeImpl.getValue(SpelNodeImpl.java:116) ~[spring-expression-6.2.10.jar:6.2.10]
	at org.springframework.expression.spel.standard.SpelExpression.getValue(SpelExpression.java:338) ~[spring-expression-6.2.10.jar:6.2.10]
	at org.thymeleaf.spring6.expression.SPELVariableExpressionEvaluator.evaluate(SPELVariableExpressionEvaluator.java:265) ~[thymeleaf-spring6-3.1.3.RELEASE.jar:3.1.3.RELEASE]
	... 177 common frames omitted
Caused by: org.springframework.core.convert.ConverterNotFoundException: No converter found capable of converting from type [@jakarta.persistence.Column java.time.LocalDateTime] to type [java.lang.Boolean]
	at org.springframework.core.convert.support.GenericConversionService.handleConverterNotFound(GenericConversionService.java:294) ~[spring-core-6.2.10.jar:6.2.10]
	at org.springframework.core.convert.support.GenericConversionService.convert(GenericConversionService.java:185) ~[spring-core-6.2.10.jar:6.2.10]
	at org.springframework.expression.spel.support.StandardTypeConverter.convertValue(StandardTypeConverter.java:82) ~[spring-expression-6.2.10.jar:6.2.10]
	... 184 common frames omitted

2025-09-20T20:34:07.327-03:00 DEBUG 29846 --- [TechNews] [           main] s.w.s.m.m.a.RequestMappingHandlerMapping : Mapped to br.com.technews.controller.admin.CategoryController#createCategory(Category, BindingResult, RedirectAttributes, Model)
2025-09-20T20:34:07.704-03:00 DEBUG 29846 --- [TechNews] [           main] o.s.w.s.v.ContentNegotiatingViewResolver : Selected '*/*' given [*/*]
2025-09-20T20:34:07.770-03:00 DEBUG 29846 --- [TechNews] [           main] s.w.s.m.m.a.RequestMappingHandlerMapping : Mapped to br.com.technews.controller.admin.CategoryController#deleteCategory(Long, RedirectAttributes)
2025-09-20T20:34:07.771-03:00 DEBUG 29846 --- [TechNews] [           main] o.s.web.servlet.view.RedirectView        : View name [redirect:], model {}
2025-09-20T20:34:07.785-03:00 DEBUG 29846 --- [TechNews] [           main] s.w.s.m.m.a.RequestMappingHandlerMapping : Mapped to br.com.technews.controller.admin.CategoryController#updateCategory(Long, Category, BindingResult, RedirectAttributes, Model)
2025-09-20T20:34:07.791-03:00 DEBUG 29846 --- [TechNews] [           main] o.s.web.servlet.view.RedirectView        : View name [redirect:], model {}

MockHttpServletRequest:
      HTTP Method = POST
      Request URI = /admin/categories/edit/1
       Parameters = {id=[1], name=[Technology Updated], slug=[TECHNOLOGY]}
          Headers = []
             Body = null
    Session Attrs = {org.springframework.web.servlet.support.SessionFlashMapManager.FLASH_MAPS=[FlashMap [attributes={successMessage=Categoria 'Technology Updated' atualizada com sucesso!}, targetRequestPath=/admin/categories, targetRequestParams={}]]}

Handler:
             Type = br.com.technews.controller.admin.CategoryController
           Method = br.com.technews.controller.admin.CategoryController#updateCategory(Long, Category, BindingResult, RedirectAttributes, Model)

Async:
    Async started = false
     Async result = null

Resolved Exception:
             Type = null

ModelAndView:
        View name = redirect:/admin/categories
             View = null
            Model = null

FlashMap:
        Attribute = successMessage
            value = Categoria 'Technology Updated' atualizada com sucesso!

MockHttpServletResponse:
           Status = 302
    Error message = null
          Headers = [Vary:"Origin", "Access-Control-Request-Method", "Access-Control-Request-Headers", Content-Language:"en", X-Content-Type-Options:"nosniff", X-XSS-Protection:"0", Cache-Control:"no-cache, no-store, max-age=0, must-revalidate", Pragma:"no-cache", Expires:"0", Location:"/admin/categories"]
     Content type = null
             Body = 
    Forwarded URL = null
   Redirected URL = /admin/categories
          Cookies = []
2025-09-20T20:34:07.811-03:00 DEBUG 29846 --- [TechNews] [           main] s.w.s.m.m.a.RequestMappingHandlerMapping : Mapped to br.com.technews.controller.admin.CategoryController#createCategory(Category, BindingResult, RedirectAttributes, Model)
2025-09-20T20:34:07.815-03:00 DEBUG 29846 --- [TechNews] [           main] o.s.web.servlet.view.RedirectView        : View name [redirect:], model {}
2025-09-20T20:34:07.835-03:00 DEBUG 29846 --- [TechNews] [           main] s.w.s.m.m.a.RequestMappingHandlerMapping : Mapped to br.com.technews.controller.admin.CategoryController#listCategories(int, int, String, String, String, Model)
2025-09-20T20:34:07.845-03:00 DEBUG 29846 --- [TechNews] [           main] o.s.w.s.v.ContentNegotiatingViewResolver : Selected '*/*' given [*/*]
2025-09-20T20:34:07.902-03:00 DEBUG 29846 --- [TechNews] [           main] s.w.s.m.m.a.RequestMappingHandlerMapping : Mapped to br.com.technews.controller.admin.CategoryController#searchCategories(String)
2025-09-20T20:34:08.039-03:00 DEBUG 29846 --- [TechNews] [           main] m.m.a.RequestResponseBodyMethodProcessor : Using 'application/json', given [*/*] and supported [application/json, application/*+json]
2025-09-20T20:34:08.046-03:00 DEBUG 29846 --- [TechNews] [           main] m.m.a.RequestResponseBodyMethodProcessor : Writing [[Category{id=1, name='Technology', slug='TECHNOLOGY', active=true}]]
2025-09-20T20:34:08.202-03:00 DEBUG 29846 --- [TechNews] [           main] s.w.s.m.m.a.RequestMappingHandlerMapping : Mapped to br.com.technews.controller.admin.CategoryController#viewCategory(Long, Model, RedirectAttributes)
2025-09-20T20:34:08.203-03:00 DEBUG 29846 --- [TechNews] [           main] o.s.web.servlet.view.RedirectView        : View name [redirect:], model {}
2025-09-20T20:34:08.214-03:00 DEBUG 29846 --- [TechNews] [           main] s.w.s.m.m.a.RequestMappingHandlerMapping : Mapped to br.com.technews.controller.admin.CategoryController#updateCategory(Long, Category, BindingResult, RedirectAttributes, Model)
2025-09-20T20:34:08.216-03:00 DEBUG 29846 --- [TechNews] [           main] o.s.web.servlet.view.RedirectView        : View name [redirect:], model {}

MockHttpServletRequest:
      HTTP Method = POST
      Request URI = /admin/categories/edit/1
       Parameters = {id=[1], name=[Technology Updated], slug=[TECHNOLOGY], description=[Updated technology category], active=[true]}
          Headers = []
             Body = null
    Session Attrs = {org.springframework.web.servlet.support.SessionFlashMapManager.FLASH_MAPS=[FlashMap [attributes={successMessage=Categoria 'Technology Updated' atualizada com sucesso!}, targetRequestPath=/admin/categories, targetRequestParams={}]]}

Handler:
             Type = br.com.technews.controller.admin.CategoryController
           Method = br.com.technews.controller.admin.CategoryController#updateCategory(Long, Category, BindingResult, RedirectAttributes, Model)

Async:
    Async started = false
     Async result = null

Resolved Exception:
             Type = null

ModelAndView:
        View name = redirect:/admin/categories
             View = null
            Model = null

FlashMap:
        Attribute = successMessage
            value = Categoria 'Technology Updated' atualizada com sucesso!

MockHttpServletResponse:
           Status = 302
    Error message = null
          Headers = [Vary:"Origin", "Access-Control-Request-Method", "Access-Control-Request-Headers", Content-Language:"en", X-Content-Type-Options:"nosniff", X-XSS-Protection:"0", Cache-Control:"no-cache, no-store, max-age=0, must-revalidate", Pragma:"no-cache", Expires:"0", Location:"/admin/categories"]
     Content type = null
             Body = 
    Forwarded URL = null
   Redirected URL = /admin/categories
          Cookies = []
2025-09-20T20:34:08.283-03:00 DEBUG 29846 --- [TechNews] [           main] s.w.s.m.m.a.RequestMappingHandlerMapping : Mapped to br.com.technews.controller.admin.CategoryController#createCategory(Category, BindingResult, RedirectAttributes, Model)
2025-09-20T20:34:08.285-03:00 DEBUG 29846 --- [TechNews] [           main] o.s.w.s.v.ContentNegotiatingViewResolver : Selected '*/*' given [*/*]
2025-09-20T20:34:08.327-03:00 DEBUG 29846 --- [TechNews] [           main] s.w.s.m.m.a.RequestMappingHandlerMapping : Mapped to br.com.technews.controller.admin.CategoryController#deleteCategory(Long, RedirectAttributes)
2025-09-20T20:34:08.329-03:00 DEBUG 29846 --- [TechNews] [           main] o.s.web.servlet.view.RedirectView        : View name [redirect:], model {}
2025-09-20T20:34:08.336-03:00 DEBUG 29846 --- [TechNews] [           main] s.w.s.m.m.a.RequestMappingHandlerMapping : Mapped to br.com.technews.controller.admin.CategoryController#showCreateForm(Model)
2025-09-20T20:34:08.337-03:00 DEBUG 29846 --- [TechNews] [           main] o.s.w.s.v.ContentNegotiatingViewResolver : Selected '*/*' given [*/*]
[ERROR] Tests run: 14, Failures: 2, Errors: 2, Skipped: 0, Time elapsed: 17.757 s <<< FAILURE! - in br.com.technews.controller.admin.CategoryControllerTest
[ERROR] br.com.technews.controller.admin.CategoryControllerTest.shouldViewCategoryDetails  Time elapsed: 1.877 s  <<< ERROR!
jakarta.servlet.ServletException: Request processing failed: org.thymeleaf.exceptions.TemplateInputException: An error happened during template parsing (template: "class path resource [templates/admin/categories/view.html]")
	at org.springframework.web.servlet.FrameworkServlet.processRequest(FrameworkServlet.java:1022)
	at org.springframework.web.servlet.FrameworkServlet.doGet(FrameworkServlet.java:903)
	at jakarta.servlet.http.HttpServlet.service(HttpServlet.java:564)
	at org.springframework.web.servlet.FrameworkServlet.service(FrameworkServlet.java:885)
	at org.springframework.test.web.servlet.TestDispatcherServlet.service(TestDispatcherServlet.java:72)
	at jakarta.servlet.http.HttpServlet.service(HttpServlet.java:658)
	at org.springframework.mock.web.MockFilterChain$ServletFilterProxy.doFilter(MockFilterChain.java:165)
	at org.springframework.mock.web.MockFilterChain.doFilter(MockFilterChain.java:132)
	at org.springframework.web.filter.CompositeFilter$VirtualFilterChain.doFilter(CompositeFilter.java:108)
	at org.springframework.web.filter.CompositeFilter$VirtualFilterChain.doFilter(CompositeFilter.java:108)
	at org.springframework.security.web.FilterChainProxy.lambda$doFilterInternal$3(FilterChainProxy.java:231)
	at org.springframework.security.web.FilterChainProxy$VirtualFilterChain.doFilter(FilterChainProxy.java:365)
	at org.springframework.security.web.access.intercept.AuthorizationFilter.doFilter(AuthorizationFilter.java:101)
	at org.springframework.security.web.FilterChainProxy$VirtualFilterChain.doFilter(FilterChainProxy.java:374)
	at org.springframework.security.web.access.ExceptionTranslationFilter.doFilter(ExceptionTranslationFilter.java:125)
	at org.springframework.security.web.access.ExceptionTranslationFilter.doFilter(ExceptionTranslationFilter.java:119)
	at org.springframework.security.web.FilterChainProxy$VirtualFilterChain.doFilter(FilterChainProxy.java:374)
	at org.springframework.security.web.authentication.AnonymousAuthenticationFilter.doFilter(AnonymousAuthenticationFilter.java:100)
	at org.springframework.security.web.FilterChainProxy$VirtualFilterChain.doFilter(FilterChainProxy.java:374)
	at org.springframework.security.web.servletapi.SecurityContextHolderAwareRequestFilter.doFilter(SecurityContextHolderAwareRequestFilter.java:179)
	at org.springframework.security.web.FilterChainProxy$VirtualFilterChain.doFilter(FilterChainProxy.java:374)
	at org.springframework.security.web.savedrequest.RequestCacheAwareFilter.doFilter(RequestCacheAwareFilter.java:63)
	at org.springframework.security.web.FilterChainProxy$VirtualFilterChain.doFilter(FilterChainProxy.java:374)
	at org.springframework.security.web.authentication.logout.LogoutFilter.doFilter(LogoutFilter.java:107)
	at org.springframework.security.web.authentication.logout.LogoutFilter.doFilter(LogoutFilter.java:93)
	at org.springframework.security.web.FilterChainProxy$VirtualFilterChain.doFilter(FilterChainProxy.java:374)
	at org.springframework.security.web.header.HeaderWriterFilter.doHeadersAfter(HeaderWriterFilter.java:90)
	at org.springframework.security.web.header.HeaderWriterFilter.doFilterInternal(HeaderWriterFilter.java:75)
	at org.springframework.web.filter.OncePerRequestFilter.doFilter(OncePerRequestFilter.java:116)
	at org.springframework.security.web.FilterChainProxy$VirtualFilterChain.doFilter(FilterChainProxy.java:374)
	at org.springframework.security.web.context.SecurityContextHolderFilter.doFilter(SecurityContextHolderFilter.java:82)
	at org.springframework.security.web.context.SecurityContextHolderFilter.doFilter(SecurityContextHolderFilter.java:69)
	at org.springframework.security.web.FilterChainProxy$VirtualFilterChain.doFilter(FilterChainProxy.java:374)
	at org.springframework.security.web.context.request.async.WebAsyncManagerIntegrationFilter.doFilterInternal(WebAsyncManagerIntegrationFilter.java:62)
	at org.springframework.web.filter.OncePerRequestFilter.doFilter(OncePerRequestFilter.java:116)
	at org.springframework.security.web.FilterChainProxy$VirtualFilterChain.doFilter(FilterChainProxy.java:374)
	at org.springframework.security.web.session.DisableEncodeUrlFilter.doFilterInternal(DisableEncodeUrlFilter.java:42)
	at org.springframework.web.filter.OncePerRequestFilter.doFilter(OncePerRequestFilter.java:116)
	at org.springframework.security.web.FilterChainProxy$VirtualFilterChain.doFilter(FilterChainProxy.java:374)
	at org.springframework.security.web.FilterChainProxy.doFilterInternal(FilterChainProxy.java:233)
	at org.springframework.security.web.FilterChainProxy.doFilter(FilterChainProxy.java:191)
	at org.springframework.web.filter.CompositeFilter$VirtualFilterChain.doFilter(CompositeFilter.java:113)
	at org.springframework.web.filter.ServletRequestPathFilter.doFilter(ServletRequestPathFilter.java:52)
	at org.springframework.web.filter.CompositeFilter$VirtualFilterChain.doFilter(CompositeFilter.java:113)
	at org.springframework.web.filter.CompositeFilter.doFilter(CompositeFilter.java:74)
	at org.springframework.security.config.annotation.web.configuration.WebSecurityConfiguration$CompositeFilterChainProxy.doFilter(WebSecurityConfiguration.java:319)
	at org.springframework.web.filter.CompositeFilter$VirtualFilterChain.doFilter(CompositeFilter.java:113)
	at org.springframework.web.servlet.handler.HandlerMappingIntrospector.lambda$createCacheFilter$4(HandlerMappingIntrospector.java:267)
	at org.springframework.web.filter.CompositeFilter$VirtualFilterChain.doFilter(CompositeFilter.java:113)
	at org.springframework.web.filter.CompositeFilter.doFilter(CompositeFilter.java:74)
	at org.springframework.security.config.annotation.web.configuration.WebMvcSecurityConfiguration$CompositeFilterChainProxy.doFilter(WebMvcSecurityConfiguration.java:240)
	at org.springframework.web.filter.DelegatingFilterProxy.invokeDelegate(DelegatingFilterProxy.java:362)
	at org.springframework.web.filter.DelegatingFilterProxy.doFilter(DelegatingFilterProxy.java:278)
	at org.springframework.test.web.servlet.setup.MockMvcFilterDecorator.doFilter(MockMvcFilterDecorator.java:162)
	at org.springframework.mock.web.MockFilterChain.doFilter(MockFilterChain.java:132)
	at org.springframework.web.filter.RequestContextFilter.doFilterInternal(RequestContextFilter.java:100)
	at org.springframework.web.filter.OncePerRequestFilter.doFilter(OncePerRequestFilter.java:116)
	at org.springframework.test.web.servlet.setup.MockMvcFilterDecorator.doFilter(MockMvcFilterDecorator.java:162)
	at org.springframework.mock.web.MockFilterChain.doFilter(MockFilterChain.java:132)
	at org.springframework.web.filter.FormContentFilter.doFilterInternal(FormContentFilter.java:93)
	at org.springframework.web.filter.OncePerRequestFilter.doFilter(OncePerRequestFilter.java:116)
	at org.springframework.test.web.servlet.setup.MockMvcFilterDecorator.doFilter(MockMvcFilterDecorator.java:162)
	at org.springframework.mock.web.MockFilterChain.doFilter(MockFilterChain.java:132)
	at org.springframework.web.filter.CharacterEncodingFilter.doFilterInternal(CharacterEncodingFilter.java:201)
	at org.springframework.web.filter.OncePerRequestFilter.doFilter(OncePerRequestFilter.java:116)
	at org.springframework.test.web.servlet.setup.MockMvcFilterDecorator.doFilter(MockMvcFilterDecorator.java:162)
	at org.springframework.mock.web.MockFilterChain.doFilter(MockFilterChain.java:132)
	at org.springframework.test.web.servlet.MockMvc.perform(MockMvc.java:201)
	at br.com.technews.controller.admin.CategoryControllerTest.shouldViewCategoryDetails(CategoryControllerTest.java:230)
	at java.base/java.lang.reflect.Method.invoke(Method.java:580)
	at java.base/java.util.ArrayList.forEach(ArrayList.java:1596)
	at java.base/java.util.ArrayList.forEach(ArrayList.java:1596)
Caused by: org.thymeleaf.exceptions.TemplateInputException: An error happened during template parsing (template: "class path resource [templates/admin/categories/view.html]")
	at org.thymeleaf.templateparser.markup.AbstractMarkupTemplateParser.parse(AbstractMarkupTemplateParser.java:241)
	at org.thymeleaf.templateparser.markup.AbstractMarkupTemplateParser.parseStandalone(AbstractMarkupTemplateParser.java:100)
	at org.thymeleaf.engine.TemplateManager.parseAndProcess(TemplateManager.java:666)
	at org.thymeleaf.TemplateEngine.process(TemplateEngine.java:1103)
	at org.thymeleaf.TemplateEngine.process(TemplateEngine.java:1077)
	at org.thymeleaf.spring6.view.ThymeleafView.renderFragment(ThymeleafView.java:372)
	at org.thymeleaf.spring6.view.ThymeleafView.render(ThymeleafView.java:192)
	at org.springframework.web.servlet.DispatcherServlet.render(DispatcherServlet.java:1438)
	at org.springframework.test.web.servlet.TestDispatcherServlet.render(TestDispatcherServlet.java:138)
	at org.springframework.web.servlet.DispatcherServlet.processDispatchResult(DispatcherServlet.java:1168)
	at org.springframework.web.servlet.DispatcherServlet.doDispatch(DispatcherServlet.java:1106)
	at org.springframework.web.servlet.DispatcherServlet.doService(DispatcherServlet.java:979)
	at org.springframework.web.servlet.FrameworkServlet.processRequest(FrameworkServlet.java:1014)
	... 71 more
Caused by: org.attoparser.ParseException: Exception evaluating SpringEL expression: "#lists.size(#lists.select(category.articles, article.published))" (template: "admin/categories/view" - line 194, col 66)
	at org.attoparser.MarkupParser.parseDocument(MarkupParser.java:393)
	at org.attoparser.MarkupParser.parse(MarkupParser.java:257)
	at org.thymeleaf.templateparser.markup.AbstractMarkupTemplateParser.parse(AbstractMarkupTemplateParser.java:230)
	... 83 more
Caused by: org.thymeleaf.exceptions.TemplateProcessingException: Exception evaluating SpringEL expression: "#lists.size(#lists.select(category.articles, article.published))" (template: "admin/categories/view" - line 194, col 66)
	at org.thymeleaf.spring6.expression.SPELVariableExpressionEvaluator.evaluate(SPELVariableExpressionEvaluator.java:292)
	at org.thymeleaf.standard.expression.VariableExpression.executeVariableExpression(VariableExpression.java:166)
	at org.thymeleaf.standard.expression.SimpleExpression.executeSimple(SimpleExpression.java:66)
	at org.thymeleaf.standard.expression.Expression.execute(Expression.java:109)
	at org.thymeleaf.standard.expression.Expression.execute(Expression.java:138)
	at org.thymeleaf.standard.processor.AbstractStandardExpressionAttributeTagProcessor.doProcess(AbstractStandardExpressionAttributeTagProcessor.java:144)
	at org.thymeleaf.processor.element.AbstractAttributeTagProcessor.doProcess(AbstractAttributeTagProcessor.java:74)
	at org.thymeleaf.processor.element.AbstractElementTagProcessor.process(AbstractElementTagProcessor.java:95)
	at org.thymeleaf.util.ProcessorConfigurationUtils$ElementTagProcessorWrapper.process(ProcessorConfigurationUtils.java:633)
	at org.thymeleaf.engine.ProcessorTemplateHandler.handleOpenElement(ProcessorTemplateHandler.java:1314)
	at org.thymeleaf.engine.TemplateHandlerAdapterMarkupHandler.handleOpenElementEnd(TemplateHandlerAdapterMarkupHandler.java:304)
	at org.thymeleaf.templateparser.markup.InlinedOutputExpressionMarkupHandler$InlineMarkupAdapterPreProcessorHandler.handleOpenElementEnd(InlinedOutputExpressionMarkupHandler.java:278)
	at org.thymeleaf.standard.inline.OutputExpressionInlinePreProcessorHandler.handleOpenElementEnd(OutputExpressionInlinePreProcessorHandler.java:186)
	at org.thymeleaf.templateparser.markup.InlinedOutputExpressionMarkupHandler.handleOpenElementEnd(InlinedOutputExpressionMarkupHandler.java:124)
	at org.attoparser.HtmlElement.handleOpenElementEnd(HtmlElement.java:109)
	at org.attoparser.HtmlMarkupHandler.handleOpenElementEnd(HtmlMarkupHandler.java:297)
	at org.attoparser.MarkupEventProcessorHandler.handleOpenElementEnd(MarkupEventProcessorHandler.java:402)
	at org.attoparser.ParsingElementMarkupUtil.parseOpenElement(ParsingElementMarkupUtil.java:159)
	at org.attoparser.MarkupParser.parseBuffer(MarkupParser.java:710)
	at org.attoparser.MarkupParser.parseDocument(MarkupParser.java:301)
	... 85 more
Caused by: org.springframework.expression.spel.SpelEvaluationException: EL1007E: Property or field 'published' cannot be found on null
	at org.springframework.expression.spel.ast.PropertyOrFieldReference.readProperty(PropertyOrFieldReference.java:225)
	at org.springframework.expression.spel.ast.PropertyOrFieldReference.getValueInternal(PropertyOrFieldReference.java:112)
	at org.springframework.expression.spel.ast.PropertyOrFieldReference$AccessorValueRef.getValue(PropertyOrFieldReference.java:376)
	at org.springframework.expression.spel.ast.CompoundExpression.getValueInternal(CompoundExpression.java:97)
	at org.springframework.expression.spel.ast.MethodReference.getArguments(MethodReference.java:177)
	at org.springframework.expression.spel.ast.MethodReference.getValueRef(MethodReference.java:94)
	at org.springframework.expression.spel.ast.CompoundExpression.getValueRef(CompoundExpression.java:75)
	at org.springframework.expression.spel.ast.CompoundExpression.getValueInternal(CompoundExpression.java:96)
	at org.springframework.expression.spel.ast.MethodReference.getArguments(MethodReference.java:177)
	at org.springframework.expression.spel.ast.MethodReference.getValueRef(MethodReference.java:94)
	at org.springframework.expression.spel.ast.CompoundExpression.getValueRef(CompoundExpression.java:75)
	at org.springframework.expression.spel.ast.CompoundExpression.getValueInternal(CompoundExpression.java:96)
	at org.springframework.expression.spel.ast.SpelNodeImpl.getValue(SpelNodeImpl.java:116)
	at org.springframework.expression.spel.standard.SpelExpression.getValue(SpelExpression.java:338)
	at org.thymeleaf.spring6.expression.SPELVariableExpressionEvaluator.evaluate(SPELVariableExpressionEvaluator.java:265)
	... 104 more

[ERROR] br.com.technews.controller.admin.CategoryControllerTest.shouldShowEditForm  Time elapsed: 0.135 s  <<< ERROR!
jakarta.servlet.ServletException: Request processing failed: org.thymeleaf.exceptions.TemplateInputException: An error happened during template parsing (template: "class path resource [templates/admin/categories/form.html]")
	at org.springframework.web.servlet.FrameworkServlet.processRequest(FrameworkServlet.java:1022)
	at org.springframework.web.servlet.FrameworkServlet.doGet(FrameworkServlet.java:903)
	at jakarta.servlet.http.HttpServlet.service(HttpServlet.java:564)
	at org.springframework.web.servlet.FrameworkServlet.service(FrameworkServlet.java:885)
	at org.springframework.test.web.servlet.TestDispatcherServlet.service(TestDispatcherServlet.java:72)
	at jakarta.servlet.http.HttpServlet.service(HttpServlet.java:658)
	at org.springframework.mock.web.MockFilterChain$ServletFilterProxy.doFilter(MockFilterChain.java:165)
	at org.springframework.mock.web.MockFilterChain.doFilter(MockFilterChain.java:132)
	at org.springframework.web.filter.CompositeFilter$VirtualFilterChain.doFilter(CompositeFilter.java:108)
	at org.springframework.web.filter.CompositeFilter$VirtualFilterChain.doFilter(CompositeFilter.java:108)
	at org.springframework.security.web.FilterChainProxy.lambda$doFilterInternal$3(FilterChainProxy.java:231)
	at org.springframework.security.web.FilterChainProxy$VirtualFilterChain.doFilter(FilterChainProxy.java:365)
	at org.springframework.security.web.access.intercept.AuthorizationFilter.doFilter(AuthorizationFilter.java:101)
	at org.springframework.security.web.FilterChainProxy$VirtualFilterChain.doFilter(FilterChainProxy.java:374)
	at org.springframework.security.web.access.ExceptionTranslationFilter.doFilter(ExceptionTranslationFilter.java:125)
	at org.springframework.security.web.access.ExceptionTranslationFilter.doFilter(ExceptionTranslationFilter.java:119)
	at org.springframework.security.web.FilterChainProxy$VirtualFilterChain.doFilter(FilterChainProxy.java:374)
	at org.springframework.security.web.authentication.AnonymousAuthenticationFilter.doFilter(AnonymousAuthenticationFilter.java:100)
	at org.springframework.security.web.FilterChainProxy$VirtualFilterChain.doFilter(FilterChainProxy.java:374)
	at org.springframework.security.web.servletapi.SecurityContextHolderAwareRequestFilter.doFilter(SecurityContextHolderAwareRequestFilter.java:179)
	at org.springframework.security.web.FilterChainProxy$VirtualFilterChain.doFilter(FilterChainProxy.java:374)
	at org.springframework.security.web.savedrequest.RequestCacheAwareFilter.doFilter(RequestCacheAwareFilter.java:63)
	at org.springframework.security.web.FilterChainProxy$VirtualFilterChain.doFilter(FilterChainProxy.java:374)
	at org.springframework.security.web.authentication.logout.LogoutFilter.doFilter(LogoutFilter.java:107)
	at org.springframework.security.web.authentication.logout.LogoutFilter.doFilter(LogoutFilter.java:93)
	at org.springframework.security.web.FilterChainProxy$VirtualFilterChain.doFilter(FilterChainProxy.java:374)
	at org.springframework.security.web.header.HeaderWriterFilter.doHeadersAfter(HeaderWriterFilter.java:90)
	at org.springframework.security.web.header.HeaderWriterFilter.doFilterInternal(HeaderWriterFilter.java:75)
	at org.springframework.web.filter.OncePerRequestFilter.doFilter(OncePerRequestFilter.java:116)
	at org.springframework.security.web.FilterChainProxy$VirtualFilterChain.doFilter(FilterChainProxy.java:374)
	at org.springframework.security.web.context.SecurityContextHolderFilter.doFilter(SecurityContextHolderFilter.java:82)
	at org.springframework.security.web.context.SecurityContextHolderFilter.doFilter(SecurityContextHolderFilter.java:69)
	at org.springframework.security.web.FilterChainProxy$VirtualFilterChain.doFilter(FilterChainProxy.java:374)
	at org.springframework.security.web.context.request.async.WebAsyncManagerIntegrationFilter.doFilterInternal(WebAsyncManagerIntegrationFilter.java:62)
	at org.springframework.web.filter.OncePerRequestFilter.doFilter(OncePerRequestFilter.java:116)
	at org.springframework.security.web.FilterChainProxy$VirtualFilterChain.doFilter(FilterChainProxy.java:374)
	at org.springframework.security.web.session.DisableEncodeUrlFilter.doFilterInternal(DisableEncodeUrlFilter.java:42)
	at org.springframework.web.filter.OncePerRequestFilter.doFilter(OncePerRequestFilter.java:116)
	at org.springframework.security.web.FilterChainProxy$VirtualFilterChain.doFilter(FilterChainProxy.java:374)
	at org.springframework.security.web.FilterChainProxy.doFilterInternal(FilterChainProxy.java:233)
	at org.springframework.security.web.FilterChainProxy.doFilter(FilterChainProxy.java:191)
	at org.springframework.web.filter.CompositeFilter$VirtualFilterChain.doFilter(CompositeFilter.java:113)
	at org.springframework.web.filter.ServletRequestPathFilter.doFilter(ServletRequestPathFilter.java:52)
	at org.springframework.web.filter.CompositeFilter$VirtualFilterChain.doFilter(CompositeFilter.java:113)
	at org.springframework.web.filter.CompositeFilter.doFilter(CompositeFilter.java:74)
	at org.springframework.security.config.annotation.web.configuration.WebSecurityConfiguration$CompositeFilterChainProxy.doFilter(WebSecurityConfiguration.java:319)
	at org.springframework.web.filter.CompositeFilter$VirtualFilterChain.doFilter(CompositeFilter.java:113)
	at org.springframework.web.servlet.handler.HandlerMappingIntrospector.lambda$createCacheFilter$4(HandlerMappingIntrospector.java:267)
	at org.springframework.web.filter.CompositeFilter$VirtualFilterChain.doFilter(CompositeFilter.java:113)
	at org.springframework.web.filter.CompositeFilter.doFilter(CompositeFilter.java:74)
	at org.springframework.security.config.annotation.web.configuration.WebMvcSecurityConfiguration$CompositeFilterChainProxy.doFilter(WebMvcSecurityConfiguration.java:240)
	at org.springframework.web.filter.DelegatingFilterProxy.invokeDelegate(DelegatingFilterProxy.java:362)
	at org.springframework.web.filter.DelegatingFilterProxy.doFilter(DelegatingFilterProxy.java:278)
	at org.springframework.test.web.servlet.setup.MockMvcFilterDecorator.doFilter(MockMvcFilterDecorator.java:162)
	at org.springframework.mock.web.MockFilterChain.doFilter(MockFilterChain.java:132)
	at org.springframework.web.filter.RequestContextFilter.doFilterInternal(RequestContextFilter.java:100)
	at org.springframework.web.filter.OncePerRequestFilter.doFilter(OncePerRequestFilter.java:116)
	at org.springframework.test.web.servlet.setup.MockMvcFilterDecorator.doFilter(MockMvcFilterDecorator.java:162)
	at org.springframework.mock.web.MockFilterChain.doFilter(MockFilterChain.java:132)
	at org.springframework.web.filter.FormContentFilter.doFilterInternal(FormContentFilter.java:93)
	at org.springframework.web.filter.OncePerRequestFilter.doFilter(OncePerRequestFilter.java:116)
	at org.springframework.test.web.servlet.setup.MockMvcFilterDecorator.doFilter(MockMvcFilterDecorator.java:162)
	at org.springframework.mock.web.MockFilterChain.doFilter(MockFilterChain.java:132)
	at org.springframework.web.filter.CharacterEncodingFilter.doFilterInternal(CharacterEncodingFilter.java:201)
	at org.springframework.web.filter.OncePerRequestFilter.doFilter(OncePerRequestFilter.java:116)
	at org.springframework.test.web.servlet.setup.MockMvcFilterDecorator.doFilter(MockMvcFilterDecorator.java:162)
	at org.springframework.mock.web.MockFilterChain.doFilter(MockFilterChain.java:132)
	at org.springframework.test.web.servlet.MockMvc.perform(MockMvc.java:201)
	at br.com.technews.controller.admin.CategoryControllerTest.shouldShowEditForm(CategoryControllerTest.java:125)
	at java.base/java.lang.reflect.Method.invoke(Method.java:580)
	at java.base/java.util.ArrayList.forEach(ArrayList.java:1596)
	at java.base/java.util.ArrayList.forEach(ArrayList.java:1596)
Caused by: org.thymeleaf.exceptions.TemplateInputException: An error happened during template parsing (template: "class path resource [templates/admin/categories/form.html]")
	at org.thymeleaf.templateparser.markup.AbstractMarkupTemplateParser.parse(AbstractMarkupTemplateParser.java:241)
	at org.thymeleaf.templateparser.markup.AbstractMarkupTemplateParser.parseStandalone(AbstractMarkupTemplateParser.java:100)
	at org.thymeleaf.engine.TemplateManager.parseAndProcess(TemplateManager.java:666)
	at org.thymeleaf.TemplateEngine.process(TemplateEngine.java:1103)
	at org.thymeleaf.TemplateEngine.process(TemplateEngine.java:1077)
	at org.thymeleaf.spring6.view.ThymeleafView.renderFragment(ThymeleafView.java:372)
	at org.thymeleaf.spring6.view.ThymeleafView.render(ThymeleafView.java:192)
	at org.springframework.web.servlet.DispatcherServlet.render(DispatcherServlet.java:1438)
	at org.springframework.test.web.servlet.TestDispatcherServlet.render(TestDispatcherServlet.java:138)
	at org.springframework.web.servlet.DispatcherServlet.processDispatchResult(DispatcherServlet.java:1168)
	at org.springframework.web.servlet.DispatcherServlet.doDispatch(DispatcherServlet.java:1106)
	at org.springframework.web.servlet.DispatcherServlet.doService(DispatcherServlet.java:979)
	at org.springframework.web.servlet.FrameworkServlet.processRequest(FrameworkServlet.java:1014)
	... 71 more
Caused by: org.attoparser.ParseException: Exception evaluating SpringEL expression: "isEdit && category.createdAt" (template: "admin/categories/form" - line 470, col 38)
	at org.attoparser.MarkupParser.parseDocument(MarkupParser.java:393)
	at org.attoparser.MarkupParser.parse(MarkupParser.java:257)
	at org.thymeleaf.templateparser.markup.AbstractMarkupTemplateParser.parse(AbstractMarkupTemplateParser.java:230)
	... 83 more
Caused by: org.thymeleaf.exceptions.TemplateProcessingException: Exception evaluating SpringEL expression: "isEdit && category.createdAt" (template: "admin/categories/form" - line 470, col 38)
	at org.thymeleaf.spring6.expression.SPELVariableExpressionEvaluator.evaluate(SPELVariableExpressionEvaluator.java:292)
	at org.thymeleaf.standard.expression.VariableExpression.executeVariableExpression(VariableExpression.java:166)
	at org.thymeleaf.standard.expression.SimpleExpression.executeSimple(SimpleExpression.java:66)
	at org.thymeleaf.standard.expression.Expression.execute(Expression.java:109)
	at org.thymeleaf.standard.expression.Expression.execute(Expression.java:138)
	at org.thymeleaf.standard.expression.Expression.execute(Expression.java:125)
	at org.thymeleaf.standard.processor.StandardIfTagProcessor.isVisible(StandardIfTagProcessor.java:59)
	at org.thymeleaf.standard.processor.AbstractStandardConditionalVisibilityTagProcessor.doProcess(AbstractStandardConditionalVisibilityTagProcessor.java:61)
	at org.thymeleaf.processor.element.AbstractAttributeTagProcessor.doProcess(AbstractAttributeTagProcessor.java:74)
	at org.thymeleaf.processor.element.AbstractElementTagProcessor.process(AbstractElementTagProcessor.java:95)
	at org.thymeleaf.util.ProcessorConfigurationUtils$ElementTagProcessorWrapper.process(ProcessorConfigurationUtils.java:633)
	at org.thymeleaf.engine.ProcessorTemplateHandler.handleOpenElement(ProcessorTemplateHandler.java:1314)
	at org.thymeleaf.engine.TemplateHandlerAdapterMarkupHandler.handleOpenElementEnd(TemplateHandlerAdapterMarkupHandler.java:304)
	at org.thymeleaf.templateparser.markup.InlinedOutputExpressionMarkupHandler$InlineMarkupAdapterPreProcessorHandler.handleOpenElementEnd(InlinedOutputExpressionMarkupHandler.java:278)
	at org.thymeleaf.standard.inline.OutputExpressionInlinePreProcessorHandler.handleOpenElementEnd(OutputExpressionInlinePreProcessorHandler.java:186)
	at org.thymeleaf.templateparser.markup.InlinedOutputExpressionMarkupHandler.handleOpenElementEnd(InlinedOutputExpressionMarkupHandler.java:124)
	at org.attoparser.HtmlElement.handleOpenElementEnd(HtmlElement.java:109)
	at org.attoparser.HtmlMarkupHandler.handleOpenElementEnd(HtmlMarkupHandler.java:297)
	at org.attoparser.MarkupEventProcessorHandler.handleOpenElementEnd(MarkupEventProcessorHandler.java:402)
	at org.attoparser.ParsingElementMarkupUtil.parseOpenElement(ParsingElementMarkupUtil.java:159)
	at org.attoparser.MarkupParser.parseBuffer(MarkupParser.java:710)
	at org.attoparser.MarkupParser.parseDocument(MarkupParser.java:301)
	... 85 more
Caused by: org.springframework.expression.spel.SpelEvaluationException: EL1001E: Type conversion problem, cannot convert from @jakarta.persistence.Column java.time.LocalDateTime to java.lang.Boolean
	at org.springframework.expression.spel.support.StandardTypeConverter.convertValue(StandardTypeConverter.java:87)
	at org.springframework.expression.common.ExpressionUtils.convertTypedValue(ExpressionUtils.java:57)
	at org.springframework.expression.spel.ast.SpelNodeImpl.getValue(SpelNodeImpl.java:203)
	at org.springframework.expression.spel.ast.OpAnd.getBooleanValue(OpAnd.java:58)
	at org.springframework.expression.spel.ast.OpAnd.getValueInternal(OpAnd.java:53)
	at org.springframework.expression.spel.ast.SpelNodeImpl.getValue(SpelNodeImpl.java:116)
	at org.springframework.expression.spel.standard.SpelExpression.getValue(SpelExpression.java:338)
	at org.thymeleaf.spring6.expression.SPELVariableExpressionEvaluator.evaluate(SPELVariableExpressionEvaluator.java:265)
	... 106 more
Caused by: org.springframework.core.convert.ConverterNotFoundException: No converter found capable of converting from type [@jakarta.persistence.Column java.time.LocalDateTime] to type [java.lang.Boolean]
	at org.springframework.core.convert.support.GenericConversionService.handleConverterNotFound(GenericConversionService.java:294)
	at org.springframework.core.convert.support.GenericConversionService.convert(GenericConversionService.java:185)
	at org.springframework.expression.spel.support.StandardTypeConverter.convertValue(StandardTypeConverter.java:82)
	... 113 more

[ERROR] br.com.technews.controller.admin.CategoryControllerTest.shouldHandleUpdateCategoryNotFound  Time elapsed: 0.02 s  <<< FAILURE!
java.lang.AssertionError: Flash attribute 'errorMessage' expected:<Categoria n├úo encontrada!> but was:<null>
	at org.springframework.test.util.AssertionErrors.fail(AssertionErrors.java:61)
	at org.springframework.test.util.AssertionErrors.assertEquals(AssertionErrors.java:128)
	at org.springframework.test.web.servlet.result.FlashAttributeResultMatchers.lambda$attribute$1(FlashAttributeResultMatchers.java:59)
	at org.springframework.test.web.servlet.MockMvc$1.andExpect(MockMvc.java:214)
	at br.com.technews.controller.admin.CategoryControllerTest.shouldHandleUpdateCategoryNotFound(CategoryControllerTest.java:184)
	at java.base/java.lang.reflect.Method.invoke(Method.java:580)
	at java.base/java.util.ArrayList.forEach(ArrayList.java:1596)
	at java.base/java.util.ArrayList.forEach(ArrayList.java:1596)

[ERROR] br.com.technews.controller.admin.CategoryControllerTest.shouldUpdateCategorySuccessfully  Time elapsed: 0.061 s  <<< FAILURE!
Wanted but not invoked:
br.com.technews.service.CategoryService#0 bean.findById(
    1L
);
-> at br.com.technews.service.CategoryService.findById(CategoryService.java:46)

However, there was exactly 1 interaction with this mock:
br.com.technews.service.CategoryService#0 bean.update(
    1L,
    Category{id=1, name='Technology Updated', slug='TECHNOLOGY', active=true}
);
-> at br.com.technews.controller.admin.CategoryController.updateCategory(CategoryController.java:135)


	at br.com.technews.service.CategoryService.findById(CategoryService.java:46)
	at br.com.technews.controller.admin.CategoryControllerTest.shouldUpdateCategorySuccessfully(CategoryControllerTest.java:168)
	at java.base/java.lang.reflect.Method.invoke(Method.java:580)
	at java.base/java.util.ArrayList.forEach(ArrayList.java:1596)
	at java.base/java.util.ArrayList.forEach(ArrayList.java:1596)

[INFO] Running br.com.technews.controller.admin.CategoryControllerUnitTest
[INFO] Tests run: 11, Failures: 0, Errors: 0, Skipped: 0, Time elapsed: 0.881 s - in br.com.technews.controller.admin.CategoryControllerUnitTest
[INFO] Running br.com.technews.controller.AdminControllerTest
2025-09-20T20:34:09.328-03:00  INFO 29846 --- [TechNews] [           main] t.c.s.AnnotationConfigContextLoaderUtils : Could not detect default configuration classes for test class [br.com.technews.controller.AdminControllerTest]: AdminControllerTest does not declare any static, non-private, non-final, nested classes annotated with @Configuration.
2025-09-20T20:34:09.678-03:00  INFO 29846 --- [TechNews] [           main] .b.t.c.SpringBootTestContextBootstrapper : Found @SpringBootConfiguration br.com.technews.TechnewsApplication for test class br.com.technews.controller.AdminControllerTest

  .   ____          _            __ _ _
 /\\ / ___'_ __ _ _(_)_ __  __ _ \ \ \ \
( ( )\___ | '_ | '_| | '_ \/ _` | \ \ \ \
 \\/  ___)| |_)| | | | | || (_| |  ) ) ) )
  '  |____| .__|_| |_|_| |_\__, | / / / /
 =========|_|==============|___/=/_/_/_/

 :: Spring Boot ::                (v3.5.5)

2025-09-20T20:34:09.894-03:00  INFO 29846 --- [TechNews] [           main] b.c.t.controller.AdminControllerTest     : Starting AdminControllerTest using Java 21.0.8 with PID 29846 (started by lan in /mnt/c/Users/Usuario/Documents/technews)
2025-09-20T20:34:09.894-03:00  INFO 29846 --- [TechNews] [           main] b.c.t.controller.AdminControllerTest     : The following 1 profile is active: "test"
2025-09-20T20:34:09.915-03:00 DEBUG 29846 --- [TechNews] [           main] o.s.w.c.s.GenericWebApplicationContext   : Refreshing org.springframework.web.context.support.GenericWebApplicationContext@445b4594
2025-09-20T20:34:11.655-03:00  INFO 29846 --- [TechNews] [           main] o.s.b.a.w.s.WelcomePageHandlerMapping    : Adding welcome page template: index
2025-09-20T20:34:11.751-03:00 DEBUG 29846 --- [TechNews] [           main] s.w.s.m.m.a.RequestMappingHandlerMapping : 9 mappings in 'requestMappingHandlerMapping'
2025-09-20T20:34:12.069-03:00 DEBUG 29846 --- [TechNews] [           main] o.s.w.s.handler.SimpleUrlHandlerMapping  : Patterns [/webjars/**, /**] in 'resourceHandlerMapping'
2025-09-20T20:34:12.091-03:00  INFO 29846 --- [TechNews] [           main] r$InitializeUserDetailsManagerConfigurer : Global AuthenticationManager configured with UserDetailsService bean with name inMemoryUserDetailsManager
2025-09-20T20:34:12.165-03:00 DEBUG 29846 --- [TechNews] [           main] s.w.s.m.m.a.RequestMappingHandlerAdapter : ControllerAdvice beans: 0 @ModelAttribute, 0 @InitBinder, 1 RequestBodyAdvice, 1 ResponseBodyAdvice
2025-09-20T20:34:12.192-03:00 DEBUG 29846 --- [TechNews] [           main] .m.m.a.ExceptionHandlerExceptionResolver : ControllerAdvice beans: 0 @ExceptionHandler, 1 ResponseBodyAdvice
2025-09-20T20:34:12.211-03:00  INFO 29846 --- [TechNews] [           main] o.s.b.t.m.w.SpringBootMockServletContext : Initializing Spring TestDispatcherServlet ''
2025-09-20T20:34:12.211-03:00  INFO 29846 --- [TechNews] [           main] o.s.t.web.servlet.TestDispatcherServlet  : Initializing Servlet ''
2025-09-20T20:34:12.212-03:00  INFO 29846 --- [TechNews] [           main] o.s.t.web.servlet.TestDispatcherServlet  : Completed initialization in 0 ms
2025-09-20T20:34:12.228-03:00  INFO 29846 --- [TechNews] [           main] b.c.t.controller.AdminControllerTest     : Started AdminControllerTest in 2.539 seconds (process running for 23.851)
2025-09-20T20:34:12.292-03:00 DEBUG 29846 --- [TechNews] [           main] s.w.s.m.m.a.RequestMappingHandlerMapping : Mapped to br.com.technews.controller.AdminController#updateSubscriber(Long, Subscriber, RedirectAttributes)
2025-09-20T20:34:12.325-03:00 DEBUG 29846 --- [TechNews] [           main] o.s.web.servlet.view.RedirectView        : View name [redirect:], model {}
2025-09-20T20:34:12.337-03:00 DEBUG 29846 --- [TechNews] [           main] s.w.s.m.m.a.RequestMappingHandlerMapping : Mapped to br.com.technews.controller.AdminController#editSubscriber(Long, Model, RedirectAttributes)
2025-09-20T20:34:12.341-03:00 DEBUG 29846 --- [TechNews] [           main] o.s.w.s.v.ContentNegotiatingViewResolver : Selected '*/*' given [*/*]
2025-09-20T20:34:12.388-03:00 ERROR 29846 --- [TechNews] [           main] org.thymeleaf.TemplateEngine             : [THYMELEAF][main] Exception processing template "admin/subscribers/form": An error happened during template parsing (template: "class path resource [templates/admin/subscribers/form.html]")

org.thymeleaf.exceptions.TemplateInputException: An error happened during template parsing (template: "class path resource [templates/admin/subscribers/form.html]")
	at org.thymeleaf.templateparser.markup.AbstractMarkupTemplateParser.parse(AbstractMarkupTemplateParser.java:241) ~[thymeleaf-3.1.3.RELEASE.jar:3.1.3.RELEASE]
	at org.thymeleaf.templateparser.markup.AbstractMarkupTemplateParser.parseStandalone(AbstractMarkupTemplateParser.java:100) ~[thymeleaf-3.1.3.RELEASE.jar:3.1.3.RELEASE]
	at org.thymeleaf.engine.TemplateManager.parseAndProcess(TemplateManager.java:666) ~[thymeleaf-3.1.3.RELEASE.jar:3.1.3.RELEASE]
	at org.thymeleaf.TemplateEngine.process(TemplateEngine.java:1103) ~[thymeleaf-3.1.3.RELEASE.jar:3.1.3.RELEASE]
	at org.thymeleaf.TemplateEngine.process(TemplateEngine.java:1077) ~[thymeleaf-3.1.3.RELEASE.jar:3.1.3.RELEASE]
	at org.thymeleaf.spring6.view.ThymeleafView.renderFragment(ThymeleafView.java:372) ~[thymeleaf-spring6-3.1.3.RELEASE.jar:3.1.3.RELEASE]
	at org.thymeleaf.spring6.view.ThymeleafView.render(ThymeleafView.java:192) ~[thymeleaf-spring6-3.1.3.RELEASE.jar:3.1.3.RELEASE]
	at org.springframework.web.servlet.DispatcherServlet.render(DispatcherServlet.java:1438) ~[spring-webmvc-6.2.10.jar:6.2.10]
	at org.springframework.test.web.servlet.TestDispatcherServlet.render(TestDispatcherServlet.java:138) ~[spring-test-6.2.10.jar:6.2.10]
	at org.springframework.web.servlet.DispatcherServlet.processDispatchResult(DispatcherServlet.java:1168) ~[spring-webmvc-6.2.10.jar:6.2.10]
	at org.springframework.web.servlet.DispatcherServlet.doDispatch(DispatcherServlet.java:1106) ~[spring-webmvc-6.2.10.jar:6.2.10]
	at org.springframework.web.servlet.DispatcherServlet.doService(DispatcherServlet.java:979) ~[spring-webmvc-6.2.10.jar:6.2.10]
	at org.springframework.web.servlet.FrameworkServlet.processRequest(FrameworkServlet.java:1014) ~[spring-webmvc-6.2.10.jar:6.2.10]
	at org.springframework.web.servlet.FrameworkServlet.doGet(FrameworkServlet.java:903) ~[spring-webmvc-6.2.10.jar:6.2.10]
	at jakarta.servlet.http.HttpServlet.service(HttpServlet.java:564) ~[tomcat-embed-core-10.1.44.jar:6.0]
	at org.springframework.web.servlet.FrameworkServlet.service(FrameworkServlet.java:885) ~[spring-webmvc-6.2.10.jar:6.2.10]
	at org.springframework.test.web.servlet.TestDispatcherServlet.service(TestDispatcherServlet.java:72) ~[spring-test-6.2.10.jar:6.2.10]
	at jakarta.servlet.http.HttpServlet.service(HttpServlet.java:658) ~[tomcat-embed-core-10.1.44.jar:6.0]
	at org.springframework.mock.web.MockFilterChain$ServletFilterProxy.doFilter(MockFilterChain.java:165) ~[spring-test-6.2.10.jar:6.2.10]
	at org.springframework.mock.web.MockFilterChain.doFilter(MockFilterChain.java:132) ~[spring-test-6.2.10.jar:6.2.10]
	at org.springframework.web.filter.CompositeFilter$VirtualFilterChain.doFilter(CompositeFilter.java:108) ~[spring-web-6.2.10.jar:6.2.10]
	at org.springframework.web.filter.CompositeFilter$VirtualFilterChain.doFilter(CompositeFilter.java:108) ~[spring-web-6.2.10.jar:6.2.10]
	at org.springframework.security.web.FilterChainProxy.lambda$doFilterInternal$3(FilterChainProxy.java:231) ~[spring-security-web-6.5.3.jar:6.5.3]
	at org.springframework.security.web.FilterChainProxy$VirtualFilterChain.doFilter(FilterChainProxy.java:365) ~[spring-security-web-6.5.3.jar:6.5.3]
	at org.springframework.security.web.access.intercept.AuthorizationFilter.doFilter(AuthorizationFilter.java:101) ~[spring-security-web-6.5.3.jar:6.5.3]
	at org.springframework.security.web.FilterChainProxy$VirtualFilterChain.doFilter(FilterChainProxy.java:374) ~[spring-security-web-6.5.3.jar:6.5.3]
	at org.springframework.security.web.access.ExceptionTranslationFilter.doFilter(ExceptionTranslationFilter.java:125) ~[spring-security-web-6.5.3.jar:6.5.3]
	at org.springframework.security.web.access.ExceptionTranslationFilter.doFilter(ExceptionTranslationFilter.java:119) ~[spring-security-web-6.5.3.jar:6.5.3]
	at org.springframework.security.web.FilterChainProxy$VirtualFilterChain.doFilter(FilterChainProxy.java:374) ~[spring-security-web-6.5.3.jar:6.5.3]
	at org.springframework.security.web.authentication.AnonymousAuthenticationFilter.doFilter(AnonymousAuthenticationFilter.java:100) ~[spring-security-web-6.5.3.jar:6.5.3]
	at org.springframework.security.web.FilterChainProxy$VirtualFilterChain.doFilter(FilterChainProxy.java:374) ~[spring-security-web-6.5.3.jar:6.5.3]
	at org.springframework.security.web.servletapi.SecurityContextHolderAwareRequestFilter.doFilter(SecurityContextHolderAwareRequestFilter.java:179) ~[spring-security-web-6.5.3.jar:6.5.3]
	at org.springframework.security.web.FilterChainProxy$VirtualFilterChain.doFilter(FilterChainProxy.java:374) ~[spring-security-web-6.5.3.jar:6.5.3]
	at org.springframework.security.web.savedrequest.RequestCacheAwareFilter.doFilter(RequestCacheAwareFilter.java:63) ~[spring-security-web-6.5.3.jar:6.5.3]
	at org.springframework.security.web.FilterChainProxy$VirtualFilterChain.doFilter(FilterChainProxy.java:374) ~[spring-security-web-6.5.3.jar:6.5.3]
	at org.springframework.security.web.authentication.logout.LogoutFilter.doFilter(LogoutFilter.java:107) ~[spring-security-web-6.5.3.jar:6.5.3]
	at org.springframework.security.web.authentication.logout.LogoutFilter.doFilter(LogoutFilter.java:93) ~[spring-security-web-6.5.3.jar:6.5.3]
	at org.springframework.security.web.FilterChainProxy$VirtualFilterChain.doFilter(FilterChainProxy.java:374) ~[spring-security-web-6.5.3.jar:6.5.3]
	at org.springframework.security.web.header.HeaderWriterFilter.doHeadersAfter(HeaderWriterFilter.java:90) ~[spring-security-web-6.5.3.jar:6.5.3]
	at org.springframework.security.web.header.HeaderWriterFilter.doFilterInternal(HeaderWriterFilter.java:75) ~[spring-security-web-6.5.3.jar:6.5.3]
	at org.springframework.web.filter.OncePerRequestFilter.doFilter(OncePerRequestFilter.java:116) ~[spring-web-6.2.10.jar:6.2.10]
	at org.springframework.security.web.FilterChainProxy$VirtualFilterChain.doFilter(FilterChainProxy.java:374) ~[spring-security-web-6.5.3.jar:6.5.3]
	at org.springframework.security.web.context.SecurityContextHolderFilter.doFilter(SecurityContextHolderFilter.java:82) ~[spring-security-web-6.5.3.jar:6.5.3]
	at org.springframework.security.web.context.SecurityContextHolderFilter.doFilter(SecurityContextHolderFilter.java:69) ~[spring-security-web-6.5.3.jar:6.5.3]
	at org.springframework.security.web.FilterChainProxy$VirtualFilterChain.doFilter(FilterChainProxy.java:374) ~[spring-security-web-6.5.3.jar:6.5.3]
	at org.springframework.security.web.context.request.async.WebAsyncManagerIntegrationFilter.doFilterInternal(WebAsyncManagerIntegrationFilter.java:62) ~[spring-security-web-6.5.3.jar:6.5.3]
	at org.springframework.web.filter.OncePerRequestFilter.doFilter(OncePerRequestFilter.java:116) ~[spring-web-6.2.10.jar:6.2.10]
	at org.springframework.security.web.FilterChainProxy$VirtualFilterChain.doFilter(FilterChainProxy.java:374) ~[spring-security-web-6.5.3.jar:6.5.3]
	at org.springframework.security.web.session.DisableEncodeUrlFilter.doFilterInternal(DisableEncodeUrlFilter.java:42) ~[spring-security-web-6.5.3.jar:6.5.3]
	at org.springframework.web.filter.OncePerRequestFilter.doFilter(OncePerRequestFilter.java:116) ~[spring-web-6.2.10.jar:6.2.10]
	at org.springframework.security.web.FilterChainProxy$VirtualFilterChain.doFilter(FilterChainProxy.java:374) ~[spring-security-web-6.5.3.jar:6.5.3]
	at org.springframework.security.web.FilterChainProxy.doFilterInternal(FilterChainProxy.java:233) ~[spring-security-web-6.5.3.jar:6.5.3]
	at org.springframework.security.web.FilterChainProxy.doFilter(FilterChainProxy.java:191) ~[spring-security-web-6.5.3.jar:6.5.3]
	at org.springframework.web.filter.CompositeFilter$VirtualFilterChain.doFilter(CompositeFilter.java:113) ~[spring-web-6.2.10.jar:6.2.10]
	at org.springframework.web.filter.ServletRequestPathFilter.doFilter(ServletRequestPathFilter.java:52) ~[spring-web-6.2.10.jar:6.2.10]
	at org.springframework.web.filter.CompositeFilter$VirtualFilterChain.doFilter(CompositeFilter.java:113) ~[spring-web-6.2.10.jar:6.2.10]
	at org.springframework.web.filter.CompositeFilter.doFilter(CompositeFilter.java:74) ~[spring-web-6.2.10.jar:6.2.10]
	at org.springframework.security.config.annotation.web.configuration.WebSecurityConfiguration$CompositeFilterChainProxy.doFilter(WebSecurityConfiguration.java:319) ~[spring-security-config-6.5.3.jar:6.5.3]
	at org.springframework.web.filter.CompositeFilter$VirtualFilterChain.doFilter(CompositeFilter.java:113) ~[spring-web-6.2.10.jar:6.2.10]
	at org.springframework.web.servlet.handler.HandlerMappingIntrospector.lambda$createCacheFilter$4(HandlerMappingIntrospector.java:267) ~[spring-webmvc-6.2.10.jar:6.2.10]
	at org.springframework.web.filter.CompositeFilter$VirtualFilterChain.doFilter(CompositeFilter.java:113) ~[spring-web-6.2.10.jar:6.2.10]
	at org.springframework.web.filter.CompositeFilter.doFilter(CompositeFilter.java:74) ~[spring-web-6.2.10.jar:6.2.10]
	at org.springframework.security.config.annotation.web.configuration.WebMvcSecurityConfiguration$CompositeFilterChainProxy.doFilter(WebMvcSecurityConfiguration.java:240) ~[spring-security-config-6.5.3.jar:6.5.3]
	at org.springframework.web.filter.DelegatingFilterProxy.invokeDelegate(DelegatingFilterProxy.java:362) ~[spring-web-6.2.10.jar:6.2.10]
	at org.springframework.web.filter.DelegatingFilterProxy.doFilter(DelegatingFilterProxy.java:278) ~[spring-web-6.2.10.jar:6.2.10]
	at org.springframework.test.web.servlet.setup.MockMvcFilterDecorator.doFilter(MockMvcFilterDecorator.java:162) ~[spring-test-6.2.10.jar:6.2.10]
	at org.springframework.mock.web.MockFilterChain.doFilter(MockFilterChain.java:132) ~[spring-test-6.2.10.jar:6.2.10]
	at org.springframework.web.filter.RequestContextFilter.doFilterInternal(RequestContextFilter.java:100) ~[spring-web-6.2.10.jar:6.2.10]
	at org.springframework.web.filter.OncePerRequestFilter.doFilter(OncePerRequestFilter.java:116) ~[spring-web-6.2.10.jar:6.2.10]
	at org.springframework.test.web.servlet.setup.MockMvcFilterDecorator.doFilter(MockMvcFilterDecorator.java:162) ~[spring-test-6.2.10.jar:6.2.10]
	at org.springframework.mock.web.MockFilterChain.doFilter(MockFilterChain.java:132) ~[spring-test-6.2.10.jar:6.2.10]
	at org.springframework.web.filter.FormContentFilter.doFilterInternal(FormContentFilter.java:93) ~[spring-web-6.2.10.jar:6.2.10]
	at org.springframework.web.filter.OncePerRequestFilter.doFilter(OncePerRequestFilter.java:116) ~[spring-web-6.2.10.jar:6.2.10]
	at org.springframework.test.web.servlet.setup.MockMvcFilterDecorator.doFilter(MockMvcFilterDecorator.java:162) ~[spring-test-6.2.10.jar:6.2.10]
	at org.springframework.mock.web.MockFilterChain.doFilter(MockFilterChain.java:132) ~[spring-test-6.2.10.jar:6.2.10]
	at org.springframework.web.filter.CharacterEncodingFilter.doFilterInternal(CharacterEncodingFilter.java:201) ~[spring-web-6.2.10.jar:6.2.10]
	at org.springframework.web.filter.OncePerRequestFilter.doFilter(OncePerRequestFilter.java:116) ~[spring-web-6.2.10.jar:6.2.10]
	at org.springframework.test.web.servlet.setup.MockMvcFilterDecorator.doFilter(MockMvcFilterDecorator.java:162) ~[spring-test-6.2.10.jar:6.2.10]
	at org.springframework.mock.web.MockFilterChain.doFilter(MockFilterChain.java:132) ~[spring-test-6.2.10.jar:6.2.10]
	at org.springframework.test.web.servlet.MockMvc.perform(MockMvc.java:201) ~[spring-test-6.2.10.jar:6.2.10]
	at br.com.technews.controller.AdminControllerTest.shouldShowEditSubscriberForm(AdminControllerTest.java:94) ~[test-classes/:na]
	at java.base/jdk.internal.reflect.DirectMethodHandleAccessor.invoke(DirectMethodHandleAccessor.java:103) ~[na:na]
	at java.base/java.lang.reflect.Method.invoke(Method.java:580) ~[na:na]
	at org.junit.platform.commons.util.ReflectionUtils.invokeMethod(ReflectionUtils.java:775) ~[junit-platform-commons-1.12.2.jar:1.12.2]
	at org.junit.platform.commons.support.ReflectionSupport.invokeMethod(ReflectionSupport.java:479) ~[junit-platform-commons-1.12.2.jar:1.12.2]
	at org.junit.jupiter.engine.execution.MethodInvocation.proceed(MethodInvocation.java:60) ~[junit-jupiter-engine-5.12.2.jar:5.12.2]
	at org.junit.jupiter.engine.execution.InvocationInterceptorChain$ValidatingInvocation.proceed(InvocationInterceptorChain.java:131) ~[junit-jupiter-engine-5.12.2.jar:5.12.2]
	at org.junit.jupiter.engine.extension.TimeoutExtension.intercept(TimeoutExtension.java:161) ~[junit-jupiter-engine-5.12.2.jar:5.12.2]
	at org.junit.jupiter.engine.extension.TimeoutExtension.interceptTestableMethod(TimeoutExtension.java:152) ~[junit-jupiter-engine-5.12.2.jar:5.12.2]
	at org.junit.jupiter.engine.extension.TimeoutExtension.interceptTestMethod(TimeoutExtension.java:91) ~[junit-jupiter-engine-5.12.2.jar:5.12.2]
	at org.junit.jupiter.engine.execution.InterceptingExecutableInvoker$ReflectiveInterceptorCall.lambda$ofVoidMethod$0(InterceptingExecutableInvoker.java:112) ~[junit-jupiter-engine-5.12.2.jar:5.12.2]
	at org.junit.jupiter.engine.execution.InterceptingExecutableInvoker.lambda$invoke$0(InterceptingExecutableInvoker.java:94) ~[junit-jupiter-engine-5.12.2.jar:5.12.2]
	at org.junit.jupiter.engine.execution.InvocationInterceptorChain$InterceptedInvocation.proceed(InvocationInterceptorChain.java:106) ~[junit-jupiter-engine-5.12.2.jar:5.12.2]
	at org.junit.jupiter.engine.execution.InvocationInterceptorChain.proceed(InvocationInterceptorChain.java:64) ~[junit-jupiter-engine-5.12.2.jar:5.12.2]
	at org.junit.jupiter.engine.execution.InvocationInterceptorChain.chainAndInvoke(InvocationInterceptorChain.java:45) ~[junit-jupiter-engine-5.12.2.jar:5.12.2]
	at org.junit.jupiter.engine.execution.InvocationInterceptorChain.invoke(InvocationInterceptorChain.java:37) ~[junit-jupiter-engine-5.12.2.jar:5.12.2]
	at org.junit.jupiter.engine.execution.InterceptingExecutableInvoker.invoke(InterceptingExecutableInvoker.java:93) ~[junit-jupiter-engine-5.12.2.jar:5.12.2]
	at org.junit.jupiter.engine.execution.InterceptingExecutableInvoker.invoke(InterceptingExecutableInvoker.java:87) ~[junit-jupiter-engine-5.12.2.jar:5.12.2]
	at org.junit.jupiter.engine.descriptor.TestMethodTestDescriptor.lambda$invokeTestMethod$7(TestMethodTestDescriptor.java:216) ~[junit-jupiter-engine-5.12.2.jar:5.12.2]
	at org.junit.platform.engine.support.hierarchical.ThrowableCollector.execute(ThrowableCollector.java:73) ~[junit-platform-engine-1.12.2.jar:1.12.2]
	at org.junit.jupiter.engine.descriptor.TestMethodTestDescriptor.invokeTestMethod(TestMethodTestDescriptor.java:212) ~[junit-jupiter-engine-5.12.2.jar:5.12.2]
	at org.junit.jupiter.engine.descriptor.TestMethodTestDescriptor.execute(TestMethodTestDescriptor.java:137) ~[junit-jupiter-engine-5.12.2.jar:5.12.2]
	at org.junit.jupiter.engine.descriptor.TestMethodTestDescriptor.execute(TestMethodTestDescriptor.java:69) ~[junit-jupiter-engine-5.12.2.jar:5.12.2]
	at org.junit.platform.engine.support.hierarchical.NodeTestTask.lambda$executeRecursively$6(NodeTestTask.java:156) ~[junit-platform-engine-1.12.2.jar:1.12.2]
	at org.junit.platform.engine.support.hierarchical.ThrowableCollector.execute(ThrowableCollector.java:73) ~[junit-platform-engine-1.12.2.jar:1.12.2]
	at org.junit.platform.engine.support.hierarchical.NodeTestTask.lambda$executeRecursively$8(NodeTestTask.java:146) ~[junit-platform-engine-1.12.2.jar:1.12.2]
	at org.junit.platform.engine.support.hierarchical.Node.around(Node.java:137) ~[junit-platform-engine-1.12.2.jar:1.12.2]
	at org.junit.platform.engine.support.hierarchical.NodeTestTask.lambda$executeRecursively$9(NodeTestTask.java:144) ~[junit-platform-engine-1.12.2.jar:1.12.2]
	at org.junit.platform.engine.support.hierarchical.ThrowableCollector.execute(ThrowableCollector.java:73) ~[junit-platform-engine-1.12.2.jar:1.12.2]
	at org.junit.platform.engine.support.hierarchical.NodeTestTask.executeRecursively(NodeTestTask.java:143) ~[junit-platform-engine-1.12.2.jar:1.12.2]
	at org.junit.platform.engine.support.hierarchical.NodeTestTask.execute(NodeTestTask.java:100) ~[junit-platform-engine-1.12.2.jar:1.12.2]
	at java.base/java.util.ArrayList.forEach(ArrayList.java:1596) ~[na:na]
	at org.junit.platform.engine.support.hierarchical.SameThreadHierarchicalTestExecutorService.invokeAll(SameThreadHierarchicalTestExecutorService.java:41) ~[junit-platform-engine-1.12.2.jar:1.12.2]
	at org.junit.platform.engine.support.hierarchical.NodeTestTask.lambda$executeRecursively$6(NodeTestTask.java:160) ~[junit-platform-engine-1.12.2.jar:1.12.2]
	at org.junit.platform.engine.support.hierarchical.ThrowableCollector.execute(ThrowableCollector.java:73) ~[junit-platform-engine-1.12.2.jar:1.12.2]
	at org.junit.platform.engine.support.hierarchical.NodeTestTask.lambda$executeRecursively$8(NodeTestTask.java:146) ~[junit-platform-engine-1.12.2.jar:1.12.2]
	at org.junit.platform.engine.support.hierarchical.Node.around(Node.java:137) ~[junit-platform-engine-1.12.2.jar:1.12.2]
	at org.junit.platform.engine.support.hierarchical.NodeTestTask.lambda$executeRecursively$9(NodeTestTask.java:144) ~[junit-platform-engine-1.12.2.jar:1.12.2]
	at org.junit.platform.engine.support.hierarchical.ThrowableCollector.execute(ThrowableCollector.java:73) ~[junit-platform-engine-1.12.2.jar:1.12.2]
	at org.junit.platform.engine.support.hierarchical.NodeTestTask.executeRecursively(NodeTestTask.java:143) ~[junit-platform-engine-1.12.2.jar:1.12.2]
	at org.junit.platform.engine.support.hierarchical.NodeTestTask.execute(NodeTestTask.java:100) ~[junit-platform-engine-1.12.2.jar:1.12.2]
	at java.base/java.util.ArrayList.forEach(ArrayList.java:1596) ~[na:na]
	at org.junit.platform.engine.support.hierarchical.SameThreadHierarchicalTestExecutorService.invokeAll(SameThreadHierarchicalTestExecutorService.java:41) ~[junit-platform-engine-1.12.2.jar:1.12.2]
	at org.junit.platform.engine.support.hierarchical.NodeTestTask.lambda$executeRecursively$6(NodeTestTask.java:160) ~[junit-platform-engine-1.12.2.jar:1.12.2]
	at org.junit.platform.engine.support.hierarchical.ThrowableCollector.execute(ThrowableCollector.java:73) ~[junit-platform-engine-1.12.2.jar:1.12.2]
	at org.junit.platform.engine.support.hierarchical.NodeTestTask.lambda$executeRecursively$8(NodeTestTask.java:146) ~[junit-platform-engine-1.12.2.jar:1.12.2]
	at org.junit.platform.engine.support.hierarchical.Node.around(Node.java:137) ~[junit-platform-engine-1.12.2.jar:1.12.2]
	at org.junit.platform.engine.support.hierarchical.NodeTestTask.lambda$executeRecursively$9(NodeTestTask.java:144) ~[junit-platform-engine-1.12.2.jar:1.12.2]
	at org.junit.platform.engine.support.hierarchical.ThrowableCollector.execute(ThrowableCollector.java:73) ~[junit-platform-engine-1.12.2.jar:1.12.2]
	at org.junit.platform.engine.support.hierarchical.NodeTestTask.executeRecursively(NodeTestTask.java:143) ~[junit-platform-engine-1.12.2.jar:1.12.2]
	at org.junit.platform.engine.support.hierarchical.NodeTestTask.execute(NodeTestTask.java:100) ~[junit-platform-engine-1.12.2.jar:1.12.2]
	at org.junit.platform.engine.support.hierarchical.SameThreadHierarchicalTestExecutorService.submit(SameThreadHierarchicalTestExecutorService.java:35) ~[junit-platform-engine-1.12.2.jar:1.12.2]
	at org.junit.platform.engine.support.hierarchical.HierarchicalTestExecutor.execute(HierarchicalTestExecutor.java:57) ~[junit-platform-engine-1.12.2.jar:1.12.2]
	at org.junit.platform.engine.support.hierarchical.HierarchicalTestEngine.execute(HierarchicalTestEngine.java:54) ~[junit-platform-engine-1.12.2.jar:1.12.2]
	at org.junit.platform.launcher.core.EngineExecutionOrchestrator.execute(EngineExecutionOrchestrator.java:201) ~[junit-platform-launcher-1.12.2.jar:1.12.2]
	at org.junit.platform.launcher.core.EngineExecutionOrchestrator.execute(EngineExecutionOrchestrator.java:170) ~[junit-platform-launcher-1.12.2.jar:1.12.2]
	at org.junit.platform.launcher.core.EngineExecutionOrchestrator.execute(EngineExecutionOrchestrator.java:94) ~[junit-platform-launcher-1.12.2.jar:1.12.2]
	at org.junit.platform.launcher.core.EngineExecutionOrchestrator.lambda$execute$0(EngineExecutionOrchestrator.java:59) ~[junit-platform-launcher-1.12.2.jar:1.12.2]
	at org.junit.platform.launcher.core.EngineExecutionOrchestrator.withInterceptedStreams(EngineExecutionOrchestrator.java:142) ~[junit-platform-launcher-1.12.2.jar:1.12.2]
	at org.junit.platform.launcher.core.EngineExecutionOrchestrator.execute(EngineExecutionOrchestrator.java:58) ~[junit-platform-launcher-1.12.2.jar:1.12.2]
	at org.junit.platform.launcher.core.DefaultLauncher.execute(DefaultLauncher.java:103) ~[junit-platform-launcher-1.12.2.jar:1.12.2]
	at org.junit.platform.launcher.core.DefaultLauncher.execute(DefaultLauncher.java:85) ~[junit-platform-launcher-1.12.2.jar:1.12.2]
	at org.junit.platform.launcher.core.DelegatingLauncher.execute(DelegatingLauncher.java:47) ~[junit-platform-launcher-1.12.2.jar:1.12.2]
	at org.junit.platform.launcher.core.InterceptingLauncher.lambda$execute$1(InterceptingLauncher.java:39) ~[junit-platform-launcher-1.12.2.jar:1.12.2]
	at org.junit.platform.launcher.core.ClasspathAlignmentCheckingLauncherInterceptor.intercept(ClasspathAlignmentCheckingLauncherInterceptor.java:25) ~[junit-platform-launcher-1.12.2.jar:1.12.2]
	at org.junit.platform.launcher.core.InterceptingLauncher.execute(InterceptingLauncher.java:38) ~[junit-platform-launcher-1.12.2.jar:1.12.2]
	at org.junit.platform.launcher.core.DelegatingLauncher.execute(DelegatingLauncher.java:47) ~[junit-platform-launcher-1.12.2.jar:1.12.2]
	at org.apache.maven.surefire.junitplatform.LazyLauncher.execute(LazyLauncher.java:55) ~[surefire-junit-platform-3.0.0-M9.jar:3.0.0-M9]
	at org.apache.maven.surefire.junitplatform.JUnitPlatformProvider.execute(JUnitPlatformProvider.java:223) ~[surefire-junit-platform-3.0.0-M9.jar:3.0.0-M9]
	at org.apache.maven.surefire.junitplatform.JUnitPlatformProvider.invokeAllTests(JUnitPlatformProvider.java:175) ~[surefire-junit-platform-3.0.0-M9.jar:3.0.0-M9]
	at org.apache.maven.surefire.junitplatform.JUnitPlatformProvider.invoke(JUnitPlatformProvider.java:139) ~[surefire-junit-platform-3.0.0-M9.jar:3.0.0-M9]
	at org.apache.maven.surefire.booter.ForkedBooter.runSuitesInProcess(ForkedBooter.java:456) ~[surefire-booter-3.0.0-M9.jar:3.0.0-M9]
	at org.apache.maven.surefire.booter.ForkedBooter.execute(ForkedBooter.java:169) ~[surefire-booter-3.0.0-M9.jar:3.0.0-M9]
	at org.apache.maven.surefire.booter.ForkedBooter.run(ForkedBooter.java:595) ~[surefire-booter-3.0.0-M9.jar:3.0.0-M9]
	at org.apache.maven.surefire.booter.ForkedBooter.main(ForkedBooter.java:581) ~[surefire-booter-3.0.0-M9.jar:3.0.0-M9]
Caused by: org.attoparser.ParseException: Exception evaluating SpringEL expression: "_csrf.token" (template: "admin/subscribers/form" - line 16, col 56)
	at org.attoparser.MarkupParser.parseDocument(MarkupParser.java:393) ~[attoparser-2.0.7.RELEASE.jar:2.0.7.RELEASE]
	at org.attoparser.MarkupParser.parse(MarkupParser.java:257) ~[attoparser-2.0.7.RELEASE.jar:2.0.7.RELEASE]
	at org.thymeleaf.templateparser.markup.AbstractMarkupTemplateParser.parse(AbstractMarkupTemplateParser.java:230) ~[thymeleaf-3.1.3.RELEASE.jar:3.1.3.RELEASE]
	... 154 common frames omitted
Caused by: org.thymeleaf.exceptions.TemplateProcessingException: Exception evaluating SpringEL expression: "_csrf.token" (template: "admin/subscribers/form" - line 16, col 56)
	at org.thymeleaf.spring6.expression.SPELVariableExpressionEvaluator.evaluate(SPELVariableExpressionEvaluator.java:292) ~[thymeleaf-spring6-3.1.3.RELEASE.jar:3.1.3.RELEASE]
	at org.thymeleaf.standard.expression.VariableExpression.executeVariableExpression(VariableExpression.java:166) ~[thymeleaf-3.1.3.RELEASE.jar:3.1.3.RELEASE]
	at org.thymeleaf.standard.expression.SimpleExpression.executeSimple(SimpleExpression.java:66) ~[thymeleaf-3.1.3.RELEASE.jar:3.1.3.RELEASE]
	at org.thymeleaf.standard.expression.Expression.execute(Expression.java:109) ~[thymeleaf-3.1.3.RELEASE.jar:3.1.3.RELEASE]
	at org.thymeleaf.standard.expression.Expression.execute(Expression.java:138) ~[thymeleaf-3.1.3.RELEASE.jar:3.1.3.RELEASE]
	at org.thymeleaf.standard.processor.AbstractStandardExpressionAttributeTagProcessor.doProcess(AbstractStandardExpressionAttributeTagProcessor.java:144) ~[thymeleaf-3.1.3.RELEASE.jar:3.1.3.RELEASE]
	at org.thymeleaf.processor.element.AbstractAttributeTagProcessor.doProcess(AbstractAttributeTagProcessor.java:74) ~[thymeleaf-3.1.3.RELEASE.jar:3.1.3.RELEASE]
	at org.thymeleaf.processor.element.AbstractElementTagProcessor.process(AbstractElementTagProcessor.java:95) ~[thymeleaf-3.1.3.RELEASE.jar:3.1.3.RELEASE]
	at org.thymeleaf.util.ProcessorConfigurationUtils$ElementTagProcessorWrapper.process(ProcessorConfigurationUtils.java:633) ~[thymeleaf-3.1.3.RELEASE.jar:3.1.3.RELEASE]
	at org.thymeleaf.engine.ProcessorTemplateHandler.handleStandaloneElement(ProcessorTemplateHandler.java:918) ~[thymeleaf-3.1.3.RELEASE.jar:3.1.3.RELEASE]
	at org.thymeleaf.engine.TemplateHandlerAdapterMarkupHandler.handleStandaloneElementEnd(TemplateHandlerAdapterMarkupHandler.java:260) ~[thymeleaf-3.1.3.RELEASE.jar:3.1.3.RELEASE]
	at org.thymeleaf.templateparser.markup.InlinedOutputExpressionMarkupHandler$InlineMarkupAdapterPreProcessorHandler.handleStandaloneElementEnd(InlinedOutputExpressionMarkupHandler.java:256) ~[thymeleaf-3.1.3.RELEASE.jar:3.1.3.RELEASE]
	at org.thymeleaf.standard.inline.OutputExpressionInlinePreProcessorHandler.handleStandaloneElementEnd(OutputExpressionInlinePreProcessorHandler.java:169) ~[thymeleaf-3.1.3.RELEASE.jar:3.1.3.RELEASE]
	at org.thymeleaf.templateparser.markup.InlinedOutputExpressionMarkupHandler.handleStandaloneElementEnd(InlinedOutputExpressionMarkupHandler.java:104) ~[thymeleaf-3.1.3.RELEASE.jar:3.1.3.RELEASE]
	at org.attoparser.HtmlElement.handleStandaloneElementEnd(HtmlElement.java:79) ~[attoparser-2.0.7.RELEASE.jar:2.0.7.RELEASE]
	at org.attoparser.HtmlMarkupHandler.handleStandaloneElementEnd(HtmlMarkupHandler.java:241) ~[attoparser-2.0.7.RELEASE.jar:2.0.7.RELEASE]
	at org.attoparser.MarkupEventProcessorHandler.handleStandaloneElementEnd(MarkupEventProcessorHandler.java:327) ~[attoparser-2.0.7.RELEASE.jar:2.0.7.RELEASE]
	at org.attoparser.ParsingElementMarkupUtil.parseStandaloneElement(ParsingElementMarkupUtil.java:96) ~[attoparser-2.0.7.RELEASE.jar:2.0.7.RELEASE]
	at org.attoparser.MarkupParser.parseBuffer(MarkupParser.java:706) ~[attoparser-2.0.7.RELEASE.jar:2.0.7.RELEASE]
	at org.attoparser.MarkupParser.parseDocument(MarkupParser.java:301) ~[attoparser-2.0.7.RELEASE.jar:2.0.7.RELEASE]
	... 156 common frames omitted
Caused by: org.springframework.expression.spel.SpelEvaluationException: EL1007E: Property or field 'token' cannot be found on null
	at org.springframework.expression.spel.ast.PropertyOrFieldReference.readProperty(PropertyOrFieldReference.java:225) ~[spring-expression-6.2.10.jar:6.2.10]
	at org.springframework.expression.spel.ast.PropertyOrFieldReference.getValueInternal(PropertyOrFieldReference.java:112) ~[spring-expression-6.2.10.jar:6.2.10]
	at org.springframework.expression.spel.ast.PropertyOrFieldReference$AccessorValueRef.getValue(PropertyOrFieldReference.java:376) ~[spring-expression-6.2.10.jar:6.2.10]
	at org.springframework.expression.spel.ast.CompoundExpression.getValueInternal(CompoundExpression.java:97) ~[spring-expression-6.2.10.jar:6.2.10]
	at org.springframework.expression.spel.ast.SpelNodeImpl.getValue(SpelNodeImpl.java:116) ~[spring-expression-6.2.10.jar:6.2.10]
	at org.springframework.expression.spel.standard.SpelExpression.getValue(SpelExpression.java:338) ~[spring-expression-6.2.10.jar:6.2.10]
	at org.thymeleaf.spring6.expression.SPELVariableExpressionEvaluator.evaluate(SPELVariableExpressionEvaluator.java:265) ~[thymeleaf-spring6-3.1.3.RELEASE.jar:3.1.3.RELEASE]
	... 175 common frames omitted

2025-09-20T20:34:12.410-03:00 DEBUG 29846 --- [TechNews] [           main] s.w.s.m.m.a.RequestMappingHandlerMapping : Mapped to br.com.technews.controller.AdminController#listSubscribers(int, int, String, Model)
2025-09-20T20:34:12.416-03:00 DEBUG 29846 --- [TechNews] [           main] o.s.w.s.v.ContentNegotiatingViewResolver : Selected '*/*' given [*/*]
2025-09-20T20:34:12.465-03:00 DEBUG 29846 --- [TechNews] [           main] s.w.s.m.m.a.RequestMappingHandlerMapping : Mapped to br.com.technews.controller.AdminController#listSubscribers(int, int, String, Model)
2025-09-20T20:34:12.466-03:00 DEBUG 29846 --- [TechNews] [           main] o.s.w.s.v.ContentNegotiatingViewResolver : Selected '*/*' given [*/*]
2025-09-20T20:34:12.596-03:00 DEBUG 29846 --- [TechNews] [           main] s.w.s.m.m.a.RequestMappingHandlerMapping : Mapped to br.com.technews.controller.AdminController#deleteSubscriber(Long, RedirectAttributes)
2025-09-20T20:34:12.597-03:00 DEBUG 29846 --- [TechNews] [           main] o.s.web.servlet.view.RedirectView        : View name [redirect:], model {}
2025-09-20T20:34:12.632-03:00 DEBUG 29846 --- [TechNews] [           main] s.w.s.m.m.a.RequestMappingHandlerMapping : Mapped to br.com.technews.controller.AdminController#exportSubscribers()
2025-09-20T20:34:12.697-03:00 DEBUG 29846 --- [TechNews] [           main] o.s.w.s.m.m.a.HttpEntityMethodProcessor  : Found 'Content-Type:text/csv;charset=UTF-8' in response
2025-09-20T20:34:12.700-03:00 DEBUG 29846 --- [TechNews] [           main] o.s.w.s.m.m.a.HttpEntityMethodProcessor  : Writing ["ID,Nome,Email,Ativo,Data de Inscri├º├úo<EOL>1,Jo├úo,joao@example.com,Sim,2025-09-20T20:34:12.629603512<EOL>2,Ma (truncated)..."]
2025-09-20T20:34:12.786-03:00 DEBUG 29846 --- [TechNews] [           main] s.w.s.m.m.a.RequestMappingHandlerMapping : Mapped to br.com.technews.controller.AdminController#deleteSubscriber(Long, RedirectAttributes)
2025-09-20T20:34:12.790-03:00 DEBUG 29846 --- [TechNews] [           main] o.s.web.servlet.view.RedirectView        : View name [redirect:], model {}
2025-09-20T20:34:12.811-03:00 DEBUG 29846 --- [TechNews] [           main] s.w.s.m.m.a.RequestMappingHandlerMapping : Mapped to br.com.technews.controller.AdminController#updateSubscriber(Long, Subscriber, RedirectAttributes)
2025-09-20T20:34:12.814-03:00 DEBUG 29846 --- [TechNews] [           main] o.s.web.servlet.view.RedirectView        : View name [redirect:], model {}
2025-09-20T20:34:12.832-03:00 DEBUG 29846 --- [TechNews] [           main] s.w.s.m.m.a.RequestMappingHandlerMapping : Mapped to br.com.technews.controller.AdminController#editSubscriber(Long, Model, RedirectAttributes)
2025-09-20T20:34:12.834-03:00 DEBUG 29846 --- [TechNews] [           main] o.s.web.servlet.view.RedirectView        : View name [redirect:], model {}
[ERROR] Tests run: 9, Failures: 0, Errors: 1, Skipped: 0, Time elapsed: 3.528 s <<< FAILURE! - in br.com.technews.controller.AdminControllerTest
[ERROR] br.com.technews.controller.AdminControllerTest.shouldShowEditSubscriberForm  Time elapsed: 0.063 s  <<< ERROR!
jakarta.servlet.ServletException: Request processing failed: org.thymeleaf.exceptions.TemplateInputException: An error happened during template parsing (template: "class path resource [templates/admin/subscribers/form.html]")
	at org.springframework.web.servlet.FrameworkServlet.processRequest(FrameworkServlet.java:1022)
	at org.springframework.web.servlet.FrameworkServlet.doGet(FrameworkServlet.java:903)
	at jakarta.servlet.http.HttpServlet.service(HttpServlet.java:564)
	at org.springframework.web.servlet.FrameworkServlet.service(FrameworkServlet.java:885)
	at org.springframework.test.web.servlet.TestDispatcherServlet.service(TestDispatcherServlet.java:72)
	at jakarta.servlet.http.HttpServlet.service(HttpServlet.java:658)
	at org.springframework.mock.web.MockFilterChain$ServletFilterProxy.doFilter(MockFilterChain.java:165)
	at org.springframework.mock.web.MockFilterChain.doFilter(MockFilterChain.java:132)
	at org.springframework.web.filter.CompositeFilter$VirtualFilterChain.doFilter(CompositeFilter.java:108)
	at org.springframework.web.filter.CompositeFilter$VirtualFilterChain.doFilter(CompositeFilter.java:108)
	at org.springframework.security.web.FilterChainProxy.lambda$doFilterInternal$3(FilterChainProxy.java:231)
	at org.springframework.security.web.FilterChainProxy$VirtualFilterChain.doFilter(FilterChainProxy.java:365)
	at org.springframework.security.web.access.intercept.AuthorizationFilter.doFilter(AuthorizationFilter.java:101)
	at org.springframework.security.web.FilterChainProxy$VirtualFilterChain.doFilter(FilterChainProxy.java:374)
	at org.springframework.security.web.access.ExceptionTranslationFilter.doFilter(ExceptionTranslationFilter.java:125)
	at org.springframework.security.web.access.ExceptionTranslationFilter.doFilter(ExceptionTranslationFilter.java:119)
	at org.springframework.security.web.FilterChainProxy$VirtualFilterChain.doFilter(FilterChainProxy.java:374)
	at org.springframework.security.web.authentication.AnonymousAuthenticationFilter.doFilter(AnonymousAuthenticationFilter.java:100)
	at org.springframework.security.web.FilterChainProxy$VirtualFilterChain.doFilter(FilterChainProxy.java:374)
	at org.springframework.security.web.servletapi.SecurityContextHolderAwareRequestFilter.doFilter(SecurityContextHolderAwareRequestFilter.java:179)
	at org.springframework.security.web.FilterChainProxy$VirtualFilterChain.doFilter(FilterChainProxy.java:374)
	at org.springframework.security.web.savedrequest.RequestCacheAwareFilter.doFilter(RequestCacheAwareFilter.java:63)
	at org.springframework.security.web.FilterChainProxy$VirtualFilterChain.doFilter(FilterChainProxy.java:374)
	at org.springframework.security.web.authentication.logout.LogoutFilter.doFilter(LogoutFilter.java:107)
	at org.springframework.security.web.authentication.logout.LogoutFilter.doFilter(LogoutFilter.java:93)
	at org.springframework.security.web.FilterChainProxy$VirtualFilterChain.doFilter(FilterChainProxy.java:374)
	at org.springframework.security.web.header.HeaderWriterFilter.doHeadersAfter(HeaderWriterFilter.java:90)
	at org.springframework.security.web.header.HeaderWriterFilter.doFilterInternal(HeaderWriterFilter.java:75)
	at org.springframework.web.filter.OncePerRequestFilter.doFilter(OncePerRequestFilter.java:116)
	at org.springframework.security.web.FilterChainProxy$VirtualFilterChain.doFilter(FilterChainProxy.java:374)
	at org.springframework.security.web.context.SecurityContextHolderFilter.doFilter(SecurityContextHolderFilter.java:82)
	at org.springframework.security.web.context.SecurityContextHolderFilter.doFilter(SecurityContextHolderFilter.java:69)
	at org.springframework.security.web.FilterChainProxy$VirtualFilterChain.doFilter(FilterChainProxy.java:374)
	at org.springframework.security.web.context.request.async.WebAsyncManagerIntegrationFilter.doFilterInternal(WebAsyncManagerIntegrationFilter.java:62)
	at org.springframework.web.filter.OncePerRequestFilter.doFilter(OncePerRequestFilter.java:116)
	at org.springframework.security.web.FilterChainProxy$VirtualFilterChain.doFilter(FilterChainProxy.java:374)
	at org.springframework.security.web.session.DisableEncodeUrlFilter.doFilterInternal(DisableEncodeUrlFilter.java:42)
	at org.springframework.web.filter.OncePerRequestFilter.doFilter(OncePerRequestFilter.java:116)
	at org.springframework.security.web.FilterChainProxy$VirtualFilterChain.doFilter(FilterChainProxy.java:374)
	at org.springframework.security.web.FilterChainProxy.doFilterInternal(FilterChainProxy.java:233)
	at org.springframework.security.web.FilterChainProxy.doFilter(FilterChainProxy.java:191)
	at org.springframework.web.filter.CompositeFilter$VirtualFilterChain.doFilter(CompositeFilter.java:113)
	at org.springframework.web.filter.ServletRequestPathFilter.doFilter(ServletRequestPathFilter.java:52)
	at org.springframework.web.filter.CompositeFilter$VirtualFilterChain.doFilter(CompositeFilter.java:113)
	at org.springframework.web.filter.CompositeFilter.doFilter(CompositeFilter.java:74)
	at org.springframework.security.config.annotation.web.configuration.WebSecurityConfiguration$CompositeFilterChainProxy.doFilter(WebSecurityConfiguration.java:319)
	at org.springframework.web.filter.CompositeFilter$VirtualFilterChain.doFilter(CompositeFilter.java:113)
	at org.springframework.web.servlet.handler.HandlerMappingIntrospector.lambda$createCacheFilter$4(HandlerMappingIntrospector.java:267)
	at org.springframework.web.filter.CompositeFilter$VirtualFilterChain.doFilter(CompositeFilter.java:113)
	at org.springframework.web.filter.CompositeFilter.doFilter(CompositeFilter.java:74)
	at org.springframework.security.config.annotation.web.configuration.WebMvcSecurityConfiguration$CompositeFilterChainProxy.doFilter(WebMvcSecurityConfiguration.java:240)
	at org.springframework.web.filter.DelegatingFilterProxy.invokeDelegate(DelegatingFilterProxy.java:362)
	at org.springframework.web.filter.DelegatingFilterProxy.doFilter(DelegatingFilterProxy.java:278)
	at org.springframework.test.web.servlet.setup.MockMvcFilterDecorator.doFilter(MockMvcFilterDecorator.java:162)
	at org.springframework.mock.web.MockFilterChain.doFilter(MockFilterChain.java:132)
	at org.springframework.web.filter.RequestContextFilter.doFilterInternal(RequestContextFilter.java:100)
	at org.springframework.web.filter.OncePerRequestFilter.doFilter(OncePerRequestFilter.java:116)
	at org.springframework.test.web.servlet.setup.MockMvcFilterDecorator.doFilter(MockMvcFilterDecorator.java:162)
	at org.springframework.mock.web.MockFilterChain.doFilter(MockFilterChain.java:132)
	at org.springframework.web.filter.FormContentFilter.doFilterInternal(FormContentFilter.java:93)
	at org.springframework.web.filter.OncePerRequestFilter.doFilter(OncePerRequestFilter.java:116)
	at org.springframework.test.web.servlet.setup.MockMvcFilterDecorator.doFilter(MockMvcFilterDecorator.java:162)
	at org.springframework.mock.web.MockFilterChain.doFilter(MockFilterChain.java:132)
	at org.springframework.web.filter.CharacterEncodingFilter.doFilterInternal(CharacterEncodingFilter.java:201)
	at org.springframework.web.filter.OncePerRequestFilter.doFilter(OncePerRequestFilter.java:116)
	at org.springframework.test.web.servlet.setup.MockMvcFilterDecorator.doFilter(MockMvcFilterDecorator.java:162)
	at org.springframework.mock.web.MockFilterChain.doFilter(MockFilterChain.java:132)
	at org.springframework.test.web.servlet.MockMvc.perform(MockMvc.java:201)
	at br.com.technews.controller.AdminControllerTest.shouldShowEditSubscriberForm(AdminControllerTest.java:94)
	at java.base/java.lang.reflect.Method.invoke(Method.java:580)
	at java.base/java.util.ArrayList.forEach(ArrayList.java:1596)
	at java.base/java.util.ArrayList.forEach(ArrayList.java:1596)
Caused by: org.thymeleaf.exceptions.TemplateInputException: An error happened during template parsing (template: "class path resource [templates/admin/subscribers/form.html]")
	at org.thymeleaf.templateparser.markup.AbstractMarkupTemplateParser.parse(AbstractMarkupTemplateParser.java:241)
	at org.thymeleaf.templateparser.markup.AbstractMarkupTemplateParser.parseStandalone(AbstractMarkupTemplateParser.java:100)
	at org.thymeleaf.engine.TemplateManager.parseAndProcess(TemplateManager.java:666)
	at org.thymeleaf.TemplateEngine.process(TemplateEngine.java:1103)
	at org.thymeleaf.TemplateEngine.process(TemplateEngine.java:1077)
	at org.thymeleaf.spring6.view.ThymeleafView.renderFragment(ThymeleafView.java:372)
	at org.thymeleaf.spring6.view.ThymeleafView.render(ThymeleafView.java:192)
	at org.springframework.web.servlet.DispatcherServlet.render(DispatcherServlet.java:1438)
	at org.springframework.test.web.servlet.TestDispatcherServlet.render(TestDispatcherServlet.java:138)
	at org.springframework.web.servlet.DispatcherServlet.processDispatchResult(DispatcherServlet.java:1168)
	at org.springframework.web.servlet.DispatcherServlet.doDispatch(DispatcherServlet.java:1106)
	at org.springframework.web.servlet.DispatcherServlet.doService(DispatcherServlet.java:979)
	at org.springframework.web.servlet.FrameworkServlet.processRequest(FrameworkServlet.java:1014)
	... 71 more
Caused by: org.attoparser.ParseException: Exception evaluating SpringEL expression: "_csrf.token" (template: "admin/subscribers/form" - line 16, col 56)
	at org.attoparser.MarkupParser.parseDocument(MarkupParser.java:393)
	at org.attoparser.MarkupParser.parse(MarkupParser.java:257)
	at org.thymeleaf.templateparser.markup.AbstractMarkupTemplateParser.parse(AbstractMarkupTemplateParser.java:230)
	... 83 more
Caused by: org.thymeleaf.exceptions.TemplateProcessingException: Exception evaluating SpringEL expression: "_csrf.token" (template: "admin/subscribers/form" - line 16, col 56)
	at org.thymeleaf.spring6.expression.SPELVariableExpressionEvaluator.evaluate(SPELVariableExpressionEvaluator.java:292)
	at org.thymeleaf.standard.expression.VariableExpression.executeVariableExpression(VariableExpression.java:166)
	at org.thymeleaf.standard.expression.SimpleExpression.executeSimple(SimpleExpression.java:66)
	at org.thymeleaf.standard.expression.Expression.execute(Expression.java:109)
	at org.thymeleaf.standard.expression.Expression.execute(Expression.java:138)
	at org.thymeleaf.standard.processor.AbstractStandardExpressionAttributeTagProcessor.doProcess(AbstractStandardExpressionAttributeTagProcessor.java:144)
	at org.thymeleaf.processor.element.AbstractAttributeTagProcessor.doProcess(AbstractAttributeTagProcessor.java:74)
	at org.thymeleaf.processor.element.AbstractElementTagProcessor.process(AbstractElementTagProcessor.java:95)
	at org.thymeleaf.util.ProcessorConfigurationUtils$ElementTagProcessorWrapper.process(ProcessorConfigurationUtils.java:633)
	at org.thymeleaf.engine.ProcessorTemplateHandler.handleStandaloneElement(ProcessorTemplateHandler.java:918)
	at org.thymeleaf.engine.TemplateHandlerAdapterMarkupHandler.handleStandaloneElementEnd(TemplateHandlerAdapterMarkupHandler.java:260)
	at org.thymeleaf.templateparser.markup.InlinedOutputExpressionMarkupHandler$InlineMarkupAdapterPreProcessorHandler.handleStandaloneElementEnd(InlinedOutputExpressionMarkupHandler.java:256)
	at org.thymeleaf.standard.inline.OutputExpressionInlinePreProcessorHandler.handleStandaloneElementEnd(OutputExpressionInlinePreProcessorHandler.java:169)
	at org.thymeleaf.templateparser.markup.InlinedOutputExpressionMarkupHandler.handleStandaloneElementEnd(InlinedOutputExpressionMarkupHandler.java:104)
	at org.attoparser.HtmlElement.handleStandaloneElementEnd(HtmlElement.java:79)
	at org.attoparser.HtmlMarkupHandler.handleStandaloneElementEnd(HtmlMarkupHandler.java:241)
	at org.attoparser.MarkupEventProcessorHandler.handleStandaloneElementEnd(MarkupEventProcessorHandler.java:327)
	at org.attoparser.ParsingElementMarkupUtil.parseStandaloneElement(ParsingElementMarkupUtil.java:96)
	at org.attoparser.MarkupParser.parseBuffer(MarkupParser.java:706)
	at org.attoparser.MarkupParser.parseDocument(MarkupParser.java:301)
	... 85 more
Caused by: org.springframework.expression.spel.SpelEvaluationException: EL1007E: Property or field 'token' cannot be found on null
	at org.springframework.expression.spel.ast.PropertyOrFieldReference.readProperty(PropertyOrFieldReference.java:225)
	at org.springframework.expression.spel.ast.PropertyOrFieldReference.getValueInternal(PropertyOrFieldReference.java:112)
	at org.springframework.expression.spel.ast.PropertyOrFieldReference$AccessorValueRef.getValue(PropertyOrFieldReference.java:376)
	at org.springframework.expression.spel.ast.CompoundExpression.getValueInternal(CompoundExpression.java:97)
	at org.springframework.expression.spel.ast.SpelNodeImpl.getValue(SpelNodeImpl.java:116)
	at org.springframework.expression.spel.standard.SpelExpression.getValue(SpelExpression.java:338)
	at org.thymeleaf.spring6.expression.SPELVariableExpressionEvaluator.evaluate(SPELVariableExpressionEvaluator.java:265)
	... 104 more

[INFO] Running br.com.technews.controller.api.NewsletterApiControllerTest
2025-09-20T20:34:12.885-03:00  INFO 29846 --- [TechNews] [           main] t.c.s.AnnotationConfigContextLoaderUtils : Could not detect default configuration classes for test class [br.com.technews.controller.api.NewsletterApiControllerTest]: NewsletterApiControllerTest does not declare any static, non-private, non-final, nested classes annotated with @Configuration.
2025-09-20T20:34:13.944-03:00  INFO 29846 --- [TechNews] [           main] .b.t.c.SpringBootTestContextBootstrapper : Found @SpringBootConfiguration br.com.technews.TechnewsApplication for test class br.com.technews.controller.api.NewsletterApiControllerTest

  .   ____          _            __ _ _
 /\\ / ___'_ __ _ _(_)_ __  __ _ \ \ \ \
( ( )\___ | '_ | '_| | '_ \/ _` | \ \ \ \
 \\/  ___)| |_)| | | | | || (_| |  ) ) ) )
  '  |____| .__|_| |_|_| |_\__, | / / / /
 =========|_|==============|___/=/_/_/_/

 :: Spring Boot ::                (v3.5.5)

2025-09-20T20:34:14.094-03:00  INFO 29846 --- [TechNews] [           main] b.c.t.c.api.NewsletterApiControllerTest  : Starting NewsletterApiControllerTest using Java 21.0.8 with PID 29846 (started by lan in /mnt/c/Users/Usuario/Documents/technews)
2025-09-20T20:34:14.095-03:00  INFO 29846 --- [TechNews] [           main] b.c.t.c.api.NewsletterApiControllerTest  : The following 1 profile is active: "test"
2025-09-20T20:34:14.104-03:00 DEBUG 29846 --- [TechNews] [           main] o.s.w.c.s.GenericWebApplicationContext   : Refreshing org.springframework.web.context.support.GenericWebApplicationContext@5ce7ab6f
2025-09-20T20:34:16.235-03:00  INFO 29846 --- [TechNews] [           main] o.s.b.a.w.s.WelcomePageHandlerMapping    : Adding welcome page template: index
2025-09-20T20:34:16.285-03:00 DEBUG 29846 --- [TechNews] [           main] s.w.s.m.m.a.RequestMappingHandlerMapping : 11 mappings in 'requestMappingHandlerMapping'
2025-09-20T20:34:16.604-03:00 DEBUG 29846 --- [TechNews] [           main] o.s.w.s.handler.SimpleUrlHandlerMapping  : Patterns [/webjars/**, /**] in 'resourceHandlerMapping'
2025-09-20T20:34:16.617-03:00  INFO 29846 --- [TechNews] [           main] r$InitializeUserDetailsManagerConfigurer : Global AuthenticationManager configured with UserDetailsService bean with name inMemoryUserDetailsManager
2025-09-20T20:34:16.668-03:00 DEBUG 29846 --- [TechNews] [           main] s.w.s.m.m.a.RequestMappingHandlerAdapter : ControllerAdvice beans: 0 @ModelAttribute, 0 @InitBinder, 1 RequestBodyAdvice, 1 ResponseBodyAdvice
2025-09-20T20:34:16.684-03:00 DEBUG 29846 --- [TechNews] [           main] .m.m.a.ExceptionHandlerExceptionResolver : ControllerAdvice beans: 0 @ExceptionHandler, 1 ResponseBodyAdvice
2025-09-20T20:34:16.701-03:00  INFO 29846 --- [TechNews] [           main] o.s.b.t.m.w.SpringBootMockServletContext : Initializing Spring TestDispatcherServlet ''
2025-09-20T20:34:16.702-03:00  INFO 29846 --- [TechNews] [           main] o.s.t.web.servlet.TestDispatcherServlet  : Initializing Servlet ''
2025-09-20T20:34:16.703-03:00  INFO 29846 --- [TechNews] [           main] o.s.t.web.servlet.TestDispatcherServlet  : Completed initialization in 1 ms
2025-09-20T20:34:16.782-03:00  INFO 29846 --- [TechNews] [           main] b.c.t.c.api.NewsletterApiControllerTest  : Started NewsletterApiControllerTest in 2.828 seconds (process running for 28.405)
2025-09-20T20:34:16.802-03:00 DEBUG 29846 --- [TechNews] [           main] s.w.s.m.m.a.RequestMappingHandlerMapping : Mapped to br.com.technews.controller.api.NewsletterApiController#getSubscriptionStatus(String)
2025-09-20T20:34:16.820-03:00 DEBUG 29846 --- [TechNews] [           main] o.s.w.s.m.m.a.HttpEntityMethodProcessor  : Using 'application/json', given [*/*] and supported [application/json, application/*+json]
2025-09-20T20:34:16.820-03:00 DEBUG 29846 --- [TechNews] [           main] o.s.w.s.m.m.a.HttpEntityMethodProcessor  : Writing [{subscribed=true, subscriptionDate=2025-09-20T20:34:16.799580304, verified=true, active=true, catego (truncated)...]
2025-09-20T20:34:17.201-03:00 DEBUG 29846 --- [TechNews] [           main] s.w.s.m.m.a.RequestMappingHandlerMapping : Mapped to br.com.technews.controller.api.NewsletterApiController#updatePreferences(String, PreferencesRequest)
2025-09-20T20:34:17.416-03:00 DEBUG 29846 --- [TechNews] [           main] m.m.a.RequestResponseBodyMethodProcessor : Read "application/json;charset=UTF-8" to [br.com.technews.controller.api.NewsletterApiController$PreferencesRequest@213fc7e7]
2025-09-20T20:34:17.419-03:00 DEBUG 29846 --- [TechNews] [           main] o.s.w.s.m.m.a.HttpEntityMethodProcessor  : Using 'application/json', given [*/*] and supported [application/json, application/*+json]
2025-09-20T20:34:17.420-03:00 DEBUG 29846 --- [TechNews] [           main] o.s.w.s.m.m.a.HttpEntityMethodProcessor  : Writing [{subscriber={verificado=true, ativo=true, dataAtualizacao=2025-09-20T20:34:17.419066640, categorias= (truncated)...]
2025-09-20T20:34:17.431-03:00 DEBUG 29846 --- [TechNews] [           main] s.w.s.m.m.a.RequestMappingHandlerMapping : Mapped to br.com.technews.controller.api.NewsletterApiController#subscribe(SubscribeRequest)
2025-09-20T20:34:17.433-03:00 DEBUG 29846 --- [TechNews] [           main] m.m.a.RequestResponseBodyMethodProcessor : Read "application/json;charset=UTF-8" to [br.com.technews.controller.api.NewsletterApiController$SubscribeRequest@1dcfbad1]
2025-09-20T20:34:17.435-03:00 DEBUG 29846 --- [TechNews] [           main] o.s.w.s.m.m.a.HttpEntityMethodProcessor  : Using 'application/json', given [*/*] and supported [application/json, application/*+json]
2025-09-20T20:34:17.435-03:00 DEBUG 29846 --- [TechNews] [           main] o.s.w.s.m.m.a.HttpEntityMethodProcessor  : Writing [{success=true, subscriberId=1, verificationRequired=true, message=Inscri├º├úo realizada com sucesso. V (truncated)...]
2025-09-20T20:34:17.452-03:00 DEBUG 29846 --- [TechNews] [           main] s.w.s.m.m.a.RequestMappingHandlerMapping : Mapped to br.com.technews.controller.api.NewsletterApiController#subscribe(SubscribeRequest)
2025-09-20T20:34:17.452-03:00 DEBUG 29846 --- [TechNews] [           main] m.m.a.RequestResponseBodyMethodProcessor : Read "application/json;charset=UTF-8" to [br.com.technews.controller.api.NewsletterApiController$SubscribeRequest@406cf37f]
2025-09-20T20:34:17.453-03:00 DEBUG 29846 --- [TechNews] [           main] o.s.w.s.m.m.a.HttpEntityMethodProcessor  : Using 'application/json', given [*/*] and supported [application/json, application/*+json]
2025-09-20T20:34:17.454-03:00 DEBUG 29846 --- [TechNews] [           main] o.s.w.s.m.m.a.HttpEntityMethodProcessor  : Writing [{code=INTERNAL_ERROR, success=false, message=Erro interno do servidor: Email inv├ílido}]
2025-09-20T20:34:17.464-03:00 DEBUG 29846 --- [TechNews] [           main] s.w.s.m.m.a.RequestMappingHandlerMapping : Mapped to br.com.technews.controller.api.NewsletterApiController#unsubscribe(String, String)
2025-09-20T20:34:17.466-03:00 DEBUG 29846 --- [TechNews] [           main] o.s.w.s.m.m.a.HttpEntityMethodProcessor  : Using 'application/json', given [*/*] and supported [application/json, application/*+json]
2025-09-20T20:34:17.466-03:00 DEBUG 29846 --- [TechNews] [           main] o.s.w.s.m.m.a.HttpEntityMethodProcessor  : Writing [{code=EMAIL_NOT_FOUND, success=false, message=Email n├úo encontrado ou j├í cancelado}]
2025-09-20T20:34:17.475-03:00 DEBUG 29846 --- [TechNews] [           main] s.w.s.m.m.a.RequestMappingHandlerMapping : Mapped to br.com.technews.controller.api.NewsletterApiController#getSubscriptionStatus(String)
2025-09-20T20:34:17.476-03:00 DEBUG 29846 --- [TechNews] [           main] o.s.w.s.m.m.a.HttpEntityMethodProcessor  : Using 'application/json', given [*/*] and supported [application/json, application/*+json]
2025-09-20T20:34:17.476-03:00 DEBUG 29846 --- [TechNews] [           main] o.s.w.s.m.m.a.HttpEntityMethodProcessor  : Writing [{subscribed=false, verified=false, active=false}]
2025-09-20T20:34:17.483-03:00 DEBUG 29846 --- [TechNews] [           main] s.w.s.m.m.a.RequestMappingHandlerMapping : Mapped to br.com.technews.controller.api.NewsletterApiController#updatePreferences(String, PreferencesRequest)
2025-09-20T20:34:17.483-03:00 DEBUG 29846 --- [TechNews] [           main] m.m.a.RequestResponseBodyMethodProcessor : Read "application/json;charset=UTF-8" to [br.com.technews.controller.api.NewsletterApiController$PreferencesRequest@34c3e307]
2025-09-20T20:34:17.484-03:00 DEBUG 29846 --- [TechNews] [           main] o.s.w.s.m.m.a.HttpEntityMethodProcessor  : Using 'application/json', given [*/*] and supported [application/json, application/*+json]
2025-09-20T20:34:17.484-03:00 DEBUG 29846 --- [TechNews] [           main] o.s.w.s.m.m.a.HttpEntityMethodProcessor  : Writing [{code=SUBSCRIBER_NOT_FOUND, success=false, message=Assinante n├úo encontrado}]
2025-09-20T20:34:17.494-03:00 DEBUG 29846 --- [TechNews] [           main] s.w.s.m.m.a.RequestMappingHandlerMapping : Mapped to br.com.technews.controller.api.NewsletterApiController#unsubscribe(String, String)
2025-09-20T20:34:17.495-03:00 DEBUG 29846 --- [TechNews] [           main] o.s.w.s.m.m.a.HttpEntityMethodProcessor  : Using 'application/json', given [*/*] and supported [application/json, application/*+json]
2025-09-20T20:34:17.495-03:00 DEBUG 29846 --- [TechNews] [           main] o.s.w.s.m.m.a.HttpEntityMethodProcessor  : Writing [{success=true, message=Inscri├º├úo cancelada com sucesso}]
2025-09-20T20:34:17.503-03:00 DEBUG 29846 --- [TechNews] [           main] s.w.s.m.m.a.RequestMappingHandlerMapping : Mapped to br.com.technews.controller.api.NewsletterApiController#subscribe(SubscribeRequest)
2025-09-20T20:34:17.504-03:00 DEBUG 29846 --- [TechNews] [           main] m.m.a.RequestResponseBodyMethodProcessor : Read "application/json;charset=UTF-8" to [br.com.technews.controller.api.NewsletterApiController$SubscribeRequest@6da76bb1]
2025-09-20T20:34:17.507-03:00 DEBUG 29846 --- [TechNews] [           main] o.s.w.s.m.m.a.HttpEntityMethodProcessor  : Using 'application/json', given [*/*] and supported [application/json, application/*+json]
2025-09-20T20:34:17.507-03:00 DEBUG 29846 --- [TechNews] [           main] o.s.w.s.m.m.a.HttpEntityMethodProcessor  : Writing [{code=INTERNAL_ERROR, success=false, message=Erro interno do servidor: Database error}]
2025-09-20T20:34:17.514-03:00 DEBUG 29846 --- [TechNews] [           main] s.w.s.m.m.a.RequestMappingHandlerMapping : Mapped to br.com.technews.controller.api.NewsletterApiController#updatePreferences(String, PreferencesRequest)
2025-09-20T20:34:17.515-03:00 DEBUG 29846 --- [TechNews] [           main] m.m.a.RequestResponseBodyMethodProcessor : Read "application/json;charset=UTF-8" to [br.com.technews.controller.api.NewsletterApiController$PreferencesRequest@40949bb0]
2025-09-20T20:34:17.515-03:00 DEBUG 29846 --- [TechNews] [           main] o.s.w.s.m.m.a.HttpEntityMethodProcessor  : Using 'application/json', given [*/*] and supported [application/json, application/*+json]
2025-09-20T20:34:17.516-03:00 DEBUG 29846 --- [TechNews] [           main] o.s.w.s.m.m.a.HttpEntityMethodProcessor  : Writing [{code=SUBSCRIBER_NOT_FOUND, success=false, message=Assinante n├úo encontrado}]
[INFO] Tests run: 10, Failures: 0, Errors: 0, Skipped: 0, Time elapsed: 4.671 s - in br.com.technews.controller.api.NewsletterApiControllerTest
[INFO] Running br.com.technews.controller.PageControllerTest
2025-09-20T20:34:17.538-03:00  INFO 29846 --- [TechNews] [           main] t.c.s.AnnotationConfigContextLoaderUtils : Could not detect default configuration classes for test class [br.com.technews.controller.PageControllerTest]: PageControllerTest does not declare any static, non-private, non-final, nested classes annotated with @Configuration.
2025-09-20T20:34:17.600-03:00  INFO 29846 --- [TechNews] [           main] .b.t.c.SpringBootTestContextBootstrapper : Found @SpringBootConfiguration br.com.technews.TechnewsApplication for test class br.com.technews.controller.PageControllerTest

  .   ____          _            __ _ _
 /\\ / ___'_ __ _ _(_)_ __  __ _ \ \ \ \
( ( )\___ | '_ | '_| | '_ \/ _` | \ \ \ \
 \\/  ___)| |_)| | | | | || (_| |  ) ) ) )
  '  |____| .__|_| |_|_| |_\__, | / / / /
 =========|_|==============|___/=/_/_/_/

 :: Spring Boot ::                (v3.5.5)

2025-09-20T20:34:17.755-03:00  INFO 29846 --- [TechNews] [           main] b.c.t.controller.PageControllerTest      : Starting PageControllerTest using Java 21.0.8 with PID 29846 (started by lan in /mnt/c/Users/Usuario/Documents/technews)
2025-09-20T20:34:17.755-03:00  INFO 29846 --- [TechNews] [           main] b.c.t.controller.PageControllerTest      : The following 1 profile is active: "test"
2025-09-20T20:34:17.766-03:00 DEBUG 29846 --- [TechNews] [           main] o.s.w.c.s.GenericWebApplicationContext   : Refreshing org.springframework.web.context.support.GenericWebApplicationContext@5d38758a
2025-09-20T20:34:19.276-03:00  INFO 29846 --- [TechNews] [           main] o.s.b.a.w.s.WelcomePageHandlerMapping    : Adding welcome page template: index
2025-09-20T20:34:19.309-03:00 DEBUG 29846 --- [TechNews] [           main] s.w.s.m.m.a.RequestMappingHandlerMapping : 6 mappings in 'requestMappingHandlerMapping'
2025-09-20T20:34:19.444-03:00 DEBUG 29846 --- [TechNews] [           main] o.s.w.s.handler.SimpleUrlHandlerMapping  : Patterns [/webjars/**, /**] in 'resourceHandlerMapping'
2025-09-20T20:34:19.453-03:00  INFO 29846 --- [TechNews] [           main] r$InitializeUserDetailsManagerConfigurer : Global AuthenticationManager configured with UserDetailsService bean with name inMemoryUserDetailsManager
2025-09-20T20:34:19.486-03:00 DEBUG 29846 --- [TechNews] [           main] s.w.s.m.m.a.RequestMappingHandlerAdapter : ControllerAdvice beans: 0 @ModelAttribute, 0 @InitBinder, 1 RequestBodyAdvice, 1 ResponseBodyAdvice
2025-09-20T20:34:19.499-03:00 DEBUG 29846 --- [TechNews] [           main] .m.m.a.ExceptionHandlerExceptionResolver : ControllerAdvice beans: 0 @ExceptionHandler, 1 ResponseBodyAdvice
2025-09-20T20:34:19.511-03:00  INFO 29846 --- [TechNews] [           main] o.s.b.t.m.w.SpringBootMockServletContext : Initializing Spring TestDispatcherServlet ''
2025-09-20T20:34:19.511-03:00  INFO 29846 --- [TechNews] [           main] o.s.t.web.servlet.TestDispatcherServlet  : Initializing Servlet ''
2025-09-20T20:34:19.511-03:00  INFO 29846 --- [TechNews] [           main] o.s.t.web.servlet.TestDispatcherServlet  : Completed initialization in 0 ms
2025-09-20T20:34:19.520-03:00  INFO 29846 --- [TechNews] [           main] b.c.t.controller.PageControllerTest      : Started PageControllerTest in 1.908 seconds (process running for 31.144)
2025-09-20T20:34:19.526-03:00 DEBUG 29846 --- [TechNews] [           main] s.w.s.m.m.a.RequestMappingHandlerMapping : Mapped to br.com.technews.controller.PageController#home(Model)
2025-09-20T20:34:19.528-03:00 DEBUG 29846 --- [TechNews] [           main] o.s.w.s.v.ContentNegotiatingViewResolver : Selected '*/*' given [*/*]
2025-09-20T20:34:19.569-03:00 DEBUG 29846 --- [TechNews] [           main] s.w.s.m.m.a.RequestMappingHandlerMapping : Mapped to br.com.technews.controller.PageController#adminDashboard()
2025-09-20T20:34:19.570-03:00 DEBUG 29846 --- [TechNews] [           main] o.s.web.servlet.view.RedirectView        : View name [redirect:], model {}
2025-09-20T20:34:19.579-03:00 DEBUG 29846 --- [TechNews] [           main] s.w.s.m.m.a.RequestMappingHandlerMapping : Mapped to br.com.technews.controller.PageController#home(Model)
2025-09-20T20:34:19.580-03:00 DEBUG 29846 --- [TechNews] [           main] o.s.w.s.v.ContentNegotiatingViewResolver : Selected '*/*' given [*/*]
2025-09-20T20:34:19.604-03:00 DEBUG 29846 --- [TechNews] [           main] s.w.s.m.m.a.RequestMappingHandlerMapping : Mapped to br.com.technews.controller.PageController#subscribe(String, String, RedirectAttributes)
2025-09-20T20:34:19.608-03:00 DEBUG 29846 --- [TechNews] [           main] o.s.web.servlet.view.RedirectView        : View name [redirect:], model {}
2025-09-20T20:34:19.615-03:00 DEBUG 29846 --- [TechNews] [           main] s.w.s.m.m.a.RequestMappingHandlerMapping : Mapped to br.com.technews.controller.PageController#subscribe(String, String, RedirectAttributes)
2025-09-20T20:34:19.616-03:00 DEBUG 29846 --- [TechNews] [           main] o.s.web.servlet.view.RedirectView        : View name [redirect:], model {}
2025-09-20T20:34:19.623-03:00 DEBUG 29846 --- [TechNews] [           main] s.w.s.m.m.a.RequestMappingHandlerMapping : Mapped to br.com.technews.controller.PageController#subscribe(String, String, RedirectAttributes)
2025-09-20T20:34:19.625-03:00 DEBUG 29846 --- [TechNews] [           main] o.s.web.servlet.view.RedirectView        : View name [redirect:], model {}
2025-09-20T20:34:19.631-03:00 DEBUG 29846 --- [TechNews] [           main] s.w.s.m.m.a.RequestMappingHandlerMapping : Mapped to br.com.technews.controller.PageController#login()
2025-09-20T20:34:19.631-03:00 DEBUG 29846 --- [TechNews] [           main] o.s.w.s.v.ContentNegotiatingViewResolver : Selected '*/*' given [*/*]
2025-09-20T20:34:19.654-03:00 DEBUG 29846 --- [TechNews] [           main] s.w.s.m.m.a.RequestMappingHandlerMapping : Mapped to br.com.technews.controller.PageController#home(Model)
2025-09-20T20:34:19.655-03:00 DEBUG 29846 --- [TechNews] [           main] o.s.w.s.v.ContentNegotiatingViewResolver : Selected '*/*' given [*/*]
[INFO] Tests run: 8, Failures: 0, Errors: 0, Skipped: 0, Time elapsed: 2.155 s - in br.com.technews.controller.PageControllerTest
[INFO] Running br.com.technews.entity.CategoryTest
[INFO] Tests run: 5, Failures: 0, Errors: 0, Skipped: 0, Time elapsed: 0.027 s - in br.com.technews.entity.CategoryTest
[INFO] Running br.com.technews.entity.NewsArticleTest
[INFO] Tests run: 6, Failures: 0, Errors: 0, Skipped: 0, Time elapsed: 0.059 s - in br.com.technews.entity.NewsArticleTest
[INFO] Running br.com.technews.entity.SubscriberTest
[INFO] Tests run: 14, Failures: 0, Errors: 0, Skipped: 0, Time elapsed: 0.068 s - in br.com.technews.entity.SubscriberTest
[INFO] Running br.com.technews.entity.TrustedSourceTest
[INFO] Tests run: 7, Failures: 0, Errors: 0, Skipped: 0, Time elapsed: 0.014 s - in br.com.technews.entity.TrustedSourceTest
[INFO] Running br.com.technews.repository.CategoryRepositoryTest
2025-09-20T20:34:19.884-03:00  INFO 29846 --- [TechNews] [           main] t.c.s.AnnotationConfigContextLoaderUtils : Could not detect default configuration classes for test class [br.com.technews.repository.CategoryRepositoryTest]: CategoryRepositoryTest does not declare any static, non-private, non-final, nested classes annotated with @Configuration.
2025-09-20T20:34:20.225-03:00  INFO 29846 --- [TechNews] [           main] .b.t.c.SpringBootTestContextBootstrapper : Found @SpringBootConfiguration br.com.technews.TechnewsApplication for test class br.com.technews.repository.CategoryRepositoryTest

  .   ____          _            __ _ _
 /\\ / ___'_ __ _ _(_)_ __  __ _ \ \ \ \
( ( )\___ | '_ | '_| | '_ \/ _` | \ \ \ \
 \\/  ___)| |_)| | | | | || (_| |  ) ) ) )
  '  |____| .__|_| |_|_| |_\__, | / / / /
 =========|_|==============|___/=/_/_/_/

 :: Spring Boot ::                (v3.5.5)

2025-09-20T20:34:20.342-03:00  INFO 29846 --- [TechNews] [           main] b.c.t.repository.CategoryRepositoryTest  : Starting CategoryRepositoryTest using Java 21.0.8 with PID 29846 (started by lan in /mnt/c/Users/Usuario/Documents/technews)
2025-09-20T20:34:20.342-03:00  INFO 29846 --- [TechNews] [           main] b.c.t.repository.CategoryRepositoryTest  : The following 1 profile is active: "test"
2025-09-20T20:34:21.392-03:00  INFO 29846 --- [TechNews] [           main] .s.d.r.c.RepositoryConfigurationDelegate : Bootstrapping Spring Data JPA repositories in DEFAULT mode.
2025-09-20T20:34:22.123-03:00  INFO 29846 --- [TechNews] [           main] .s.d.r.c.RepositoryConfigurationDelegate : Finished Spring Data repository scanning in 702 ms. Found 6 JPA repository interfaces.
2025-09-20T20:34:22.249-03:00  INFO 29846 --- [TechNews] [           main] beddedDataSourceBeanFactoryPostProcessor : Replacing 'dataSource' DataSource bean with embedded version
2025-09-20T20:34:22.480-03:00  INFO 29846 --- [TechNews] [           main] o.s.j.d.e.EmbeddedDatabaseFactory        : Starting embedded database: url='jdbc:h2:mem:e737a9eb-ef57-404b-9f33-51df2f7fa265;DB_CLOSE_DELAY=-1;DB_CLOSE_ON_EXIT=false', username='sa'
2025-09-20T20:34:24.423-03:00  INFO 29846 --- [TechNews] [           main] o.hibernate.jpa.internal.util.LogHelper  : HHH000204: Processing PersistenceUnitInfo [name: default]
2025-09-20T20:34:25.235-03:00  INFO 29846 --- [TechNews] [           main] org.hibernate.Version                    : HHH000412: Hibernate ORM core version 6.6.26.Final
2025-09-20T20:34:25.490-03:00  INFO 29846 --- [TechNews] [           main] o.h.c.internal.RegionFactoryInitiator    : HHH000026: Second-level cache disabled
2025-09-20T20:34:26.673-03:00  INFO 29846 --- [TechNews] [           main] o.s.o.j.p.SpringPersistenceUnitInfo      : No LoadTimeWeaver setup: ignoring JPA class transformer
2025-09-20T20:34:27.164-03:00  WARN 29846 --- [TechNews] [           main] org.hibernate.orm.deprecation            : HHH90000025: H2Dialect does not need to be specified explicitly using 'hibernate.dialect' (remove the property setting and it will be selected by default)
2025-09-20T20:34:27.422-03:00  INFO 29846 --- [TechNews] [           main] org.hibernate.orm.connections.pooling    : HHH10001005: Database info:
	Database JDBC URL [Connecting through datasource 'org.springframework.jdbc.datasource.embedded.EmbeddedDatabaseFactory$EmbeddedDataSourceProxy@22f0d1e0']
	Database driver: undefined/unknown
	Database version: 2.3.232
	Autocommit mode: undefined/unknown
	Isolation level: undefined/unknown
	Minimum pool size: undefined/unknown
	Maximum pool size: undefined/unknown
2025-09-20T20:34:33.527-03:00  INFO 29846 --- [TechNews] [           main] o.h.e.t.j.p.i.JtaPlatformInitiator       : HHH000489: No JTA platform available (set 'hibernate.transaction.jta.platform' to enable JTA platform integration)
2025-09-20T20:34:33.664-03:00 DEBUG 29846 --- [TechNews] [           main] org.hibernate.SQL                        : 
    drop table if exists categories cascade 
Hibernate: 
    drop table if exists categories cascade 
2025-09-20T20:34:33.673-03:00 DEBUG 29846 --- [TechNews] [           main] org.hibernate.SQL                        : 
    drop table if exists news_articles cascade 
Hibernate: 
    drop table if exists news_articles cascade 
2025-09-20T20:34:33.674-03:00 DEBUG 29846 --- [TechNews] [           main] org.hibernate.SQL                        : 
    drop table if exists newsletter_schedule_categories cascade 
Hibernate: 
    drop table if exists newsletter_schedule_categories cascade 
2025-09-20T20:34:33.674-03:00 DEBUG 29846 --- [TechNews] [           main] org.hibernate.SQL                        : 
    drop table if exists newsletter_schedules cascade 
Hibernate: 
    drop table if exists newsletter_schedules cascade 
2025-09-20T20:34:33.674-03:00 DEBUG 29846 --- [TechNews] [           main] org.hibernate.SQL                        : 
    drop table if exists newsletter_templates cascade 
Hibernate: 
    drop table if exists newsletter_templates cascade 
2025-09-20T20:34:33.674-03:00 DEBUG 29846 --- [TechNews] [           main] org.hibernate.SQL                        : 
    drop table if exists subscriber_categories cascade 
Hibernate: 
    drop table if exists subscriber_categories cascade 
2025-09-20T20:34:33.675-03:00 DEBUG 29846 --- [TechNews] [           main] org.hibernate.SQL                        : 
    drop table if exists subscribers cascade 
Hibernate: 
    drop table if exists subscribers cascade 
2025-09-20T20:34:33.675-03:00 DEBUG 29846 --- [TechNews] [           main] org.hibernate.SQL                        : 
    drop table if exists trusted_sources cascade 
Hibernate: 
    drop table if exists trusted_sources cascade 
2025-09-20T20:34:33.694-03:00 DEBUG 29846 --- [TechNews] [           main] org.hibernate.SQL                        : 
    create table categories (
        active boolean not null,
        color varchar(7),
        created_at timestamp(6) not null,
        id bigint generated by default as identity,
        updated_at timestamp(6),
        name varchar(50) not null unique,
        slug varchar(60) not null unique,
        description varchar(200),
        primary key (id)
    )
Hibernate: 
    create table categories (
        active boolean not null,
        color varchar(7),
        created_at timestamp(6) not null,
        id bigint generated by default as identity,
        updated_at timestamp(6),
        name varchar(50) not null unique,
        slug varchar(60) not null unique,
        description varchar(200),
        primary key (id)
    )
2025-09-20T20:34:33.729-03:00 DEBUG 29846 --- [TechNews] [           main] org.hibernate.SQL                        : 
    create table news_articles (
        published boolean,
        category_id bigint,
        created_at timestamp(6),
        id bigint generated by default as identity,
        published_at timestamp(6),
        updated_at timestamp(6),
        category varchar(50),
        author varchar(100),
        source_domain varchar(100),
        title varchar(200) not null,
        image_url varchar(500),
        summary varchar(500),
        url varchar(500) unique,
        content TEXT,
        status enum ('APROVADO','ENVIADO','PENDENTE_REVISAO','PUBLICADO','REJEITADO') not null,
        primary key (id)
    )
Hibernate: 
    create table news_articles (
        published boolean,
        category_id bigint,
        created_at timestamp(6),
        id bigint generated by default as identity,
        published_at timestamp(6),
        updated_at timestamp(6),
        category varchar(50),
        author varchar(100),
        source_domain varchar(100),
        title varchar(200) not null,
        image_url varchar(500),
        summary varchar(500),
        url varchar(500) unique,
        content TEXT,
        status enum ('APROVADO','ENVIADO','PENDENTE_REVISAO','PUBLICADO','REJEITADO') not null,
        primary key (id)
    )
2025-09-20T20:34:33.731-03:00 DEBUG 29846 --- [TechNews] [           main] org.hibernate.SQL                        : 
    create table newsletter_schedule_categories (
        category_id bigint not null,
        schedule_id bigint not null,
        primary key (category_id, schedule_id)
    )
Hibernate: 
    create table newsletter_schedule_categories (
        category_id bigint not null,
        schedule_id bigint not null,
        primary key (category_id, schedule_id)
    )
2025-09-20T20:34:33.733-03:00 DEBUG 29846 --- [TechNews] [           main] org.hibernate.SQL                        : 
    create table newsletter_schedules (
        active_only boolean,
        error_count integer,
        recipient_count integer,
        success_count integer,
        verified_only boolean,
        created_date timestamp(6) not null,
        id bigint generated by default as identity,
        scheduled_date timestamp(6) not null,
        sent_date timestamp(6),
        error_message TEXT,
        subject varchar(255) not null,
        template_key varchar(255),
        frequency_filter enum ('DAILY','MONTHLY','WEEKLY'),
        status enum ('CANCELLED','FAILED','PENDING','PROCESSING','SENT') not null,
        primary key (id)
    )
Hibernate: 
    create table newsletter_schedules (
        active_only boolean,
        error_count integer,
        recipient_count integer,
        success_count integer,
        verified_only boolean,
        created_date timestamp(6) not null,
        id bigint generated by default as identity,
        scheduled_date timestamp(6) not null,
        sent_date timestamp(6),
        error_message TEXT,
        subject varchar(255) not null,
        template_key varchar(255),
        frequency_filter enum ('DAILY','MONTHLY','WEEKLY'),
        status enum ('CANCELLED','FAILED','PENDING','PROCESSING','SENT') not null,
        primary key (id)
    )
2025-09-20T20:34:33.735-03:00 DEBUG 29846 --- [TechNews] [           main] org.hibernate.SQL                        : 
    create table newsletter_templates (
        is_active boolean not null,
        is_default boolean not null,
        created_at timestamp(6) not null,
        id bigint generated by default as identity,
        updated_at timestamp(6),
        template_key varchar(50) not null,
        created_by varchar(100),
        name varchar(100) not null,
        description varchar(500),
        configuration TEXT,
        css_styles TEXT,
        html_content TEXT,
        primary key (id)
    )
Hibernate: 
    create table newsletter_templates (
        is_active boolean not null,
        is_default boolean not null,
        created_at timestamp(6) not null,
        id bigint generated by default as identity,
        updated_at timestamp(6),
        template_key varchar(50) not null,
        created_by varchar(100),
        name varchar(100) not null,
        description varchar(500),
        configuration TEXT,
        css_styles TEXT,
        html_content TEXT,
        primary key (id)
    )
2025-09-20T20:34:33.737-03:00 DEBUG 29846 --- [TechNews] [           main] org.hibernate.SQL                        : 
    create table subscriber_categories (
        category_id bigint not null,
        subscriber_id bigint not null,
        primary key (category_id, subscriber_id)
    )
Hibernate: 
    create table subscriber_categories (
        category_id bigint not null,
        subscriber_id bigint not null,
        primary key (category_id, subscriber_id)
    )
2025-09-20T20:34:33.739-03:00 DEBUG 29846 --- [TechNews] [           main] org.hibernate.SQL                        : 
    create table subscribers (
        active boolean not null,
        email_count integer not null,
        email_verified boolean not null,
        id bigint generated by default as identity,
        last_email_sent_at timestamp(6),
        reactivated_at timestamp(6),
        subscribed_at timestamp(6),
        unsubscribed_at timestamp(6),
        updated_at timestamp(6),
        verification_token_expires_at timestamp(6),
        verified_at timestamp(6),
        subscription_ip varchar(45),
        full_name varchar(100),
        subscription_user_agent varchar(500),
        email varchar(255) not null unique,
        manage_token varchar(255) unique,
        unsubscribe_token varchar(255) unique,
        verification_token varchar(255),
        subscription_frequency enum ('DAILY','MONTHLY','WEEKLY') not null,
        primary key (id)
    )
Hibernate: 
    create table subscribers (
        active boolean not null,
        email_count integer not null,
        email_verified boolean not null,
        id bigint generated by default as identity,
        last_email_sent_at timestamp(6),
        reactivated_at timestamp(6),
        subscribed_at timestamp(6),
        unsubscribed_at timestamp(6),
        updated_at timestamp(6),
        verification_token_expires_at timestamp(6),
        verified_at timestamp(6),
        subscription_ip varchar(45),
        full_name varchar(100),
        subscription_user_agent varchar(500),
        email varchar(255) not null unique,
        manage_token varchar(255) unique,
        unsubscribe_token varchar(255) unique,
        verification_token varchar(255),
        subscription_frequency enum ('DAILY','MONTHLY','WEEKLY') not null,
        primary key (id)
    )
2025-09-20T20:34:33.743-03:00 DEBUG 29846 --- [TechNews] [           main] org.hibernate.SQL                        : 
    create table trusted_sources (
        active boolean not null,
        created_at timestamp(6) not null,
        id bigint generated by default as identity,
        updated_at timestamp(6),
        name varchar(100) not null,
        description varchar(500),
        domain_name varchar(255) not null unique,
        primary key (id)
    )
Hibernate: 
    create table trusted_sources (
        active boolean not null,
        created_at timestamp(6) not null,
        id bigint generated by default as identity,
        updated_at timestamp(6),
        name varchar(100) not null,
        description varchar(500),
        domain_name varchar(255) not null unique,
        primary key (id)
    )
2025-09-20T20:34:33.747-03:00 DEBUG 29846 --- [TechNews] [           main] org.hibernate.SQL                        : 
    alter table if exists news_articles 
       add constraint FKm2h7mf03kny9rcqj7r26e8xsl 
       foreign key (category_id) 
       references categories
Hibernate: 
    alter table if exists news_articles 
       add constraint FKm2h7mf03kny9rcqj7r26e8xsl 
       foreign key (category_id) 
       references categories
2025-09-20T20:34:33.806-03:00 DEBUG 29846 --- [TechNews] [           main] org.hibernate.SQL                        : 
    alter table if exists newsletter_schedule_categories 
       add constraint FKpgwqcabkojfcxreintwrq9rrq 
       foreign key (category_id) 
       references categories
Hibernate: 
    alter table if exists newsletter_schedule_categories 
       add constraint FKpgwqcabkojfcxreintwrq9rrq 
       foreign key (category_id) 
       references categories
2025-09-20T20:34:33.808-03:00 DEBUG 29846 --- [TechNews] [           main] org.hibernate.SQL                        : 
    alter table if exists newsletter_schedule_categories 
       add constraint FKo7g4fw0b0h8i5ng9dn9nmy33n 
       foreign key (schedule_id) 
       references newsletter_schedules
Hibernate: 
    alter table if exists newsletter_schedule_categories 
       add constraint FKo7g4fw0b0h8i5ng9dn9nmy33n 
       foreign key (schedule_id) 
       references newsletter_schedules
2025-09-20T20:34:33.810-03:00 DEBUG 29846 --- [TechNews] [           main] org.hibernate.SQL                        : 
    alter table if exists subscriber_categories 
       add constraint FK7j1vci1l1ilinypbnyrmobqye 
       foreign key (category_id) 
       references categories
Hibernate: 
    alter table if exists subscriber_categories 
       add constraint FK7j1vci1l1ilinypbnyrmobqye 
       foreign key (category_id) 
       references categories
2025-09-20T20:34:33.811-03:00 DEBUG 29846 --- [TechNews] [           main] org.hibernate.SQL                        : 
    alter table if exists subscriber_categories 
       add constraint FKf85tm3itr0exqfw13k3kgaoli 
       foreign key (subscriber_id) 
       references subscribers
Hibernate: 
    alter table if exists subscriber_categories 
       add constraint FKf85tm3itr0exqfw13k3kgaoli 
       foreign key (subscriber_id) 
       references subscribers
2025-09-20T20:34:33.841-03:00  INFO 29846 --- [TechNews] [           main] j.LocalContainerEntityManagerFactoryBean : Initialized JPA EntityManagerFactory for persistence unit 'default'
2025-09-20T20:34:35.541-03:00  INFO 29846 --- [TechNews] [           main] o.s.d.j.r.query.QueryEnhancerFactory     : Hibernate is in classpath; If applicable, HQL parser will be used.
2025-09-20T20:34:41.381-03:00  INFO 29846 --- [TechNews] [           main] b.c.t.repository.CategoryRepositoryTest  : Started CategoryRepositoryTest in 21.15 seconds (process running for 53.004)
2025-09-20T20:34:41.610-03:00 DEBUG 29846 --- [TechNews] [           main] org.hibernate.SQL                        : 
    insert 
    into
        categories
        (active, color, created_at, description, name, slug, updated_at, id) 
    values
        (?, ?, ?, ?, ?, ?, ?, default)
Hibernate: 
    insert 
    into
        categories
        (active, color, created_at, description, name, slug, updated_at, id) 
    values
        (?, ?, ?, ?, ?, ?, ?, default)
2025-09-20T20:34:41.850-03:00 DEBUG 29846 --- [TechNews] [           main] org.hibernate.SQL                        : 
    insert 
    into
        categories
        (active, color, created_at, description, name, slug, updated_at, id) 
    values
        (?, ?, ?, ?, ?, ?, ?, default)
Hibernate: 
    insert 
    into
        categories
        (active, color, created_at, description, name, slug, updated_at, id) 
    values
        (?, ?, ?, ?, ?, ?, ?, default)
2025-09-20T20:34:42.109-03:00 DEBUG 29846 --- [TechNews] [           main] org.hibernate.SQL                        : 
    select
        count(*) 
    from
        categories c1_0
Hibernate: 
    select
        count(*) 
    from
        categories c1_0
2025-09-20T20:34:42.239-03:00 DEBUG 29846 --- [TechNews] [           main] org.hibernate.SQL                        : 
    select
        c1_0.id,
        c1_0.active,
        c1_0.color,
        c1_0.created_at,
        c1_0.description,
        c1_0.name,
        c1_0.slug,
        c1_0.updated_at 
    from
        categories c1_0 
    where
        c1_0.name=?
Hibernate: 
    select
        c1_0.id,
        c1_0.active,
        c1_0.color,
        c1_0.created_at,
        c1_0.description,
        c1_0.name,
        c1_0.slug,
        c1_0.updated_at 
    from
        categories c1_0 
    where
        c1_0.name=?
2025-09-20T20:34:42.289-03:00 DEBUG 29846 --- [TechNews] [           main] org.hibernate.SQL                        : 
    insert 
    into
        categories
        (active, color, created_at, description, name, slug, updated_at, id) 
    values
        (?, ?, ?, ?, ?, ?, ?, default)
Hibernate: 
    insert 
    into
        categories
        (active, color, created_at, description, name, slug, updated_at, id) 
    values
        (?, ?, ?, ?, ?, ?, ?, default)
2025-09-20T20:34:42.293-03:00 DEBUG 29846 --- [TechNews] [           main] org.hibernate.SQL                        : 
    select
        c1_0.id,
        c1_0.active,
        c1_0.color,
        c1_0.created_at,
        c1_0.description,
        c1_0.name,
        c1_0.slug,
        c1_0.updated_at 
    from
        categories c1_0 
    where
        c1_0.name=?
Hibernate: 
    select
        c1_0.id,
        c1_0.active,
        c1_0.color,
        c1_0.created_at,
        c1_0.description,
        c1_0.name,
        c1_0.slug,
        c1_0.updated_at 
    from
        categories c1_0 
    where
        c1_0.name=?
[INFO] Tests run: 3, Failures: 0, Errors: 0, Skipped: 0, Time elapsed: 22.429 s - in br.com.technews.repository.CategoryRepositoryTest
[INFO] Running br.com.technews.repository.CategoryRepositoryUnitTest
[INFO] Tests run: 7, Failures: 0, Errors: 0, Skipped: 0, Time elapsed: 0.205 s - in br.com.technews.repository.CategoryRepositoryUnitTest
[INFO] Running br.com.technews.repository.NewsArticleRepositoryTest
2025-09-20T20:34:42.525-03:00  INFO 29846 --- [TechNews] [           main] t.c.s.AnnotationConfigContextLoaderUtils : Could not detect default configuration classes for test class [br.com.technews.repository.NewsArticleRepositoryTest]: NewsArticleRepositoryTest does not declare any static, non-private, non-final, nested classes annotated with @Configuration.
2025-09-20T20:34:42.611-03:00  INFO 29846 --- [TechNews] [           main] .b.t.c.SpringBootTestContextBootstrapper : Found @SpringBootConfiguration br.com.technews.TechnewsApplication for test class br.com.technews.repository.NewsArticleRepositoryTest
2025-09-20T20:34:42.642-03:00 DEBUG 29846 --- [TechNews] [           main] org.hibernate.SQL                        : 
    delete 
    from
        news_articles na1_0
Hibernate: 
    delete 
    from
        news_articles na1_0
2025-09-20T20:34:42.645-03:00 DEBUG 29846 --- [TechNews] [           main] org.hibernate.SQL                        : 
    delete 
    from
        categories c1_0
Hibernate: 
    delete 
    from
        categories c1_0
2025-09-20T20:34:42.646-03:00 DEBUG 29846 --- [TechNews] [           main] org.hibernate.SQL                        : 
    insert 
    into
        categories
        (active, color, created_at, description, name, slug, updated_at, id) 
    values
        (?, ?, ?, ?, ?, ?, ?, default)
Hibernate: 
    insert 
    into
        categories
        (active, color, created_at, description, name, slug, updated_at, id) 
    values
        (?, ?, ?, ?, ?, ?, ?, default)
2025-09-20T20:34:42.649-03:00 DEBUG 29846 --- [TechNews] [           main] org.hibernate.SQL                        : 
    insert 
    into
        categories
        (active, color, created_at, description, name, slug, updated_at, id) 
    values
        (?, ?, ?, ?, ?, ?, ?, default)
Hibernate: 
    insert 
    into
        categories
        (active, color, created_at, description, name, slug, updated_at, id) 
    values
        (?, ?, ?, ?, ?, ?, ?, default)
2025-09-20T20:34:42.651-03:00 DEBUG 29846 --- [TechNews] [           main] org.hibernate.SQL                        : 
    insert 
    into
        news_articles
        (author, category, category_id, content, created_at, image_url, published, published_at, source_domain, status, summary, title, updated_at, url, id) 
    values
        (?, ?, ?, ?, ?, ?, ?, ?, ?, ?, ?, ?, ?, ?, default)
Hibernate: 
    insert 
    into
        news_articles
        (author, category, category_id, content, created_at, image_url, published, published_at, source_domain, status, summary, title, updated_at, url, id) 
    values
        (?, ?, ?, ?, ?, ?, ?, ?, ?, ?, ?, ?, ?, ?, default)
2025-09-20T20:34:42.663-03:00 DEBUG 29846 --- [TechNews] [           main] org.hibernate.SQL                        : 
    insert 
    into
        news_articles
        (author, category, category_id, content, created_at, image_url, published, published_at, source_domain, status, summary, title, updated_at, url, id) 
    values
        (?, ?, ?, ?, ?, ?, ?, ?, ?, ?, ?, ?, ?, ?, default)
Hibernate: 
    insert 
    into
        news_articles
        (author, category, category_id, content, created_at, image_url, published, published_at, source_domain, status, summary, title, updated_at, url, id) 
    values
        (?, ?, ?, ?, ?, ?, ?, ?, ?, ?, ?, ?, ?, ?, default)
2025-09-20T20:34:42.665-03:00 DEBUG 29846 --- [TechNews] [           main] org.hibernate.SQL                        : 
    insert 
    into
        news_articles
        (author, category, category_id, content, created_at, image_url, published, published_at, source_domain, status, summary, title, updated_at, url, id) 
    values
        (?, ?, ?, ?, ?, ?, ?, ?, ?, ?, ?, ?, ?, ?, default)
Hibernate: 
    insert 
    into
        news_articles
        (author, category, category_id, content, created_at, image_url, published, published_at, source_domain, status, summary, title, updated_at, url, id) 
    values
        (?, ?, ?, ?, ?, ?, ?, ?, ?, ?, ?, ?, ?, ?, default)
2025-09-20T20:34:42.671-03:00 DEBUG 29846 --- [TechNews] [           main] org.hibernate.SQL                        : 
    select
        na1_0.id,
        na1_0.author,
        na1_0.category,
        na1_0.category_id,
        na1_0.content,
        na1_0.created_at,
        na1_0.image_url,
        na1_0.published,
        na1_0.published_at,
        na1_0.source_domain,
        na1_0.status,
        na1_0.summary,
        na1_0.title,
        na1_0.updated_at,
        na1_0.url 
    from
        news_articles na1_0 
    where
        na1_0.url=?
Hibernate: 
    select
        na1_0.id,
        na1_0.author,
        na1_0.category,
        na1_0.category_id,
        na1_0.content,
        na1_0.created_at,
        na1_0.image_url,
        na1_0.published,
        na1_0.published_at,
        na1_0.source_domain,
        na1_0.status,
        na1_0.summary,
        na1_0.title,
        na1_0.updated_at,
        na1_0.url 
    from
        news_articles na1_0 
    where
        na1_0.url=?
2025-09-20T20:34:42.713-03:00 DEBUG 29846 --- [TechNews] [           main] org.hibernate.SQL                        : 
    update
        news_articles 
    set
        author=?,
        category=?,
        category_id=?,
        content=?,
        created_at=?,
        image_url=?,
        published=?,
        published_at=?,
        source_domain=?,
        status=?,
        summary=?,
        title=?,
        updated_at=?,
        url=? 
    where
        id=?
Hibernate: 
    update
        news_articles 
    set
        author=?,
        category=?,
        category_id=?,
        content=?,
        created_at=?,
        image_url=?,
        published=?,
        published_at=?,
        source_domain=?,
        status=?,
        summary=?,
        title=?,
        updated_at=?,
        url=? 
    where
        id=?
2025-09-20T20:34:42.729-03:00 DEBUG 29846 --- [TechNews] [           main] org.hibernate.SQL                        : 
    select
        na1_0.id,
        na1_0.author,
        na1_0.category,
        na1_0.category_id,
        na1_0.content,
        na1_0.created_at,
        na1_0.image_url,
        na1_0.published,
        na1_0.published_at,
        na1_0.source_domain,
        na1_0.status,
        na1_0.summary,
        na1_0.title,
        na1_0.updated_at,
        na1_0.url 
    from
        news_articles na1_0 
    where
        na1_0.published 
    order by
        na1_0.published_at desc
Hibernate: 
    select
        na1_0.id,
        na1_0.author,
        na1_0.category,
        na1_0.category_id,
        na1_0.content,
        na1_0.created_at,
        na1_0.image_url,
        na1_0.published,
        na1_0.published_at,
        na1_0.source_domain,
        na1_0.status,
        na1_0.summary,
        na1_0.title,
        na1_0.updated_at,
        na1_0.url 
    from
        news_articles na1_0 
    where
        na1_0.published 
    order by
        na1_0.published_at desc
2025-09-20T20:34:42.743-03:00 DEBUG 29846 --- [TechNews] [           main] org.hibernate.SQL                        : 
    delete 
    from
        news_articles na1_0
Hibernate: 
    delete 
    from
        news_articles na1_0
2025-09-20T20:34:42.746-03:00 DEBUG 29846 --- [TechNews] [           main] org.hibernate.SQL                        : 
    delete 
    from
        categories c1_0
Hibernate: 
    delete 
    from
        categories c1_0
2025-09-20T20:34:42.748-03:00 DEBUG 29846 --- [TechNews] [           main] org.hibernate.SQL                        : 
    insert 
    into
        categories
        (active, color, created_at, description, name, slug, updated_at, id) 
    values
        (?, ?, ?, ?, ?, ?, ?, default)
Hibernate: 
    insert 
    into
        categories
        (active, color, created_at, description, name, slug, updated_at, id) 
    values
        (?, ?, ?, ?, ?, ?, ?, default)
2025-09-20T20:34:42.750-03:00 DEBUG 29846 --- [TechNews] [           main] org.hibernate.SQL                        : 
    insert 
    into
        categories
        (active, color, created_at, description, name, slug, updated_at, id) 
    values
        (?, ?, ?, ?, ?, ?, ?, default)
Hibernate: 
    insert 
    into
        categories
        (active, color, created_at, description, name, slug, updated_at, id) 
    values
        (?, ?, ?, ?, ?, ?, ?, default)
2025-09-20T20:34:42.753-03:00 DEBUG 29846 --- [TechNews] [           main] org.hibernate.SQL                        : 
    insert 
    into
        news_articles
        (author, category, category_id, content, created_at, image_url, published, published_at, source_domain, status, summary, title, updated_at, url, id) 
    values
        (?, ?, ?, ?, ?, ?, ?, ?, ?, ?, ?, ?, ?, ?, default)
Hibernate: 
    insert 
    into
        news_articles
        (author, category, category_id, content, created_at, image_url, published, published_at, source_domain, status, summary, title, updated_at, url, id) 
    values
        (?, ?, ?, ?, ?, ?, ?, ?, ?, ?, ?, ?, ?, ?, default)
2025-09-20T20:34:42.757-03:00 DEBUG 29846 --- [TechNews] [           main] org.hibernate.SQL                        : 
    insert 
    into
        news_articles
        (author, category, category_id, content, created_at, image_url, published, published_at, source_domain, status, summary, title, updated_at, url, id) 
    values
        (?, ?, ?, ?, ?, ?, ?, ?, ?, ?, ?, ?, ?, ?, default)
Hibernate: 
    insert 
    into
        news_articles
        (author, category, category_id, content, created_at, image_url, published, published_at, source_domain, status, summary, title, updated_at, url, id) 
    values
        (?, ?, ?, ?, ?, ?, ?, ?, ?, ?, ?, ?, ?, ?, default)
2025-09-20T20:34:42.759-03:00 DEBUG 29846 --- [TechNews] [           main] org.hibernate.SQL                        : 
    insert 
    into
        news_articles
        (author, category, category_id, content, created_at, image_url, published, published_at, source_domain, status, summary, title, updated_at, url, id) 
    values
        (?, ?, ?, ?, ?, ?, ?, ?, ?, ?, ?, ?, ?, ?, default)
Hibernate: 
    insert 
    into
        news_articles
        (author, category, category_id, content, created_at, image_url, published, published_at, source_domain, status, summary, title, updated_at, url, id) 
    values
        (?, ?, ?, ?, ?, ?, ?, ?, ?, ?, ?, ?, ?, ?, default)
2025-09-20T20:34:42.763-03:00 DEBUG 29846 --- [TechNews] [           main] org.hibernate.SQL                        : 
    select
        na1_0.id,
        na1_0.author,
        na1_0.category,
        na1_0.category_id,
        na1_0.content,
        na1_0.created_at,
        na1_0.image_url,
        na1_0.published,
        na1_0.published_at,
        na1_0.source_domain,
        na1_0.status,
        na1_0.summary,
        na1_0.title,
        na1_0.updated_at,
        na1_0.url 
    from
        news_articles na1_0 
    where
        na1_0.source_domain=?
Hibernate: 
    select
        na1_0.id,
        na1_0.author,
        na1_0.category,
        na1_0.category_id,
        na1_0.content,
        na1_0.created_at,
        na1_0.image_url,
        na1_0.published,
        na1_0.published_at,
        na1_0.source_domain,
        na1_0.status,
        na1_0.summary,
        na1_0.title,
        na1_0.updated_at,
        na1_0.url 
    from
        news_articles na1_0 
    where
        na1_0.source_domain=?
2025-09-20T20:34:42.776-03:00 DEBUG 29846 --- [TechNews] [           main] org.hibernate.SQL                        : 
    delete 
    from
        news_articles na1_0
Hibernate: 
    delete 
    from
        news_articles na1_0
2025-09-20T20:34:42.778-03:00 DEBUG 29846 --- [TechNews] [           main] org.hibernate.SQL                        : 
    delete 
    from
        categories c1_0
Hibernate: 
    delete 
    from
        categories c1_0
2025-09-20T20:34:42.780-03:00 DEBUG 29846 --- [TechNews] [           main] org.hibernate.SQL                        : 
    insert 
    into
        categories
        (active, color, created_at, description, name, slug, updated_at, id) 
    values
        (?, ?, ?, ?, ?, ?, ?, default)
Hibernate: 
    insert 
    into
        categories
        (active, color, created_at, description, name, slug, updated_at, id) 
    values
        (?, ?, ?, ?, ?, ?, ?, default)
2025-09-20T20:34:42.782-03:00 DEBUG 29846 --- [TechNews] [           main] org.hibernate.SQL                        : 
    insert 
    into
        categories
        (active, color, created_at, description, name, slug, updated_at, id) 
    values
        (?, ?, ?, ?, ?, ?, ?, default)
Hibernate: 
    insert 
    into
        categories
        (active, color, created_at, description, name, slug, updated_at, id) 
    values
        (?, ?, ?, ?, ?, ?, ?, default)
2025-09-20T20:34:42.784-03:00 DEBUG 29846 --- [TechNews] [           main] org.hibernate.SQL                        : 
    insert 
    into
        news_articles
        (author, category, category_id, content, created_at, image_url, published, published_at, source_domain, status, summary, title, updated_at, url, id) 
    values
        (?, ?, ?, ?, ?, ?, ?, ?, ?, ?, ?, ?, ?, ?, default)
Hibernate: 
    insert 
    into
        news_articles
        (author, category, category_id, content, created_at, image_url, published, published_at, source_domain, status, summary, title, updated_at, url, id) 
    values
        (?, ?, ?, ?, ?, ?, ?, ?, ?, ?, ?, ?, ?, ?, default)
2025-09-20T20:34:42.787-03:00 DEBUG 29846 --- [TechNews] [           main] org.hibernate.SQL                        : 
    insert 
    into
        news_articles
        (author, category, category_id, content, created_at, image_url, published, published_at, source_domain, status, summary, title, updated_at, url, id) 
    values
        (?, ?, ?, ?, ?, ?, ?, ?, ?, ?, ?, ?, ?, ?, default)
Hibernate: 
    insert 
    into
        news_articles
        (author, category, category_id, content, created_at, image_url, published, published_at, source_domain, status, summary, title, updated_at, url, id) 
    values
        (?, ?, ?, ?, ?, ?, ?, ?, ?, ?, ?, ?, ?, ?, default)
2025-09-20T20:34:42.788-03:00 DEBUG 29846 --- [TechNews] [           main] org.hibernate.SQL                        : 
    insert 
    into
        news_articles
        (author, category, category_id, content, created_at, image_url, published, published_at, source_domain, status, summary, title, updated_at, url, id) 
    values
        (?, ?, ?, ?, ?, ?, ?, ?, ?, ?, ?, ?, ?, ?, default)
Hibernate: 
    insert 
    into
        news_articles
        (author, category, category_id, content, created_at, image_url, published, published_at, source_domain, status, summary, title, updated_at, url, id) 
    values
        (?, ?, ?, ?, ?, ?, ?, ?, ?, ?, ?, ?, ?, ?, default)
2025-09-20T20:34:42.798-03:00 DEBUG 29846 --- [TechNews] [           main] org.hibernate.SQL                        : 
    select
        na1_0.id 
    from
        news_articles na1_0 
    where
        na1_0.url=? 
    fetch
        first ? rows only
Hibernate: 
    select
        na1_0.id 
    from
        news_articles na1_0 
    where
        na1_0.url=? 
    fetch
        first ? rows only
2025-09-20T20:34:42.807-03:00 DEBUG 29846 --- [TechNews] [           main] org.hibernate.SQL                        : 
    select
        na1_0.id 
    from
        news_articles na1_0 
    where
        na1_0.url=? 
    fetch
        first ? rows only
Hibernate: 
    select
        na1_0.id 
    from
        news_articles na1_0 
    where
        na1_0.url=? 
    fetch
        first ? rows only
2025-09-20T20:34:42.817-03:00 DEBUG 29846 --- [TechNews] [           main] org.hibernate.SQL                        : 
    delete 
    from
        news_articles na1_0
Hibernate: 
    delete 
    from
        news_articles na1_0
2025-09-20T20:34:42.821-03:00 DEBUG 29846 --- [TechNews] [           main] org.hibernate.SQL                        : 
    delete 
    from
        categories c1_0
Hibernate: 
    delete 
    from
        categories c1_0
2025-09-20T20:34:42.823-03:00 DEBUG 29846 --- [TechNews] [           main] org.hibernate.SQL                        : 
    insert 
    into
        categories
        (active, color, created_at, description, name, slug, updated_at, id) 
    values
        (?, ?, ?, ?, ?, ?, ?, default)
Hibernate: 
    insert 
    into
        categories
        (active, color, created_at, description, name, slug, updated_at, id) 
    values
        (?, ?, ?, ?, ?, ?, ?, default)
2025-09-20T20:34:42.825-03:00 DEBUG 29846 --- [TechNews] [           main] org.hibernate.SQL                        : 
    insert 
    into
        categories
        (active, color, created_at, description, name, slug, updated_at, id) 
    values
        (?, ?, ?, ?, ?, ?, ?, default)
Hibernate: 
    insert 
    into
        categories
        (active, color, created_at, description, name, slug, updated_at, id) 
    values
        (?, ?, ?, ?, ?, ?, ?, default)
2025-09-20T20:34:42.828-03:00 DEBUG 29846 --- [TechNews] [           main] org.hibernate.SQL                        : 
    insert 
    into
        news_articles
        (author, category, category_id, content, created_at, image_url, published, published_at, source_domain, status, summary, title, updated_at, url, id) 
    values
        (?, ?, ?, ?, ?, ?, ?, ?, ?, ?, ?, ?, ?, ?, default)
Hibernate: 
    insert 
    into
        news_articles
        (author, category, category_id, content, created_at, image_url, published, published_at, source_domain, status, summary, title, updated_at, url, id) 
    values
        (?, ?, ?, ?, ?, ?, ?, ?, ?, ?, ?, ?, ?, ?, default)
2025-09-20T20:34:42.831-03:00 DEBUG 29846 --- [TechNews] [           main] org.hibernate.SQL                        : 
    insert 
    into
        news_articles
        (author, category, category_id, content, created_at, image_url, published, published_at, source_domain, status, summary, title, updated_at, url, id) 
    values
        (?, ?, ?, ?, ?, ?, ?, ?, ?, ?, ?, ?, ?, ?, default)
Hibernate: 
    insert 
    into
        news_articles
        (author, category, category_id, content, created_at, image_url, published, published_at, source_domain, status, summary, title, updated_at, url, id) 
    values
        (?, ?, ?, ?, ?, ?, ?, ?, ?, ?, ?, ?, ?, ?, default)
2025-09-20T20:34:42.834-03:00 DEBUG 29846 --- [TechNews] [           main] org.hibernate.SQL                        : 
    insert 
    into
        news_articles
        (author, category, category_id, content, created_at, image_url, published, published_at, source_domain, status, summary, title, updated_at, url, id) 
    values
        (?, ?, ?, ?, ?, ?, ?, ?, ?, ?, ?, ?, ?, ?, default)
Hibernate: 
    insert 
    into
        news_articles
        (author, category, category_id, content, created_at, image_url, published, published_at, source_domain, status, summary, title, updated_at, url, id) 
    values
        (?, ?, ?, ?, ?, ?, ?, ?, ?, ?, ?, ?, ?, ?, default)
2025-09-20T20:34:42.860-03:00 DEBUG 29846 --- [TechNews] [           main] org.hibernate.SQL                        : 
    select
        na1_0.id,
        na1_0.author,
        na1_0.category,
        na1_0.category_id,
        na1_0.content,
        na1_0.created_at,
        na1_0.image_url,
        na1_0.published,
        na1_0.published_at,
        na1_0.source_domain,
        na1_0.status,
        na1_0.summary,
        na1_0.title,
        na1_0.updated_at,
        na1_0.url 
    from
        news_articles na1_0 
    where
        lower(na1_0.author) like lower(('%'||?||'%')) escape ''
Hibernate: 
    select
        na1_0.id,
        na1_0.author,
        na1_0.category,
        na1_0.category_id,
        na1_0.content,
        na1_0.created_at,
        na1_0.image_url,
        na1_0.published,
        na1_0.published_at,
        na1_0.source_domain,
        na1_0.status,
        na1_0.summary,
        na1_0.title,
        na1_0.updated_at,
        na1_0.url 
    from
        news_articles na1_0 
    where
        lower(na1_0.author) like lower(('%'||?||'%')) escape ''
2025-09-20T20:34:42.868-03:00 DEBUG 29846 --- [TechNews] [           main] org.hibernate.SQL                        : 
    select
        na1_0.id,
        na1_0.author,
        na1_0.category,
        na1_0.category_id,
        na1_0.content,
        na1_0.created_at,
        na1_0.image_url,
        na1_0.published,
        na1_0.published_at,
        na1_0.source_domain,
        na1_0.status,
        na1_0.summary,
        na1_0.title,
        na1_0.updated_at,
        na1_0.url 
    from
        news_articles na1_0 
    where
        lower(na1_0.author) like lower(('%'||?||'%')) escape ''
Hibernate: 
    select
        na1_0.id,
        na1_0.author,
        na1_0.category,
        na1_0.category_id,
        na1_0.content,
        na1_0.created_at,
        na1_0.image_url,
        na1_0.published,
        na1_0.published_at,
        na1_0.source_domain,
        na1_0.status,
        na1_0.summary,
        na1_0.title,
        na1_0.updated_at,
        na1_0.url 
    from
        news_articles na1_0 
    where
        lower(na1_0.author) like lower(('%'||?||'%')) escape ''
2025-09-20T20:34:42.878-03:00 DEBUG 29846 --- [TechNews] [           main] org.hibernate.SQL                        : 
    delete 
    from
        news_articles na1_0
Hibernate: 
    delete 
    from
        news_articles na1_0
2025-09-20T20:34:42.880-03:00 DEBUG 29846 --- [TechNews] [           main] org.hibernate.SQL                        : 
    delete 
    from
        categories c1_0
Hibernate: 
    delete 
    from
        categories c1_0
2025-09-20T20:34:42.882-03:00 DEBUG 29846 --- [TechNews] [           main] org.hibernate.SQL                        : 
    insert 
    into
        categories
        (active, color, created_at, description, name, slug, updated_at, id) 
    values
        (?, ?, ?, ?, ?, ?, ?, default)
Hibernate: 
    insert 
    into
        categories
        (active, color, created_at, description, name, slug, updated_at, id) 
    values
        (?, ?, ?, ?, ?, ?, ?, default)
2025-09-20T20:34:42.885-03:00 DEBUG 29846 --- [TechNews] [           main] org.hibernate.SQL                        : 
    insert 
    into
        categories
        (active, color, created_at, description, name, slug, updated_at, id) 
    values
        (?, ?, ?, ?, ?, ?, ?, default)
Hibernate: 
    insert 
    into
        categories
        (active, color, created_at, description, name, slug, updated_at, id) 
    values
        (?, ?, ?, ?, ?, ?, ?, default)
2025-09-20T20:34:42.888-03:00 DEBUG 29846 --- [TechNews] [           main] org.hibernate.SQL                        : 
    insert 
    into
        news_articles
        (author, category, category_id, content, created_at, image_url, published, published_at, source_domain, status, summary, title, updated_at, url, id) 
    values
        (?, ?, ?, ?, ?, ?, ?, ?, ?, ?, ?, ?, ?, ?, default)
Hibernate: 
    insert 
    into
        news_articles
        (author, category, category_id, content, created_at, image_url, published, published_at, source_domain, status, summary, title, updated_at, url, id) 
    values
        (?, ?, ?, ?, ?, ?, ?, ?, ?, ?, ?, ?, ?, ?, default)
2025-09-20T20:34:42.891-03:00 DEBUG 29846 --- [TechNews] [           main] org.hibernate.SQL                        : 
    insert 
    into
        news_articles
        (author, category, category_id, content, created_at, image_url, published, published_at, source_domain, status, summary, title, updated_at, url, id) 
    values
        (?, ?, ?, ?, ?, ?, ?, ?, ?, ?, ?, ?, ?, ?, default)
Hibernate: 
    insert 
    into
        news_articles
        (author, category, category_id, content, created_at, image_url, published, published_at, source_domain, status, summary, title, updated_at, url, id) 
    values
        (?, ?, ?, ?, ?, ?, ?, ?, ?, ?, ?, ?, ?, ?, default)
2025-09-20T20:34:42.893-03:00 DEBUG 29846 --- [TechNews] [           main] org.hibernate.SQL                        : 
    insert 
    into
        news_articles
        (author, category, category_id, content, created_at, image_url, published, published_at, source_domain, status, summary, title, updated_at, url, id) 
    values
        (?, ?, ?, ?, ?, ?, ?, ?, ?, ?, ?, ?, ?, ?, default)
Hibernate: 
    insert 
    into
        news_articles
        (author, category, category_id, content, created_at, image_url, published, published_at, source_domain, status, summary, title, updated_at, url, id) 
    values
        (?, ?, ?, ?, ?, ?, ?, ?, ?, ?, ?, ?, ?, ?, default)
2025-09-20T20:34:42.897-03:00 DEBUG 29846 --- [TechNews] [           main] org.hibernate.SQL                        : 
    select
        count(na1_0.id) 
    from
        news_articles na1_0 
    where
        na1_0.published
Hibernate: 
    select
        count(na1_0.id) 
    from
        news_articles na1_0 
    where
        na1_0.published
2025-09-20T20:34:42.918-03:00 DEBUG 29846 --- [TechNews] [           main] org.hibernate.SQL                        : 
    delete 
    from
        news_articles na1_0
Hibernate: 
    delete 
    from
        news_articles na1_0
2025-09-20T20:34:42.920-03:00 DEBUG 29846 --- [TechNews] [           main] org.hibernate.SQL                        : 
    delete 
    from
        categories c1_0
Hibernate: 
    delete 
    from
        categories c1_0
2025-09-20T20:34:42.921-03:00 DEBUG 29846 --- [TechNews] [           main] org.hibernate.SQL                        : 
    insert 
    into
        categories
        (active, color, created_at, description, name, slug, updated_at, id) 
    values
        (?, ?, ?, ?, ?, ?, ?, default)
Hibernate: 
    insert 
    into
        categories
        (active, color, created_at, description, name, slug, updated_at, id) 
    values
        (?, ?, ?, ?, ?, ?, ?, default)
2025-09-20T20:34:42.924-03:00 DEBUG 29846 --- [TechNews] [           main] org.hibernate.SQL                        : 
    insert 
    into
        categories
        (active, color, created_at, description, name, slug, updated_at, id) 
    values
        (?, ?, ?, ?, ?, ?, ?, default)
Hibernate: 
    insert 
    into
        categories
        (active, color, created_at, description, name, slug, updated_at, id) 
    values
        (?, ?, ?, ?, ?, ?, ?, default)
2025-09-20T20:34:42.925-03:00 DEBUG 29846 --- [TechNews] [           main] org.hibernate.SQL                        : 
    insert 
    into
        news_articles
        (author, category, category_id, content, created_at, image_url, published, published_at, source_domain, status, summary, title, updated_at, url, id) 
    values
        (?, ?, ?, ?, ?, ?, ?, ?, ?, ?, ?, ?, ?, ?, default)
Hibernate: 
    insert 
    into
        news_articles
        (author, category, category_id, content, created_at, image_url, published, published_at, source_domain, status, summary, title, updated_at, url, id) 
    values
        (?, ?, ?, ?, ?, ?, ?, ?, ?, ?, ?, ?, ?, ?, default)
2025-09-20T20:34:42.930-03:00 DEBUG 29846 --- [TechNews] [           main] org.hibernate.SQL                        : 
    insert 
    into
        news_articles
        (author, category, category_id, content, created_at, image_url, published, published_at, source_domain, status, summary, title, updated_at, url, id) 
    values
        (?, ?, ?, ?, ?, ?, ?, ?, ?, ?, ?, ?, ?, ?, default)
Hibernate: 
    insert 
    into
        news_articles
        (author, category, category_id, content, created_at, image_url, published, published_at, source_domain, status, summary, title, updated_at, url, id) 
    values
        (?, ?, ?, ?, ?, ?, ?, ?, ?, ?, ?, ?, ?, ?, default)
2025-09-20T20:34:42.932-03:00 DEBUG 29846 --- [TechNews] [           main] org.hibernate.SQL                        : 
    insert 
    into
        news_articles
        (author, category, category_id, content, created_at, image_url, published, published_at, source_domain, status, summary, title, updated_at, url, id) 
    values
        (?, ?, ?, ?, ?, ?, ?, ?, ?, ?, ?, ?, ?, ?, default)
Hibernate: 
    insert 
    into
        news_articles
        (author, category, category_id, content, created_at, image_url, published, published_at, source_domain, status, summary, title, updated_at, url, id) 
    values
        (?, ?, ?, ?, ?, ?, ?, ?, ?, ?, ?, ?, ?, ?, default)
2025-09-20T20:34:42.937-03:00 DEBUG 29846 --- [TechNews] [           main] org.hibernate.SQL                        : 
    select
        count(na1_0.id) 
    from
        news_articles na1_0 
    where
        na1_0.status=?
Hibernate: 
    select
        count(na1_0.id) 
    from
        news_articles na1_0 
    where
        na1_0.status=?
2025-09-20T20:34:42.940-03:00 DEBUG 29846 --- [TechNews] [           main] org.hibernate.SQL                        : 
    select
        count(na1_0.id) 
    from
        news_articles na1_0 
    where
        na1_0.status=?
Hibernate: 
    select
        count(na1_0.id) 
    from
        news_articles na1_0 
    where
        na1_0.status=?
2025-09-20T20:34:42.943-03:00 DEBUG 29846 --- [TechNews] [           main] org.hibernate.SQL                        : 
    select
        count(na1_0.id) 
    from
        news_articles na1_0 
    where
        na1_0.status=?
Hibernate: 
    select
        count(na1_0.id) 
    from
        news_articles na1_0 
    where
        na1_0.status=?
2025-09-20T20:34:42.951-03:00 DEBUG 29846 --- [TechNews] [           main] org.hibernate.SQL                        : 
    delete 
    from
        news_articles na1_0
Hibernate: 
    delete 
    from
        news_articles na1_0
2025-09-20T20:34:42.953-03:00 DEBUG 29846 --- [TechNews] [           main] org.hibernate.SQL                        : 
    delete 
    from
        categories c1_0
Hibernate: 
    delete 
    from
        categories c1_0
2025-09-20T20:34:42.954-03:00 DEBUG 29846 --- [TechNews] [           main] org.hibernate.SQL                        : 
    insert 
    into
        categories
        (active, color, created_at, description, name, slug, updated_at, id) 
    values
        (?, ?, ?, ?, ?, ?, ?, default)
Hibernate: 
    insert 
    into
        categories
        (active, color, created_at, description, name, slug, updated_at, id) 
    values
        (?, ?, ?, ?, ?, ?, ?, default)
2025-09-20T20:34:42.958-03:00 DEBUG 29846 --- [TechNews] [           main] org.hibernate.SQL                        : 
    insert 
    into
        categories
        (active, color, created_at, description, name, slug, updated_at, id) 
    values
        (?, ?, ?, ?, ?, ?, ?, default)
Hibernate: 
    insert 
    into
        categories
        (active, color, created_at, description, name, slug, updated_at, id) 
    values
        (?, ?, ?, ?, ?, ?, ?, default)
2025-09-20T20:34:42.960-03:00 DEBUG 29846 --- [TechNews] [           main] org.hibernate.SQL                        : 
    insert 
    into
        news_articles
        (author, category, category_id, content, created_at, image_url, published, published_at, source_domain, status, summary, title, updated_at, url, id) 
    values
        (?, ?, ?, ?, ?, ?, ?, ?, ?, ?, ?, ?, ?, ?, default)
Hibernate: 
    insert 
    into
        news_articles
        (author, category, category_id, content, created_at, image_url, published, published_at, source_domain, status, summary, title, updated_at, url, id) 
    values
        (?, ?, ?, ?, ?, ?, ?, ?, ?, ?, ?, ?, ?, ?, default)
2025-09-20T20:34:42.962-03:00 DEBUG 29846 --- [TechNews] [           main] org.hibernate.SQL                        : 
    insert 
    into
        news_articles
        (author, category, category_id, content, created_at, image_url, published, published_at, source_domain, status, summary, title, updated_at, url, id) 
    values
        (?, ?, ?, ?, ?, ?, ?, ?, ?, ?, ?, ?, ?, ?, default)
Hibernate: 
    insert 
    into
        news_articles
        (author, category, category_id, content, created_at, image_url, published, published_at, source_domain, status, summary, title, updated_at, url, id) 
    values
        (?, ?, ?, ?, ?, ?, ?, ?, ?, ?, ?, ?, ?, ?, default)
2025-09-20T20:34:42.964-03:00 DEBUG 29846 --- [TechNews] [           main] org.hibernate.SQL                        : 
    insert 
    into
        news_articles
        (author, category, category_id, content, created_at, image_url, published, published_at, source_domain, status, summary, title, updated_at, url, id) 
    values
        (?, ?, ?, ?, ?, ?, ?, ?, ?, ?, ?, ?, ?, ?, default)
Hibernate: 
    insert 
    into
        news_articles
        (author, category, category_id, content, created_at, image_url, published, published_at, source_domain, status, summary, title, updated_at, url, id) 
    values
        (?, ?, ?, ?, ?, ?, ?, ?, ?, ?, ?, ?, ?, ?, default)
2025-09-20T20:34:42.976-03:00 DEBUG 29846 --- [TechNews] [           main] org.hibernate.SQL                        : 
    select
        na1_0.id,
        na1_0.author,
        na1_0.category,
        na1_0.category_id,
        na1_0.content,
        na1_0.created_at,
        na1_0.image_url,
        na1_0.published,
        na1_0.published_at,
        na1_0.source_domain,
        na1_0.status,
        na1_0.summary,
        na1_0.title,
        na1_0.updated_at,
        na1_0.url 
    from
        news_articles na1_0 
    where
        na1_0.published_at>=? 
    order by
        na1_0.published_at desc 
    fetch
        first ? rows only
Hibernate: 
    select
        na1_0.id,
        na1_0.author,
        na1_0.category,
        na1_0.category_id,
        na1_0.content,
        na1_0.created_at,
        na1_0.image_url,
        na1_0.published,
        na1_0.published_at,
        na1_0.source_domain,
        na1_0.status,
        na1_0.summary,
        na1_0.title,
        na1_0.updated_at,
        na1_0.url 
    from
        news_articles na1_0 
    where
        na1_0.published_at>=? 
    order by
        na1_0.published_at desc 
    fetch
        first ? rows only
2025-09-20T20:34:42.985-03:00 DEBUG 29846 --- [TechNews] [           main] org.hibernate.SQL                        : 
    delete 
    from
        news_articles na1_0
Hibernate: 
    delete 
    from
        news_articles na1_0
2025-09-20T20:34:42.987-03:00 DEBUG 29846 --- [TechNews] [           main] org.hibernate.SQL                        : 
    delete 
    from
        categories c1_0
Hibernate: 
    delete 
    from
        categories c1_0
2025-09-20T20:34:42.989-03:00 DEBUG 29846 --- [TechNews] [           main] org.hibernate.SQL                        : 
    insert 
    into
        categories
        (active, color, created_at, description, name, slug, updated_at, id) 
    values
        (?, ?, ?, ?, ?, ?, ?, default)
Hibernate: 
    insert 
    into
        categories
        (active, color, created_at, description, name, slug, updated_at, id) 
    values
        (?, ?, ?, ?, ?, ?, ?, default)
2025-09-20T20:34:42.991-03:00 DEBUG 29846 --- [TechNews] [           main] org.hibernate.SQL                        : 
    insert 
    into
        categories
        (active, color, created_at, description, name, slug, updated_at, id) 
    values
        (?, ?, ?, ?, ?, ?, ?, default)
Hibernate: 
    insert 
    into
        categories
        (active, color, created_at, description, name, slug, updated_at, id) 
    values
        (?, ?, ?, ?, ?, ?, ?, default)
2025-09-20T20:34:42.994-03:00 DEBUG 29846 --- [TechNews] [           main] org.hibernate.SQL                        : 
    insert 
    into
        news_articles
        (author, category, category_id, content, created_at, image_url, published, published_at, source_domain, status, summary, title, updated_at, url, id) 
    values
        (?, ?, ?, ?, ?, ?, ?, ?, ?, ?, ?, ?, ?, ?, default)
Hibernate: 
    insert 
    into
        news_articles
        (author, category, category_id, content, created_at, image_url, published, published_at, source_domain, status, summary, title, updated_at, url, id) 
    values
        (?, ?, ?, ?, ?, ?, ?, ?, ?, ?, ?, ?, ?, ?, default)
2025-09-20T20:34:42.996-03:00 DEBUG 29846 --- [TechNews] [           main] org.hibernate.SQL                        : 
    insert 
    into
        news_articles
        (author, category, category_id, content, created_at, image_url, published, published_at, source_domain, status, summary, title, updated_at, url, id) 
    values
        (?, ?, ?, ?, ?, ?, ?, ?, ?, ?, ?, ?, ?, ?, default)
Hibernate: 
    insert 
    into
        news_articles
        (author, category, category_id, content, created_at, image_url, published, published_at, source_domain, status, summary, title, updated_at, url, id) 
    values
        (?, ?, ?, ?, ?, ?, ?, ?, ?, ?, ?, ?, ?, ?, default)
2025-09-20T20:34:42.998-03:00 DEBUG 29846 --- [TechNews] [           main] org.hibernate.SQL                        : 
    insert 
    into
        news_articles
        (author, category, category_id, content, created_at, image_url, published, published_at, source_domain, status, summary, title, updated_at, url, id) 
    values
        (?, ?, ?, ?, ?, ?, ?, ?, ?, ?, ?, ?, ?, ?, default)
Hibernate: 
    insert 
    into
        news_articles
        (author, category, category_id, content, created_at, image_url, published, published_at, source_domain, status, summary, title, updated_at, url, id) 
    values
        (?, ?, ?, ?, ?, ?, ?, ?, ?, ?, ?, ?, ?, ?, default)
2025-09-20T20:34:43.006-03:00 DEBUG 29846 --- [TechNews] [           main] org.hibernate.SQL                        : 
    select
        na1_0.id,
        na1_0.author,
        na1_0.category,
        na1_0.category_id,
        na1_0.content,
        na1_0.created_at,
        na1_0.image_url,
        na1_0.published,
        na1_0.published_at,
        na1_0.source_domain,
        na1_0.status,
        na1_0.summary,
        na1_0.title,
        na1_0.updated_at,
        na1_0.url 
    from
        news_articles na1_0 
    order by
        na1_0.created_at desc
Hibernate: 
    select
        na1_0.id,
        na1_0.author,
        na1_0.category,
        na1_0.category_id,
        na1_0.content,
        na1_0.created_at,
        na1_0.image_url,
        na1_0.published,
        na1_0.published_at,
        na1_0.source_domain,
        na1_0.status,
        na1_0.summary,
        na1_0.title,
        na1_0.updated_at,
        na1_0.url 
    from
        news_articles na1_0 
    order by
        na1_0.created_at desc
2025-09-20T20:34:43.016-03:00 DEBUG 29846 --- [TechNews] [           main] org.hibernate.SQL                        : 
    delete 
    from
        news_articles na1_0
Hibernate: 
    delete 
    from
        news_articles na1_0
2025-09-20T20:34:43.019-03:00 DEBUG 29846 --- [TechNews] [           main] org.hibernate.SQL                        : 
    delete 
    from
        categories c1_0
Hibernate: 
    delete 
    from
        categories c1_0
2025-09-20T20:34:43.020-03:00 DEBUG 29846 --- [TechNews] [           main] org.hibernate.SQL                        : 
    insert 
    into
        categories
        (active, color, created_at, description, name, slug, updated_at, id) 
    values
        (?, ?, ?, ?, ?, ?, ?, default)
Hibernate: 
    insert 
    into
        categories
        (active, color, created_at, description, name, slug, updated_at, id) 
    values
        (?, ?, ?, ?, ?, ?, ?, default)
2025-09-20T20:34:43.024-03:00 DEBUG 29846 --- [TechNews] [           main] org.hibernate.SQL                        : 
    insert 
    into
        categories
        (active, color, created_at, description, name, slug, updated_at, id) 
    values
        (?, ?, ?, ?, ?, ?, ?, default)
Hibernate: 
    insert 
    into
        categories
        (active, color, created_at, description, name, slug, updated_at, id) 
    values
        (?, ?, ?, ?, ?, ?, ?, default)
2025-09-20T20:34:43.027-03:00 DEBUG 29846 --- [TechNews] [           main] org.hibernate.SQL                        : 
    insert 
    into
        news_articles
        (author, category, category_id, content, created_at, image_url, published, published_at, source_domain, status, summary, title, updated_at, url, id) 
    values
        (?, ?, ?, ?, ?, ?, ?, ?, ?, ?, ?, ?, ?, ?, default)
Hibernate: 
    insert 
    into
        news_articles
        (author, category, category_id, content, created_at, image_url, published, published_at, source_domain, status, summary, title, updated_at, url, id) 
    values
        (?, ?, ?, ?, ?, ?, ?, ?, ?, ?, ?, ?, ?, ?, default)
2025-09-20T20:34:43.029-03:00 DEBUG 29846 --- [TechNews] [           main] org.hibernate.SQL                        : 
    insert 
    into
        news_articles
        (author, category, category_id, content, created_at, image_url, published, published_at, source_domain, status, summary, title, updated_at, url, id) 
    values
        (?, ?, ?, ?, ?, ?, ?, ?, ?, ?, ?, ?, ?, ?, default)
Hibernate: 
    insert 
    into
        news_articles
        (author, category, category_id, content, created_at, image_url, published, published_at, source_domain, status, summary, title, updated_at, url, id) 
    values
        (?, ?, ?, ?, ?, ?, ?, ?, ?, ?, ?, ?, ?, ?, default)
2025-09-20T20:34:43.031-03:00 DEBUG 29846 --- [TechNews] [           main] org.hibernate.SQL                        : 
    insert 
    into
        news_articles
        (author, category, category_id, content, created_at, image_url, published, published_at, source_domain, status, summary, title, updated_at, url, id) 
    values
        (?, ?, ?, ?, ?, ?, ?, ?, ?, ?, ?, ?, ?, ?, default)
Hibernate: 
    insert 
    into
        news_articles
        (author, category, category_id, content, created_at, image_url, published, published_at, source_domain, status, summary, title, updated_at, url, id) 
    values
        (?, ?, ?, ?, ?, ?, ?, ?, ?, ?, ?, ?, ?, ?, default)
2025-09-20T20:34:43.037-03:00 DEBUG 29846 --- [TechNews] [           main] org.hibernate.SQL                        : 
    select
        na1_0.id,
        na1_0.author,
        na1_0.category,
        na1_0.category_id,
        na1_0.content,
        na1_0.created_at,
        na1_0.image_url,
        na1_0.published,
        na1_0.published_at,
        na1_0.source_domain,
        na1_0.status,
        na1_0.summary,
        na1_0.title,
        na1_0.updated_at,
        na1_0.url 
    from
        news_articles na1_0 
    where
        na1_0.status=?
Hibernate: 
    select
        na1_0.id,
        na1_0.author,
        na1_0.category,
        na1_0.category_id,
        na1_0.content,
        na1_0.created_at,
        na1_0.image_url,
        na1_0.published,
        na1_0.published_at,
        na1_0.source_domain,
        na1_0.status,
        na1_0.summary,
        na1_0.title,
        na1_0.updated_at,
        na1_0.url 
    from
        news_articles na1_0 
    where
        na1_0.status=?
2025-09-20T20:34:43.040-03:00 DEBUG 29846 --- [TechNews] [           main] org.hibernate.SQL                        : 
    select
        na1_0.id,
        na1_0.author,
        na1_0.category,
        na1_0.category_id,
        na1_0.content,
        na1_0.created_at,
        na1_0.image_url,
        na1_0.published,
        na1_0.published_at,
        na1_0.source_domain,
        na1_0.status,
        na1_0.summary,
        na1_0.title,
        na1_0.updated_at,
        na1_0.url 
    from
        news_articles na1_0 
    where
        na1_0.status=?
Hibernate: 
    select
        na1_0.id,
        na1_0.author,
        na1_0.category,
        na1_0.category_id,
        na1_0.content,
        na1_0.created_at,
        na1_0.image_url,
        na1_0.published,
        na1_0.published_at,
        na1_0.source_domain,
        na1_0.status,
        na1_0.summary,
        na1_0.title,
        na1_0.updated_at,
        na1_0.url 
    from
        news_articles na1_0 
    where
        na1_0.status=?
2025-09-20T20:34:43.045-03:00 DEBUG 29846 --- [TechNews] [           main] org.hibernate.SQL                        : 
    select
        na1_0.id,
        na1_0.author,
        na1_0.category,
        na1_0.category_id,
        na1_0.content,
        na1_0.created_at,
        na1_0.image_url,
        na1_0.published,
        na1_0.published_at,
        na1_0.source_domain,
        na1_0.status,
        na1_0.summary,
        na1_0.title,
        na1_0.updated_at,
        na1_0.url 
    from
        news_articles na1_0 
    where
        na1_0.status=?
Hibernate: 
    select
        na1_0.id,
        na1_0.author,
        na1_0.category,
        na1_0.category_id,
        na1_0.content,
        na1_0.created_at,
        na1_0.image_url,
        na1_0.published,
        na1_0.published_at,
        na1_0.source_domain,
        na1_0.status,
        na1_0.summary,
        na1_0.title,
        na1_0.updated_at,
        na1_0.url 
    from
        news_articles na1_0 
    where
        na1_0.status=?
2025-09-20T20:34:43.056-03:00 DEBUG 29846 --- [TechNews] [           main] org.hibernate.SQL                        : 
    delete 
    from
        news_articles na1_0
Hibernate: 
    delete 
    from
        news_articles na1_0
2025-09-20T20:34:43.059-03:00 DEBUG 29846 --- [TechNews] [           main] org.hibernate.SQL                        : 
    delete 
    from
        categories c1_0
Hibernate: 
    delete 
    from
        categories c1_0
2025-09-20T20:34:43.061-03:00 DEBUG 29846 --- [TechNews] [           main] org.hibernate.SQL                        : 
    insert 
    into
        categories
        (active, color, created_at, description, name, slug, updated_at, id) 
    values
        (?, ?, ?, ?, ?, ?, ?, default)
Hibernate: 
    insert 
    into
        categories
        (active, color, created_at, description, name, slug, updated_at, id) 
    values
        (?, ?, ?, ?, ?, ?, ?, default)
2025-09-20T20:34:43.063-03:00 DEBUG 29846 --- [TechNews] [           main] org.hibernate.SQL                        : 
    insert 
    into
        categories
        (active, color, created_at, description, name, slug, updated_at, id) 
    values
        (?, ?, ?, ?, ?, ?, ?, default)
Hibernate: 
    insert 
    into
        categories
        (active, color, created_at, description, name, slug, updated_at, id) 
    values
        (?, ?, ?, ?, ?, ?, ?, default)
2025-09-20T20:34:43.066-03:00 DEBUG 29846 --- [TechNews] [           main] org.hibernate.SQL                        : 
    insert 
    into
        news_articles
        (author, category, category_id, content, created_at, image_url, published, published_at, source_domain, status, summary, title, updated_at, url, id) 
    values
        (?, ?, ?, ?, ?, ?, ?, ?, ?, ?, ?, ?, ?, ?, default)
Hibernate: 
    insert 
    into
        news_articles
        (author, category, category_id, content, created_at, image_url, published, published_at, source_domain, status, summary, title, updated_at, url, id) 
    values
        (?, ?, ?, ?, ?, ?, ?, ?, ?, ?, ?, ?, ?, ?, default)
2025-09-20T20:34:43.068-03:00 DEBUG 29846 --- [TechNews] [           main] org.hibernate.SQL                        : 
    insert 
    into
        news_articles
        (author, category, category_id, content, created_at, image_url, published, published_at, source_domain, status, summary, title, updated_at, url, id) 
    values
        (?, ?, ?, ?, ?, ?, ?, ?, ?, ?, ?, ?, ?, ?, default)
Hibernate: 
    insert 
    into
        news_articles
        (author, category, category_id, content, created_at, image_url, published, published_at, source_domain, status, summary, title, updated_at, url, id) 
    values
        (?, ?, ?, ?, ?, ?, ?, ?, ?, ?, ?, ?, ?, ?, default)
2025-09-20T20:34:43.071-03:00 DEBUG 29846 --- [TechNews] [           main] org.hibernate.SQL                        : 
    insert 
    into
        news_articles
        (author, category, category_id, content, created_at, image_url, published, published_at, source_domain, status, summary, title, updated_at, url, id) 
    values
        (?, ?, ?, ?, ?, ?, ?, ?, ?, ?, ?, ?, ?, ?, default)
Hibernate: 
    insert 
    into
        news_articles
        (author, category, category_id, content, created_at, image_url, published, published_at, source_domain, status, summary, title, updated_at, url, id) 
    values
        (?, ?, ?, ?, ?, ?, ?, ?, ?, ?, ?, ?, ?, ?, default)
2025-09-20T20:34:43.087-03:00 DEBUG 29846 --- [TechNews] [           main] org.hibernate.SQL                        : 
    select
        na1_0.id,
        na1_0.author,
        na1_0.category,
        na1_0.category_id,
        na1_0.content,
        na1_0.created_at,
        na1_0.image_url,
        na1_0.published,
        na1_0.published_at,
        na1_0.source_domain,
        na1_0.status,
        na1_0.summary,
        na1_0.title,
        na1_0.updated_at,
        na1_0.url 
    from
        news_articles na1_0 
    where
        na1_0.published 
        and na1_0.category=? 
    order by
        na1_0.published_at desc,
        na1_0.created_at desc 
    fetch
        first ? rows only
Hibernate: 
    select
        na1_0.id,
        na1_0.author,
        na1_0.category,
        na1_0.category_id,
        na1_0.content,
        na1_0.created_at,
        na1_0.image_url,
        na1_0.published,
        na1_0.published_at,
        na1_0.source_domain,
        na1_0.status,
        na1_0.summary,
        na1_0.title,
        na1_0.updated_at,
        na1_0.url 
    from
        news_articles na1_0 
    where
        na1_0.published 
        and na1_0.category=? 
    order by
        na1_0.published_at desc,
        na1_0.created_at desc 
    fetch
        first ? rows only
2025-09-20T20:34:43.095-03:00 DEBUG 29846 --- [TechNews] [           main] org.hibernate.SQL                        : 
    select
        count(na1_0.id) 
    from
        news_articles na1_0 
    where
        na1_0.published 
        and na1_0.category=?
Hibernate: 
    select
        count(na1_0.id) 
    from
        news_articles na1_0 
    where
        na1_0.published 
        and na1_0.category=?
2025-09-20T20:34:43.104-03:00 DEBUG 29846 --- [TechNews] [           main] org.hibernate.SQL                        : 
    delete 
    from
        news_articles na1_0
Hibernate: 
    delete 
    from
        news_articles na1_0
2025-09-20T20:34:43.106-03:00 DEBUG 29846 --- [TechNews] [           main] org.hibernate.SQL                        : 
    delete 
    from
        categories c1_0
Hibernate: 
    delete 
    from
        categories c1_0
2025-09-20T20:34:43.109-03:00 DEBUG 29846 --- [TechNews] [           main] org.hibernate.SQL                        : 
    insert 
    into
        categories
        (active, color, created_at, description, name, slug, updated_at, id) 
    values
        (?, ?, ?, ?, ?, ?, ?, default)
Hibernate: 
    insert 
    into
        categories
        (active, color, created_at, description, name, slug, updated_at, id) 
    values
        (?, ?, ?, ?, ?, ?, ?, default)
2025-09-20T20:34:43.112-03:00 DEBUG 29846 --- [TechNews] [           main] org.hibernate.SQL                        : 
    insert 
    into
        categories
        (active, color, created_at, description, name, slug, updated_at, id) 
    values
        (?, ?, ?, ?, ?, ?, ?, default)
Hibernate: 
    insert 
    into
        categories
        (active, color, created_at, description, name, slug, updated_at, id) 
    values
        (?, ?, ?, ?, ?, ?, ?, default)
2025-09-20T20:34:43.114-03:00 DEBUG 29846 --- [TechNews] [           main] org.hibernate.SQL                        : 
    insert 
    into
        news_articles
        (author, category, category_id, content, created_at, image_url, published, published_at, source_domain, status, summary, title, updated_at, url, id) 
    values
        (?, ?, ?, ?, ?, ?, ?, ?, ?, ?, ?, ?, ?, ?, default)
Hibernate: 
    insert 
    into
        news_articles
        (author, category, category_id, content, created_at, image_url, published, published_at, source_domain, status, summary, title, updated_at, url, id) 
    values
        (?, ?, ?, ?, ?, ?, ?, ?, ?, ?, ?, ?, ?, ?, default)
2025-09-20T20:34:43.116-03:00 DEBUG 29846 --- [TechNews] [           main] org.hibernate.SQL                        : 
    insert 
    into
        news_articles
        (author, category, category_id, content, created_at, image_url, published, published_at, source_domain, status, summary, title, updated_at, url, id) 
    values
        (?, ?, ?, ?, ?, ?, ?, ?, ?, ?, ?, ?, ?, ?, default)
Hibernate: 
    insert 
    into
        news_articles
        (author, category, category_id, content, created_at, image_url, published, published_at, source_domain, status, summary, title, updated_at, url, id) 
    values
        (?, ?, ?, ?, ?, ?, ?, ?, ?, ?, ?, ?, ?, ?, default)
2025-09-20T20:34:43.118-03:00 DEBUG 29846 --- [TechNews] [           main] org.hibernate.SQL                        : 
    insert 
    into
        news_articles
        (author, category, category_id, content, created_at, image_url, published, published_at, source_domain, status, summary, title, updated_at, url, id) 
    values
        (?, ?, ?, ?, ?, ?, ?, ?, ?, ?, ?, ?, ?, ?, default)
Hibernate: 
    insert 
    into
        news_articles
        (author, category, category_id, content, created_at, image_url, published, published_at, source_domain, status, summary, title, updated_at, url, id) 
    values
        (?, ?, ?, ?, ?, ?, ?, ?, ?, ?, ?, ?, ?, ?, default)
2025-09-20T20:34:43.124-03:00 DEBUG 29846 --- [TechNews] [           main] org.hibernate.SQL                        : 
    select
        na1_0.id,
        na1_0.author,
        na1_0.category,
        na1_0.category_id,
        na1_0.content,
        na1_0.created_at,
        na1_0.image_url,
        na1_0.published,
        na1_0.published_at,
        na1_0.source_domain,
        na1_0.status,
        na1_0.summary,
        na1_0.title,
        na1_0.updated_at,
        na1_0.url 
    from
        news_articles na1_0 
    where
        na1_0.created_at>?
Hibernate: 
    select
        na1_0.id,
        na1_0.author,
        na1_0.category,
        na1_0.category_id,
        na1_0.content,
        na1_0.created_at,
        na1_0.image_url,
        na1_0.published,
        na1_0.published_at,
        na1_0.source_domain,
        na1_0.status,
        na1_0.summary,
        na1_0.title,
        na1_0.updated_at,
        na1_0.url 
    from
        news_articles na1_0 
    where
        na1_0.created_at>?
2025-09-20T20:34:43.133-03:00 DEBUG 29846 --- [TechNews] [           main] org.hibernate.SQL                        : 
    delete 
    from
        news_articles na1_0
Hibernate: 
    delete 
    from
        news_articles na1_0
2025-09-20T20:34:43.136-03:00 DEBUG 29846 --- [TechNews] [           main] org.hibernate.SQL                        : 
    delete 
    from
        categories c1_0
Hibernate: 
    delete 
    from
        categories c1_0
2025-09-20T20:34:43.137-03:00 DEBUG 29846 --- [TechNews] [           main] org.hibernate.SQL                        : 
    insert 
    into
        categories
        (active, color, created_at, description, name, slug, updated_at, id) 
    values
        (?, ?, ?, ?, ?, ?, ?, default)
Hibernate: 
    insert 
    into
        categories
        (active, color, created_at, description, name, slug, updated_at, id) 
    values
        (?, ?, ?, ?, ?, ?, ?, default)
2025-09-20T20:34:43.139-03:00 DEBUG 29846 --- [TechNews] [           main] org.hibernate.SQL                        : 
    insert 
    into
        categories
        (active, color, created_at, description, name, slug, updated_at, id) 
    values
        (?, ?, ?, ?, ?, ?, ?, default)
Hibernate: 
    insert 
    into
        categories
        (active, color, created_at, description, name, slug, updated_at, id) 
    values
        (?, ?, ?, ?, ?, ?, ?, default)
2025-09-20T20:34:43.140-03:00 DEBUG 29846 --- [TechNews] [           main] org.hibernate.SQL                        : 
    insert 
    into
        news_articles
        (author, category, category_id, content, created_at, image_url, published, published_at, source_domain, status, summary, title, updated_at, url, id) 
    values
        (?, ?, ?, ?, ?, ?, ?, ?, ?, ?, ?, ?, ?, ?, default)
Hibernate: 
    insert 
    into
        news_articles
        (author, category, category_id, content, created_at, image_url, published, published_at, source_domain, status, summary, title, updated_at, url, id) 
    values
        (?, ?, ?, ?, ?, ?, ?, ?, ?, ?, ?, ?, ?, ?, default)
2025-09-20T20:34:43.142-03:00 DEBUG 29846 --- [TechNews] [           main] org.hibernate.SQL                        : 
    insert 
    into
        news_articles
        (author, category, category_id, content, created_at, image_url, published, published_at, source_domain, status, summary, title, updated_at, url, id) 
    values
        (?, ?, ?, ?, ?, ?, ?, ?, ?, ?, ?, ?, ?, ?, default)
Hibernate: 
    insert 
    into
        news_articles
        (author, category, category_id, content, created_at, image_url, published, published_at, source_domain, status, summary, title, updated_at, url, id) 
    values
        (?, ?, ?, ?, ?, ?, ?, ?, ?, ?, ?, ?, ?, ?, default)
2025-09-20T20:34:43.145-03:00 DEBUG 29846 --- [TechNews] [           main] org.hibernate.SQL                        : 
    insert 
    into
        news_articles
        (author, category, category_id, content, created_at, image_url, published, published_at, source_domain, status, summary, title, updated_at, url, id) 
    values
        (?, ?, ?, ?, ?, ?, ?, ?, ?, ?, ?, ?, ?, ?, default)
Hibernate: 
    insert 
    into
        news_articles
        (author, category, category_id, content, created_at, image_url, published, published_at, source_domain, status, summary, title, updated_at, url, id) 
    values
        (?, ?, ?, ?, ?, ?, ?, ?, ?, ?, ?, ?, ?, ?, default)
2025-09-20T20:34:43.149-03:00 DEBUG 29846 --- [TechNews] [           main] org.hibernate.SQL                        : 
    select
        na1_0.id,
        na1_0.author,
        na1_0.category,
        na1_0.category_id,
        na1_0.content,
        na1_0.created_at,
        na1_0.image_url,
        na1_0.published,
        na1_0.published_at,
        na1_0.source_domain,
        na1_0.status,
        na1_0.summary,
        na1_0.title,
        na1_0.updated_at,
        na1_0.url 
    from
        news_articles na1_0 
    where
        na1_0.url=?
Hibernate: 
    select
        na1_0.id,
        na1_0.author,
        na1_0.category,
        na1_0.category_id,
        na1_0.content,
        na1_0.created_at,
        na1_0.image_url,
        na1_0.published,
        na1_0.published_at,
        na1_0.source_domain,
        na1_0.status,
        na1_0.summary,
        na1_0.title,
        na1_0.updated_at,
        na1_0.url 
    from
        news_articles na1_0 
    where
        na1_0.url=?
2025-09-20T20:34:43.158-03:00 DEBUG 29846 --- [TechNews] [           main] org.hibernate.SQL                        : 
    delete 
    from
        news_articles na1_0
Hibernate: 
    delete 
    from
        news_articles na1_0
2025-09-20T20:34:43.160-03:00 DEBUG 29846 --- [TechNews] [           main] org.hibernate.SQL                        : 
    delete 
    from
        categories c1_0
Hibernate: 
    delete 
    from
        categories c1_0
2025-09-20T20:34:43.162-03:00 DEBUG 29846 --- [TechNews] [           main] org.hibernate.SQL                        : 
    insert 
    into
        categories
        (active, color, created_at, description, name, slug, updated_at, id) 
    values
        (?, ?, ?, ?, ?, ?, ?, default)
Hibernate: 
    insert 
    into
        categories
        (active, color, created_at, description, name, slug, updated_at, id) 
    values
        (?, ?, ?, ?, ?, ?, ?, default)
2025-09-20T20:34:43.164-03:00 DEBUG 29846 --- [TechNews] [           main] org.hibernate.SQL                        : 
    insert 
    into
        categories
        (active, color, created_at, description, name, slug, updated_at, id) 
    values
        (?, ?, ?, ?, ?, ?, ?, default)
Hibernate: 
    insert 
    into
        categories
        (active, color, created_at, description, name, slug, updated_at, id) 
    values
        (?, ?, ?, ?, ?, ?, ?, default)
2025-09-20T20:34:43.167-03:00 DEBUG 29846 --- [TechNews] [           main] org.hibernate.SQL                        : 
    insert 
    into
        news_articles
        (author, category, category_id, content, created_at, image_url, published, published_at, source_domain, status, summary, title, updated_at, url, id) 
    values
        (?, ?, ?, ?, ?, ?, ?, ?, ?, ?, ?, ?, ?, ?, default)
Hibernate: 
    insert 
    into
        news_articles
        (author, category, category_id, content, created_at, image_url, published, published_at, source_domain, status, summary, title, updated_at, url, id) 
    values
        (?, ?, ?, ?, ?, ?, ?, ?, ?, ?, ?, ?, ?, ?, default)
2025-09-20T20:34:43.170-03:00 DEBUG 29846 --- [TechNews] [           main] org.hibernate.SQL                        : 
    insert 
    into
        news_articles
        (author, category, category_id, content, created_at, image_url, published, published_at, source_domain, status, summary, title, updated_at, url, id) 
    values
        (?, ?, ?, ?, ?, ?, ?, ?, ?, ?, ?, ?, ?, ?, default)
Hibernate: 
    insert 
    into
        news_articles
        (author, category, category_id, content, created_at, image_url, published, published_at, source_domain, status, summary, title, updated_at, url, id) 
    values
        (?, ?, ?, ?, ?, ?, ?, ?, ?, ?, ?, ?, ?, ?, default)
2025-09-20T20:34:43.172-03:00 DEBUG 29846 --- [TechNews] [           main] org.hibernate.SQL                        : 
    insert 
    into
        news_articles
        (author, category, category_id, content, created_at, image_url, published, published_at, source_domain, status, summary, title, updated_at, url, id) 
    values
        (?, ?, ?, ?, ?, ?, ?, ?, ?, ?, ?, ?, ?, ?, default)
Hibernate: 
    insert 
    into
        news_articles
        (author, category, category_id, content, created_at, image_url, published, published_at, source_domain, status, summary, title, updated_at, url, id) 
    values
        (?, ?, ?, ?, ?, ?, ?, ?, ?, ?, ?, ?, ?, ?, default)
2025-09-20T20:34:43.178-03:00 DEBUG 29846 --- [TechNews] [           main] org.hibernate.SQL                        : 
    select
        na1_0.id,
        na1_0.author,
        na1_0.category,
        na1_0.category_id,
        na1_0.content,
        na1_0.created_at,
        na1_0.image_url,
        na1_0.published,
        na1_0.published_at,
        na1_0.source_domain,
        na1_0.status,
        na1_0.summary,
        na1_0.title,
        na1_0.updated_at,
        na1_0.url 
    from
        news_articles na1_0 
    order by
        na1_0.title 
    offset
        ? rows 
    fetch
        first ? rows only
Hibernate: 
    select
        na1_0.id,
        na1_0.author,
        na1_0.category,
        na1_0.category_id,
        na1_0.content,
        na1_0.created_at,
        na1_0.image_url,
        na1_0.published,
        na1_0.published_at,
        na1_0.source_domain,
        na1_0.status,
        na1_0.summary,
        na1_0.title,
        na1_0.updated_at,
        na1_0.url 
    from
        news_articles na1_0 
    order by
        na1_0.title 
    offset
        ? rows 
    fetch
        first ? rows only
2025-09-20T20:34:43.181-03:00 DEBUG 29846 --- [TechNews] [           main] org.hibernate.SQL                        : 
    select
        count(na1_0.id) 
    from
        news_articles na1_0
Hibernate: 
    select
        count(na1_0.id) 
    from
        news_articles na1_0
2025-09-20T20:34:43.188-03:00 DEBUG 29846 --- [TechNews] [           main] org.hibernate.SQL                        : 
    delete 
    from
        news_articles na1_0
Hibernate: 
    delete 
    from
        news_articles na1_0
2025-09-20T20:34:43.190-03:00 DEBUG 29846 --- [TechNews] [           main] org.hibernate.SQL                        : 
    delete 
    from
        categories c1_0
Hibernate: 
    delete 
    from
        categories c1_0
2025-09-20T20:34:43.192-03:00 DEBUG 29846 --- [TechNews] [           main] org.hibernate.SQL                        : 
    insert 
    into
        categories
        (active, color, created_at, description, name, slug, updated_at, id) 
    values
        (?, ?, ?, ?, ?, ?, ?, default)
Hibernate: 
    insert 
    into
        categories
        (active, color, created_at, description, name, slug, updated_at, id) 
    values
        (?, ?, ?, ?, ?, ?, ?, default)
2025-09-20T20:34:43.194-03:00 DEBUG 29846 --- [TechNews] [           main] org.hibernate.SQL                        : 
    insert 
    into
        categories
        (active, color, created_at, description, name, slug, updated_at, id) 
    values
        (?, ?, ?, ?, ?, ?, ?, default)
Hibernate: 
    insert 
    into
        categories
        (active, color, created_at, description, name, slug, updated_at, id) 
    values
        (?, ?, ?, ?, ?, ?, ?, default)
2025-09-20T20:34:43.195-03:00 DEBUG 29846 --- [TechNews] [           main] org.hibernate.SQL                        : 
    insert 
    into
        news_articles
        (author, category, category_id, content, created_at, image_url, published, published_at, source_domain, status, summary, title, updated_at, url, id) 
    values
        (?, ?, ?, ?, ?, ?, ?, ?, ?, ?, ?, ?, ?, ?, default)
Hibernate: 
    insert 
    into
        news_articles
        (author, category, category_id, content, created_at, image_url, published, published_at, source_domain, status, summary, title, updated_at, url, id) 
    values
        (?, ?, ?, ?, ?, ?, ?, ?, ?, ?, ?, ?, ?, ?, default)
2025-09-20T20:34:43.197-03:00 DEBUG 29846 --- [TechNews] [           main] org.hibernate.SQL                        : 
    insert 
    into
        news_articles
        (author, category, category_id, content, created_at, image_url, published, published_at, source_domain, status, summary, title, updated_at, url, id) 
    values
        (?, ?, ?, ?, ?, ?, ?, ?, ?, ?, ?, ?, ?, ?, default)
Hibernate: 
    insert 
    into
        news_articles
        (author, category, category_id, content, created_at, image_url, published, published_at, source_domain, status, summary, title, updated_at, url, id) 
    values
        (?, ?, ?, ?, ?, ?, ?, ?, ?, ?, ?, ?, ?, ?, default)
2025-09-20T20:34:43.199-03:00 DEBUG 29846 --- [TechNews] [           main] org.hibernate.SQL                        : 
    insert 
    into
        news_articles
        (author, category, category_id, content, created_at, image_url, published, published_at, source_domain, status, summary, title, updated_at, url, id) 
    values
        (?, ?, ?, ?, ?, ?, ?, ?, ?, ?, ?, ?, ?, ?, default)
Hibernate: 
    insert 
    into
        news_articles
        (author, category, category_id, content, created_at, image_url, published, published_at, source_domain, status, summary, title, updated_at, url, id) 
    values
        (?, ?, ?, ?, ?, ?, ?, ?, ?, ?, ?, ?, ?, ?, default)
2025-09-20T20:34:43.204-03:00 DEBUG 29846 --- [TechNews] [           main] org.hibernate.SQL                        : 
    select
        na1_0.id,
        na1_0.author,
        na1_0.category,
        na1_0.category_id,
        na1_0.content,
        na1_0.created_at,
        na1_0.image_url,
        na1_0.published,
        na1_0.published_at,
        na1_0.source_domain,
        na1_0.status,
        na1_0.summary,
        na1_0.title,
        na1_0.updated_at,
        na1_0.url 
    from
        news_articles na1_0 
    where
        na1_0.category=? 
    order by
        na1_0.created_at desc
Hibernate: 
    select
        na1_0.id,
        na1_0.author,
        na1_0.category,
        na1_0.category_id,
        na1_0.content,
        na1_0.created_at,
        na1_0.image_url,
        na1_0.published,
        na1_0.published_at,
        na1_0.source_domain,
        na1_0.status,
        na1_0.summary,
        na1_0.title,
        na1_0.updated_at,
        na1_0.url 
    from
        news_articles na1_0 
    where
        na1_0.category=? 
    order by
        na1_0.created_at desc
2025-09-20T20:34:43.208-03:00 DEBUG 29846 --- [TechNews] [           main] org.hibernate.SQL                        : 
    select
        na1_0.id,
        na1_0.author,
        na1_0.category,
        na1_0.category_id,
        na1_0.content,
        na1_0.created_at,
        na1_0.image_url,
        na1_0.published,
        na1_0.published_at,
        na1_0.source_domain,
        na1_0.status,
        na1_0.summary,
        na1_0.title,
        na1_0.updated_at,
        na1_0.url 
    from
        news_articles na1_0 
    where
        na1_0.category=? 
    order by
        na1_0.created_at desc
Hibernate: 
    select
        na1_0.id,
        na1_0.author,
        na1_0.category,
        na1_0.category_id,
        na1_0.content,
        na1_0.created_at,
        na1_0.image_url,
        na1_0.published,
        na1_0.published_at,
        na1_0.source_domain,
        na1_0.status,
        na1_0.summary,
        na1_0.title,
        na1_0.updated_at,
        na1_0.url 
    from
        news_articles na1_0 
    where
        na1_0.category=? 
    order by
        na1_0.created_at desc
2025-09-20T20:34:43.216-03:00 DEBUG 29846 --- [TechNews] [           main] org.hibernate.SQL                        : 
    delete 
    from
        news_articles na1_0
Hibernate: 
    delete 
    from
        news_articles na1_0
2025-09-20T20:34:43.218-03:00 DEBUG 29846 --- [TechNews] [           main] org.hibernate.SQL                        : 
    delete 
    from
        categories c1_0
Hibernate: 
    delete 
    from
        categories c1_0
2025-09-20T20:34:43.220-03:00 DEBUG 29846 --- [TechNews] [           main] org.hibernate.SQL                        : 
    insert 
    into
        categories
        (active, color, created_at, description, name, slug, updated_at, id) 
    values
        (?, ?, ?, ?, ?, ?, ?, default)
Hibernate: 
    insert 
    into
        categories
        (active, color, created_at, description, name, slug, updated_at, id) 
    values
        (?, ?, ?, ?, ?, ?, ?, default)
2025-09-20T20:34:43.222-03:00 DEBUG 29846 --- [TechNews] [           main] org.hibernate.SQL                        : 
    insert 
    into
        categories
        (active, color, created_at, description, name, slug, updated_at, id) 
    values
        (?, ?, ?, ?, ?, ?, ?, default)
Hibernate: 
    insert 
    into
        categories
        (active, color, created_at, description, name, slug, updated_at, id) 
    values
        (?, ?, ?, ?, ?, ?, ?, default)
2025-09-20T20:34:43.223-03:00 DEBUG 29846 --- [TechNews] [           main] org.hibernate.SQL                        : 
    insert 
    into
        news_articles
        (author, category, category_id, content, created_at, image_url, published, published_at, source_domain, status, summary, title, updated_at, url, id) 
    values
        (?, ?, ?, ?, ?, ?, ?, ?, ?, ?, ?, ?, ?, ?, default)
Hibernate: 
    insert 
    into
        news_articles
        (author, category, category_id, content, created_at, image_url, published, published_at, source_domain, status, summary, title, updated_at, url, id) 
    values
        (?, ?, ?, ?, ?, ?, ?, ?, ?, ?, ?, ?, ?, ?, default)
2025-09-20T20:34:43.225-03:00 DEBUG 29846 --- [TechNews] [           main] org.hibernate.SQL                        : 
    insert 
    into
        news_articles
        (author, category, category_id, content, created_at, image_url, published, published_at, source_domain, status, summary, title, updated_at, url, id) 
    values
        (?, ?, ?, ?, ?, ?, ?, ?, ?, ?, ?, ?, ?, ?, default)
Hibernate: 
    insert 
    into
        news_articles
        (author, category, category_id, content, created_at, image_url, published, published_at, source_domain, status, summary, title, updated_at, url, id) 
    values
        (?, ?, ?, ?, ?, ?, ?, ?, ?, ?, ?, ?, ?, ?, default)
2025-09-20T20:34:43.227-03:00 DEBUG 29846 --- [TechNews] [           main] org.hibernate.SQL                        : 
    insert 
    into
        news_articles
        (author, category, category_id, content, created_at, image_url, published, published_at, source_domain, status, summary, title, updated_at, url, id) 
    values
        (?, ?, ?, ?, ?, ?, ?, ?, ?, ?, ?, ?, ?, ?, default)
Hibernate: 
    insert 
    into
        news_articles
        (author, category, category_id, content, created_at, image_url, published, published_at, source_domain, status, summary, title, updated_at, url, id) 
    values
        (?, ?, ?, ?, ?, ?, ?, ?, ?, ?, ?, ?, ?, ?, default)
2025-09-20T20:34:43.232-03:00 DEBUG 29846 --- [TechNews] [           main] org.hibernate.SQL                        : 
    insert 
    into
        news_articles
        (author, category, category_id, content, created_at, image_url, published, published_at, source_domain, status, summary, title, updated_at, url, id) 
    values
        (?, ?, ?, ?, ?, ?, ?, ?, ?, ?, ?, ?, ?, ?, default)
Hibernate: 
    insert 
    into
        news_articles
        (author, category, category_id, content, created_at, image_url, published, published_at, source_domain, status, summary, title, updated_at, url, id) 
    values
        (?, ?, ?, ?, ?, ?, ?, ?, ?, ?, ?, ?, ?, ?, default)
2025-09-20T20:34:43.241-03:00  WARN 29846 --- [TechNews] [           main] o.h.engine.jdbc.spi.SqlExceptionHelper   : SQL Error: 23505, SQLState: 23505
2025-09-20T20:34:43.241-03:00 ERROR 29846 --- [TechNews] [           main] o.h.engine.jdbc.spi.SqlExceptionHelper   : Unique index or primary key violation: "PUBLIC.CONSTRAINT_INDEX_7 ON PUBLIC.NEWS_ARTICLES(URL NULLS FIRST) VALUES ( /* 43 */ 'https://example.com/artigo-ia' )"; SQL statement:
insert into news_articles (author,category,category_id,content,created_at,image_url,published,published_at,source_domain,status,summary,title,updated_at,url,id) values (?,?,?,?,?,?,?,?,?,?,?,?,?,?,default) [23505-232]
2025-09-20T20:34:43.278-03:00 DEBUG 29846 --- [TechNews] [           main] org.hibernate.SQL                        : 
    delete 
    from
        news_articles na1_0
Hibernate: 
    delete 
    from
        news_articles na1_0
2025-09-20T20:34:43.279-03:00 DEBUG 29846 --- [TechNews] [           main] org.hibernate.SQL                        : 
    delete 
    from
        categories c1_0
Hibernate: 
    delete 
    from
        categories c1_0
2025-09-20T20:34:43.281-03:00 DEBUG 29846 --- [TechNews] [           main] org.hibernate.SQL                        : 
    insert 
    into
        categories
        (active, color, created_at, description, name, slug, updated_at, id) 
    values
        (?, ?, ?, ?, ?, ?, ?, default)
Hibernate: 
    insert 
    into
        categories
        (active, color, created_at, description, name, slug, updated_at, id) 
    values
        (?, ?, ?, ?, ?, ?, ?, default)
2025-09-20T20:34:43.282-03:00 DEBUG 29846 --- [TechNews] [           main] org.hibernate.SQL                        : 
    insert 
    into
        categories
        (active, color, created_at, description, name, slug, updated_at, id) 
    values
        (?, ?, ?, ?, ?, ?, ?, default)
Hibernate: 
    insert 
    into
        categories
        (active, color, created_at, description, name, slug, updated_at, id) 
    values
        (?, ?, ?, ?, ?, ?, ?, default)
2025-09-20T20:34:43.284-03:00 DEBUG 29846 --- [TechNews] [           main] org.hibernate.SQL                        : 
    insert 
    into
        news_articles
        (author, category, category_id, content, created_at, image_url, published, published_at, source_domain, status, summary, title, updated_at, url, id) 
    values
        (?, ?, ?, ?, ?, ?, ?, ?, ?, ?, ?, ?, ?, ?, default)
Hibernate: 
    insert 
    into
        news_articles
        (author, category, category_id, content, created_at, image_url, published, published_at, source_domain, status, summary, title, updated_at, url, id) 
    values
        (?, ?, ?, ?, ?, ?, ?, ?, ?, ?, ?, ?, ?, ?, default)
2025-09-20T20:34:43.286-03:00 DEBUG 29846 --- [TechNews] [           main] org.hibernate.SQL                        : 
    insert 
    into
        news_articles
        (author, category, category_id, content, created_at, image_url, published, published_at, source_domain, status, summary, title, updated_at, url, id) 
    values
        (?, ?, ?, ?, ?, ?, ?, ?, ?, ?, ?, ?, ?, ?, default)
Hibernate: 
    insert 
    into
        news_articles
        (author, category, category_id, content, created_at, image_url, published, published_at, source_domain, status, summary, title, updated_at, url, id) 
    values
        (?, ?, ?, ?, ?, ?, ?, ?, ?, ?, ?, ?, ?, ?, default)
2025-09-20T20:34:43.287-03:00 DEBUG 29846 --- [TechNews] [           main] org.hibernate.SQL                        : 
    insert 
    into
        news_articles
        (author, category, category_id, content, created_at, image_url, published, published_at, source_domain, status, summary, title, updated_at, url, id) 
    values
        (?, ?, ?, ?, ?, ?, ?, ?, ?, ?, ?, ?, ?, ?, default)
Hibernate: 
    insert 
    into
        news_articles
        (author, category, category_id, content, created_at, image_url, published, published_at, source_domain, status, summary, title, updated_at, url, id) 
    values
        (?, ?, ?, ?, ?, ?, ?, ?, ?, ?, ?, ?, ?, ?, default)
2025-09-20T20:34:43.290-03:00 DEBUG 29846 --- [TechNews] [           main] org.hibernate.SQL                        : 
    select
        na1_0.id,
        na1_0.author,
        na1_0.category,
        na1_0.category_id,
        na1_0.content,
        na1_0.created_at,
        na1_0.image_url,
        na1_0.published,
        na1_0.published_at,
        na1_0.source_domain,
        na1_0.status,
        na1_0.summary,
        na1_0.title,
        na1_0.updated_at,
        na1_0.url 
    from
        news_articles na1_0 
    where
        na1_0.url=?
Hibernate: 
    select
        na1_0.id,
        na1_0.author,
        na1_0.category,
        na1_0.category_id,
        na1_0.content,
        na1_0.created_at,
        na1_0.image_url,
        na1_0.published,
        na1_0.published_at,
        na1_0.source_domain,
        na1_0.status,
        na1_0.summary,
        na1_0.title,
        na1_0.updated_at,
        na1_0.url 
    from
        news_articles na1_0 
    where
        na1_0.url=?
2025-09-20T20:34:43.296-03:00 DEBUG 29846 --- [TechNews] [           main] org.hibernate.SQL                        : 
    delete 
    from
        news_articles na1_0
Hibernate: 
    delete 
    from
        news_articles na1_0
2025-09-20T20:34:43.298-03:00 DEBUG 29846 --- [TechNews] [           main] org.hibernate.SQL                        : 
    delete 
    from
        categories c1_0
Hibernate: 
    delete 
    from
        categories c1_0
2025-09-20T20:34:43.299-03:00 DEBUG 29846 --- [TechNews] [           main] org.hibernate.SQL                        : 
    insert 
    into
        categories
        (active, color, created_at, description, name, slug, updated_at, id) 
    values
        (?, ?, ?, ?, ?, ?, ?, default)
Hibernate: 
    insert 
    into
        categories
        (active, color, created_at, description, name, slug, updated_at, id) 
    values
        (?, ?, ?, ?, ?, ?, ?, default)
2025-09-20T20:34:43.302-03:00 DEBUG 29846 --- [TechNews] [           main] org.hibernate.SQL                        : 
    insert 
    into
        categories
        (active, color, created_at, description, name, slug, updated_at, id) 
    values
        (?, ?, ?, ?, ?, ?, ?, default)
Hibernate: 
    insert 
    into
        categories
        (active, color, created_at, description, name, slug, updated_at, id) 
    values
        (?, ?, ?, ?, ?, ?, ?, default)
2025-09-20T20:34:43.304-03:00 DEBUG 29846 --- [TechNews] [           main] org.hibernate.SQL                        : 
    insert 
    into
        news_articles
        (author, category, category_id, content, created_at, image_url, published, published_at, source_domain, status, summary, title, updated_at, url, id) 
    values
        (?, ?, ?, ?, ?, ?, ?, ?, ?, ?, ?, ?, ?, ?, default)
Hibernate: 
    insert 
    into
        news_articles
        (author, category, category_id, content, created_at, image_url, published, published_at, source_domain, status, summary, title, updated_at, url, id) 
    values
        (?, ?, ?, ?, ?, ?, ?, ?, ?, ?, ?, ?, ?, ?, default)
2025-09-20T20:34:43.305-03:00 DEBUG 29846 --- [TechNews] [           main] org.hibernate.SQL                        : 
    insert 
    into
        news_articles
        (author, category, category_id, content, created_at, image_url, published, published_at, source_domain, status, summary, title, updated_at, url, id) 
    values
        (?, ?, ?, ?, ?, ?, ?, ?, ?, ?, ?, ?, ?, ?, default)
Hibernate: 
    insert 
    into
        news_articles
        (author, category, category_id, content, created_at, image_url, published, published_at, source_domain, status, summary, title, updated_at, url, id) 
    values
        (?, ?, ?, ?, ?, ?, ?, ?, ?, ?, ?, ?, ?, ?, default)
2025-09-20T20:34:43.306-03:00 DEBUG 29846 --- [TechNews] [           main] org.hibernate.SQL                        : 
    insert 
    into
        news_articles
        (author, category, category_id, content, created_at, image_url, published, published_at, source_domain, status, summary, title, updated_at, url, id) 
    values
        (?, ?, ?, ?, ?, ?, ?, ?, ?, ?, ?, ?, ?, ?, default)
Hibernate: 
    insert 
    into
        news_articles
        (author, category, category_id, content, created_at, image_url, published, published_at, source_domain, status, summary, title, updated_at, url, id) 
    values
        (?, ?, ?, ?, ?, ?, ?, ?, ?, ?, ?, ?, ?, ?, default)
2025-09-20T20:34:43.309-03:00 DEBUG 29846 --- [TechNews] [           main] org.hibernate.SQL                        : 
    insert 
    into
        news_articles
        (author, category, category_id, content, created_at, image_url, published, published_at, source_domain, status, summary, title, updated_at, url, id) 
    values
        (?, ?, ?, ?, ?, ?, ?, ?, ?, ?, ?, ?, ?, ?, default)
Hibernate: 
    insert 
    into
        news_articles
        (author, category, category_id, content, created_at, image_url, published, published_at, source_domain, status, summary, title, updated_at, url, id) 
    values
        (?, ?, ?, ?, ?, ?, ?, ?, ?, ?, ?, ?, ?, ?, default)
2025-09-20T20:34:43.340-03:00 DEBUG 29846 --- [TechNews] [           main] org.hibernate.SQL                        : 
    delete 
    from
        news_articles na1_0
Hibernate: 
    delete 
    from
        news_articles na1_0
2025-09-20T20:34:43.342-03:00 DEBUG 29846 --- [TechNews] [           main] org.hibernate.SQL                        : 
    delete 
    from
        categories c1_0
Hibernate: 
    delete 
    from
        categories c1_0
2025-09-20T20:34:43.345-03:00 DEBUG 29846 --- [TechNews] [           main] org.hibernate.SQL                        : 
    insert 
    into
        categories
        (active, color, created_at, description, name, slug, updated_at, id) 
    values
        (?, ?, ?, ?, ?, ?, ?, default)
Hibernate: 
    insert 
    into
        categories
        (active, color, created_at, description, name, slug, updated_at, id) 
    values
        (?, ?, ?, ?, ?, ?, ?, default)
2025-09-20T20:34:43.347-03:00 DEBUG 29846 --- [TechNews] [           main] org.hibernate.SQL                        : 
    insert 
    into
        categories
        (active, color, created_at, description, name, slug, updated_at, id) 
    values
        (?, ?, ?, ?, ?, ?, ?, default)
Hibernate: 
    insert 
    into
        categories
        (active, color, created_at, description, name, slug, updated_at, id) 
    values
        (?, ?, ?, ?, ?, ?, ?, default)
2025-09-20T20:34:43.348-03:00 DEBUG 29846 --- [TechNews] [           main] org.hibernate.SQL                        : 
    insert 
    into
        news_articles
        (author, category, category_id, content, created_at, image_url, published, published_at, source_domain, status, summary, title, updated_at, url, id) 
    values
        (?, ?, ?, ?, ?, ?, ?, ?, ?, ?, ?, ?, ?, ?, default)
Hibernate: 
    insert 
    into
        news_articles
        (author, category, category_id, content, created_at, image_url, published, published_at, source_domain, status, summary, title, updated_at, url, id) 
    values
        (?, ?, ?, ?, ?, ?, ?, ?, ?, ?, ?, ?, ?, ?, default)
2025-09-20T20:34:43.349-03:00 DEBUG 29846 --- [TechNews] [           main] org.hibernate.SQL                        : 
    insert 
    into
        news_articles
        (author, category, category_id, content, created_at, image_url, published, published_at, source_domain, status, summary, title, updated_at, url, id) 
    values
        (?, ?, ?, ?, ?, ?, ?, ?, ?, ?, ?, ?, ?, ?, default)
Hibernate: 
    insert 
    into
        news_articles
        (author, category, category_id, content, created_at, image_url, published, published_at, source_domain, status, summary, title, updated_at, url, id) 
    values
        (?, ?, ?, ?, ?, ?, ?, ?, ?, ?, ?, ?, ?, ?, default)
2025-09-20T20:34:43.350-03:00 DEBUG 29846 --- [TechNews] [           main] org.hibernate.SQL                        : 
    insert 
    into
        news_articles
        (author, category, category_id, content, created_at, image_url, published, published_at, source_domain, status, summary, title, updated_at, url, id) 
    values
        (?, ?, ?, ?, ?, ?, ?, ?, ?, ?, ?, ?, ?, ?, default)
Hibernate: 
    insert 
    into
        news_articles
        (author, category, category_id, content, created_at, image_url, published, published_at, source_domain, status, summary, title, updated_at, url, id) 
    values
        (?, ?, ?, ?, ?, ?, ?, ?, ?, ?, ?, ?, ?, ?, default)
2025-09-20T20:34:43.354-03:00 DEBUG 29846 --- [TechNews] [           main] org.hibernate.SQL                        : 
    select
        na1_0.id,
        na1_0.author,
        na1_0.category,
        na1_0.category_id,
        na1_0.content,
        na1_0.created_at,
        na1_0.image_url,
        na1_0.published,
        na1_0.published_at,
        na1_0.source_domain,
        na1_0.status,
        na1_0.summary,
        na1_0.title,
        na1_0.updated_at,
        na1_0.url 
    from
        news_articles na1_0 
    where
        na1_0.published 
    order by
        na1_0.published_at desc
Hibernate: 
    select
        na1_0.id,
        na1_0.author,
        na1_0.category,
        na1_0.category_id,
        na1_0.content,
        na1_0.created_at,
        na1_0.image_url,
        na1_0.published,
        na1_0.published_at,
        na1_0.source_domain,
        na1_0.status,
        na1_0.summary,
        na1_0.title,
        na1_0.updated_at,
        na1_0.url 
    from
        news_articles na1_0 
    where
        na1_0.published 
    order by
        na1_0.published_at desc
2025-09-20T20:34:43.362-03:00 DEBUG 29846 --- [TechNews] [           main] org.hibernate.SQL                        : 
    delete 
    from
        news_articles na1_0
Hibernate: 
    delete 
    from
        news_articles na1_0
2025-09-20T20:34:43.364-03:00 DEBUG 29846 --- [TechNews] [           main] org.hibernate.SQL                        : 
    delete 
    from
        categories c1_0
Hibernate: 
    delete 
    from
        categories c1_0
2025-09-20T20:34:43.365-03:00 DEBUG 29846 --- [TechNews] [           main] org.hibernate.SQL                        : 
    insert 
    into
        categories
        (active, color, created_at, description, name, slug, updated_at, id) 
    values
        (?, ?, ?, ?, ?, ?, ?, default)
Hibernate: 
    insert 
    into
        categories
        (active, color, created_at, description, name, slug, updated_at, id) 
    values
        (?, ?, ?, ?, ?, ?, ?, default)
2025-09-20T20:34:43.367-03:00 DEBUG 29846 --- [TechNews] [           main] org.hibernate.SQL                        : 
    insert 
    into
        categories
        (active, color, created_at, description, name, slug, updated_at, id) 
    values
        (?, ?, ?, ?, ?, ?, ?, default)
Hibernate: 
    insert 
    into
        categories
        (active, color, created_at, description, name, slug, updated_at, id) 
    values
        (?, ?, ?, ?, ?, ?, ?, default)
2025-09-20T20:34:43.369-03:00 DEBUG 29846 --- [TechNews] [           main] org.hibernate.SQL                        : 
    insert 
    into
        news_articles
        (author, category, category_id, content, created_at, image_url, published, published_at, source_domain, status, summary, title, updated_at, url, id) 
    values
        (?, ?, ?, ?, ?, ?, ?, ?, ?, ?, ?, ?, ?, ?, default)
Hibernate: 
    insert 
    into
        news_articles
        (author, category, category_id, content, created_at, image_url, published, published_at, source_domain, status, summary, title, updated_at, url, id) 
    values
        (?, ?, ?, ?, ?, ?, ?, ?, ?, ?, ?, ?, ?, ?, default)
2025-09-20T20:34:43.371-03:00 DEBUG 29846 --- [TechNews] [           main] org.hibernate.SQL                        : 
    insert 
    into
        news_articles
        (author, category, category_id, content, created_at, image_url, published, published_at, source_domain, status, summary, title, updated_at, url, id) 
    values
        (?, ?, ?, ?, ?, ?, ?, ?, ?, ?, ?, ?, ?, ?, default)
Hibernate: 
    insert 
    into
        news_articles
        (author, category, category_id, content, created_at, image_url, published, published_at, source_domain, status, summary, title, updated_at, url, id) 
    values
        (?, ?, ?, ?, ?, ?, ?, ?, ?, ?, ?, ?, ?, ?, default)
2025-09-20T20:34:43.372-03:00 DEBUG 29846 --- [TechNews] [           main] org.hibernate.SQL                        : 
    insert 
    into
        news_articles
        (author, category, category_id, content, created_at, image_url, published, published_at, source_domain, status, summary, title, updated_at, url, id) 
    values
        (?, ?, ?, ?, ?, ?, ?, ?, ?, ?, ?, ?, ?, ?, default)
Hibernate: 
    insert 
    into
        news_articles
        (author, category, category_id, content, created_at, image_url, published, published_at, source_domain, status, summary, title, updated_at, url, id) 
    values
        (?, ?, ?, ?, ?, ?, ?, ?, ?, ?, ?, ?, ?, ?, default)
2025-09-20T20:34:43.375-03:00 DEBUG 29846 --- [TechNews] [           main] org.hibernate.SQL                        : 
    select
        na1_0.id,
        na1_0.author,
        na1_0.category,
        na1_0.category_id,
        na1_0.content,
        na1_0.created_at,
        na1_0.image_url,
        na1_0.published,
        na1_0.published_at,
        na1_0.source_domain,
        na1_0.status,
        na1_0.summary,
        na1_0.title,
        na1_0.updated_at,
        na1_0.url 
    from
        news_articles na1_0 
    where
        na1_0.url=?
Hibernate: 
    select
        na1_0.id,
        na1_0.author,
        na1_0.category,
        na1_0.category_id,
        na1_0.content,
        na1_0.created_at,
        na1_0.image_url,
        na1_0.published,
        na1_0.published_at,
        na1_0.source_domain,
        na1_0.status,
        na1_0.summary,
        na1_0.title,
        na1_0.updated_at,
        na1_0.url 
    from
        news_articles na1_0 
    where
        na1_0.url=?
2025-09-20T20:34:43.392-03:00 DEBUG 29846 --- [TechNews] [           main] org.hibernate.SQL                        : 
    delete 
    from
        news_articles 
    where
        id=?
Hibernate: 
    delete 
    from
        news_articles 
    where
        id=?
2025-09-20T20:34:43.398-03:00 DEBUG 29846 --- [TechNews] [           main] org.hibernate.SQL                        : 
    select
        count(*) 
    from
        news_articles na1_0
Hibernate: 
    select
        count(*) 
    from
        news_articles na1_0
2025-09-20T20:34:43.404-03:00 DEBUG 29846 --- [TechNews] [           main] org.hibernate.SQL                        : 
    delete 
    from
        news_articles na1_0
Hibernate: 
    delete 
    from
        news_articles na1_0
2025-09-20T20:34:43.405-03:00 DEBUG 29846 --- [TechNews] [           main] org.hibernate.SQL                        : 
    delete 
    from
        categories c1_0
Hibernate: 
    delete 
    from
        categories c1_0
2025-09-20T20:34:43.407-03:00 DEBUG 29846 --- [TechNews] [           main] org.hibernate.SQL                        : 
    insert 
    into
        categories
        (active, color, created_at, description, name, slug, updated_at, id) 
    values
        (?, ?, ?, ?, ?, ?, ?, default)
Hibernate: 
    insert 
    into
        categories
        (active, color, created_at, description, name, slug, updated_at, id) 
    values
        (?, ?, ?, ?, ?, ?, ?, default)
2025-09-20T20:34:43.409-03:00 DEBUG 29846 --- [TechNews] [           main] org.hibernate.SQL                        : 
    insert 
    into
        categories
        (active, color, created_at, description, name, slug, updated_at, id) 
    values
        (?, ?, ?, ?, ?, ?, ?, default)
Hibernate: 
    insert 
    into
        categories
        (active, color, created_at, description, name, slug, updated_at, id) 
    values
        (?, ?, ?, ?, ?, ?, ?, default)
2025-09-20T20:34:43.410-03:00 DEBUG 29846 --- [TechNews] [           main] org.hibernate.SQL                        : 
    insert 
    into
        news_articles
        (author, category, category_id, content, created_at, image_url, published, published_at, source_domain, status, summary, title, updated_at, url, id) 
    values
        (?, ?, ?, ?, ?, ?, ?, ?, ?, ?, ?, ?, ?, ?, default)
Hibernate: 
    insert 
    into
        news_articles
        (author, category, category_id, content, created_at, image_url, published, published_at, source_domain, status, summary, title, updated_at, url, id) 
    values
        (?, ?, ?, ?, ?, ?, ?, ?, ?, ?, ?, ?, ?, ?, default)
2025-09-20T20:34:43.411-03:00 DEBUG 29846 --- [TechNews] [           main] org.hibernate.SQL                        : 
    insert 
    into
        news_articles
        (author, category, category_id, content, created_at, image_url, published, published_at, source_domain, status, summary, title, updated_at, url, id) 
    values
        (?, ?, ?, ?, ?, ?, ?, ?, ?, ?, ?, ?, ?, ?, default)
Hibernate: 
    insert 
    into
        news_articles
        (author, category, category_id, content, created_at, image_url, published, published_at, source_domain, status, summary, title, updated_at, url, id) 
    values
        (?, ?, ?, ?, ?, ?, ?, ?, ?, ?, ?, ?, ?, ?, default)
2025-09-20T20:34:43.412-03:00 DEBUG 29846 --- [TechNews] [           main] org.hibernate.SQL                        : 
    insert 
    into
        news_articles
        (author, category, category_id, content, created_at, image_url, published, published_at, source_domain, status, summary, title, updated_at, url, id) 
    values
        (?, ?, ?, ?, ?, ?, ?, ?, ?, ?, ?, ?, ?, ?, default)
Hibernate: 
    insert 
    into
        news_articles
        (author, category, category_id, content, created_at, image_url, published, published_at, source_domain, status, summary, title, updated_at, url, id) 
    values
        (?, ?, ?, ?, ?, ?, ?, ?, ?, ?, ?, ?, ?, ?, default)
2025-09-20T20:34:43.415-03:00 DEBUG 29846 --- [TechNews] [           main] org.hibernate.SQL                        : 
    select
        na1_0.id,
        na1_0.author,
        na1_0.category,
        na1_0.category_id,
        na1_0.content,
        na1_0.created_at,
        na1_0.image_url,
        na1_0.published,
        na1_0.published_at,
        na1_0.source_domain,
        na1_0.status,
        na1_0.summary,
        na1_0.title,
        na1_0.updated_at,
        na1_0.url 
    from
        news_articles na1_0 
    where
        na1_0.url=?
Hibernate: 
    select
        na1_0.id,
        na1_0.author,
        na1_0.category,
        na1_0.category_id,
        na1_0.content,
        na1_0.created_at,
        na1_0.image_url,
        na1_0.published,
        na1_0.published_at,
        na1_0.source_domain,
        na1_0.status,
        na1_0.summary,
        na1_0.title,
        na1_0.updated_at,
        na1_0.url 
    from
        news_articles na1_0 
    where
        na1_0.url=?
[INFO] Tests run: 20, Failures: 0, Errors: 0, Skipped: 0, Time elapsed: 0.914 s - in br.com.technews.repository.NewsArticleRepositoryTest
[INFO] Running br.com.technews.repository.NewsArticleRepositoryUnitTest
[INFO] Tests run: 9, Failures: 0, Errors: 0, Skipped: 0, Time elapsed: 0.168 s - in br.com.technews.repository.NewsArticleRepositoryUnitTest
[INFO] Running br.com.technews.repository.NewsletterRepositoryTest
2025-09-20T20:34:43.614-03:00  INFO 29846 --- [TechNews] [           main] t.c.s.AnnotationConfigContextLoaderUtils : Could not detect default configuration classes for test class [br.com.technews.repository.NewsletterRepositoryTest]: NewsletterRepositoryTest does not declare any static, non-private, non-final, nested classes annotated with @Configuration.
2025-09-20T20:34:43.744-03:00  INFO 29846 --- [TechNews] [           main] .b.t.c.SpringBootTestContextBootstrapper : Found @SpringBootConfiguration br.com.technews.TechnewsApplication for test class br.com.technews.repository.NewsletterRepositoryTest
2025-09-20T20:34:43.847-03:00 DEBUG 29846 --- [TechNews] [           main] org.hibernate.SQL                        : 
    insert 
    into
        subscribers
        (active, email, email_count, email_verified, subscription_frequency, full_name, last_email_sent_at, manage_token, reactivated_at, subscribed_at, subscription_ip, subscription_user_agent, unsubscribe_token, unsubscribed_at, updated_at, verification_token, verification_token_expires_at, verified_at, id) 
    values
        (?, ?, ?, ?, ?, ?, ?, ?, ?, ?, ?, ?, ?, ?, ?, ?, ?, ?, default)
Hibernate: 
    insert 
    into
        subscribers
        (active, email, email_count, email_verified, subscription_frequency, full_name, last_email_sent_at, manage_token, reactivated_at, subscribed_at, subscription_ip, subscription_user_agent, unsubscribe_token, unsubscribed_at, updated_at, verification_token, verification_token_expires_at, verified_at, id) 
    values
        (?, ?, ?, ?, ?, ?, ?, ?, ?, ?, ?, ?, ?, ?, ?, ?, ?, ?, default)
2025-09-20T20:34:43.859-03:00 DEBUG 29846 --- [TechNews] [           main] org.hibernate.SQL                        : 
    insert 
    into
        subscribers
        (active, email, email_count, email_verified, subscription_frequency, full_name, last_email_sent_at, manage_token, reactivated_at, subscribed_at, subscription_ip, subscription_user_agent, unsubscribe_token, unsubscribed_at, updated_at, verification_token, verification_token_expires_at, verified_at, id) 
    values
        (?, ?, ?, ?, ?, ?, ?, ?, ?, ?, ?, ?, ?, ?, ?, ?, ?, ?, default)
Hibernate: 
    insert 
    into
        subscribers
        (active, email, email_count, email_verified, subscription_frequency, full_name, last_email_sent_at, manage_token, reactivated_at, subscribed_at, subscription_ip, subscription_user_agent, unsubscribe_token, unsubscribed_at, updated_at, verification_token, verification_token_expires_at, verified_at, id) 
    values
        (?, ?, ?, ?, ?, ?, ?, ?, ?, ?, ?, ?, ?, ?, ?, ?, ?, ?, default)
2025-09-20T20:34:43.861-03:00 DEBUG 29846 --- [TechNews] [           main] org.hibernate.SQL                        : 
    insert 
    into
        subscribers
        (active, email, email_count, email_verified, subscription_frequency, full_name, last_email_sent_at, manage_token, reactivated_at, subscribed_at, subscription_ip, subscription_user_agent, unsubscribe_token, unsubscribed_at, updated_at, verification_token, verification_token_expires_at, verified_at, id) 
    values
        (?, ?, ?, ?, ?, ?, ?, ?, ?, ?, ?, ?, ?, ?, ?, ?, ?, ?, default)
Hibernate: 
    insert 
    into
        subscribers
        (active, email, email_count, email_verified, subscription_frequency, full_name, last_email_sent_at, manage_token, reactivated_at, subscribed_at, subscription_ip, subscription_user_agent, unsubscribe_token, unsubscribed_at, updated_at, verification_token, verification_token_expires_at, verified_at, id) 
    values
        (?, ?, ?, ?, ?, ?, ?, ?, ?, ?, ?, ?, ?, ?, ?, ?, ?, ?, default)
2025-09-20T20:34:43.921-03:00 DEBUG 29846 --- [TechNews] [           main] org.hibernate.SQL                        : 
    select
        count(s1_0.id)>0 
    from
        subscribers s1_0 
    where
        s1_0.email=? 
        and s1_0.id<>?
Hibernate: 
    select
        count(s1_0.id)>0 
    from
        subscribers s1_0 
    where
        s1_0.email=? 
        and s1_0.id<>?
2025-09-20T20:34:43.926-03:00 DEBUG 29846 --- [TechNews] [           main] org.hibernate.SQL                        : 
    select
        count(s1_0.id)>0 
    from
        subscribers s1_0 
    where
        s1_0.email=? 
        and s1_0.id<>?
Hibernate: 
    select
        count(s1_0.id)>0 
    from
        subscribers s1_0 
    where
        s1_0.email=? 
        and s1_0.id<>?
2025-09-20T20:34:43.942-03:00 DEBUG 29846 --- [TechNews] [           main] org.hibernate.SQL                        : 
    insert 
    into
        subscribers
        (active, email, email_count, email_verified, subscription_frequency, full_name, last_email_sent_at, manage_token, reactivated_at, subscribed_at, subscription_ip, subscription_user_agent, unsubscribe_token, unsubscribed_at, updated_at, verification_token, verification_token_expires_at, verified_at, id) 
    values
        (?, ?, ?, ?, ?, ?, ?, ?, ?, ?, ?, ?, ?, ?, ?, ?, ?, ?, default)
Hibernate: 
    insert 
    into
        subscribers
        (active, email, email_count, email_verified, subscription_frequency, full_name, last_email_sent_at, manage_token, reactivated_at, subscribed_at, subscription_ip, subscription_user_agent, unsubscribe_token, unsubscribed_at, updated_at, verification_token, verification_token_expires_at, verified_at, id) 
    values
        (?, ?, ?, ?, ?, ?, ?, ?, ?, ?, ?, ?, ?, ?, ?, ?, ?, ?, default)
2025-09-20T20:34:43.946-03:00 DEBUG 29846 --- [TechNews] [           main] org.hibernate.SQL                        : 
    insert 
    into
        subscribers
        (active, email, email_count, email_verified, subscription_frequency, full_name, last_email_sent_at, manage_token, reactivated_at, subscribed_at, subscription_ip, subscription_user_agent, unsubscribe_token, unsubscribed_at, updated_at, verification_token, verification_token_expires_at, verified_at, id) 
    values
        (?, ?, ?, ?, ?, ?, ?, ?, ?, ?, ?, ?, ?, ?, ?, ?, ?, ?, default)
Hibernate: 
    insert 
    into
        subscribers
        (active, email, email_count, email_verified, subscription_frequency, full_name, last_email_sent_at, manage_token, reactivated_at, subscribed_at, subscription_ip, subscription_user_agent, unsubscribe_token, unsubscribed_at, updated_at, verification_token, verification_token_expires_at, verified_at, id) 
    values
        (?, ?, ?, ?, ?, ?, ?, ?, ?, ?, ?, ?, ?, ?, ?, ?, ?, ?, default)
2025-09-20T20:34:43.948-03:00 DEBUG 29846 --- [TechNews] [           main] org.hibernate.SQL                        : 
    insert 
    into
        subscribers
        (active, email, email_count, email_verified, subscription_frequency, full_name, last_email_sent_at, manage_token, reactivated_at, subscribed_at, subscription_ip, subscription_user_agent, unsubscribe_token, unsubscribed_at, updated_at, verification_token, verification_token_expires_at, verified_at, id) 
    values
        (?, ?, ?, ?, ?, ?, ?, ?, ?, ?, ?, ?, ?, ?, ?, ?, ?, ?, default)
Hibernate: 
    insert 
    into
        subscribers
        (active, email, email_count, email_verified, subscription_frequency, full_name, last_email_sent_at, manage_token, reactivated_at, subscribed_at, subscription_ip, subscription_user_agent, unsubscribe_token, unsubscribed_at, updated_at, verification_token, verification_token_expires_at, verified_at, id) 
    values
        (?, ?, ?, ?, ?, ?, ?, ?, ?, ?, ?, ?, ?, ?, ?, ?, ?, ?, default)
2025-09-20T20:34:43.956-03:00 DEBUG 29846 --- [TechNews] [           main] org.hibernate.SQL                        : 
    select
        s1_0.id,
        s1_0.active,
        s1_0.email,
        s1_0.email_count,
        s1_0.email_verified,
        s1_0.subscription_frequency,
        s1_0.full_name,
        s1_0.last_email_sent_at,
        s1_0.manage_token,
        s1_0.reactivated_at,
        s1_0.subscribed_at,
        s1_0.subscription_ip,
        s1_0.subscription_user_agent,
        s1_0.unsubscribe_token,
        s1_0.unsubscribed_at,
        s1_0.updated_at,
        s1_0.verification_token,
        s1_0.verification_token_expires_at,
        s1_0.verified_at 
    from
        subscribers s1_0 
    where
        s1_0.email=?
Hibernate: 
    select
        s1_0.id,
        s1_0.active,
        s1_0.email,
        s1_0.email_count,
        s1_0.email_verified,
        s1_0.subscription_frequency,
        s1_0.full_name,
        s1_0.last_email_sent_at,
        s1_0.manage_token,
        s1_0.reactivated_at,
        s1_0.subscribed_at,
        s1_0.subscription_ip,
        s1_0.subscription_user_agent,
        s1_0.unsubscribe_token,
        s1_0.unsubscribed_at,
        s1_0.updated_at,
        s1_0.verification_token,
        s1_0.verification_token_expires_at,
        s1_0.verified_at 
    from
        subscribers s1_0 
    where
        s1_0.email=?
2025-09-20T20:34:43.970-03:00 DEBUG 29846 --- [TechNews] [           main] org.hibernate.SQL                        : 
    delete 
    from
        subscribers 
    where
        id=?
Hibernate: 
    delete 
    from
        subscribers 
    where
        id=?
2025-09-20T20:34:43.971-03:00 DEBUG 29846 --- [TechNews] [           main] org.hibernate.SQL                        : 
    select
        count(*) 
    from
        subscribers s1_0
Hibernate: 
    select
        count(*) 
    from
        subscribers s1_0
2025-09-20T20:34:43.980-03:00 DEBUG 29846 --- [TechNews] [           main] org.hibernate.SQL                        : 
    insert 
    into
        subscribers
        (active, email, email_count, email_verified, subscription_frequency, full_name, last_email_sent_at, manage_token, reactivated_at, subscribed_at, subscription_ip, subscription_user_agent, unsubscribe_token, unsubscribed_at, updated_at, verification_token, verification_token_expires_at, verified_at, id) 
    values
        (?, ?, ?, ?, ?, ?, ?, ?, ?, ?, ?, ?, ?, ?, ?, ?, ?, ?, default)
Hibernate: 
    insert 
    into
        subscribers
        (active, email, email_count, email_verified, subscription_frequency, full_name, last_email_sent_at, manage_token, reactivated_at, subscribed_at, subscription_ip, subscription_user_agent, unsubscribe_token, unsubscribed_at, updated_at, verification_token, verification_token_expires_at, verified_at, id) 
    values
        (?, ?, ?, ?, ?, ?, ?, ?, ?, ?, ?, ?, ?, ?, ?, ?, ?, ?, default)
2025-09-20T20:34:43.983-03:00 DEBUG 29846 --- [TechNews] [           main] org.hibernate.SQL                        : 
    insert 
    into
        subscribers
        (active, email, email_count, email_verified, subscription_frequency, full_name, last_email_sent_at, manage_token, reactivated_at, subscribed_at, subscription_ip, subscription_user_agent, unsubscribe_token, unsubscribed_at, updated_at, verification_token, verification_token_expires_at, verified_at, id) 
    values
        (?, ?, ?, ?, ?, ?, ?, ?, ?, ?, ?, ?, ?, ?, ?, ?, ?, ?, default)
Hibernate: 
    insert 
    into
        subscribers
        (active, email, email_count, email_verified, subscription_frequency, full_name, last_email_sent_at, manage_token, reactivated_at, subscribed_at, subscription_ip, subscription_user_agent, unsubscribe_token, unsubscribed_at, updated_at, verification_token, verification_token_expires_at, verified_at, id) 
    values
        (?, ?, ?, ?, ?, ?, ?, ?, ?, ?, ?, ?, ?, ?, ?, ?, ?, ?, default)
2025-09-20T20:34:43.987-03:00 DEBUG 29846 --- [TechNews] [           main] org.hibernate.SQL                        : 
    insert 
    into
        subscribers
        (active, email, email_count, email_verified, subscription_frequency, full_name, last_email_sent_at, manage_token, reactivated_at, subscribed_at, subscription_ip, subscription_user_agent, unsubscribe_token, unsubscribed_at, updated_at, verification_token, verification_token_expires_at, verified_at, id) 
    values
        (?, ?, ?, ?, ?, ?, ?, ?, ?, ?, ?, ?, ?, ?, ?, ?, ?, ?, default)
Hibernate: 
    insert 
    into
        subscribers
        (active, email, email_count, email_verified, subscription_frequency, full_name, last_email_sent_at, manage_token, reactivated_at, subscribed_at, subscription_ip, subscription_user_agent, unsubscribe_token, unsubscribed_at, updated_at, verification_token, verification_token_expires_at, verified_at, id) 
    values
        (?, ?, ?, ?, ?, ?, ?, ?, ?, ?, ?, ?, ?, ?, ?, ?, ?, ?, default)
2025-09-20T20:34:43.993-03:00 DEBUG 29846 --- [TechNews] [           main] org.hibernate.SQL                        : 
    select
        count(s1_0.id) 
    from
        subscribers s1_0 
    where
        s1_0.active=true
Hibernate: 
    select
        count(s1_0.id) 
    from
        subscribers s1_0 
    where
        s1_0.active=true
2025-09-20T20:34:43.997-03:00 DEBUG 29846 --- [TechNews] [           main] org.hibernate.SQL                        : 
    select
        count(s1_0.id) 
    from
        subscribers s1_0
Hibernate: 
    select
        count(s1_0.id) 
    from
        subscribers s1_0
2025-09-20T20:34:44.006-03:00 DEBUG 29846 --- [TechNews] [           main] org.hibernate.SQL                        : 
    insert 
    into
        subscribers
        (active, email, email_count, email_verified, subscription_frequency, full_name, last_email_sent_at, manage_token, reactivated_at, subscribed_at, subscription_ip, subscription_user_agent, unsubscribe_token, unsubscribed_at, updated_at, verification_token, verification_token_expires_at, verified_at, id) 
    values
        (?, ?, ?, ?, ?, ?, ?, ?, ?, ?, ?, ?, ?, ?, ?, ?, ?, ?, default)
Hibernate: 
    insert 
    into
        subscribers
        (active, email, email_count, email_verified, subscription_frequency, full_name, last_email_sent_at, manage_token, reactivated_at, subscribed_at, subscription_ip, subscription_user_agent, unsubscribe_token, unsubscribed_at, updated_at, verification_token, verification_token_expires_at, verified_at, id) 
    values
        (?, ?, ?, ?, ?, ?, ?, ?, ?, ?, ?, ?, ?, ?, ?, ?, ?, ?, default)
2025-09-20T20:34:44.010-03:00 DEBUG 29846 --- [TechNews] [           main] org.hibernate.SQL                        : 
    insert 
    into
        subscribers
        (active, email, email_count, email_verified, subscription_frequency, full_name, last_email_sent_at, manage_token, reactivated_at, subscribed_at, subscription_ip, subscription_user_agent, unsubscribe_token, unsubscribed_at, updated_at, verification_token, verification_token_expires_at, verified_at, id) 
    values
        (?, ?, ?, ?, ?, ?, ?, ?, ?, ?, ?, ?, ?, ?, ?, ?, ?, ?, default)
Hibernate: 
    insert 
    into
        subscribers
        (active, email, email_count, email_verified, subscription_frequency, full_name, last_email_sent_at, manage_token, reactivated_at, subscribed_at, subscription_ip, subscription_user_agent, unsubscribe_token, unsubscribed_at, updated_at, verification_token, verification_token_expires_at, verified_at, id) 
    values
        (?, ?, ?, ?, ?, ?, ?, ?, ?, ?, ?, ?, ?, ?, ?, ?, ?, ?, default)
2025-09-20T20:34:44.012-03:00 DEBUG 29846 --- [TechNews] [           main] org.hibernate.SQL                        : 
    insert 
    into
        subscribers
        (active, email, email_count, email_verified, subscription_frequency, full_name, last_email_sent_at, manage_token, reactivated_at, subscribed_at, subscription_ip, subscription_user_agent, unsubscribe_token, unsubscribed_at, updated_at, verification_token, verification_token_expires_at, verified_at, id) 
    values
        (?, ?, ?, ?, ?, ?, ?, ?, ?, ?, ?, ?, ?, ?, ?, ?, ?, ?, default)
Hibernate: 
    insert 
    into
        subscribers
        (active, email, email_count, email_verified, subscription_frequency, full_name, last_email_sent_at, manage_token, reactivated_at, subscribed_at, subscription_ip, subscription_user_agent, unsubscribe_token, unsubscribed_at, updated_at, verification_token, verification_token_expires_at, verified_at, id) 
    values
        (?, ?, ?, ?, ?, ?, ?, ?, ?, ?, ?, ?, ?, ?, ?, ?, ?, ?, default)
2025-09-20T20:34:44.017-03:00 DEBUG 29846 --- [TechNews] [           main] org.hibernate.SQL                        : 
    select
        s1_0.id 
    from
        subscribers s1_0 
    where
        s1_0.email=? 
    fetch
        first ? rows only
Hibernate: 
    select
        s1_0.id 
    from
        subscribers s1_0 
    where
        s1_0.email=? 
    fetch
        first ? rows only
2025-09-20T20:34:44.019-03:00 DEBUG 29846 --- [TechNews] [           main] org.hibernate.SQL                        : 
    select
        s1_0.id 
    from
        subscribers s1_0 
    where
        s1_0.email=? 
    fetch
        first ? rows only
Hibernate: 
    select
        s1_0.id 
    from
        subscribers s1_0 
    where
        s1_0.email=? 
    fetch
        first ? rows only
2025-09-20T20:34:44.027-03:00 DEBUG 29846 --- [TechNews] [           main] org.hibernate.SQL                        : 
    insert 
    into
        subscribers
        (active, email, email_count, email_verified, subscription_frequency, full_name, last_email_sent_at, manage_token, reactivated_at, subscribed_at, subscription_ip, subscription_user_agent, unsubscribe_token, unsubscribed_at, updated_at, verification_token, verification_token_expires_at, verified_at, id) 
    values
        (?, ?, ?, ?, ?, ?, ?, ?, ?, ?, ?, ?, ?, ?, ?, ?, ?, ?, default)
Hibernate: 
    insert 
    into
        subscribers
        (active, email, email_count, email_verified, subscription_frequency, full_name, last_email_sent_at, manage_token, reactivated_at, subscribed_at, subscription_ip, subscription_user_agent, unsubscribe_token, unsubscribed_at, updated_at, verification_token, verification_token_expires_at, verified_at, id) 
    values
        (?, ?, ?, ?, ?, ?, ?, ?, ?, ?, ?, ?, ?, ?, ?, ?, ?, ?, default)
2025-09-20T20:34:44.029-03:00 DEBUG 29846 --- [TechNews] [           main] org.hibernate.SQL                        : 
    insert 
    into
        subscribers
        (active, email, email_count, email_verified, subscription_frequency, full_name, last_email_sent_at, manage_token, reactivated_at, subscribed_at, subscription_ip, subscription_user_agent, unsubscribe_token, unsubscribed_at, updated_at, verification_token, verification_token_expires_at, verified_at, id) 
    values
        (?, ?, ?, ?, ?, ?, ?, ?, ?, ?, ?, ?, ?, ?, ?, ?, ?, ?, default)
Hibernate: 
    insert 
    into
        subscribers
        (active, email, email_count, email_verified, subscription_frequency, full_name, last_email_sent_at, manage_token, reactivated_at, subscribed_at, subscription_ip, subscription_user_agent, unsubscribe_token, unsubscribed_at, updated_at, verification_token, verification_token_expires_at, verified_at, id) 
    values
        (?, ?, ?, ?, ?, ?, ?, ?, ?, ?, ?, ?, ?, ?, ?, ?, ?, ?, default)
2025-09-20T20:34:44.031-03:00 DEBUG 29846 --- [TechNews] [           main] org.hibernate.SQL                        : 
    insert 
    into
        subscribers
        (active, email, email_count, email_verified, subscription_frequency, full_name, last_email_sent_at, manage_token, reactivated_at, subscribed_at, subscription_ip, subscription_user_agent, unsubscribe_token, unsubscribed_at, updated_at, verification_token, verification_token_expires_at, verified_at, id) 
    values
        (?, ?, ?, ?, ?, ?, ?, ?, ?, ?, ?, ?, ?, ?, ?, ?, ?, ?, default)
Hibernate: 
    insert 
    into
        subscribers
        (active, email, email_count, email_verified, subscription_frequency, full_name, last_email_sent_at, manage_token, reactivated_at, subscribed_at, subscription_ip, subscription_user_agent, unsubscribe_token, unsubscribed_at, updated_at, verification_token, verification_token_expires_at, verified_at, id) 
    values
        (?, ?, ?, ?, ?, ?, ?, ?, ?, ?, ?, ?, ?, ?, ?, ?, ?, ?, default)
2025-09-20T20:34:44.035-03:00 DEBUG 29846 --- [TechNews] [           main] org.hibernate.SQL                        : 
    select
        s1_0.id,
        s1_0.active,
        s1_0.email,
        s1_0.email_count,
        s1_0.email_verified,
        s1_0.subscription_frequency,
        s1_0.full_name,
        s1_0.last_email_sent_at,
        s1_0.manage_token,
        s1_0.reactivated_at,
        s1_0.subscribed_at,
        s1_0.subscription_ip,
        s1_0.subscription_user_agent,
        s1_0.unsubscribe_token,
        s1_0.unsubscribed_at,
        s1_0.updated_at,
        s1_0.verification_token,
        s1_0.verification_token_expires_at,
        s1_0.verified_at 
    from
        subscribers s1_0 
    where
        s1_0.email=?
Hibernate: 
    select
        s1_0.id,
        s1_0.active,
        s1_0.email,
        s1_0.email_count,
        s1_0.email_verified,
        s1_0.subscription_frequency,
        s1_0.full_name,
        s1_0.last_email_sent_at,
        s1_0.manage_token,
        s1_0.reactivated_at,
        s1_0.subscribed_at,
        s1_0.subscription_ip,
        s1_0.subscription_user_agent,
        s1_0.unsubscribe_token,
        s1_0.unsubscribed_at,
        s1_0.updated_at,
        s1_0.verification_token,
        s1_0.verification_token_expires_at,
        s1_0.verified_at 
    from
        subscribers s1_0 
    where
        s1_0.email=?
2025-09-20T20:34:44.039-03:00 DEBUG 29846 --- [TechNews] [           main] org.hibernate.SQL                        : 
    update
        subscribers 
    set
        active=?,
        email=?,
        email_count=?,
        email_verified=?,
        subscription_frequency=?,
        full_name=?,
        last_email_sent_at=?,
        manage_token=?,
        reactivated_at=?,
        subscribed_at=?,
        subscription_ip=?,
        subscription_user_agent=?,
        unsubscribe_token=?,
        unsubscribed_at=?,
        updated_at=?,
        verification_token=?,
        verification_token_expires_at=?,
        verified_at=? 
    where
        id=?
Hibernate: 
    update
        subscribers 
    set
        active=?,
        email=?,
        email_count=?,
        email_verified=?,
        subscription_frequency=?,
        full_name=?,
        last_email_sent_at=?,
        manage_token=?,
        reactivated_at=?,
        subscribed_at=?,
        subscription_ip=?,
        subscription_user_agent=?,
        unsubscribe_token=?,
        unsubscribed_at=?,
        updated_at=?,
        verification_token=?,
        verification_token_expires_at=?,
        verified_at=? 
    where
        id=?
2025-09-20T20:34:44.041-03:00 DEBUG 29846 --- [TechNews] [           main] org.hibernate.SQL                        : 
    select
        s1_0.id,
        s1_0.active,
        s1_0.email,
        s1_0.email_count,
        s1_0.email_verified,
        s1_0.subscription_frequency,
        s1_0.full_name,
        s1_0.last_email_sent_at,
        s1_0.manage_token,
        s1_0.reactivated_at,
        s1_0.subscribed_at,
        s1_0.subscription_ip,
        s1_0.subscription_user_agent,
        s1_0.unsubscribe_token,
        s1_0.unsubscribed_at,
        s1_0.updated_at,
        s1_0.verification_token,
        s1_0.verification_token_expires_at,
        s1_0.verified_at 
    from
        subscribers s1_0 
    where
        s1_0.active
Hibernate: 
    select
        s1_0.id,
        s1_0.active,
        s1_0.email,
        s1_0.email_count,
        s1_0.email_verified,
        s1_0.subscription_frequency,
        s1_0.full_name,
        s1_0.last_email_sent_at,
        s1_0.manage_token,
        s1_0.reactivated_at,
        s1_0.subscribed_at,
        s1_0.subscription_ip,
        s1_0.subscription_user_agent,
        s1_0.unsubscribe_token,
        s1_0.unsubscribed_at,
        s1_0.updated_at,
        s1_0.verification_token,
        s1_0.verification_token_expires_at,
        s1_0.verified_at 
    from
        subscribers s1_0 
    where
        s1_0.active
2025-09-20T20:34:44.048-03:00 DEBUG 29846 --- [TechNews] [           main] org.hibernate.SQL                        : 
    insert 
    into
        subscribers
        (active, email, email_count, email_verified, subscription_frequency, full_name, last_email_sent_at, manage_token, reactivated_at, subscribed_at, subscription_ip, subscription_user_agent, unsubscribe_token, unsubscribed_at, updated_at, verification_token, verification_token_expires_at, verified_at, id) 
    values
        (?, ?, ?, ?, ?, ?, ?, ?, ?, ?, ?, ?, ?, ?, ?, ?, ?, ?, default)
Hibernate: 
    insert 
    into
        subscribers
        (active, email, email_count, email_verified, subscription_frequency, full_name, last_email_sent_at, manage_token, reactivated_at, subscribed_at, subscription_ip, subscription_user_agent, unsubscribe_token, unsubscribed_at, updated_at, verification_token, verification_token_expires_at, verified_at, id) 
    values
        (?, ?, ?, ?, ?, ?, ?, ?, ?, ?, ?, ?, ?, ?, ?, ?, ?, ?, default)
2025-09-20T20:34:44.052-03:00 DEBUG 29846 --- [TechNews] [           main] org.hibernate.SQL                        : 
    insert 
    into
        subscribers
        (active, email, email_count, email_verified, subscription_frequency, full_name, last_email_sent_at, manage_token, reactivated_at, subscribed_at, subscription_ip, subscription_user_agent, unsubscribe_token, unsubscribed_at, updated_at, verification_token, verification_token_expires_at, verified_at, id) 
    values
        (?, ?, ?, ?, ?, ?, ?, ?, ?, ?, ?, ?, ?, ?, ?, ?, ?, ?, default)
Hibernate: 
    insert 
    into
        subscribers
        (active, email, email_count, email_verified, subscription_frequency, full_name, last_email_sent_at, manage_token, reactivated_at, subscribed_at, subscription_ip, subscription_user_agent, unsubscribe_token, unsubscribed_at, updated_at, verification_token, verification_token_expires_at, verified_at, id) 
    values
        (?, ?, ?, ?, ?, ?, ?, ?, ?, ?, ?, ?, ?, ?, ?, ?, ?, ?, default)
2025-09-20T20:34:44.055-03:00 DEBUG 29846 --- [TechNews] [           main] org.hibernate.SQL                        : 
    insert 
    into
        subscribers
        (active, email, email_count, email_verified, subscription_frequency, full_name, last_email_sent_at, manage_token, reactivated_at, subscribed_at, subscription_ip, subscription_user_agent, unsubscribe_token, unsubscribed_at, updated_at, verification_token, verification_token_expires_at, verified_at, id) 
    values
        (?, ?, ?, ?, ?, ?, ?, ?, ?, ?, ?, ?, ?, ?, ?, ?, ?, ?, default)
Hibernate: 
    insert 
    into
        subscribers
        (active, email, email_count, email_verified, subscription_frequency, full_name, last_email_sent_at, manage_token, reactivated_at, subscribed_at, subscription_ip, subscription_user_agent, unsubscribe_token, unsubscribed_at, updated_at, verification_token, verification_token_expires_at, verified_at, id) 
    values
        (?, ?, ?, ?, ?, ?, ?, ?, ?, ?, ?, ?, ?, ?, ?, ?, ?, ?, default)
2025-09-20T20:34:44.060-03:00 DEBUG 29846 --- [TechNews] [           main] org.hibernate.SQL                        : 
    select
        s1_0.id,
        s1_0.active,
        s1_0.email,
        s1_0.email_count,
        s1_0.email_verified,
        s1_0.subscription_frequency,
        s1_0.full_name,
        s1_0.last_email_sent_at,
        s1_0.manage_token,
        s1_0.reactivated_at,
        s1_0.subscribed_at,
        s1_0.subscription_ip,
        s1_0.subscription_user_agent,
        s1_0.unsubscribe_token,
        s1_0.unsubscribed_at,
        s1_0.updated_at,
        s1_0.verification_token,
        s1_0.verification_token_expires_at,
        s1_0.verified_at 
    from
        subscribers s1_0 
    where
        s1_0.active=? 
    order by
        s1_0.subscribed_at desc 
    fetch
        first ? rows only
Hibernate: 
    select
        s1_0.id,
        s1_0.active,
        s1_0.email,
        s1_0.email_count,
        s1_0.email_verified,
        s1_0.subscription_frequency,
        s1_0.full_name,
        s1_0.last_email_sent_at,
        s1_0.manage_token,
        s1_0.reactivated_at,
        s1_0.subscribed_at,
        s1_0.subscription_ip,
        s1_0.subscription_user_agent,
        s1_0.unsubscribe_token,
        s1_0.unsubscribed_at,
        s1_0.updated_at,
        s1_0.verification_token,
        s1_0.verification_token_expires_at,
        s1_0.verified_at 
    from
        subscribers s1_0 
    where
        s1_0.active=? 
    order by
        s1_0.subscribed_at desc 
    fetch
        first ? rows only
2025-09-20T20:34:44.064-03:00 DEBUG 29846 --- [TechNews] [           main] org.hibernate.SQL                        : 
    select
        count(s1_0.id) 
    from
        subscribers s1_0 
    where
        s1_0.active=?
Hibernate: 
    select
        count(s1_0.id) 
    from
        subscribers s1_0 
    where
        s1_0.active=?
2025-09-20T20:34:44.070-03:00 DEBUG 29846 --- [TechNews] [           main] org.hibernate.SQL                        : 
    select
        s1_0.id,
        s1_0.active,
        s1_0.email,
        s1_0.email_count,
        s1_0.email_verified,
        s1_0.subscription_frequency,
        s1_0.full_name,
        s1_0.last_email_sent_at,
        s1_0.manage_token,
        s1_0.reactivated_at,
        s1_0.subscribed_at,
        s1_0.subscription_ip,
        s1_0.subscription_user_agent,
        s1_0.unsubscribe_token,
        s1_0.unsubscribed_at,
        s1_0.updated_at,
        s1_0.verification_token,
        s1_0.verification_token_expires_at,
        s1_0.verified_at 
    from
        subscribers s1_0 
    where
        s1_0.active=? 
    order by
        s1_0.subscribed_at desc 
    fetch
        first ? rows only
Hibernate: 
    select
        s1_0.id,
        s1_0.active,
        s1_0.email,
        s1_0.email_count,
        s1_0.email_verified,
        s1_0.subscription_frequency,
        s1_0.full_name,
        s1_0.last_email_sent_at,
        s1_0.manage_token,
        s1_0.reactivated_at,
        s1_0.subscribed_at,
        s1_0.subscription_ip,
        s1_0.subscription_user_agent,
        s1_0.unsubscribe_token,
        s1_0.unsubscribed_at,
        s1_0.updated_at,
        s1_0.verification_token,
        s1_0.verification_token_expires_at,
        s1_0.verified_at 
    from
        subscribers s1_0 
    where
        s1_0.active=? 
    order by
        s1_0.subscribed_at desc 
    fetch
        first ? rows only
2025-09-20T20:34:44.073-03:00 DEBUG 29846 --- [TechNews] [           main] org.hibernate.SQL                        : 
    select
        count(s1_0.id) 
    from
        subscribers s1_0 
    where
        s1_0.active=?
Hibernate: 
    select
        count(s1_0.id) 
    from
        subscribers s1_0 
    where
        s1_0.active=?
2025-09-20T20:34:44.079-03:00 DEBUG 29846 --- [TechNews] [           main] org.hibernate.SQL                        : 
    insert 
    into
        subscribers
        (active, email, email_count, email_verified, subscription_frequency, full_name, last_email_sent_at, manage_token, reactivated_at, subscribed_at, subscription_ip, subscription_user_agent, unsubscribe_token, unsubscribed_at, updated_at, verification_token, verification_token_expires_at, verified_at, id) 
    values
        (?, ?, ?, ?, ?, ?, ?, ?, ?, ?, ?, ?, ?, ?, ?, ?, ?, ?, default)
Hibernate: 
    insert 
    into
        subscribers
        (active, email, email_count, email_verified, subscription_frequency, full_name, last_email_sent_at, manage_token, reactivated_at, subscribed_at, subscription_ip, subscription_user_agent, unsubscribe_token, unsubscribed_at, updated_at, verification_token, verification_token_expires_at, verified_at, id) 
    values
        (?, ?, ?, ?, ?, ?, ?, ?, ?, ?, ?, ?, ?, ?, ?, ?, ?, ?, default)
2025-09-20T20:34:44.081-03:00 DEBUG 29846 --- [TechNews] [           main] org.hibernate.SQL                        : 
    insert 
    into
        subscribers
        (active, email, email_count, email_verified, subscription_frequency, full_name, last_email_sent_at, manage_token, reactivated_at, subscribed_at, subscription_ip, subscription_user_agent, unsubscribe_token, unsubscribed_at, updated_at, verification_token, verification_token_expires_at, verified_at, id) 
    values
        (?, ?, ?, ?, ?, ?, ?, ?, ?, ?, ?, ?, ?, ?, ?, ?, ?, ?, default)
Hibernate: 
    insert 
    into
        subscribers
        (active, email, email_count, email_verified, subscription_frequency, full_name, last_email_sent_at, manage_token, reactivated_at, subscribed_at, subscription_ip, subscription_user_agent, unsubscribe_token, unsubscribed_at, updated_at, verification_token, verification_token_expires_at, verified_at, id) 
    values
        (?, ?, ?, ?, ?, ?, ?, ?, ?, ?, ?, ?, ?, ?, ?, ?, ?, ?, default)
2025-09-20T20:34:44.084-03:00 DEBUG 29846 --- [TechNews] [           main] org.hibernate.SQL                        : 
    insert 
    into
        subscribers
        (active, email, email_count, email_verified, subscription_frequency, full_name, last_email_sent_at, manage_token, reactivated_at, subscribed_at, subscription_ip, subscription_user_agent, unsubscribe_token, unsubscribed_at, updated_at, verification_token, verification_token_expires_at, verified_at, id) 
    values
        (?, ?, ?, ?, ?, ?, ?, ?, ?, ?, ?, ?, ?, ?, ?, ?, ?, ?, default)
Hibernate: 
    insert 
    into
        subscribers
        (active, email, email_count, email_verified, subscription_frequency, full_name, last_email_sent_at, manage_token, reactivated_at, subscribed_at, subscription_ip, subscription_user_agent, unsubscribe_token, unsubscribed_at, updated_at, verification_token, verification_token_expires_at, verified_at, id) 
    values
        (?, ?, ?, ?, ?, ?, ?, ?, ?, ?, ?, ?, ?, ?, ?, ?, ?, ?, default)
2025-09-20T20:34:44.089-03:00 DEBUG 29846 --- [TechNews] [           main] org.hibernate.SQL                        : 
    select
        s1_0.id,
        s1_0.active,
        s1_0.email,
        s1_0.email_count,
        s1_0.email_verified,
        s1_0.subscription_frequency,
        s1_0.full_name,
        s1_0.last_email_sent_at,
        s1_0.manage_token,
        s1_0.reactivated_at,
        s1_0.subscribed_at,
        s1_0.subscription_ip,
        s1_0.subscription_user_agent,
        s1_0.unsubscribe_token,
        s1_0.unsubscribed_at,
        s1_0.updated_at,
        s1_0.verification_token,
        s1_0.verification_token_expires_at,
        s1_0.verified_at 
    from
        subscribers s1_0 
    where
        not(s1_0.active)
Hibernate: 
    select
        s1_0.id,
        s1_0.active,
        s1_0.email,
        s1_0.email_count,
        s1_0.email_verified,
        s1_0.subscription_frequency,
        s1_0.full_name,
        s1_0.last_email_sent_at,
        s1_0.manage_token,
        s1_0.reactivated_at,
        s1_0.subscribed_at,
        s1_0.subscription_ip,
        s1_0.subscription_user_agent,
        s1_0.unsubscribe_token,
        s1_0.unsubscribed_at,
        s1_0.updated_at,
        s1_0.verification_token,
        s1_0.verification_token_expires_at,
        s1_0.verified_at 
    from
        subscribers s1_0 
    where
        not(s1_0.active)
2025-09-20T20:34:44.097-03:00 DEBUG 29846 --- [TechNews] [           main] org.hibernate.SQL                        : 
    insert 
    into
        subscribers
        (active, email, email_count, email_verified, subscription_frequency, full_name, last_email_sent_at, manage_token, reactivated_at, subscribed_at, subscription_ip, subscription_user_agent, unsubscribe_token, unsubscribed_at, updated_at, verification_token, verification_token_expires_at, verified_at, id) 
    values
        (?, ?, ?, ?, ?, ?, ?, ?, ?, ?, ?, ?, ?, ?, ?, ?, ?, ?, default)
Hibernate: 
    insert 
    into
        subscribers
        (active, email, email_count, email_verified, subscription_frequency, full_name, last_email_sent_at, manage_token, reactivated_at, subscribed_at, subscription_ip, subscription_user_agent, unsubscribe_token, unsubscribed_at, updated_at, verification_token, verification_token_expires_at, verified_at, id) 
    values
        (?, ?, ?, ?, ?, ?, ?, ?, ?, ?, ?, ?, ?, ?, ?, ?, ?, ?, default)
2025-09-20T20:34:44.099-03:00 DEBUG 29846 --- [TechNews] [           main] org.hibernate.SQL                        : 
    insert 
    into
        subscribers
        (active, email, email_count, email_verified, subscription_frequency, full_name, last_email_sent_at, manage_token, reactivated_at, subscribed_at, subscription_ip, subscription_user_agent, unsubscribe_token, unsubscribed_at, updated_at, verification_token, verification_token_expires_at, verified_at, id) 
    values
        (?, ?, ?, ?, ?, ?, ?, ?, ?, ?, ?, ?, ?, ?, ?, ?, ?, ?, default)
Hibernate: 
    insert 
    into
        subscribers
        (active, email, email_count, email_verified, subscription_frequency, full_name, last_email_sent_at, manage_token, reactivated_at, subscribed_at, subscription_ip, subscription_user_agent, unsubscribe_token, unsubscribed_at, updated_at, verification_token, verification_token_expires_at, verified_at, id) 
    values
        (?, ?, ?, ?, ?, ?, ?, ?, ?, ?, ?, ?, ?, ?, ?, ?, ?, ?, default)
2025-09-20T20:34:44.102-03:00 DEBUG 29846 --- [TechNews] [           main] org.hibernate.SQL                        : 
    insert 
    into
        subscribers
        (active, email, email_count, email_verified, subscription_frequency, full_name, last_email_sent_at, manage_token, reactivated_at, subscribed_at, subscription_ip, subscription_user_agent, unsubscribe_token, unsubscribed_at, updated_at, verification_token, verification_token_expires_at, verified_at, id) 
    values
        (?, ?, ?, ?, ?, ?, ?, ?, ?, ?, ?, ?, ?, ?, ?, ?, ?, ?, default)
Hibernate: 
    insert 
    into
        subscribers
        (active, email, email_count, email_verified, subscription_frequency, full_name, last_email_sent_at, manage_token, reactivated_at, subscribed_at, subscription_ip, subscription_user_agent, unsubscribe_token, unsubscribed_at, updated_at, verification_token, verification_token_expires_at, verified_at, id) 
    values
        (?, ?, ?, ?, ?, ?, ?, ?, ?, ?, ?, ?, ?, ?, ?, ?, ?, ?, default)
2025-09-20T20:34:44.107-03:00 DEBUG 29846 --- [TechNews] [           main] org.hibernate.SQL                        : 
    select
        s1_0.id,
        s1_0.active,
        s1_0.email,
        s1_0.email_count,
        s1_0.email_verified,
        s1_0.subscription_frequency,
        s1_0.full_name,
        s1_0.last_email_sent_at,
        s1_0.manage_token,
        s1_0.reactivated_at,
        s1_0.subscribed_at,
        s1_0.subscription_ip,
        s1_0.subscription_user_agent,
        s1_0.unsubscribe_token,
        s1_0.unsubscribed_at,
        s1_0.updated_at,
        s1_0.verification_token,
        s1_0.verification_token_expires_at,
        s1_0.verified_at 
    from
        subscribers s1_0 
    where
        s1_0.email=?
Hibernate: 
    select
        s1_0.id,
        s1_0.active,
        s1_0.email,
        s1_0.email_count,
        s1_0.email_verified,
        s1_0.subscription_frequency,
        s1_0.full_name,
        s1_0.last_email_sent_at,
        s1_0.manage_token,
        s1_0.reactivated_at,
        s1_0.subscribed_at,
        s1_0.subscription_ip,
        s1_0.subscription_user_agent,
        s1_0.unsubscribe_token,
        s1_0.unsubscribed_at,
        s1_0.updated_at,
        s1_0.verification_token,
        s1_0.verification_token_expires_at,
        s1_0.verified_at 
    from
        subscribers s1_0 
    where
        s1_0.email=?
2025-09-20T20:34:44.114-03:00 DEBUG 29846 --- [TechNews] [           main] org.hibernate.SQL                        : 
    insert 
    into
        subscribers
        (active, email, email_count, email_verified, subscription_frequency, full_name, last_email_sent_at, manage_token, reactivated_at, subscribed_at, subscription_ip, subscription_user_agent, unsubscribe_token, unsubscribed_at, updated_at, verification_token, verification_token_expires_at, verified_at, id) 
    values
        (?, ?, ?, ?, ?, ?, ?, ?, ?, ?, ?, ?, ?, ?, ?, ?, ?, ?, default)
Hibernate: 
    insert 
    into
        subscribers
        (active, email, email_count, email_verified, subscription_frequency, full_name, last_email_sent_at, manage_token, reactivated_at, subscribed_at, subscription_ip, subscription_user_agent, unsubscribe_token, unsubscribed_at, updated_at, verification_token, verification_token_expires_at, verified_at, id) 
    values
        (?, ?, ?, ?, ?, ?, ?, ?, ?, ?, ?, ?, ?, ?, ?, ?, ?, ?, default)
2025-09-20T20:34:44.117-03:00 DEBUG 29846 --- [TechNews] [           main] org.hibernate.SQL                        : 
    insert 
    into
        subscribers
        (active, email, email_count, email_verified, subscription_frequency, full_name, last_email_sent_at, manage_token, reactivated_at, subscribed_at, subscription_ip, subscription_user_agent, unsubscribe_token, unsubscribed_at, updated_at, verification_token, verification_token_expires_at, verified_at, id) 
    values
        (?, ?, ?, ?, ?, ?, ?, ?, ?, ?, ?, ?, ?, ?, ?, ?, ?, ?, default)
Hibernate: 
    insert 
    into
        subscribers
        (active, email, email_count, email_verified, subscription_frequency, full_name, last_email_sent_at, manage_token, reactivated_at, subscribed_at, subscription_ip, subscription_user_agent, unsubscribe_token, unsubscribed_at, updated_at, verification_token, verification_token_expires_at, verified_at, id) 
    values
        (?, ?, ?, ?, ?, ?, ?, ?, ?, ?, ?, ?, ?, ?, ?, ?, ?, ?, default)
2025-09-20T20:34:44.119-03:00 DEBUG 29846 --- [TechNews] [           main] org.hibernate.SQL                        : 
    insert 
    into
        subscribers
        (active, email, email_count, email_verified, subscription_frequency, full_name, last_email_sent_at, manage_token, reactivated_at, subscribed_at, subscription_ip, subscription_user_agent, unsubscribe_token, unsubscribed_at, updated_at, verification_token, verification_token_expires_at, verified_at, id) 
    values
        (?, ?, ?, ?, ?, ?, ?, ?, ?, ?, ?, ?, ?, ?, ?, ?, ?, ?, default)
Hibernate: 
    insert 
    into
        subscribers
        (active, email, email_count, email_verified, subscription_frequency, full_name, last_email_sent_at, manage_token, reactivated_at, subscribed_at, subscription_ip, subscription_user_agent, unsubscribe_token, unsubscribed_at, updated_at, verification_token, verification_token_expires_at, verified_at, id) 
    values
        (?, ?, ?, ?, ?, ?, ?, ?, ?, ?, ?, ?, ?, ?, ?, ?, ?, ?, default)
2025-09-20T20:34:44.121-03:00 DEBUG 29846 --- [TechNews] [           main] org.hibernate.SQL                        : 
    select
        count(s1_0.id) 
    from
        subscribers s1_0 
    where
        s1_0.active=true
Hibernate: 
    select
        count(s1_0.id) 
    from
        subscribers s1_0 
    where
        s1_0.active=true
2025-09-20T20:34:44.122-03:00 DEBUG 29846 --- [TechNews] [           main] org.hibernate.SQL                        : 
    select
        count(s1_0.id) 
    from
        subscribers s1_0
Hibernate: 
    select
        count(s1_0.id) 
    from
        subscribers s1_0
2025-09-20T20:34:44.129-03:00 DEBUG 29846 --- [TechNews] [           main] org.hibernate.SQL                        : 
    insert 
    into
        subscribers
        (active, email, email_count, email_verified, subscription_frequency, full_name, last_email_sent_at, manage_token, reactivated_at, subscribed_at, subscription_ip, subscription_user_agent, unsubscribe_token, unsubscribed_at, updated_at, verification_token, verification_token_expires_at, verified_at, id) 
    values
        (?, ?, ?, ?, ?, ?, ?, ?, ?, ?, ?, ?, ?, ?, ?, ?, ?, ?, default)
Hibernate: 
    insert 
    into
        subscribers
        (active, email, email_count, email_verified, subscription_frequency, full_name, last_email_sent_at, manage_token, reactivated_at, subscribed_at, subscription_ip, subscription_user_agent, unsubscribe_token, unsubscribed_at, updated_at, verification_token, verification_token_expires_at, verified_at, id) 
    values
        (?, ?, ?, ?, ?, ?, ?, ?, ?, ?, ?, ?, ?, ?, ?, ?, ?, ?, default)
2025-09-20T20:34:44.132-03:00 DEBUG 29846 --- [TechNews] [           main] org.hibernate.SQL                        : 
    insert 
    into
        subscribers
        (active, email, email_count, email_verified, subscription_frequency, full_name, last_email_sent_at, manage_token, reactivated_at, subscribed_at, subscription_ip, subscription_user_agent, unsubscribe_token, unsubscribed_at, updated_at, verification_token, verification_token_expires_at, verified_at, id) 
    values
        (?, ?, ?, ?, ?, ?, ?, ?, ?, ?, ?, ?, ?, ?, ?, ?, ?, ?, default)
Hibernate: 
    insert 
    into
        subscribers
        (active, email, email_count, email_verified, subscription_frequency, full_name, last_email_sent_at, manage_token, reactivated_at, subscribed_at, subscription_ip, subscription_user_agent, unsubscribe_token, unsubscribed_at, updated_at, verification_token, verification_token_expires_at, verified_at, id) 
    values
        (?, ?, ?, ?, ?, ?, ?, ?, ?, ?, ?, ?, ?, ?, ?, ?, ?, ?, default)
2025-09-20T20:34:44.134-03:00 DEBUG 29846 --- [TechNews] [           main] org.hibernate.SQL                        : 
    insert 
    into
        subscribers
        (active, email, email_count, email_verified, subscription_frequency, full_name, last_email_sent_at, manage_token, reactivated_at, subscribed_at, subscription_ip, subscription_user_agent, unsubscribe_token, unsubscribed_at, updated_at, verification_token, verification_token_expires_at, verified_at, id) 
    values
        (?, ?, ?, ?, ?, ?, ?, ?, ?, ?, ?, ?, ?, ?, ?, ?, ?, ?, default)
Hibernate: 
    insert 
    into
        subscribers
        (active, email, email_count, email_verified, subscription_frequency, full_name, last_email_sent_at, manage_token, reactivated_at, subscribed_at, subscription_ip, subscription_user_agent, unsubscribe_token, unsubscribed_at, updated_at, verification_token, verification_token_expires_at, verified_at, id) 
    values
        (?, ?, ?, ?, ?, ?, ?, ?, ?, ?, ?, ?, ?, ?, ?, ?, ?, ?, default)
2025-09-20T20:34:44.139-03:00 DEBUG 29846 --- [TechNews] [           main] org.hibernate.SQL                        : 
    select
        s1_0.id,
        s1_0.active,
        s1_0.email,
        s1_0.email_count,
        s1_0.email_verified,
        s1_0.subscription_frequency,
        s1_0.full_name,
        s1_0.last_email_sent_at,
        s1_0.manage_token,
        s1_0.reactivated_at,
        s1_0.subscribed_at,
        s1_0.subscription_ip,
        s1_0.subscription_user_agent,
        s1_0.unsubscribe_token,
        s1_0.unsubscribed_at,
        s1_0.updated_at,
        s1_0.verification_token,
        s1_0.verification_token_expires_at,
        s1_0.verified_at 
    from
        subscribers s1_0 
    where
        s1_0.subscribed_at>=? 
    order by
        s1_0.subscribed_at desc
Hibernate: 
    select
        s1_0.id,
        s1_0.active,
        s1_0.email,
        s1_0.email_count,
        s1_0.email_verified,
        s1_0.subscription_frequency,
        s1_0.full_name,
        s1_0.last_email_sent_at,
        s1_0.manage_token,
        s1_0.reactivated_at,
        s1_0.subscribed_at,
        s1_0.subscription_ip,
        s1_0.subscription_user_agent,
        s1_0.unsubscribe_token,
        s1_0.unsubscribed_at,
        s1_0.updated_at,
        s1_0.verification_token,
        s1_0.verification_token_expires_at,
        s1_0.verified_at 
    from
        subscribers s1_0 
    where
        s1_0.subscribed_at>=? 
    order by
        s1_0.subscribed_at desc
2025-09-20T20:34:44.147-03:00 DEBUG 29846 --- [TechNews] [           main] org.hibernate.SQL                        : 
    insert 
    into
        subscribers
        (active, email, email_count, email_verified, subscription_frequency, full_name, last_email_sent_at, manage_token, reactivated_at, subscribed_at, subscription_ip, subscription_user_agent, unsubscribe_token, unsubscribed_at, updated_at, verification_token, verification_token_expires_at, verified_at, id) 
    values
        (?, ?, ?, ?, ?, ?, ?, ?, ?, ?, ?, ?, ?, ?, ?, ?, ?, ?, default)
Hibernate: 
    insert 
    into
        subscribers
        (active, email, email_count, email_verified, subscription_frequency, full_name, last_email_sent_at, manage_token, reactivated_at, subscribed_at, subscription_ip, subscription_user_agent, unsubscribe_token, unsubscribed_at, updated_at, verification_token, verification_token_expires_at, verified_at, id) 
    values
        (?, ?, ?, ?, ?, ?, ?, ?, ?, ?, ?, ?, ?, ?, ?, ?, ?, ?, default)
2025-09-20T20:34:44.149-03:00 DEBUG 29846 --- [TechNews] [           main] org.hibernate.SQL                        : 
    insert 
    into
        subscribers
        (active, email, email_count, email_verified, subscription_frequency, full_name, last_email_sent_at, manage_token, reactivated_at, subscribed_at, subscription_ip, subscription_user_agent, unsubscribe_token, unsubscribed_at, updated_at, verification_token, verification_token_expires_at, verified_at, id) 
    values
        (?, ?, ?, ?, ?, ?, ?, ?, ?, ?, ?, ?, ?, ?, ?, ?, ?, ?, default)
Hibernate: 
    insert 
    into
        subscribers
        (active, email, email_count, email_verified, subscription_frequency, full_name, last_email_sent_at, manage_token, reactivated_at, subscribed_at, subscription_ip, subscription_user_agent, unsubscribe_token, unsubscribed_at, updated_at, verification_token, verification_token_expires_at, verified_at, id) 
    values
        (?, ?, ?, ?, ?, ?, ?, ?, ?, ?, ?, ?, ?, ?, ?, ?, ?, ?, default)
2025-09-20T20:34:44.151-03:00 DEBUG 29846 --- [TechNews] [           main] org.hibernate.SQL                        : 
    insert 
    into
        subscribers
        (active, email, email_count, email_verified, subscription_frequency, full_name, last_email_sent_at, manage_token, reactivated_at, subscribed_at, subscription_ip, subscription_user_agent, unsubscribe_token, unsubscribed_at, updated_at, verification_token, verification_token_expires_at, verified_at, id) 
    values
        (?, ?, ?, ?, ?, ?, ?, ?, ?, ?, ?, ?, ?, ?, ?, ?, ?, ?, default)
Hibernate: 
    insert 
    into
        subscribers
        (active, email, email_count, email_verified, subscription_frequency, full_name, last_email_sent_at, manage_token, reactivated_at, subscribed_at, subscription_ip, subscription_user_agent, unsubscribe_token, unsubscribed_at, updated_at, verification_token, verification_token_expires_at, verified_at, id) 
    values
        (?, ?, ?, ?, ?, ?, ?, ?, ?, ?, ?, ?, ?, ?, ?, ?, ?, ?, default)
2025-09-20T20:34:44.155-03:00 DEBUG 29846 --- [TechNews] [           main] org.hibernate.SQL                        : 
    insert 
    into
        subscribers
        (active, email, email_count, email_verified, subscription_frequency, full_name, last_email_sent_at, manage_token, reactivated_at, subscribed_at, subscription_ip, subscription_user_agent, unsubscribe_token, unsubscribed_at, updated_at, verification_token, verification_token_expires_at, verified_at, id) 
    values
        (?, ?, ?, ?, ?, ?, ?, ?, ?, ?, ?, ?, ?, ?, ?, ?, ?, ?, default)
Hibernate: 
    insert 
    into
        subscribers
        (active, email, email_count, email_verified, subscription_frequency, full_name, last_email_sent_at, manage_token, reactivated_at, subscribed_at, subscription_ip, subscription_user_agent, unsubscribe_token, unsubscribed_at, updated_at, verification_token, verification_token_expires_at, verified_at, id) 
    values
        (?, ?, ?, ?, ?, ?, ?, ?, ?, ?, ?, ?, ?, ?, ?, ?, ?, ?, default)
2025-09-20T20:34:44.164-03:00 DEBUG 29846 --- [TechNews] [           main] org.hibernate.SQL                        : 
    insert 
    into
        subscribers
        (active, email, email_count, email_verified, subscription_frequency, full_name, last_email_sent_at, manage_token, reactivated_at, subscribed_at, subscription_ip, subscription_user_agent, unsubscribe_token, unsubscribed_at, updated_at, verification_token, verification_token_expires_at, verified_at, id) 
    values
        (?, ?, ?, ?, ?, ?, ?, ?, ?, ?, ?, ?, ?, ?, ?, ?, ?, ?, default)
Hibernate: 
    insert 
    into
        subscribers
        (active, email, email_count, email_verified, subscription_frequency, full_name, last_email_sent_at, manage_token, reactivated_at, subscribed_at, subscription_ip, subscription_user_agent, unsubscribe_token, unsubscribed_at, updated_at, verification_token, verification_token_expires_at, verified_at, id) 
    values
        (?, ?, ?, ?, ?, ?, ?, ?, ?, ?, ?, ?, ?, ?, ?, ?, ?, ?, default)
2025-09-20T20:34:44.167-03:00 DEBUG 29846 --- [TechNews] [           main] org.hibernate.SQL                        : 
    insert 
    into
        subscribers
        (active, email, email_count, email_verified, subscription_frequency, full_name, last_email_sent_at, manage_token, reactivated_at, subscribed_at, subscription_ip, subscription_user_agent, unsubscribe_token, unsubscribed_at, updated_at, verification_token, verification_token_expires_at, verified_at, id) 
    values
        (?, ?, ?, ?, ?, ?, ?, ?, ?, ?, ?, ?, ?, ?, ?, ?, ?, ?, default)
Hibernate: 
    insert 
    into
        subscribers
        (active, email, email_count, email_verified, subscription_frequency, full_name, last_email_sent_at, manage_token, reactivated_at, subscribed_at, subscription_ip, subscription_user_agent, unsubscribe_token, unsubscribed_at, updated_at, verification_token, verification_token_expires_at, verified_at, id) 
    values
        (?, ?, ?, ?, ?, ?, ?, ?, ?, ?, ?, ?, ?, ?, ?, ?, ?, ?, default)
2025-09-20T20:34:44.169-03:00 DEBUG 29846 --- [TechNews] [           main] org.hibernate.SQL                        : 
    insert 
    into
        subscribers
        (active, email, email_count, email_verified, subscription_frequency, full_name, last_email_sent_at, manage_token, reactivated_at, subscribed_at, subscription_ip, subscription_user_agent, unsubscribe_token, unsubscribed_at, updated_at, verification_token, verification_token_expires_at, verified_at, id) 
    values
        (?, ?, ?, ?, ?, ?, ?, ?, ?, ?, ?, ?, ?, ?, ?, ?, ?, ?, default)
Hibernate: 
    insert 
    into
        subscribers
        (active, email, email_count, email_verified, subscription_frequency, full_name, last_email_sent_at, manage_token, reactivated_at, subscribed_at, subscription_ip, subscription_user_agent, unsubscribe_token, unsubscribed_at, updated_at, verification_token, verification_token_expires_at, verified_at, id) 
    values
        (?, ?, ?, ?, ?, ?, ?, ?, ?, ?, ?, ?, ?, ?, ?, ?, ?, ?, default)
2025-09-20T20:34:44.174-03:00 DEBUG 29846 --- [TechNews] [           main] org.hibernate.SQL                        : 
    select
        s1_0.id,
        s1_0.active,
        s1_0.email,
        s1_0.email_count,
        s1_0.email_verified,
        s1_0.subscription_frequency,
        s1_0.full_name,
        s1_0.last_email_sent_at,
        s1_0.manage_token,
        s1_0.reactivated_at,
        s1_0.subscribed_at,
        s1_0.subscription_ip,
        s1_0.subscription_user_agent,
        s1_0.unsubscribe_token,
        s1_0.unsubscribed_at,
        s1_0.updated_at,
        s1_0.verification_token,
        s1_0.verification_token_expires_at,
        s1_0.verified_at 
    from
        subscribers s1_0 
    where
        s1_0.active
Hibernate: 
    select
        s1_0.id,
        s1_0.active,
        s1_0.email,
        s1_0.email_count,
        s1_0.email_verified,
        s1_0.subscription_frequency,
        s1_0.full_name,
        s1_0.last_email_sent_at,
        s1_0.manage_token,
        s1_0.reactivated_at,
        s1_0.subscribed_at,
        s1_0.subscription_ip,
        s1_0.subscription_user_agent,
        s1_0.unsubscribe_token,
        s1_0.unsubscribed_at,
        s1_0.updated_at,
        s1_0.verification_token,
        s1_0.verification_token_expires_at,
        s1_0.verified_at 
    from
        subscribers s1_0 
    where
        s1_0.active
2025-09-20T20:34:44.189-03:00 DEBUG 29846 --- [TechNews] [           main] org.hibernate.SQL                        : 
    insert 
    into
        subscribers
        (active, email, email_count, email_verified, subscription_frequency, full_name, last_email_sent_at, manage_token, reactivated_at, subscribed_at, subscription_ip, subscription_user_agent, unsubscribe_token, unsubscribed_at, updated_at, verification_token, verification_token_expires_at, verified_at, id) 
    values
        (?, ?, ?, ?, ?, ?, ?, ?, ?, ?, ?, ?, ?, ?, ?, ?, ?, ?, default)
Hibernate: 
    insert 
    into
        subscribers
        (active, email, email_count, email_verified, subscription_frequency, full_name, last_email_sent_at, manage_token, reactivated_at, subscribed_at, subscription_ip, subscription_user_agent, unsubscribe_token, unsubscribed_at, updated_at, verification_token, verification_token_expires_at, verified_at, id) 
    values
        (?, ?, ?, ?, ?, ?, ?, ?, ?, ?, ?, ?, ?, ?, ?, ?, ?, ?, default)
2025-09-20T20:34:44.192-03:00 DEBUG 29846 --- [TechNews] [           main] org.hibernate.SQL                        : 
    insert 
    into
        subscribers
        (active, email, email_count, email_verified, subscription_frequency, full_name, last_email_sent_at, manage_token, reactivated_at, subscribed_at, subscription_ip, subscription_user_agent, unsubscribe_token, unsubscribed_at, updated_at, verification_token, verification_token_expires_at, verified_at, id) 
    values
        (?, ?, ?, ?, ?, ?, ?, ?, ?, ?, ?, ?, ?, ?, ?, ?, ?, ?, default)
Hibernate: 
    insert 
    into
        subscribers
        (active, email, email_count, email_verified, subscription_frequency, full_name, last_email_sent_at, manage_token, reactivated_at, subscribed_at, subscription_ip, subscription_user_agent, unsubscribe_token, unsubscribed_at, updated_at, verification_token, verification_token_expires_at, verified_at, id) 
    values
        (?, ?, ?, ?, ?, ?, ?, ?, ?, ?, ?, ?, ?, ?, ?, ?, ?, ?, default)
2025-09-20T20:34:44.193-03:00 DEBUG 29846 --- [TechNews] [           main] org.hibernate.SQL                        : 
    insert 
    into
        subscribers
        (active, email, email_count, email_verified, subscription_frequency, full_name, last_email_sent_at, manage_token, reactivated_at, subscribed_at, subscription_ip, subscription_user_agent, unsubscribe_token, unsubscribed_at, updated_at, verification_token, verification_token_expires_at, verified_at, id) 
    values
        (?, ?, ?, ?, ?, ?, ?, ?, ?, ?, ?, ?, ?, ?, ?, ?, ?, ?, default)
Hibernate: 
    insert 
    into
        subscribers
        (active, email, email_count, email_verified, subscription_frequency, full_name, last_email_sent_at, manage_token, reactivated_at, subscribed_at, subscription_ip, subscription_user_agent, unsubscribe_token, unsubscribed_at, updated_at, verification_token, verification_token_expires_at, verified_at, id) 
    values
        (?, ?, ?, ?, ?, ?, ?, ?, ?, ?, ?, ?, ?, ?, ?, ?, ?, ?, default)
2025-09-20T20:34:44.197-03:00 DEBUG 29846 --- [TechNews] [           main] org.hibernate.SQL                        : 
    select
        s1_0.id,
        s1_0.active,
        s1_0.email,
        s1_0.email_count,
        s1_0.email_verified,
        s1_0.subscription_frequency,
        s1_0.full_name,
        s1_0.last_email_sent_at,
        s1_0.manage_token,
        s1_0.reactivated_at,
        s1_0.subscribed_at,
        s1_0.subscription_ip,
        s1_0.subscription_user_agent,
        s1_0.unsubscribe_token,
        s1_0.unsubscribed_at,
        s1_0.updated_at,
        s1_0.verification_token,
        s1_0.verification_token_expires_at,
        s1_0.verified_at 
    from
        subscribers s1_0 
    where
        s1_0.email=?
Hibernate: 
    select
        s1_0.id,
        s1_0.active,
        s1_0.email,
        s1_0.email_count,
        s1_0.email_verified,
        s1_0.subscription_frequency,
        s1_0.full_name,
        s1_0.last_email_sent_at,
        s1_0.manage_token,
        s1_0.reactivated_at,
        s1_0.subscribed_at,
        s1_0.subscription_ip,
        s1_0.subscription_user_agent,
        s1_0.unsubscribe_token,
        s1_0.unsubscribed_at,
        s1_0.updated_at,
        s1_0.verification_token,
        s1_0.verification_token_expires_at,
        s1_0.verified_at 
    from
        subscribers s1_0 
    where
        s1_0.email=?
2025-09-20T20:34:44.211-03:00 DEBUG 29846 --- [TechNews] [           main] org.hibernate.SQL                        : 
    insert 
    into
        subscribers
        (active, email, email_count, email_verified, subscription_frequency, full_name, last_email_sent_at, manage_token, reactivated_at, subscribed_at, subscription_ip, subscription_user_agent, unsubscribe_token, unsubscribed_at, updated_at, verification_token, verification_token_expires_at, verified_at, id) 
    values
        (?, ?, ?, ?, ?, ?, ?, ?, ?, ?, ?, ?, ?, ?, ?, ?, ?, ?, default)
Hibernate: 
    insert 
    into
        subscribers
        (active, email, email_count, email_verified, subscription_frequency, full_name, last_email_sent_at, manage_token, reactivated_at, subscribed_at, subscription_ip, subscription_user_agent, unsubscribe_token, unsubscribed_at, updated_at, verification_token, verification_token_expires_at, verified_at, id) 
    values
        (?, ?, ?, ?, ?, ?, ?, ?, ?, ?, ?, ?, ?, ?, ?, ?, ?, ?, default)
2025-09-20T20:34:44.214-03:00 DEBUG 29846 --- [TechNews] [           main] org.hibernate.SQL                        : 
    insert 
    into
        subscribers
        (active, email, email_count, email_verified, subscription_frequency, full_name, last_email_sent_at, manage_token, reactivated_at, subscribed_at, subscription_ip, subscription_user_agent, unsubscribe_token, unsubscribed_at, updated_at, verification_token, verification_token_expires_at, verified_at, id) 
    values
        (?, ?, ?, ?, ?, ?, ?, ?, ?, ?, ?, ?, ?, ?, ?, ?, ?, ?, default)
Hibernate: 
    insert 
    into
        subscribers
        (active, email, email_count, email_verified, subscription_frequency, full_name, last_email_sent_at, manage_token, reactivated_at, subscribed_at, subscription_ip, subscription_user_agent, unsubscribe_token, unsubscribed_at, updated_at, verification_token, verification_token_expires_at, verified_at, id) 
    values
        (?, ?, ?, ?, ?, ?, ?, ?, ?, ?, ?, ?, ?, ?, ?, ?, ?, ?, default)
2025-09-20T20:34:44.216-03:00 DEBUG 29846 --- [TechNews] [           main] org.hibernate.SQL                        : 
    insert 
    into
        subscribers
        (active, email, email_count, email_verified, subscription_frequency, full_name, last_email_sent_at, manage_token, reactivated_at, subscribed_at, subscription_ip, subscription_user_agent, unsubscribe_token, unsubscribed_at, updated_at, verification_token, verification_token_expires_at, verified_at, id) 
    values
        (?, ?, ?, ?, ?, ?, ?, ?, ?, ?, ?, ?, ?, ?, ?, ?, ?, ?, default)
Hibernate: 
    insert 
    into
        subscribers
        (active, email, email_count, email_verified, subscription_frequency, full_name, last_email_sent_at, manage_token, reactivated_at, subscribed_at, subscription_ip, subscription_user_agent, unsubscribe_token, unsubscribed_at, updated_at, verification_token, verification_token_expires_at, verified_at, id) 
    values
        (?, ?, ?, ?, ?, ?, ?, ?, ?, ?, ?, ?, ?, ?, ?, ?, ?, ?, default)
2025-09-20T20:34:44.222-03:00 DEBUG 29846 --- [TechNews] [           main] org.hibernate.SQL                        : 
    select
        s1_0.id,
        s1_0.active,
        s1_0.email,
        s1_0.email_count,
        s1_0.email_verified,
        s1_0.subscription_frequency,
        s1_0.full_name,
        s1_0.last_email_sent_at,
        s1_0.manage_token,
        s1_0.reactivated_at,
        s1_0.subscribed_at,
        s1_0.subscription_ip,
        s1_0.subscription_user_agent,
        s1_0.unsubscribe_token,
        s1_0.unsubscribed_at,
        s1_0.updated_at,
        s1_0.verification_token,
        s1_0.verification_token_expires_at,
        s1_0.verified_at 
    from
        subscribers s1_0 
    where
        s1_0.email=?
Hibernate: 
    select
        s1_0.id,
        s1_0.active,
        s1_0.email,
        s1_0.email_count,
        s1_0.email_verified,
        s1_0.subscription_frequency,
        s1_0.full_name,
        s1_0.last_email_sent_at,
        s1_0.manage_token,
        s1_0.reactivated_at,
        s1_0.subscribed_at,
        s1_0.subscription_ip,
        s1_0.subscription_user_agent,
        s1_0.unsubscribe_token,
        s1_0.unsubscribed_at,
        s1_0.updated_at,
        s1_0.verification_token,
        s1_0.verification_token_expires_at,
        s1_0.verified_at 
    from
        subscribers s1_0 
    where
        s1_0.email=?
2025-09-20T20:34:44.228-03:00 DEBUG 29846 --- [TechNews] [           main] org.hibernate.SQL                        : 
    update
        subscribers 
    set
        active=?,
        email=?,
        email_count=?,
        email_verified=?,
        subscription_frequency=?,
        full_name=?,
        last_email_sent_at=?,
        manage_token=?,
        reactivated_at=?,
        subscribed_at=?,
        subscription_ip=?,
        subscription_user_agent=?,
        unsubscribe_token=?,
        unsubscribed_at=?,
        updated_at=?,
        verification_token=?,
        verification_token_expires_at=?,
        verified_at=? 
    where
        id=?
Hibernate: 
    update
        subscribers 
    set
        active=?,
        email=?,
        email_count=?,
        email_verified=?,
        subscription_frequency=?,
        full_name=?,
        last_email_sent_at=?,
        manage_token=?,
        reactivated_at=?,
        subscribed_at=?,
        subscription_ip=?,
        subscription_user_agent=?,
        unsubscribe_token=?,
        unsubscribed_at=?,
        updated_at=?,
        verification_token=?,
        verification_token_expires_at=?,
        verified_at=? 
    where
        id=?
2025-09-20T20:34:44.229-03:00 DEBUG 29846 --- [TechNews] [           main] org.hibernate.SQL                        : 
    select
        s1_0.id,
        s1_0.active,
        s1_0.email,
        s1_0.email_count,
        s1_0.email_verified,
        s1_0.subscription_frequency,
        s1_0.full_name,
        s1_0.last_email_sent_at,
        s1_0.manage_token,
        s1_0.reactivated_at,
        s1_0.subscribed_at,
        s1_0.subscription_ip,
        s1_0.subscription_user_agent,
        s1_0.unsubscribe_token,
        s1_0.unsubscribed_at,
        s1_0.updated_at,
        s1_0.verification_token,
        s1_0.verification_token_expires_at,
        s1_0.verified_at 
    from
        subscribers s1_0 
    where
        s1_0.active
Hibernate: 
    select
        s1_0.id,
        s1_0.active,
        s1_0.email,
        s1_0.email_count,
        s1_0.email_verified,
        s1_0.subscription_frequency,
        s1_0.full_name,
        s1_0.last_email_sent_at,
        s1_0.manage_token,
        s1_0.reactivated_at,
        s1_0.subscribed_at,
        s1_0.subscription_ip,
        s1_0.subscription_user_agent,
        s1_0.unsubscribe_token,
        s1_0.unsubscribed_at,
        s1_0.updated_at,
        s1_0.verification_token,
        s1_0.verification_token_expires_at,
        s1_0.verified_at 
    from
        subscribers s1_0 
    where
        s1_0.active
2025-09-20T20:34:44.242-03:00 DEBUG 29846 --- [TechNews] [           main] org.hibernate.SQL                        : 
    insert 
    into
        subscribers
        (active, email, email_count, email_verified, subscription_frequency, full_name, last_email_sent_at, manage_token, reactivated_at, subscribed_at, subscription_ip, subscription_user_agent, unsubscribe_token, unsubscribed_at, updated_at, verification_token, verification_token_expires_at, verified_at, id) 
    values
        (?, ?, ?, ?, ?, ?, ?, ?, ?, ?, ?, ?, ?, ?, ?, ?, ?, ?, default)
Hibernate: 
    insert 
    into
        subscribers
        (active, email, email_count, email_verified, subscription_frequency, full_name, last_email_sent_at, manage_token, reactivated_at, subscribed_at, subscription_ip, subscription_user_agent, unsubscribe_token, unsubscribed_at, updated_at, verification_token, verification_token_expires_at, verified_at, id) 
    values
        (?, ?, ?, ?, ?, ?, ?, ?, ?, ?, ?, ?, ?, ?, ?, ?, ?, ?, default)
2025-09-20T20:34:44.246-03:00 DEBUG 29846 --- [TechNews] [           main] org.hibernate.SQL                        : 
    insert 
    into
        subscribers
        (active, email, email_count, email_verified, subscription_frequency, full_name, last_email_sent_at, manage_token, reactivated_at, subscribed_at, subscription_ip, subscription_user_agent, unsubscribe_token, unsubscribed_at, updated_at, verification_token, verification_token_expires_at, verified_at, id) 
    values
        (?, ?, ?, ?, ?, ?, ?, ?, ?, ?, ?, ?, ?, ?, ?, ?, ?, ?, default)
Hibernate: 
    insert 
    into
        subscribers
        (active, email, email_count, email_verified, subscription_frequency, full_name, last_email_sent_at, manage_token, reactivated_at, subscribed_at, subscription_ip, subscription_user_agent, unsubscribe_token, unsubscribed_at, updated_at, verification_token, verification_token_expires_at, verified_at, id) 
    values
        (?, ?, ?, ?, ?, ?, ?, ?, ?, ?, ?, ?, ?, ?, ?, ?, ?, ?, default)
2025-09-20T20:34:44.248-03:00 DEBUG 29846 --- [TechNews] [           main] org.hibernate.SQL                        : 
    insert 
    into
        subscribers
        (active, email, email_count, email_verified, subscription_frequency, full_name, last_email_sent_at, manage_token, reactivated_at, subscribed_at, subscription_ip, subscription_user_agent, unsubscribe_token, unsubscribed_at, updated_at, verification_token, verification_token_expires_at, verified_at, id) 
    values
        (?, ?, ?, ?, ?, ?, ?, ?, ?, ?, ?, ?, ?, ?, ?, ?, ?, ?, default)
Hibernate: 
    insert 
    into
        subscribers
        (active, email, email_count, email_verified, subscription_frequency, full_name, last_email_sent_at, manage_token, reactivated_at, subscribed_at, subscription_ip, subscription_user_agent, unsubscribe_token, unsubscribed_at, updated_at, verification_token, verification_token_expires_at, verified_at, id) 
    values
        (?, ?, ?, ?, ?, ?, ?, ?, ?, ?, ?, ?, ?, ?, ?, ?, ?, ?, default)
2025-09-20T20:34:44.252-03:00 DEBUG 29846 --- [TechNews] [           main] org.hibernate.SQL                        : 
    insert 
    into
        subscribers
        (active, email, email_count, email_verified, subscription_frequency, full_name, last_email_sent_at, manage_token, reactivated_at, subscribed_at, subscription_ip, subscription_user_agent, unsubscribe_token, unsubscribed_at, updated_at, verification_token, verification_token_expires_at, verified_at, id) 
    values
        (?, ?, ?, ?, ?, ?, ?, ?, ?, ?, ?, ?, ?, ?, ?, ?, ?, ?, default)
Hibernate: 
    insert 
    into
        subscribers
        (active, email, email_count, email_verified, subscription_frequency, full_name, last_email_sent_at, manage_token, reactivated_at, subscribed_at, subscription_ip, subscription_user_agent, unsubscribe_token, unsubscribed_at, updated_at, verification_token, verification_token_expires_at, verified_at, id) 
    values
        (?, ?, ?, ?, ?, ?, ?, ?, ?, ?, ?, ?, ?, ?, ?, ?, ?, ?, default)
2025-09-20T20:34:44.254-03:00  WARN 29846 --- [TechNews] [           main] o.h.engine.jdbc.spi.SqlExceptionHelper   : SQL Error: 23505, SQLState: 23505
2025-09-20T20:34:44.254-03:00 ERROR 29846 --- [TechNews] [           main] o.h.engine.jdbc.spi.SqlExceptionHelper   : Unique index or primary key violation: "PUBLIC.CONSTRAINT_INDEX_B ON PUBLIC.SUBSCRIBERS(EMAIL NULLS FIRST) VALUES ( /* 44 */ 'active@example.com' )"; SQL statement:
insert into subscribers (active,email,email_count,email_verified,subscription_frequency,full_name,last_email_sent_at,manage_token,reactivated_at,subscribed_at,subscription_ip,subscription_user_agent,unsubscribe_token,unsubscribed_at,updated_at,verification_token,verification_token_expires_at,verified_at,id) values (?,?,?,?,?,?,?,?,?,?,?,?,?,?,?,?,?,?,default) [23505-232]
2025-09-20T20:34:44.269-03:00 DEBUG 29846 --- [TechNews] [           main] org.hibernate.SQL                        : 
    insert 
    into
        subscribers
        (active, email, email_count, email_verified, subscription_frequency, full_name, last_email_sent_at, manage_token, reactivated_at, subscribed_at, subscription_ip, subscription_user_agent, unsubscribe_token, unsubscribed_at, updated_at, verification_token, verification_token_expires_at, verified_at, id) 
    values
        (?, ?, ?, ?, ?, ?, ?, ?, ?, ?, ?, ?, ?, ?, ?, ?, ?, ?, default)
Hibernate: 
    insert 
    into
        subscribers
        (active, email, email_count, email_verified, subscription_frequency, full_name, last_email_sent_at, manage_token, reactivated_at, subscribed_at, subscription_ip, subscription_user_agent, unsubscribe_token, unsubscribed_at, updated_at, verification_token, verification_token_expires_at, verified_at, id) 
    values
        (?, ?, ?, ?, ?, ?, ?, ?, ?, ?, ?, ?, ?, ?, ?, ?, ?, ?, default)
2025-09-20T20:34:44.273-03:00 DEBUG 29846 --- [TechNews] [           main] org.hibernate.SQL                        : 
    insert 
    into
        subscribers
        (active, email, email_count, email_verified, subscription_frequency, full_name, last_email_sent_at, manage_token, reactivated_at, subscribed_at, subscription_ip, subscription_user_agent, unsubscribe_token, unsubscribed_at, updated_at, verification_token, verification_token_expires_at, verified_at, id) 
    values
        (?, ?, ?, ?, ?, ?, ?, ?, ?, ?, ?, ?, ?, ?, ?, ?, ?, ?, default)
Hibernate: 
    insert 
    into
        subscribers
        (active, email, email_count, email_verified, subscription_frequency, full_name, last_email_sent_at, manage_token, reactivated_at, subscribed_at, subscription_ip, subscription_user_agent, unsubscribe_token, unsubscribed_at, updated_at, verification_token, verification_token_expires_at, verified_at, id) 
    values
        (?, ?, ?, ?, ?, ?, ?, ?, ?, ?, ?, ?, ?, ?, ?, ?, ?, ?, default)
2025-09-20T20:34:44.275-03:00 DEBUG 29846 --- [TechNews] [           main] org.hibernate.SQL                        : 
    insert 
    into
        subscribers
        (active, email, email_count, email_verified, subscription_frequency, full_name, last_email_sent_at, manage_token, reactivated_at, subscribed_at, subscription_ip, subscription_user_agent, unsubscribe_token, unsubscribed_at, updated_at, verification_token, verification_token_expires_at, verified_at, id) 
    values
        (?, ?, ?, ?, ?, ?, ?, ?, ?, ?, ?, ?, ?, ?, ?, ?, ?, ?, default)
Hibernate: 
    insert 
    into
        subscribers
        (active, email, email_count, email_verified, subscription_frequency, full_name, last_email_sent_at, manage_token, reactivated_at, subscribed_at, subscription_ip, subscription_user_agent, unsubscribe_token, unsubscribed_at, updated_at, verification_token, verification_token_expires_at, verified_at, id) 
    values
        (?, ?, ?, ?, ?, ?, ?, ?, ?, ?, ?, ?, ?, ?, ?, ?, ?, ?, default)
2025-09-20T20:34:44.280-03:00 DEBUG 29846 --- [TechNews] [           main] org.hibernate.SQL                        : 
    select
        s1_0.id,
        s1_0.active,
        s1_0.email,
        s1_0.email_count,
        s1_0.email_verified,
        s1_0.subscription_frequency,
        s1_0.full_name,
        s1_0.last_email_sent_at,
        s1_0.manage_token,
        s1_0.reactivated_at,
        s1_0.subscribed_at,
        s1_0.subscription_ip,
        s1_0.subscription_user_agent,
        s1_0.unsubscribe_token,
        s1_0.unsubscribed_at,
        s1_0.updated_at,
        s1_0.verification_token,
        s1_0.verification_token_expires_at,
        s1_0.verified_at 
    from
        subscribers s1_0 
    where
        s1_0.email=?
Hibernate: 
    select
        s1_0.id,
        s1_0.active,
        s1_0.email,
        s1_0.email_count,
        s1_0.email_verified,
        s1_0.subscription_frequency,
        s1_0.full_name,
        s1_0.last_email_sent_at,
        s1_0.manage_token,
        s1_0.reactivated_at,
        s1_0.subscribed_at,
        s1_0.subscription_ip,
        s1_0.subscription_user_agent,
        s1_0.unsubscribe_token,
        s1_0.unsubscribed_at,
        s1_0.updated_at,
        s1_0.verification_token,
        s1_0.verification_token_expires_at,
        s1_0.verified_at 
    from
        subscribers s1_0 
    where
        s1_0.email=?
2025-09-20T20:34:44.290-03:00 DEBUG 29846 --- [TechNews] [           main] org.hibernate.SQL                        : 
    insert 
    into
        subscribers
        (active, email, email_count, email_verified, subscription_frequency, full_name, last_email_sent_at, manage_token, reactivated_at, subscribed_at, subscription_ip, subscription_user_agent, unsubscribe_token, unsubscribed_at, updated_at, verification_token, verification_token_expires_at, verified_at, id) 
    values
        (?, ?, ?, ?, ?, ?, ?, ?, ?, ?, ?, ?, ?, ?, ?, ?, ?, ?, default)
Hibernate: 
    insert 
    into
        subscribers
        (active, email, email_count, email_verified, subscription_frequency, full_name, last_email_sent_at, manage_token, reactivated_at, subscribed_at, subscription_ip, subscription_user_agent, unsubscribe_token, unsubscribed_at, updated_at, verification_token, verification_token_expires_at, verified_at, id) 
    values
        (?, ?, ?, ?, ?, ?, ?, ?, ?, ?, ?, ?, ?, ?, ?, ?, ?, ?, default)
2025-09-20T20:34:44.293-03:00 DEBUG 29846 --- [TechNews] [           main] org.hibernate.SQL                        : 
    insert 
    into
        subscribers
        (active, email, email_count, email_verified, subscription_frequency, full_name, last_email_sent_at, manage_token, reactivated_at, subscribed_at, subscription_ip, subscription_user_agent, unsubscribe_token, unsubscribed_at, updated_at, verification_token, verification_token_expires_at, verified_at, id) 
    values
        (?, ?, ?, ?, ?, ?, ?, ?, ?, ?, ?, ?, ?, ?, ?, ?, ?, ?, default)
Hibernate: 
    insert 
    into
        subscribers
        (active, email, email_count, email_verified, subscription_frequency, full_name, last_email_sent_at, manage_token, reactivated_at, subscribed_at, subscription_ip, subscription_user_agent, unsubscribe_token, unsubscribed_at, updated_at, verification_token, verification_token_expires_at, verified_at, id) 
    values
        (?, ?, ?, ?, ?, ?, ?, ?, ?, ?, ?, ?, ?, ?, ?, ?, ?, ?, default)
2025-09-20T20:34:44.295-03:00 DEBUG 29846 --- [TechNews] [           main] org.hibernate.SQL                        : 
    insert 
    into
        subscribers
        (active, email, email_count, email_verified, subscription_frequency, full_name, last_email_sent_at, manage_token, reactivated_at, subscribed_at, subscription_ip, subscription_user_agent, unsubscribe_token, unsubscribed_at, updated_at, verification_token, verification_token_expires_at, verified_at, id) 
    values
        (?, ?, ?, ?, ?, ?, ?, ?, ?, ?, ?, ?, ?, ?, ?, ?, ?, ?, default)
Hibernate: 
    insert 
    into
        subscribers
        (active, email, email_count, email_verified, subscription_frequency, full_name, last_email_sent_at, manage_token, reactivated_at, subscribed_at, subscription_ip, subscription_user_agent, unsubscribe_token, unsubscribed_at, updated_at, verification_token, verification_token_expires_at, verified_at, id) 
    values
        (?, ?, ?, ?, ?, ?, ?, ?, ?, ?, ?, ?, ?, ?, ?, ?, ?, ?, default)
2025-09-20T20:34:44.297-03:00 DEBUG 29846 --- [TechNews] [           main] org.hibernate.SQL                        : 
    insert 
    into
        subscribers
        (active, email, email_count, email_verified, subscription_frequency, full_name, last_email_sent_at, manage_token, reactivated_at, subscribed_at, subscription_ip, subscription_user_agent, unsubscribe_token, unsubscribed_at, updated_at, verification_token, verification_token_expires_at, verified_at, id) 
    values
        (?, ?, ?, ?, ?, ?, ?, ?, ?, ?, ?, ?, ?, ?, ?, ?, ?, ?, default)
Hibernate: 
    insert 
    into
        subscribers
        (active, email, email_count, email_verified, subscription_frequency, full_name, last_email_sent_at, manage_token, reactivated_at, subscribed_at, subscription_ip, subscription_user_agent, unsubscribe_token, unsubscribed_at, updated_at, verification_token, verification_token_expires_at, verified_at, id) 
    values
        (?, ?, ?, ?, ?, ?, ?, ?, ?, ?, ?, ?, ?, ?, ?, ?, ?, ?, default)
2025-09-20T20:34:44.299-03:00 DEBUG 29846 --- [TechNews] [           main] org.hibernate.SQL                        : 
    insert 
    into
        subscribers
        (active, email, email_count, email_verified, subscription_frequency, full_name, last_email_sent_at, manage_token, reactivated_at, subscribed_at, subscription_ip, subscription_user_agent, unsubscribe_token, unsubscribed_at, updated_at, verification_token, verification_token_expires_at, verified_at, id) 
    values
        (?, ?, ?, ?, ?, ?, ?, ?, ?, ?, ?, ?, ?, ?, ?, ?, ?, ?, default)
Hibernate: 
    insert 
    into
        subscribers
        (active, email, email_count, email_verified, subscription_frequency, full_name, last_email_sent_at, manage_token, reactivated_at, subscribed_at, subscription_ip, subscription_user_agent, unsubscribe_token, unsubscribed_at, updated_at, verification_token, verification_token_expires_at, verified_at, id) 
    values
        (?, ?, ?, ?, ?, ?, ?, ?, ?, ?, ?, ?, ?, ?, ?, ?, ?, ?, default)
2025-09-20T20:34:44.304-03:00 DEBUG 29846 --- [TechNews] [           main] org.hibernate.SQL                        : 
    select
        s1_0.id,
        s1_0.active,
        s1_0.email,
        s1_0.email_count,
        s1_0.email_verified,
        s1_0.subscription_frequency,
        s1_0.full_name,
        s1_0.last_email_sent_at,
        s1_0.manage_token,
        s1_0.reactivated_at,
        s1_0.subscribed_at,
        s1_0.subscription_ip,
        s1_0.subscription_user_agent,
        s1_0.unsubscribe_token,
        s1_0.unsubscribed_at,
        s1_0.updated_at,
        s1_0.verification_token,
        s1_0.verification_token_expires_at,
        s1_0.verified_at 
    from
        subscribers s1_0
Hibernate: 
    select
        s1_0.id,
        s1_0.active,
        s1_0.email,
        s1_0.email_count,
        s1_0.email_verified,
        s1_0.subscription_frequency,
        s1_0.full_name,
        s1_0.last_email_sent_at,
        s1_0.manage_token,
        s1_0.reactivated_at,
        s1_0.subscribed_at,
        s1_0.subscription_ip,
        s1_0.subscription_user_agent,
        s1_0.unsubscribe_token,
        s1_0.unsubscribed_at,
        s1_0.updated_at,
        s1_0.verification_token,
        s1_0.verification_token_expires_at,
        s1_0.verified_at 
    from
        subscribers s1_0
[INFO] Tests run: 17, Failures: 0, Errors: 0, Skipped: 0, Time elapsed: 0.731 s - in br.com.technews.repository.NewsletterRepositoryTest
[INFO] Running br.com.technews.repository.SubscriberRepositoryTest
2025-09-20T20:34:44.345-03:00  INFO 29846 --- [TechNews] [           main] t.c.s.AnnotationConfigContextLoaderUtils : Could not detect default configuration classes for test class [br.com.technews.repository.SubscriberRepositoryTest]: SubscriberRepositoryTest does not declare any static, non-private, non-final, nested classes annotated with @Configuration.
2025-09-20T20:34:44.427-03:00  INFO 29846 --- [TechNews] [           main] .b.t.c.SpringBootTestContextBootstrapper : Found @SpringBootConfiguration br.com.technews.TechnewsApplication for test class br.com.technews.repository.SubscriberRepositoryTest
2025-09-20T20:34:44.434-03:00 DEBUG 29846 --- [TechNews] [           main] org.hibernate.SQL                        : 
    insert 
    into
        categories
        (active, color, created_at, description, name, slug, updated_at, id) 
    values
        (?, ?, ?, ?, ?, ?, ?, default)
Hibernate: 
    insert 
    into
        categories
        (active, color, created_at, description, name, slug, updated_at, id) 
    values
        (?, ?, ?, ?, ?, ?, ?, default)
2025-09-20T20:34:44.438-03:00 DEBUG 29846 --- [TechNews] [           main] org.hibernate.SQL                        : 
    insert 
    into
        categories
        (active, color, created_at, description, name, slug, updated_at, id) 
    values
        (?, ?, ?, ?, ?, ?, ?, default)
Hibernate: 
    insert 
    into
        categories
        (active, color, created_at, description, name, slug, updated_at, id) 
    values
        (?, ?, ?, ?, ?, ?, ?, default)
2025-09-20T20:34:44.440-03:00 DEBUG 29846 --- [TechNews] [           main] org.hibernate.SQL                        : 
    insert 
    into
        categories
        (active, color, created_at, description, name, slug, updated_at, id) 
    values
        (?, ?, ?, ?, ?, ?, ?, default)
Hibernate: 
    insert 
    into
        categories
        (active, color, created_at, description, name, slug, updated_at, id) 
    values
        (?, ?, ?, ?, ?, ?, ?, default)
2025-09-20T20:34:44.442-03:00 DEBUG 29846 --- [TechNews] [           main] org.hibernate.SQL                        : 
    insert 
    into
        categories
        (active, color, created_at, description, name, slug, updated_at, id) 
    values
        (?, ?, ?, ?, ?, ?, ?, default)
Hibernate: 
    insert 
    into
        categories
        (active, color, created_at, description, name, slug, updated_at, id) 
    values
        (?, ?, ?, ?, ?, ?, ?, default)
2025-09-20T20:34:44.444-03:00 DEBUG 29846 --- [TechNews] [           main] org.hibernate.SQL                        : 
    insert 
    into
        subscribers
        (active, email, email_count, email_verified, subscription_frequency, full_name, last_email_sent_at, manage_token, reactivated_at, subscribed_at, subscription_ip, subscription_user_agent, unsubscribe_token, unsubscribed_at, updated_at, verification_token, verification_token_expires_at, verified_at, id) 
    values
        (?, ?, ?, ?, ?, ?, ?, ?, ?, ?, ?, ?, ?, ?, ?, ?, ?, ?, default)
Hibernate: 
    insert 
    into
        subscribers
        (active, email, email_count, email_verified, subscription_frequency, full_name, last_email_sent_at, manage_token, reactivated_at, subscribed_at, subscription_ip, subscription_user_agent, unsubscribe_token, unsubscribed_at, updated_at, verification_token, verification_token_expires_at, verified_at, id) 
    values
        (?, ?, ?, ?, ?, ?, ?, ?, ?, ?, ?, ?, ?, ?, ?, ?, ?, ?, default)
2025-09-20T20:34:44.446-03:00 DEBUG 29846 --- [TechNews] [           main] org.hibernate.SQL                        : 
    insert 
    into
        subscribers
        (active, email, email_count, email_verified, subscription_frequency, full_name, last_email_sent_at, manage_token, reactivated_at, subscribed_at, subscription_ip, subscription_user_agent, unsubscribe_token, unsubscribed_at, updated_at, verification_token, verification_token_expires_at, verified_at, id) 
    values
        (?, ?, ?, ?, ?, ?, ?, ?, ?, ?, ?, ?, ?, ?, ?, ?, ?, ?, default)
Hibernate: 
    insert 
    into
        subscribers
        (active, email, email_count, email_verified, subscription_frequency, full_name, last_email_sent_at, manage_token, reactivated_at, subscribed_at, subscription_ip, subscription_user_agent, unsubscribe_token, unsubscribed_at, updated_at, verification_token, verification_token_expires_at, verified_at, id) 
    values
        (?, ?, ?, ?, ?, ?, ?, ?, ?, ?, ?, ?, ?, ?, ?, ?, ?, ?, default)
2025-09-20T20:34:44.448-03:00 DEBUG 29846 --- [TechNews] [           main] org.hibernate.SQL                        : 
    insert 
    into
        subscribers
        (active, email, email_count, email_verified, subscription_frequency, full_name, last_email_sent_at, manage_token, reactivated_at, subscribed_at, subscription_ip, subscription_user_agent, unsubscribe_token, unsubscribed_at, updated_at, verification_token, verification_token_expires_at, verified_at, id) 
    values
        (?, ?, ?, ?, ?, ?, ?, ?, ?, ?, ?, ?, ?, ?, ?, ?, ?, ?, default)
Hibernate: 
    insert 
    into
        subscribers
        (active, email, email_count, email_verified, subscription_frequency, full_name, last_email_sent_at, manage_token, reactivated_at, subscribed_at, subscription_ip, subscription_user_agent, unsubscribe_token, unsubscribed_at, updated_at, verification_token, verification_token_expires_at, verified_at, id) 
    values
        (?, ?, ?, ?, ?, ?, ?, ?, ?, ?, ?, ?, ?, ?, ?, ?, ?, ?, default)
2025-09-20T20:34:44.470-03:00 DEBUG 29846 --- [TechNews] [           main] org.hibernate.SQL                        : 
    insert 
    into
        subscriber_categories
        (subscriber_id, category_id) 
    values
        (?, ?)
Hibernate: 
    insert 
    into
        subscriber_categories
        (subscriber_id, category_id) 
    values
        (?, ?)
2025-09-20T20:34:44.473-03:00 DEBUG 29846 --- [TechNews] [           main] org.hibernate.SQL                        : 
    insert 
    into
        subscriber_categories
        (subscriber_id, category_id) 
    values
        (?, ?)
Hibernate: 
    insert 
    into
        subscriber_categories
        (subscriber_id, category_id) 
    values
        (?, ?)
2025-09-20T20:34:44.473-03:00 DEBUG 29846 --- [TechNews] [           main] org.hibernate.SQL                        : 
    insert 
    into
        subscriber_categories
        (subscriber_id, category_id) 
    values
        (?, ?)
Hibernate: 
    insert 
    into
        subscriber_categories
        (subscriber_id, category_id) 
    values
        (?, ?)
2025-09-20T20:34:44.474-03:00 DEBUG 29846 --- [TechNews] [           main] org.hibernate.SQL                        : 
    select
        s1_0.id,
        s1_0.active,
        s1_0.email,
        s1_0.email_count,
        s1_0.email_verified,
        s1_0.subscription_frequency,
        s1_0.full_name,
        s1_0.last_email_sent_at,
        s1_0.manage_token,
        s1_0.reactivated_at,
        s1_0.subscribed_at,
        s1_0.subscription_ip,
        s1_0.subscription_user_agent,
        s1_0.unsubscribe_token,
        s1_0.unsubscribed_at,
        s1_0.updated_at,
        s1_0.verification_token,
        s1_0.verification_token_expires_at,
        s1_0.verified_at 
    from
        subscribers s1_0 
    join
        subscriber_categories sc1_0 
            on s1_0.id=sc1_0.subscriber_id 
    join
        categories sc1_1 
            on sc1_1.id=sc1_0.category_id 
    where
        sc1_1.id=? 
        and s1_0.active=true 
        and s1_0.email_verified=true
Hibernate: 
    select
        s1_0.id,
        s1_0.active,
        s1_0.email,
        s1_0.email_count,
        s1_0.email_verified,
        s1_0.subscription_frequency,
        s1_0.full_name,
        s1_0.last_email_sent_at,
        s1_0.manage_token,
        s1_0.reactivated_at,
        s1_0.subscribed_at,
        s1_0.subscription_ip,
        s1_0.subscription_user_agent,
        s1_0.unsubscribe_token,
        s1_0.unsubscribed_at,
        s1_0.updated_at,
        s1_0.verification_token,
        s1_0.verification_token_expires_at,
        s1_0.verified_at 
    from
        subscribers s1_0 
    join
        subscriber_categories sc1_0 
            on s1_0.id=sc1_0.subscriber_id 
    join
        categories sc1_1 
            on sc1_1.id=sc1_0.category_id 
    where
        sc1_1.id=? 
        and s1_0.active=true 
        and s1_0.email_verified=true
2025-09-20T20:34:44.494-03:00 DEBUG 29846 --- [TechNews] [           main] org.hibernate.SQL                        : 
    insert 
    into
        categories
        (active, color, created_at, description, name, slug, updated_at, id) 
    values
        (?, ?, ?, ?, ?, ?, ?, default)
Hibernate: 
    insert 
    into
        categories
        (active, color, created_at, description, name, slug, updated_at, id) 
    values
        (?, ?, ?, ?, ?, ?, ?, default)
2025-09-20T20:34:44.497-03:00 DEBUG 29846 --- [TechNews] [           main] org.hibernate.SQL                        : 
    insert 
    into
        categories
        (active, color, created_at, description, name, slug, updated_at, id) 
    values
        (?, ?, ?, ?, ?, ?, ?, default)
Hibernate: 
    insert 
    into
        categories
        (active, color, created_at, description, name, slug, updated_at, id) 
    values
        (?, ?, ?, ?, ?, ?, ?, default)
2025-09-20T20:34:44.499-03:00 DEBUG 29846 --- [TechNews] [           main] org.hibernate.SQL                        : 
    insert 
    into
        subscribers
        (active, email, email_count, email_verified, subscription_frequency, full_name, last_email_sent_at, manage_token, reactivated_at, subscribed_at, subscription_ip, subscription_user_agent, unsubscribe_token, unsubscribed_at, updated_at, verification_token, verification_token_expires_at, verified_at, id) 
    values
        (?, ?, ?, ?, ?, ?, ?, ?, ?, ?, ?, ?, ?, ?, ?, ?, ?, ?, default)
Hibernate: 
    insert 
    into
        subscribers
        (active, email, email_count, email_verified, subscription_frequency, full_name, last_email_sent_at, manage_token, reactivated_at, subscribed_at, subscription_ip, subscription_user_agent, unsubscribe_token, unsubscribed_at, updated_at, verification_token, verification_token_expires_at, verified_at, id) 
    values
        (?, ?, ?, ?, ?, ?, ?, ?, ?, ?, ?, ?, ?, ?, ?, ?, ?, ?, default)
2025-09-20T20:34:44.502-03:00 DEBUG 29846 --- [TechNews] [           main] org.hibernate.SQL                        : 
    insert 
    into
        subscribers
        (active, email, email_count, email_verified, subscription_frequency, full_name, last_email_sent_at, manage_token, reactivated_at, subscribed_at, subscription_ip, subscription_user_agent, unsubscribe_token, unsubscribed_at, updated_at, verification_token, verification_token_expires_at, verified_at, id) 
    values
        (?, ?, ?, ?, ?, ?, ?, ?, ?, ?, ?, ?, ?, ?, ?, ?, ?, ?, default)
Hibernate: 
    insert 
    into
        subscribers
        (active, email, email_count, email_verified, subscription_frequency, full_name, last_email_sent_at, manage_token, reactivated_at, subscribed_at, subscription_ip, subscription_user_agent, unsubscribe_token, unsubscribed_at, updated_at, verification_token, verification_token_expires_at, verified_at, id) 
    values
        (?, ?, ?, ?, ?, ?, ?, ?, ?, ?, ?, ?, ?, ?, ?, ?, ?, ?, default)
2025-09-20T20:34:44.505-03:00 DEBUG 29846 --- [TechNews] [           main] org.hibernate.SQL                        : 
    insert 
    into
        subscribers
        (active, email, email_count, email_verified, subscription_frequency, full_name, last_email_sent_at, manage_token, reactivated_at, subscribed_at, subscription_ip, subscription_user_agent, unsubscribe_token, unsubscribed_at, updated_at, verification_token, verification_token_expires_at, verified_at, id) 
    values
        (?, ?, ?, ?, ?, ?, ?, ?, ?, ?, ?, ?, ?, ?, ?, ?, ?, ?, default)
Hibernate: 
    insert 
    into
        subscribers
        (active, email, email_count, email_verified, subscription_frequency, full_name, last_email_sent_at, manage_token, reactivated_at, subscribed_at, subscription_ip, subscription_user_agent, unsubscribe_token, unsubscribed_at, updated_at, verification_token, verification_token_expires_at, verified_at, id) 
    values
        (?, ?, ?, ?, ?, ?, ?, ?, ?, ?, ?, ?, ?, ?, ?, ?, ?, ?, default)
2025-09-20T20:34:44.510-03:00 DEBUG 29846 --- [TechNews] [           main] org.hibernate.SQL                        : 
    select
        s1_0.id,
        s1_0.active,
        s1_0.email,
        s1_0.email_count,
        s1_0.email_verified,
        s1_0.subscription_frequency,
        s1_0.full_name,
        s1_0.last_email_sent_at,
        s1_0.manage_token,
        s1_0.reactivated_at,
        s1_0.subscribed_at,
        s1_0.subscription_ip,
        s1_0.subscription_user_agent,
        s1_0.unsubscribe_token,
        s1_0.unsubscribed_at,
        s1_0.updated_at,
        s1_0.verification_token,
        s1_0.verification_token_expires_at,
        s1_0.verified_at 
    from
        subscribers s1_0 
    where
        s1_0.subscription_frequency=? 
        and s1_0.active=? 
    fetch
        first ? rows only
Hibernate: 
    select
        s1_0.id,
        s1_0.active,
        s1_0.email,
        s1_0.email_count,
        s1_0.email_verified,
        s1_0.subscription_frequency,
        s1_0.full_name,
        s1_0.last_email_sent_at,
        s1_0.manage_token,
        s1_0.reactivated_at,
        s1_0.subscribed_at,
        s1_0.subscription_ip,
        s1_0.subscription_user_agent,
        s1_0.unsubscribe_token,
        s1_0.unsubscribed_at,
        s1_0.updated_at,
        s1_0.verification_token,
        s1_0.verification_token_expires_at,
        s1_0.verified_at 
    from
        subscribers s1_0 
    where
        s1_0.subscription_frequency=? 
        and s1_0.active=? 
    fetch
        first ? rows only
2025-09-20T20:34:44.522-03:00 DEBUG 29846 --- [TechNews] [           main] org.hibernate.SQL                        : 
    insert 
    into
        categories
        (active, color, created_at, description, name, slug, updated_at, id) 
    values
        (?, ?, ?, ?, ?, ?, ?, default)
Hibernate: 
    insert 
    into
        categories
        (active, color, created_at, description, name, slug, updated_at, id) 
    values
        (?, ?, ?, ?, ?, ?, ?, default)
2025-09-20T20:34:44.525-03:00 DEBUG 29846 --- [TechNews] [           main] org.hibernate.SQL                        : 
    insert 
    into
        categories
        (active, color, created_at, description, name, slug, updated_at, id) 
    values
        (?, ?, ?, ?, ?, ?, ?, default)
Hibernate: 
    insert 
    into
        categories
        (active, color, created_at, description, name, slug, updated_at, id) 
    values
        (?, ?, ?, ?, ?, ?, ?, default)
2025-09-20T20:34:44.530-03:00 DEBUG 29846 --- [TechNews] [           main] org.hibernate.SQL                        : 
    select
        s1_0.id,
        s1_0.active,
        s1_0.email,
        s1_0.email_count,
        s1_0.email_verified,
        s1_0.subscription_frequency,
        s1_0.full_name,
        s1_0.last_email_sent_at,
        s1_0.manage_token,
        s1_0.reactivated_at,
        s1_0.subscribed_at,
        s1_0.subscription_ip,
        s1_0.subscription_user_agent,
        s1_0.unsubscribe_token,
        s1_0.unsubscribed_at,
        s1_0.updated_at,
        s1_0.verification_token,
        s1_0.verification_token_expires_at,
        s1_0.verified_at 
    from
        subscribers s1_0 
    where
        s1_0.verification_token=?
Hibernate: 
    select
        s1_0.id,
        s1_0.active,
        s1_0.email,
        s1_0.email_count,
        s1_0.email_verified,
        s1_0.subscription_frequency,
        s1_0.full_name,
        s1_0.last_email_sent_at,
        s1_0.manage_token,
        s1_0.reactivated_at,
        s1_0.subscribed_at,
        s1_0.subscription_ip,
        s1_0.subscription_user_agent,
        s1_0.unsubscribe_token,
        s1_0.unsubscribed_at,
        s1_0.updated_at,
        s1_0.verification_token,
        s1_0.verification_token_expires_at,
        s1_0.verified_at 
    from
        subscribers s1_0 
    where
        s1_0.verification_token=?
2025-09-20T20:34:44.540-03:00 DEBUG 29846 --- [TechNews] [           main] org.hibernate.SQL                        : 
    insert 
    into
        categories
        (active, color, created_at, description, name, slug, updated_at, id) 
    values
        (?, ?, ?, ?, ?, ?, ?, default)
Hibernate: 
    insert 
    into
        categories
        (active, color, created_at, description, name, slug, updated_at, id) 
    values
        (?, ?, ?, ?, ?, ?, ?, default)
2025-09-20T20:34:44.542-03:00 DEBUG 29846 --- [TechNews] [           main] org.hibernate.SQL                        : 
    insert 
    into
        categories
        (active, color, created_at, description, name, slug, updated_at, id) 
    values
        (?, ?, ?, ?, ?, ?, ?, default)
Hibernate: 
    insert 
    into
        categories
        (active, color, created_at, description, name, slug, updated_at, id) 
    values
        (?, ?, ?, ?, ?, ?, ?, default)
2025-09-20T20:34:44.545-03:00 DEBUG 29846 --- [TechNews] [           main] org.hibernate.SQL                        : 
    select
        s1_0.id,
        s1_0.active,
        s1_0.email,
        s1_0.email_count,
        s1_0.email_verified,
        s1_0.subscription_frequency,
        s1_0.full_name,
        s1_0.last_email_sent_at,
        s1_0.manage_token,
        s1_0.reactivated_at,
        s1_0.subscribed_at,
        s1_0.subscription_ip,
        s1_0.subscription_user_agent,
        s1_0.unsubscribe_token,
        s1_0.unsubscribed_at,
        s1_0.updated_at,
        s1_0.verification_token,
        s1_0.verification_token_expires_at,
        s1_0.verified_at 
    from
        subscribers s1_0 
    where
        s1_0.email=?
Hibernate: 
    select
        s1_0.id,
        s1_0.active,
        s1_0.email,
        s1_0.email_count,
        s1_0.email_verified,
        s1_0.subscription_frequency,
        s1_0.full_name,
        s1_0.last_email_sent_at,
        s1_0.manage_token,
        s1_0.reactivated_at,
        s1_0.subscribed_at,
        s1_0.subscription_ip,
        s1_0.subscription_user_agent,
        s1_0.unsubscribe_token,
        s1_0.unsubscribed_at,
        s1_0.updated_at,
        s1_0.verification_token,
        s1_0.verification_token_expires_at,
        s1_0.verified_at 
    from
        subscribers s1_0 
    where
        s1_0.email=?
2025-09-20T20:34:44.557-03:00 DEBUG 29846 --- [TechNews] [           main] org.hibernate.SQL                        : 
    insert 
    into
        categories
        (active, color, created_at, description, name, slug, updated_at, id) 
    values
        (?, ?, ?, ?, ?, ?, ?, default)
Hibernate: 
    insert 
    into
        categories
        (active, color, created_at, description, name, slug, updated_at, id) 
    values
        (?, ?, ?, ?, ?, ?, ?, default)
2025-09-20T20:34:44.559-03:00 DEBUG 29846 --- [TechNews] [           main] org.hibernate.SQL                        : 
    insert 
    into
        categories
        (active, color, created_at, description, name, slug, updated_at, id) 
    values
        (?, ?, ?, ?, ?, ?, ?, default)
Hibernate: 
    insert 
    into
        categories
        (active, color, created_at, description, name, slug, updated_at, id) 
    values
        (?, ?, ?, ?, ?, ?, ?, default)
2025-09-20T20:34:44.560-03:00 DEBUG 29846 --- [TechNews] [           main] org.hibernate.SQL                        : 
    insert 
    into
        subscribers
        (active, email, email_count, email_verified, subscription_frequency, full_name, last_email_sent_at, manage_token, reactivated_at, subscribed_at, subscription_ip, subscription_user_agent, unsubscribe_token, unsubscribed_at, updated_at, verification_token, verification_token_expires_at, verified_at, id) 
    values
        (?, ?, ?, ?, ?, ?, ?, ?, ?, ?, ?, ?, ?, ?, ?, ?, ?, ?, default)
Hibernate: 
    insert 
    into
        subscribers
        (active, email, email_count, email_verified, subscription_frequency, full_name, last_email_sent_at, manage_token, reactivated_at, subscribed_at, subscription_ip, subscription_user_agent, unsubscribe_token, unsubscribed_at, updated_at, verification_token, verification_token_expires_at, verified_at, id) 
    values
        (?, ?, ?, ?, ?, ?, ?, ?, ?, ?, ?, ?, ?, ?, ?, ?, ?, ?, default)
2025-09-20T20:34:44.562-03:00 DEBUG 29846 --- [TechNews] [           main] org.hibernate.SQL                        : 
    insert 
    into
        subscribers
        (active, email, email_count, email_verified, subscription_frequency, full_name, last_email_sent_at, manage_token, reactivated_at, subscribed_at, subscription_ip, subscription_user_agent, unsubscribe_token, unsubscribed_at, updated_at, verification_token, verification_token_expires_at, verified_at, id) 
    values
        (?, ?, ?, ?, ?, ?, ?, ?, ?, ?, ?, ?, ?, ?, ?, ?, ?, ?, default)
Hibernate: 
    insert 
    into
        subscribers
        (active, email, email_count, email_verified, subscription_frequency, full_name, last_email_sent_at, manage_token, reactivated_at, subscribed_at, subscription_ip, subscription_user_agent, unsubscribe_token, unsubscribed_at, updated_at, verification_token, verification_token_expires_at, verified_at, id) 
    values
        (?, ?, ?, ?, ?, ?, ?, ?, ?, ?, ?, ?, ?, ?, ?, ?, ?, ?, default)
2025-09-20T20:34:44.564-03:00 DEBUG 29846 --- [TechNews] [           main] org.hibernate.SQL                        : 
    insert 
    into
        subscriber_categories
        (subscriber_id, category_id) 
    values
        (?, ?)
Hibernate: 
    insert 
    into
        subscriber_categories
        (subscriber_id, category_id) 
    values
        (?, ?)
2025-09-20T20:34:44.565-03:00 DEBUG 29846 --- [TechNews] [           main] org.hibernate.SQL                        : 
    insert 
    into
        subscriber_categories
        (subscriber_id, category_id) 
    values
        (?, ?)
Hibernate: 
    insert 
    into
        subscriber_categories
        (subscriber_id, category_id) 
    values
        (?, ?)
2025-09-20T20:34:44.567-03:00 DEBUG 29846 --- [TechNews] [           main] org.hibernate.SQL                        : 
    select
        s1_0.id,
        s1_0.active,
        s1_0.email,
        s1_0.email_count,
        s1_0.email_verified,
        s1_0.subscription_frequency,
        s1_0.full_name,
        s1_0.last_email_sent_at,
        s1_0.manage_token,
        s1_0.reactivated_at,
        s1_0.subscribed_at,
        s1_0.subscription_ip,
        s1_0.subscription_user_agent,
        s1_0.unsubscribe_token,
        s1_0.unsubscribed_at,
        s1_0.updated_at,
        s1_0.verification_token,
        s1_0.verification_token_expires_at,
        s1_0.verified_at 
    from
        subscribers s1_0 
    where
        s1_0.active
Hibernate: 
    select
        s1_0.id,
        s1_0.active,
        s1_0.email,
        s1_0.email_count,
        s1_0.email_verified,
        s1_0.subscription_frequency,
        s1_0.full_name,
        s1_0.last_email_sent_at,
        s1_0.manage_token,
        s1_0.reactivated_at,
        s1_0.subscribed_at,
        s1_0.subscription_ip,
        s1_0.subscription_user_agent,
        s1_0.unsubscribe_token,
        s1_0.unsubscribed_at,
        s1_0.updated_at,
        s1_0.verification_token,
        s1_0.verification_token_expires_at,
        s1_0.verified_at 
    from
        subscribers s1_0 
    where
        s1_0.active
2025-09-20T20:34:44.577-03:00 DEBUG 29846 --- [TechNews] [           main] org.hibernate.SQL                        : 
    insert 
    into
        categories
        (active, color, created_at, description, name, slug, updated_at, id) 
    values
        (?, ?, ?, ?, ?, ?, ?, default)
Hibernate: 
    insert 
    into
        categories
        (active, color, created_at, description, name, slug, updated_at, id) 
    values
        (?, ?, ?, ?, ?, ?, ?, default)
2025-09-20T20:34:44.579-03:00 DEBUG 29846 --- [TechNews] [           main] org.hibernate.SQL                        : 
    insert 
    into
        categories
        (active, color, created_at, description, name, slug, updated_at, id) 
    values
        (?, ?, ?, ?, ?, ?, ?, default)
Hibernate: 
    insert 
    into
        categories
        (active, color, created_at, description, name, slug, updated_at, id) 
    values
        (?, ?, ?, ?, ?, ?, ?, default)
2025-09-20T20:34:44.581-03:00 DEBUG 29846 --- [TechNews] [           main] org.hibernate.SQL                        : 
    insert 
    into
        subscribers
        (active, email, email_count, email_verified, subscription_frequency, full_name, last_email_sent_at, manage_token, reactivated_at, subscribed_at, subscription_ip, subscription_user_agent, unsubscribe_token, unsubscribed_at, updated_at, verification_token, verification_token_expires_at, verified_at, id) 
    values
        (?, ?, ?, ?, ?, ?, ?, ?, ?, ?, ?, ?, ?, ?, ?, ?, ?, ?, default)
Hibernate: 
    insert 
    into
        subscribers
        (active, email, email_count, email_verified, subscription_frequency, full_name, last_email_sent_at, manage_token, reactivated_at, subscribed_at, subscription_ip, subscription_user_agent, unsubscribe_token, unsubscribed_at, updated_at, verification_token, verification_token_expires_at, verified_at, id) 
    values
        (?, ?, ?, ?, ?, ?, ?, ?, ?, ?, ?, ?, ?, ?, ?, ?, ?, ?, default)
2025-09-20T20:34:44.589-03:00 DEBUG 29846 --- [TechNews] [           main] org.hibernate.SQL                        : 
    insert 
    into
        categories
        (active, color, created_at, description, name, slug, updated_at, id) 
    values
        (?, ?, ?, ?, ?, ?, ?, default)
Hibernate: 
    insert 
    into
        categories
        (active, color, created_at, description, name, slug, updated_at, id) 
    values
        (?, ?, ?, ?, ?, ?, ?, default)
2025-09-20T20:34:44.592-03:00 DEBUG 29846 --- [TechNews] [           main] org.hibernate.SQL                        : 
    insert 
    into
        categories
        (active, color, created_at, description, name, slug, updated_at, id) 
    values
        (?, ?, ?, ?, ?, ?, ?, default)
Hibernate: 
    insert 
    into
        categories
        (active, color, created_at, description, name, slug, updated_at, id) 
    values
        (?, ?, ?, ?, ?, ?, ?, default)
2025-09-20T20:34:44.595-03:00 DEBUG 29846 --- [TechNews] [           main] org.hibernate.SQL                        : 
    insert 
    into
        subscribers
        (active, email, email_count, email_verified, subscription_frequency, full_name, last_email_sent_at, manage_token, reactivated_at, subscribed_at, subscription_ip, subscription_user_agent, unsubscribe_token, unsubscribed_at, updated_at, verification_token, verification_token_expires_at, verified_at, id) 
    values
        (?, ?, ?, ?, ?, ?, ?, ?, ?, ?, ?, ?, ?, ?, ?, ?, ?, ?, default)
Hibernate: 
    insert 
    into
        subscribers
        (active, email, email_count, email_verified, subscription_frequency, full_name, last_email_sent_at, manage_token, reactivated_at, subscribed_at, subscription_ip, subscription_user_agent, unsubscribe_token, unsubscribed_at, updated_at, verification_token, verification_token_expires_at, verified_at, id) 
    values
        (?, ?, ?, ?, ?, ?, ?, ?, ?, ?, ?, ?, ?, ?, ?, ?, ?, ?, default)
2025-09-20T20:34:44.596-03:00 DEBUG 29846 --- [TechNews] [           main] org.hibernate.SQL                        : 
    insert 
    into
        subscriber_categories
        (subscriber_id, category_id) 
    values
        (?, ?)
Hibernate: 
    insert 
    into
        subscriber_categories
        (subscriber_id, category_id) 
    values
        (?, ?)
2025-09-20T20:34:44.599-03:00 DEBUG 29846 --- [TechNews] [           main] org.hibernate.SQL                        : 
    select
        s1_0.id,
        s1_0.active,
        s1_0.email,
        s1_0.email_count,
        s1_0.email_verified,
        s1_0.subscription_frequency,
        s1_0.full_name,
        s1_0.last_email_sent_at,
        s1_0.manage_token,
        s1_0.reactivated_at,
        s1_0.subscribed_at,
        s1_0.subscription_ip,
        s1_0.subscription_user_agent,
        s1_0.unsubscribe_token,
        s1_0.unsubscribed_at,
        s1_0.updated_at,
        s1_0.verification_token,
        s1_0.verification_token_expires_at,
        s1_0.verified_at 
    from
        subscribers s1_0 
    where
        s1_0.email=?
Hibernate: 
    select
        s1_0.id,
        s1_0.active,
        s1_0.email,
        s1_0.email_count,
        s1_0.email_verified,
        s1_0.subscription_frequency,
        s1_0.full_name,
        s1_0.last_email_sent_at,
        s1_0.manage_token,
        s1_0.reactivated_at,
        s1_0.subscribed_at,
        s1_0.subscription_ip,
        s1_0.subscription_user_agent,
        s1_0.unsubscribe_token,
        s1_0.unsubscribed_at,
        s1_0.updated_at,
        s1_0.verification_token,
        s1_0.verification_token_expires_at,
        s1_0.verified_at 
    from
        subscribers s1_0 
    where
        s1_0.email=?
2025-09-20T20:34:44.609-03:00 DEBUG 29846 --- [TechNews] [           main] org.hibernate.SQL                        : 
    insert 
    into
        categories
        (active, color, created_at, description, name, slug, updated_at, id) 
    values
        (?, ?, ?, ?, ?, ?, ?, default)
Hibernate: 
    insert 
    into
        categories
        (active, color, created_at, description, name, slug, updated_at, id) 
    values
        (?, ?, ?, ?, ?, ?, ?, default)
2025-09-20T20:34:44.612-03:00 DEBUG 29846 --- [TechNews] [           main] org.hibernate.SQL                        : 
    insert 
    into
        categories
        (active, color, created_at, description, name, slug, updated_at, id) 
    values
        (?, ?, ?, ?, ?, ?, ?, default)
Hibernate: 
    insert 
    into
        categories
        (active, color, created_at, description, name, slug, updated_at, id) 
    values
        (?, ?, ?, ?, ?, ?, ?, default)
2025-09-20T20:34:44.614-03:00 DEBUG 29846 --- [TechNews] [           main] org.hibernate.SQL                        : 
    insert 
    into
        subscribers
        (active, email, email_count, email_verified, subscription_frequency, full_name, last_email_sent_at, manage_token, reactivated_at, subscribed_at, subscription_ip, subscription_user_agent, unsubscribe_token, unsubscribed_at, updated_at, verification_token, verification_token_expires_at, verified_at, id) 
    values
        (?, ?, ?, ?, ?, ?, ?, ?, ?, ?, ?, ?, ?, ?, ?, ?, ?, ?, default)
Hibernate: 
    insert 
    into
        subscribers
        (active, email, email_count, email_verified, subscription_frequency, full_name, last_email_sent_at, manage_token, reactivated_at, subscribed_at, subscription_ip, subscription_user_agent, unsubscribe_token, unsubscribed_at, updated_at, verification_token, verification_token_expires_at, verified_at, id) 
    values
        (?, ?, ?, ?, ?, ?, ?, ?, ?, ?, ?, ?, ?, ?, ?, ?, ?, ?, default)
2025-09-20T20:34:44.616-03:00 DEBUG 29846 --- [TechNews] [           main] org.hibernate.SQL                        : 
    insert 
    into
        subscriber_categories
        (subscriber_id, category_id) 
    values
        (?, ?)
Hibernate: 
    insert 
    into
        subscriber_categories
        (subscriber_id, category_id) 
    values
        (?, ?)
2025-09-20T20:34:44.620-03:00 DEBUG 29846 --- [TechNews] [           main] org.hibernate.SQL                        : 
    select
        s1_0.id,
        s1_0.active,
        s1_0.email,
        s1_0.email_count,
        s1_0.email_verified,
        s1_0.subscription_frequency,
        s1_0.full_name,
        s1_0.last_email_sent_at,
        s1_0.manage_token,
        s1_0.reactivated_at,
        s1_0.subscribed_at,
        s1_0.subscription_ip,
        s1_0.subscription_user_agent,
        s1_0.unsubscribe_token,
        s1_0.unsubscribed_at,
        s1_0.updated_at,
        s1_0.verification_token,
        s1_0.verification_token_expires_at,
        s1_0.verified_at 
    from
        subscribers s1_0 
    where
        s1_0.verification_token=?
Hibernate: 
    select
        s1_0.id,
        s1_0.active,
        s1_0.email,
        s1_0.email_count,
        s1_0.email_verified,
        s1_0.subscription_frequency,
        s1_0.full_name,
        s1_0.last_email_sent_at,
        s1_0.manage_token,
        s1_0.reactivated_at,
        s1_0.subscribed_at,
        s1_0.subscription_ip,
        s1_0.subscription_user_agent,
        s1_0.unsubscribe_token,
        s1_0.unsubscribed_at,
        s1_0.updated_at,
        s1_0.verification_token,
        s1_0.verification_token_expires_at,
        s1_0.verified_at 
    from
        subscribers s1_0 
    where
        s1_0.verification_token=?
2025-09-20T20:34:44.630-03:00 DEBUG 29846 --- [TechNews] [           main] org.hibernate.SQL                        : 
    insert 
    into
        categories
        (active, color, created_at, description, name, slug, updated_at, id) 
    values
        (?, ?, ?, ?, ?, ?, ?, default)
Hibernate: 
    insert 
    into
        categories
        (active, color, created_at, description, name, slug, updated_at, id) 
    values
        (?, ?, ?, ?, ?, ?, ?, default)
2025-09-20T20:34:44.634-03:00 DEBUG 29846 --- [TechNews] [           main] org.hibernate.SQL                        : 
    insert 
    into
        categories
        (active, color, created_at, description, name, slug, updated_at, id) 
    values
        (?, ?, ?, ?, ?, ?, ?, default)
Hibernate: 
    insert 
    into
        categories
        (active, color, created_at, description, name, slug, updated_at, id) 
    values
        (?, ?, ?, ?, ?, ?, ?, default)
2025-09-20T20:34:44.637-03:00 DEBUG 29846 --- [TechNews] [           main] org.hibernate.SQL                        : 
    insert 
    into
        subscribers
        (active, email, email_count, email_verified, subscription_frequency, full_name, last_email_sent_at, manage_token, reactivated_at, subscribed_at, subscription_ip, subscription_user_agent, unsubscribe_token, unsubscribed_at, updated_at, verification_token, verification_token_expires_at, verified_at, id) 
    values
        (?, ?, ?, ?, ?, ?, ?, ?, ?, ?, ?, ?, ?, ?, ?, ?, ?, ?, default)
Hibernate: 
    insert 
    into
        subscribers
        (active, email, email_count, email_verified, subscription_frequency, full_name, last_email_sent_at, manage_token, reactivated_at, subscribed_at, subscription_ip, subscription_user_agent, unsubscribe_token, unsubscribed_at, updated_at, verification_token, verification_token_expires_at, verified_at, id) 
    values
        (?, ?, ?, ?, ?, ?, ?, ?, ?, ?, ?, ?, ?, ?, ?, ?, ?, ?, default)
2025-09-20T20:34:44.641-03:00 DEBUG 29846 --- [TechNews] [           main] org.hibernate.SQL                        : 
    insert 
    into
        subscriber_categories
        (subscriber_id, category_id) 
    values
        (?, ?)
Hibernate: 
    insert 
    into
        subscriber_categories
        (subscriber_id, category_id) 
    values
        (?, ?)
2025-09-20T20:34:44.644-03:00 DEBUG 29846 --- [TechNews] [           main] org.hibernate.SQL                        : 
    delete 
    from
        subscriber_categories 
    where
        subscriber_id=?
Hibernate: 
    delete 
    from
        subscriber_categories 
    where
        subscriber_id=?
2025-09-20T20:34:44.645-03:00 DEBUG 29846 --- [TechNews] [           main] org.hibernate.SQL                        : 
    delete 
    from
        subscribers 
    where
        id=?
Hibernate: 
    delete 
    from
        subscribers 
    where
        id=?
2025-09-20T20:34:44.652-03:00 DEBUG 29846 --- [TechNews] [           main] org.hibernate.SQL                        : 
    select
        s1_0.id,
        s1_0.active,
        s1_0.email,
        s1_0.email_count,
        s1_0.email_verified,
        s1_0.subscription_frequency,
        s1_0.full_name,
        s1_0.last_email_sent_at,
        s1_0.manage_token,
        s1_0.reactivated_at,
        s1_0.subscribed_at,
        s1_0.subscription_ip,
        s1_0.subscription_user_agent,
        s1_0.unsubscribe_token,
        s1_0.unsubscribed_at,
        s1_0.updated_at,
        s1_0.verification_token,
        s1_0.verification_token_expires_at,
        s1_0.verified_at 
    from
        subscribers s1_0 
    where
        s1_0.id=?
Hibernate: 
    select
        s1_0.id,
        s1_0.active,
        s1_0.email,
        s1_0.email_count,
        s1_0.email_verified,
        s1_0.subscription_frequency,
        s1_0.full_name,
        s1_0.last_email_sent_at,
        s1_0.manage_token,
        s1_0.reactivated_at,
        s1_0.subscribed_at,
        s1_0.subscription_ip,
        s1_0.subscription_user_agent,
        s1_0.unsubscribe_token,
        s1_0.unsubscribed_at,
        s1_0.updated_at,
        s1_0.verification_token,
        s1_0.verification_token_expires_at,
        s1_0.verified_at 
    from
        subscribers s1_0 
    where
        s1_0.id=?
2025-09-20T20:34:44.660-03:00 DEBUG 29846 --- [TechNews] [           main] org.hibernate.SQL                        : 
    insert 
    into
        categories
        (active, color, created_at, description, name, slug, updated_at, id) 
    values
        (?, ?, ?, ?, ?, ?, ?, default)
Hibernate: 
    insert 
    into
        categories
        (active, color, created_at, description, name, slug, updated_at, id) 
    values
        (?, ?, ?, ?, ?, ?, ?, default)
2025-09-20T20:34:44.663-03:00 DEBUG 29846 --- [TechNews] [           main] org.hibernate.SQL                        : 
    insert 
    into
        categories
        (active, color, created_at, description, name, slug, updated_at, id) 
    values
        (?, ?, ?, ?, ?, ?, ?, default)
Hibernate: 
    insert 
    into
        categories
        (active, color, created_at, description, name, slug, updated_at, id) 
    values
        (?, ?, ?, ?, ?, ?, ?, default)
2025-09-20T20:34:44.665-03:00 DEBUG 29846 --- [TechNews] [           main] org.hibernate.SQL                        : 
    insert 
    into
        subscribers
        (active, email, email_count, email_verified, subscription_frequency, full_name, last_email_sent_at, manage_token, reactivated_at, subscribed_at, subscription_ip, subscription_user_agent, unsubscribe_token, unsubscribed_at, updated_at, verification_token, verification_token_expires_at, verified_at, id) 
    values
        (?, ?, ?, ?, ?, ?, ?, ?, ?, ?, ?, ?, ?, ?, ?, ?, ?, ?, default)
Hibernate: 
    insert 
    into
        subscribers
        (active, email, email_count, email_verified, subscription_frequency, full_name, last_email_sent_at, manage_token, reactivated_at, subscribed_at, subscription_ip, subscription_user_agent, unsubscribe_token, unsubscribed_at, updated_at, verification_token, verification_token_expires_at, verified_at, id) 
    values
        (?, ?, ?, ?, ?, ?, ?, ?, ?, ?, ?, ?, ?, ?, ?, ?, ?, ?, default)
2025-09-20T20:34:44.666-03:00 DEBUG 29846 --- [TechNews] [           main] org.hibernate.SQL                        : 
    insert 
    into
        subscriber_categories
        (subscriber_id, category_id) 
    values
        (?, ?)
Hibernate: 
    insert 
    into
        subscriber_categories
        (subscriber_id, category_id) 
    values
        (?, ?)
[INFO] Tests run: 10, Failures: 0, Errors: 0, Skipped: 0, Time elapsed: 0.343 s - in br.com.technews.repository.SubscriberRepositoryTest
[INFO] Running br.com.technews.repository.TrustedSourceRepositoryTest
2025-09-20T20:34:44.693-03:00  INFO 29846 --- [TechNews] [           main] t.c.s.AnnotationConfigContextLoaderUtils : Could not detect default configuration classes for test class [br.com.technews.repository.TrustedSourceRepositoryTest]: TrustedSourceRepositoryTest does not declare any static, non-private, non-final, nested classes annotated with @Configuration.
2025-09-20T20:34:44.781-03:00  INFO 29846 --- [TechNews] [           main] .b.t.c.SpringBootTestContextBootstrapper : Found @SpringBootConfiguration br.com.technews.TechnewsApplication for test class br.com.technews.repository.TrustedSourceRepositoryTest
2025-09-20T20:34:44.800-03:00 DEBUG 29846 --- [TechNews] [           main] org.hibernate.SQL                        : 
    insert 
    into
        trusted_sources
        (active, created_at, description, domain_name, name, updated_at, id) 
    values
        (?, ?, ?, ?, ?, ?, default)
Hibernate: 
    insert 
    into
        trusted_sources
        (active, created_at, description, domain_name, name, updated_at, id) 
    values
        (?, ?, ?, ?, ?, ?, default)
2025-09-20T20:34:44.804-03:00 DEBUG 29846 --- [TechNews] [           main] org.hibernate.SQL                        : 
    insert 
    into
        trusted_sources
        (active, created_at, description, domain_name, name, updated_at, id) 
    values
        (?, ?, ?, ?, ?, ?, default)
Hibernate: 
    insert 
    into
        trusted_sources
        (active, created_at, description, domain_name, name, updated_at, id) 
    values
        (?, ?, ?, ?, ?, ?, default)
2025-09-20T20:34:44.805-03:00 DEBUG 29846 --- [TechNews] [           main] org.hibernate.SQL                        : 
    insert 
    into
        trusted_sources
        (active, created_at, description, domain_name, name, updated_at, id) 
    values
        (?, ?, ?, ?, ?, ?, default)
Hibernate: 
    insert 
    into
        trusted_sources
        (active, created_at, description, domain_name, name, updated_at, id) 
    values
        (?, ?, ?, ?, ?, ?, default)
2025-09-20T20:34:44.810-03:00 DEBUG 29846 --- [TechNews] [           main] org.hibernate.SQL                        : 
    select
        ts1_0.id,
        ts1_0.active,
        ts1_0.created_at,
        ts1_0.description,
        ts1_0.domain_name,
        ts1_0.name,
        ts1_0.updated_at 
    from
        trusted_sources ts1_0 
    where
        ts1_0.name=?
Hibernate: 
    select
        ts1_0.id,
        ts1_0.active,
        ts1_0.created_at,
        ts1_0.description,
        ts1_0.domain_name,
        ts1_0.name,
        ts1_0.updated_at 
    from
        trusted_sources ts1_0 
    where
        ts1_0.name=?
2025-09-20T20:34:44.823-03:00 DEBUG 29846 --- [TechNews] [           main] org.hibernate.SQL                        : 
    insert 
    into
        trusted_sources
        (active, created_at, description, domain_name, name, updated_at, id) 
    values
        (?, ?, ?, ?, ?, ?, default)
Hibernate: 
    insert 
    into
        trusted_sources
        (active, created_at, description, domain_name, name, updated_at, id) 
    values
        (?, ?, ?, ?, ?, ?, default)
2025-09-20T20:34:44.826-03:00 DEBUG 29846 --- [TechNews] [           main] org.hibernate.SQL                        : 
    insert 
    into
        trusted_sources
        (active, created_at, description, domain_name, name, updated_at, id) 
    values
        (?, ?, ?, ?, ?, ?, default)
Hibernate: 
    insert 
    into
        trusted_sources
        (active, created_at, description, domain_name, name, updated_at, id) 
    values
        (?, ?, ?, ?, ?, ?, default)
2025-09-20T20:34:44.828-03:00 DEBUG 29846 --- [TechNews] [           main] org.hibernate.SQL                        : 
    insert 
    into
        trusted_sources
        (active, created_at, description, domain_name, name, updated_at, id) 
    values
        (?, ?, ?, ?, ?, ?, default)
Hibernate: 
    insert 
    into
        trusted_sources
        (active, created_at, description, domain_name, name, updated_at, id) 
    values
        (?, ?, ?, ?, ?, ?, default)
2025-09-20T20:34:44.832-03:00 DEBUG 29846 --- [TechNews] [           main] org.hibernate.SQL                        : 
    select
        ts1_0.id 
    from
        trusted_sources ts1_0 
    where
        ts1_0.domain_name=? 
    fetch
        first ? rows only
Hibernate: 
    select
        ts1_0.id 
    from
        trusted_sources ts1_0 
    where
        ts1_0.domain_name=? 
    fetch
        first ? rows only
2025-09-20T20:34:44.841-03:00 DEBUG 29846 --- [TechNews] [           main] org.hibernate.SQL                        : 
    select
        ts1_0.id 
    from
        trusted_sources ts1_0 
    where
        ts1_0.domain_name=? 
    fetch
        first ? rows only
Hibernate: 
    select
        ts1_0.id 
    from
        trusted_sources ts1_0 
    where
        ts1_0.domain_name=? 
    fetch
        first ? rows only
2025-09-20T20:34:44.848-03:00 DEBUG 29846 --- [TechNews] [           main] org.hibernate.SQL                        : 
    insert 
    into
        trusted_sources
        (active, created_at, description, domain_name, name, updated_at, id) 
    values
        (?, ?, ?, ?, ?, ?, default)
Hibernate: 
    insert 
    into
        trusted_sources
        (active, created_at, description, domain_name, name, updated_at, id) 
    values
        (?, ?, ?, ?, ?, ?, default)
2025-09-20T20:34:44.854-03:00 DEBUG 29846 --- [TechNews] [           main] org.hibernate.SQL                        : 
    insert 
    into
        trusted_sources
        (active, created_at, description, domain_name, name, updated_at, id) 
    values
        (?, ?, ?, ?, ?, ?, default)
Hibernate: 
    insert 
    into
        trusted_sources
        (active, created_at, description, domain_name, name, updated_at, id) 
    values
        (?, ?, ?, ?, ?, ?, default)
2025-09-20T20:34:44.858-03:00 DEBUG 29846 --- [TechNews] [           main] org.hibernate.SQL                        : 
    insert 
    into
        trusted_sources
        (active, created_at, description, domain_name, name, updated_at, id) 
    values
        (?, ?, ?, ?, ?, ?, default)
Hibernate: 
    insert 
    into
        trusted_sources
        (active, created_at, description, domain_name, name, updated_at, id) 
    values
        (?, ?, ?, ?, ?, ?, default)
2025-09-20T20:34:44.862-03:00 DEBUG 29846 --- [TechNews] [           main] org.hibernate.SQL                        : 
    select
        count(*) 
    from
        trusted_sources ts1_0
Hibernate: 
    select
        count(*) 
    from
        trusted_sources ts1_0
2025-09-20T20:34:44.870-03:00 DEBUG 29846 --- [TechNews] [           main] org.hibernate.SQL                        : 
    insert 
    into
        trusted_sources
        (active, created_at, description, domain_name, name, updated_at, id) 
    values
        (?, ?, ?, ?, ?, ?, default)
Hibernate: 
    insert 
    into
        trusted_sources
        (active, created_at, description, domain_name, name, updated_at, id) 
    values
        (?, ?, ?, ?, ?, ?, default)
2025-09-20T20:34:44.872-03:00 DEBUG 29846 --- [TechNews] [           main] org.hibernate.SQL                        : 
    insert 
    into
        trusted_sources
        (active, created_at, description, domain_name, name, updated_at, id) 
    values
        (?, ?, ?, ?, ?, ?, default)
Hibernate: 
    insert 
    into
        trusted_sources
        (active, created_at, description, domain_name, name, updated_at, id) 
    values
        (?, ?, ?, ?, ?, ?, default)
2025-09-20T20:34:44.876-03:00 DEBUG 29846 --- [TechNews] [           main] org.hibernate.SQL                        : 
    insert 
    into
        trusted_sources
        (active, created_at, description, domain_name, name, updated_at, id) 
    values
        (?, ?, ?, ?, ?, ?, default)
Hibernate: 
    insert 
    into
        trusted_sources
        (active, created_at, description, domain_name, name, updated_at, id) 
    values
        (?, ?, ?, ?, ?, ?, default)
2025-09-20T20:34:44.879-03:00 DEBUG 29846 --- [TechNews] [           main] org.hibernate.SQL                        : 
    select
        ts1_0.id,
        ts1_0.active,
        ts1_0.created_at,
        ts1_0.description,
        ts1_0.domain_name,
        ts1_0.name,
        ts1_0.updated_at 
    from
        trusted_sources ts1_0 
    where
        ts1_0.domain_name=?
Hibernate: 
    select
        ts1_0.id,
        ts1_0.active,
        ts1_0.created_at,
        ts1_0.description,
        ts1_0.domain_name,
        ts1_0.name,
        ts1_0.updated_at 
    from
        trusted_sources ts1_0 
    where
        ts1_0.domain_name=?
2025-09-20T20:34:44.888-03:00 DEBUG 29846 --- [TechNews] [           main] org.hibernate.SQL                        : 
    insert 
    into
        trusted_sources
        (active, created_at, description, domain_name, name, updated_at, id) 
    values
        (?, ?, ?, ?, ?, ?, default)
Hibernate: 
    insert 
    into
        trusted_sources
        (active, created_at, description, domain_name, name, updated_at, id) 
    values
        (?, ?, ?, ?, ?, ?, default)
2025-09-20T20:34:44.891-03:00 DEBUG 29846 --- [TechNews] [           main] org.hibernate.SQL                        : 
    insert 
    into
        trusted_sources
        (active, created_at, description, domain_name, name, updated_at, id) 
    values
        (?, ?, ?, ?, ?, ?, default)
Hibernate: 
    insert 
    into
        trusted_sources
        (active, created_at, description, domain_name, name, updated_at, id) 
    values
        (?, ?, ?, ?, ?, ?, default)
2025-09-20T20:34:44.893-03:00 DEBUG 29846 --- [TechNews] [           main] org.hibernate.SQL                        : 
    insert 
    into
        trusted_sources
        (active, created_at, description, domain_name, name, updated_at, id) 
    values
        (?, ?, ?, ?, ?, ?, default)
Hibernate: 
    insert 
    into
        trusted_sources
        (active, created_at, description, domain_name, name, updated_at, id) 
    values
        (?, ?, ?, ?, ?, ?, default)
2025-09-20T20:34:44.898-03:00 DEBUG 29846 --- [TechNews] [           main] org.hibernate.SQL                        : 
    select
        ts1_0.id,
        ts1_0.active,
        ts1_0.created_at,
        ts1_0.description,
        ts1_0.domain_name,
        ts1_0.name,
        ts1_0.updated_at 
    from
        trusted_sources ts1_0 
    where
        ts1_0.active=? 
    fetch
        first ? rows only
Hibernate: 
    select
        ts1_0.id,
        ts1_0.active,
        ts1_0.created_at,
        ts1_0.description,
        ts1_0.domain_name,
        ts1_0.name,
        ts1_0.updated_at 
    from
        trusted_sources ts1_0 
    where
        ts1_0.active=? 
    fetch
        first ? rows only
2025-09-20T20:34:44.901-03:00 DEBUG 29846 --- [TechNews] [           main] org.hibernate.SQL                        : 
    select
        count(ts1_0.id) 
    from
        trusted_sources ts1_0 
    where
        ts1_0.active=?
Hibernate: 
    select
        count(ts1_0.id) 
    from
        trusted_sources ts1_0 
    where
        ts1_0.active=?
2025-09-20T20:34:44.904-03:00 DEBUG 29846 --- [TechNews] [           main] org.hibernate.SQL                        : 
    select
        ts1_0.id,
        ts1_0.active,
        ts1_0.created_at,
        ts1_0.description,
        ts1_0.domain_name,
        ts1_0.name,
        ts1_0.updated_at 
    from
        trusted_sources ts1_0 
    where
        ts1_0.active=? 
    fetch
        first ? rows only
Hibernate: 
    select
        ts1_0.id,
        ts1_0.active,
        ts1_0.created_at,
        ts1_0.description,
        ts1_0.domain_name,
        ts1_0.name,
        ts1_0.updated_at 
    from
        trusted_sources ts1_0 
    where
        ts1_0.active=? 
    fetch
        first ? rows only
2025-09-20T20:34:44.908-03:00 DEBUG 29846 --- [TechNews] [           main] org.hibernate.SQL                        : 
    select
        count(ts1_0.id) 
    from
        trusted_sources ts1_0 
    where
        ts1_0.active=?
Hibernate: 
    select
        count(ts1_0.id) 
    from
        trusted_sources ts1_0 
    where
        ts1_0.active=?
2025-09-20T20:34:44.923-03:00 DEBUG 29846 --- [TechNews] [           main] org.hibernate.SQL                        : 
    insert 
    into
        trusted_sources
        (active, created_at, description, domain_name, name, updated_at, id) 
    values
        (?, ?, ?, ?, ?, ?, default)
Hibernate: 
    insert 
    into
        trusted_sources
        (active, created_at, description, domain_name, name, updated_at, id) 
    values
        (?, ?, ?, ?, ?, ?, default)
2025-09-20T20:34:44.926-03:00 DEBUG 29846 --- [TechNews] [           main] org.hibernate.SQL                        : 
    insert 
    into
        trusted_sources
        (active, created_at, description, domain_name, name, updated_at, id) 
    values
        (?, ?, ?, ?, ?, ?, default)
Hibernate: 
    insert 
    into
        trusted_sources
        (active, created_at, description, domain_name, name, updated_at, id) 
    values
        (?, ?, ?, ?, ?, ?, default)
2025-09-20T20:34:44.928-03:00 DEBUG 29846 --- [TechNews] [           main] org.hibernate.SQL                        : 
    insert 
    into
        trusted_sources
        (active, created_at, description, domain_name, name, updated_at, id) 
    values
        (?, ?, ?, ?, ?, ?, default)
Hibernate: 
    insert 
    into
        trusted_sources
        (active, created_at, description, domain_name, name, updated_at, id) 
    values
        (?, ?, ?, ?, ?, ?, default)
2025-09-20T20:34:44.932-03:00 DEBUG 29846 --- [TechNews] [           main] org.hibernate.SQL                        : 
    select
        ts1_0.id 
    from
        trusted_sources ts1_0 
    where
        ts1_0.domain_name=? 
        and ts1_0.id<>? 
    fetch
        first ? rows only
Hibernate: 
    select
        ts1_0.id 
    from
        trusted_sources ts1_0 
    where
        ts1_0.domain_name=? 
        and ts1_0.id<>? 
    fetch
        first ? rows only
2025-09-20T20:34:44.936-03:00 DEBUG 29846 --- [TechNews] [           main] org.hibernate.SQL                        : 
    select
        ts1_0.id 
    from
        trusted_sources ts1_0 
    where
        ts1_0.domain_name=? 
        and ts1_0.id<>? 
    fetch
        first ? rows only
Hibernate: 
    select
        ts1_0.id 
    from
        trusted_sources ts1_0 
    where
        ts1_0.domain_name=? 
        and ts1_0.id<>? 
    fetch
        first ? rows only
2025-09-20T20:34:44.940-03:00 DEBUG 29846 --- [TechNews] [           main] org.hibernate.SQL                        : 
    select
        ts1_0.id 
    from
        trusted_sources ts1_0 
    where
        ts1_0.name=? 
        and ts1_0.id<>? 
    fetch
        first ? rows only
Hibernate: 
    select
        ts1_0.id 
    from
        trusted_sources ts1_0 
    where
        ts1_0.name=? 
        and ts1_0.id<>? 
    fetch
        first ? rows only
2025-09-20T20:34:44.944-03:00 DEBUG 29846 --- [TechNews] [           main] org.hibernate.SQL                        : 
    select
        ts1_0.id 
    from
        trusted_sources ts1_0 
    where
        ts1_0.name=? 
        and ts1_0.id<>? 
    fetch
        first ? rows only
Hibernate: 
    select
        ts1_0.id 
    from
        trusted_sources ts1_0 
    where
        ts1_0.name=? 
        and ts1_0.id<>? 
    fetch
        first ? rows only
2025-09-20T20:34:44.954-03:00 DEBUG 29846 --- [TechNews] [           main] org.hibernate.SQL                        : 
    insert 
    into
        trusted_sources
        (active, created_at, description, domain_name, name, updated_at, id) 
    values
        (?, ?, ?, ?, ?, ?, default)
Hibernate: 
    insert 
    into
        trusted_sources
        (active, created_at, description, domain_name, name, updated_at, id) 
    values
        (?, ?, ?, ?, ?, ?, default)
2025-09-20T20:34:44.958-03:00 DEBUG 29846 --- [TechNews] [           main] org.hibernate.SQL                        : 
    insert 
    into
        trusted_sources
        (active, created_at, description, domain_name, name, updated_at, id) 
    values
        (?, ?, ?, ?, ?, ?, default)
Hibernate: 
    insert 
    into
        trusted_sources
        (active, created_at, description, domain_name, name, updated_at, id) 
    values
        (?, ?, ?, ?, ?, ?, default)
2025-09-20T20:34:44.959-03:00 DEBUG 29846 --- [TechNews] [           main] org.hibernate.SQL                        : 
    insert 
    into
        trusted_sources
        (active, created_at, description, domain_name, name, updated_at, id) 
    values
        (?, ?, ?, ?, ?, ?, default)
Hibernate: 
    insert 
    into
        trusted_sources
        (active, created_at, description, domain_name, name, updated_at, id) 
    values
        (?, ?, ?, ?, ?, ?, default)
2025-09-20T20:34:44.963-03:00 DEBUG 29846 --- [TechNews] [           main] org.hibernate.SQL                        : 
    select
        ts1_0.id 
    from
        trusted_sources ts1_0 
    where
        ts1_0.name=? 
    fetch
        first ? rows only
Hibernate: 
    select
        ts1_0.id 
    from
        trusted_sources ts1_0 
    where
        ts1_0.name=? 
    fetch
        first ? rows only
2025-09-20T20:34:44.965-03:00 DEBUG 29846 --- [TechNews] [           main] org.hibernate.SQL                        : 
    select
        ts1_0.id 
    from
        trusted_sources ts1_0 
    where
        ts1_0.name=? 
    fetch
        first ? rows only
Hibernate: 
    select
        ts1_0.id 
    from
        trusted_sources ts1_0 
    where
        ts1_0.name=? 
    fetch
        first ? rows only
2025-09-20T20:34:44.972-03:00 DEBUG 29846 --- [TechNews] [           main] org.hibernate.SQL                        : 
    insert 
    into
        trusted_sources
        (active, created_at, description, domain_name, name, updated_at, id) 
    values
        (?, ?, ?, ?, ?, ?, default)
Hibernate: 
    insert 
    into
        trusted_sources
        (active, created_at, description, domain_name, name, updated_at, id) 
    values
        (?, ?, ?, ?, ?, ?, default)
2025-09-20T20:34:44.975-03:00 DEBUG 29846 --- [TechNews] [           main] org.hibernate.SQL                        : 
    insert 
    into
        trusted_sources
        (active, created_at, description, domain_name, name, updated_at, id) 
    values
        (?, ?, ?, ?, ?, ?, default)
Hibernate: 
    insert 
    into
        trusted_sources
        (active, created_at, description, domain_name, name, updated_at, id) 
    values
        (?, ?, ?, ?, ?, ?, default)
2025-09-20T20:34:44.977-03:00 DEBUG 29846 --- [TechNews] [           main] org.hibernate.SQL                        : 
    insert 
    into
        trusted_sources
        (active, created_at, description, domain_name, name, updated_at, id) 
    values
        (?, ?, ?, ?, ?, ?, default)
Hibernate: 
    insert 
    into
        trusted_sources
        (active, created_at, description, domain_name, name, updated_at, id) 
    values
        (?, ?, ?, ?, ?, ?, default)
2025-09-20T20:34:44.979-03:00 DEBUG 29846 --- [TechNews] [           main] org.hibernate.SQL                        : 
    insert 
    into
        trusted_sources
        (active, created_at, description, domain_name, name, updated_at, id) 
    values
        (?, ?, ?, ?, ?, ?, default)
Hibernate: 
    insert 
    into
        trusted_sources
        (active, created_at, description, domain_name, name, updated_at, id) 
    values
        (?, ?, ?, ?, ?, ?, default)
2025-09-20T20:34:44.990-03:00 DEBUG 29846 --- [TechNews] [           main] org.hibernate.SQL                        : 
    insert 
    into
        trusted_sources
        (active, created_at, description, domain_name, name, updated_at, id) 
    values
        (?, ?, ?, ?, ?, ?, default)
Hibernate: 
    insert 
    into
        trusted_sources
        (active, created_at, description, domain_name, name, updated_at, id) 
    values
        (?, ?, ?, ?, ?, ?, default)
2025-09-20T20:34:44.993-03:00 DEBUG 29846 --- [TechNews] [           main] org.hibernate.SQL                        : 
    insert 
    into
        trusted_sources
        (active, created_at, description, domain_name, name, updated_at, id) 
    values
        (?, ?, ?, ?, ?, ?, default)
Hibernate: 
    insert 
    into
        trusted_sources
        (active, created_at, description, domain_name, name, updated_at, id) 
    values
        (?, ?, ?, ?, ?, ?, default)
2025-09-20T20:34:44.995-03:00 DEBUG 29846 --- [TechNews] [           main] org.hibernate.SQL                        : 
    insert 
    into
        trusted_sources
        (active, created_at, description, domain_name, name, updated_at, id) 
    values
        (?, ?, ?, ?, ?, ?, default)
Hibernate: 
    insert 
    into
        trusted_sources
        (active, created_at, description, domain_name, name, updated_at, id) 
    values
        (?, ?, ?, ?, ?, ?, default)
2025-09-20T20:34:44.999-03:00 DEBUG 29846 --- [TechNews] [           main] org.hibernate.SQL                        : 
    select
        ts1_0.id,
        ts1_0.active,
        ts1_0.created_at,
        ts1_0.description,
        ts1_0.domain_name,
        ts1_0.name,
        ts1_0.updated_at 
    from
        trusted_sources ts1_0 
    where
        ts1_0.name=?
Hibernate: 
    select
        ts1_0.id,
        ts1_0.active,
        ts1_0.created_at,
        ts1_0.description,
        ts1_0.domain_name,
        ts1_0.name,
        ts1_0.updated_at 
    from
        trusted_sources ts1_0 
    where
        ts1_0.name=?
2025-09-20T20:34:45.003-03:00 DEBUG 29846 --- [TechNews] [           main] org.hibernate.SQL                        : 
    delete 
    from
        trusted_sources 
    where
        id=?
Hibernate: 
    delete 
    from
        trusted_sources 
    where
        id=?
2025-09-20T20:34:45.004-03:00 DEBUG 29846 --- [TechNews] [           main] org.hibernate.SQL                        : 
    select
        count(*) 
    from
        trusted_sources ts1_0
Hibernate: 
    select
        count(*) 
    from
        trusted_sources ts1_0
2025-09-20T20:34:45.018-03:00 DEBUG 29846 --- [TechNews] [           main] org.hibernate.SQL                        : 
    insert 
    into
        trusted_sources
        (active, created_at, description, domain_name, name, updated_at, id) 
    values
        (?, ?, ?, ?, ?, ?, default)
Hibernate: 
    insert 
    into
        trusted_sources
        (active, created_at, description, domain_name, name, updated_at, id) 
    values
        (?, ?, ?, ?, ?, ?, default)
2025-09-20T20:34:45.021-03:00 DEBUG 29846 --- [TechNews] [           main] org.hibernate.SQL                        : 
    insert 
    into
        trusted_sources
        (active, created_at, description, domain_name, name, updated_at, id) 
    values
        (?, ?, ?, ?, ?, ?, default)
Hibernate: 
    insert 
    into
        trusted_sources
        (active, created_at, description, domain_name, name, updated_at, id) 
    values
        (?, ?, ?, ?, ?, ?, default)
2025-09-20T20:34:45.023-03:00 DEBUG 29846 --- [TechNews] [           main] org.hibernate.SQL                        : 
    insert 
    into
        trusted_sources
        (active, created_at, description, domain_name, name, updated_at, id) 
    values
        (?, ?, ?, ?, ?, ?, default)
Hibernate: 
    insert 
    into
        trusted_sources
        (active, created_at, description, domain_name, name, updated_at, id) 
    values
        (?, ?, ?, ?, ?, ?, default)
2025-09-20T20:34:45.027-03:00 DEBUG 29846 --- [TechNews] [           main] org.hibernate.SQL                        : 
    select
        ts1_0.id,
        ts1_0.active,
        ts1_0.created_at,
        ts1_0.description,
        ts1_0.domain_name,
        ts1_0.name,
        ts1_0.updated_at 
    from
        trusted_sources ts1_0 
    where
        ts1_0.domain_name=?
Hibernate: 
    select
        ts1_0.id,
        ts1_0.active,
        ts1_0.created_at,
        ts1_0.description,
        ts1_0.domain_name,
        ts1_0.name,
        ts1_0.updated_at 
    from
        trusted_sources ts1_0 
    where
        ts1_0.domain_name=?
2025-09-20T20:34:45.042-03:00 DEBUG 29846 --- [TechNews] [           main] org.hibernate.SQL                        : 
    insert 
    into
        trusted_sources
        (active, created_at, description, domain_name, name, updated_at, id) 
    values
        (?, ?, ?, ?, ?, ?, default)
Hibernate: 
    insert 
    into
        trusted_sources
        (active, created_at, description, domain_name, name, updated_at, id) 
    values
        (?, ?, ?, ?, ?, ?, default)
2025-09-20T20:34:45.045-03:00 DEBUG 29846 --- [TechNews] [           main] org.hibernate.SQL                        : 
    insert 
    into
        trusted_sources
        (active, created_at, description, domain_name, name, updated_at, id) 
    values
        (?, ?, ?, ?, ?, ?, default)
Hibernate: 
    insert 
    into
        trusted_sources
        (active, created_at, description, domain_name, name, updated_at, id) 
    values
        (?, ?, ?, ?, ?, ?, default)
2025-09-20T20:34:45.046-03:00 DEBUG 29846 --- [TechNews] [           main] org.hibernate.SQL                        : 
    insert 
    into
        trusted_sources
        (active, created_at, description, domain_name, name, updated_at, id) 
    values
        (?, ?, ?, ?, ?, ?, default)
Hibernate: 
    insert 
    into
        trusted_sources
        (active, created_at, description, domain_name, name, updated_at, id) 
    values
        (?, ?, ?, ?, ?, ?, default)
2025-09-20T20:34:45.056-03:00 DEBUG 29846 --- [TechNews] [           main] org.hibernate.SQL                        : 
    select
        ts1_0.id,
        ts1_0.active,
        ts1_0.created_at,
        ts1_0.description,
        ts1_0.domain_name,
        ts1_0.name,
        ts1_0.updated_at 
    from
        trusted_sources ts1_0 
    where
        not(ts1_0.active)
Hibernate: 
    select
        ts1_0.id,
        ts1_0.active,
        ts1_0.created_at,
        ts1_0.description,
        ts1_0.domain_name,
        ts1_0.name,
        ts1_0.updated_at 
    from
        trusted_sources ts1_0 
    where
        not(ts1_0.active)
2025-09-20T20:34:45.078-03:00 DEBUG 29846 --- [TechNews] [           main] org.hibernate.SQL                        : 
    insert 
    into
        trusted_sources
        (active, created_at, description, domain_name, name, updated_at, id) 
    values
        (?, ?, ?, ?, ?, ?, default)
Hibernate: 
    insert 
    into
        trusted_sources
        (active, created_at, description, domain_name, name, updated_at, id) 
    values
        (?, ?, ?, ?, ?, ?, default)
2025-09-20T20:34:45.082-03:00 DEBUG 29846 --- [TechNews] [           main] org.hibernate.SQL                        : 
    insert 
    into
        trusted_sources
        (active, created_at, description, domain_name, name, updated_at, id) 
    values
        (?, ?, ?, ?, ?, ?, default)
Hibernate: 
    insert 
    into
        trusted_sources
        (active, created_at, description, domain_name, name, updated_at, id) 
    values
        (?, ?, ?, ?, ?, ?, default)
2025-09-20T20:34:45.087-03:00 DEBUG 29846 --- [TechNews] [           main] org.hibernate.SQL                        : 
    insert 
    into
        trusted_sources
        (active, created_at, description, domain_name, name, updated_at, id) 
    values
        (?, ?, ?, ?, ?, ?, default)
Hibernate: 
    insert 
    into
        trusted_sources
        (active, created_at, description, domain_name, name, updated_at, id) 
    values
        (?, ?, ?, ?, ?, ?, default)
2025-09-20T20:34:45.091-03:00 DEBUG 29846 --- [TechNews] [           main] org.hibernate.SQL                        : 
    select
        ts1_0.id,
        ts1_0.active,
        ts1_0.created_at,
        ts1_0.description,
        ts1_0.domain_name,
        ts1_0.name,
        ts1_0.updated_at 
    from
        trusted_sources ts1_0
Hibernate: 
    select
        ts1_0.id,
        ts1_0.active,
        ts1_0.created_at,
        ts1_0.description,
        ts1_0.domain_name,
        ts1_0.name,
        ts1_0.updated_at 
    from
        trusted_sources ts1_0
2025-09-20T20:34:45.105-03:00 DEBUG 29846 --- [TechNews] [           main] org.hibernate.SQL                        : 
    insert 
    into
        trusted_sources
        (active, created_at, description, domain_name, name, updated_at, id) 
    values
        (?, ?, ?, ?, ?, ?, default)
Hibernate: 
    insert 
    into
        trusted_sources
        (active, created_at, description, domain_name, name, updated_at, id) 
    values
        (?, ?, ?, ?, ?, ?, default)
2025-09-20T20:34:45.110-03:00 DEBUG 29846 --- [TechNews] [           main] org.hibernate.SQL                        : 
    insert 
    into
        trusted_sources
        (active, created_at, description, domain_name, name, updated_at, id) 
    values
        (?, ?, ?, ?, ?, ?, default)
Hibernate: 
    insert 
    into
        trusted_sources
        (active, created_at, description, domain_name, name, updated_at, id) 
    values
        (?, ?, ?, ?, ?, ?, default)
2025-09-20T20:34:45.112-03:00 DEBUG 29846 --- [TechNews] [           main] org.hibernate.SQL                        : 
    insert 
    into
        trusted_sources
        (active, created_at, description, domain_name, name, updated_at, id) 
    values
        (?, ?, ?, ?, ?, ?, default)
Hibernate: 
    insert 
    into
        trusted_sources
        (active, created_at, description, domain_name, name, updated_at, id) 
    values
        (?, ?, ?, ?, ?, ?, default)
2025-09-20T20:34:45.116-03:00 DEBUG 29846 --- [TechNews] [           main] org.hibernate.SQL                        : 
    select
        ts1_0.id,
        ts1_0.active,
        ts1_0.created_at,
        ts1_0.description,
        ts1_0.domain_name,
        ts1_0.name,
        ts1_0.updated_at 
    from
        trusted_sources ts1_0 
    where
        ts1_0.active
Hibernate: 
    select
        ts1_0.id,
        ts1_0.active,
        ts1_0.created_at,
        ts1_0.description,
        ts1_0.domain_name,
        ts1_0.name,
        ts1_0.updated_at 
    from
        trusted_sources ts1_0 
    where
        ts1_0.active
2025-09-20T20:34:45.131-03:00 DEBUG 29846 --- [TechNews] [           main] org.hibernate.SQL                        : 
    insert 
    into
        trusted_sources
        (active, created_at, description, domain_name, name, updated_at, id) 
    values
        (?, ?, ?, ?, ?, ?, default)
Hibernate: 
    insert 
    into
        trusted_sources
        (active, created_at, description, domain_name, name, updated_at, id) 
    values
        (?, ?, ?, ?, ?, ?, default)
2025-09-20T20:34:45.133-03:00 DEBUG 29846 --- [TechNews] [           main] org.hibernate.SQL                        : 
    insert 
    into
        trusted_sources
        (active, created_at, description, domain_name, name, updated_at, id) 
    values
        (?, ?, ?, ?, ?, ?, default)
Hibernate: 
    insert 
    into
        trusted_sources
        (active, created_at, description, domain_name, name, updated_at, id) 
    values
        (?, ?, ?, ?, ?, ?, default)
2025-09-20T20:34:45.136-03:00 DEBUG 29846 --- [TechNews] [           main] org.hibernate.SQL                        : 
    insert 
    into
        trusted_sources
        (active, created_at, description, domain_name, name, updated_at, id) 
    values
        (?, ?, ?, ?, ?, ?, default)
Hibernate: 
    insert 
    into
        trusted_sources
        (active, created_at, description, domain_name, name, updated_at, id) 
    values
        (?, ?, ?, ?, ?, ?, default)
2025-09-20T20:34:45.140-03:00 DEBUG 29846 --- [TechNews] [           main] org.hibernate.SQL                        : 
    select
        ts1_0.id,
        ts1_0.active,
        ts1_0.created_at,
        ts1_0.description,
        ts1_0.domain_name,
        ts1_0.name,
        ts1_0.updated_at 
    from
        trusted_sources ts1_0 
    where
        ts1_0.name=?
Hibernate: 
    select
        ts1_0.id,
        ts1_0.active,
        ts1_0.created_at,
        ts1_0.description,
        ts1_0.domain_name,
        ts1_0.name,
        ts1_0.updated_at 
    from
        trusted_sources ts1_0 
    where
        ts1_0.name=?
[INFO] Tests run: 14, Failures: 0, Errors: 0, Skipped: 0, Time elapsed: 0.472 s - in br.com.technews.repository.TrustedSourceRepositoryTest
[INFO] Running br.com.technews.repository.TrustedSourceRepositoryUnitTest
[INFO] Tests run: 9, Failures: 0, Errors: 0, Skipped: 0, Time elapsed: 0.145 s - in br.com.technews.repository.TrustedSourceRepositoryUnitTest
[INFO] Running br.com.technews.service.CategoryServiceTest
[INFO] Tests run: 13, Failures: 0, Errors: 0, Skipped: 0, Time elapsed: 0.057 s - in br.com.technews.service.CategoryServiceTest
[INFO] Running br.com.technews.service.NewsServiceTest
[INFO] Tests run: 10, Failures: 0, Errors: 0, Skipped: 0, Time elapsed: 0.046 s - in br.com.technews.service.NewsServiceTest
[INFO] Running br.com.technews.service.SubscriberServiceTest
2025-09-20T20:34:45.575-03:00  INFO 29846 --- [TechNews] [           main] b.c.technews.service.SubscriberService   : Status do assinante test@example.com alterado para: inativo
2025-09-20T20:34:45.590-03:00  INFO 29846 --- [TechNews] [           main] b.c.technews.service.SubscriberService   : Inscri├º├úo cancelada: test@example.com
2025-09-20T20:34:45.609-03:00  INFO 29846 --- [TechNews] [           main] b.c.technews.service.SubscriberService   : Assinante removido: test@example.com
2025-09-20T20:34:45.617-03:00  INFO 29846 --- [TechNews] [           main] b.c.technews.service.SubscriberService   : Nova inscri├º├úo criada: new@example.com com frequ├¬ncia WEEKLY
[INFO] Tests run: 17, Failures: 0, Errors: 0, Skipped: 0, Time elapsed: 0.209 s - in br.com.technews.service.SubscriberServiceTest
[INFO] Running br.com.technews.TechnewsApplicationTests
2025-09-20T20:34:45.644-03:00  INFO 29846 --- [TechNews] [           main] t.c.s.AnnotationConfigContextLoaderUtils : Could not detect default configuration classes for test class [br.com.technews.TechnewsApplicationTests]: TechnewsApplicationTests does not declare any static, non-private, non-final, nested classes annotated with @Configuration.
2025-09-20T20:34:45.805-03:00  INFO 29846 --- [TechNews] [           main] .b.t.c.SpringBootTestContextBootstrapper : Found @SpringBootConfiguration br.com.technews.TechnewsApplication for test class br.com.technews.TechnewsApplicationTests

  .   ____          _            __ _ _
 /\\ / ___'_ __ _ _(_)_ __  __ _ \ \ \ \
( ( )\___ | '_ | '_| | '_ \/ _` | \ \ \ \
 \\/  ___)| |_)| | | | | || (_| |  ) ) ) )
  '  |____| .__|_| |_|_| |_\__, | / / / /
 =========|_|==============|___/=/_/_/_/

 :: Spring Boot ::                (v3.5.5)

2025-09-20T20:34:45.918-03:00  INFO 29846 --- [TechNews] [           main] b.com.technews.TechnewsApplicationTests  : Starting TechnewsApplicationTests using Java 21.0.8 with PID 29846 (started by lan in /mnt/c/Users/Usuario/Documents/technews)
2025-09-20T20:34:45.918-03:00  INFO 29846 --- [TechNews] [           main] b.com.technews.TechnewsApplicationTests  : The following 1 profile is active: "test"
2025-09-20T20:34:45.928-03:00 DEBUG 29846 --- [TechNews] [           main] o.s.w.c.s.GenericWebApplicationContext   : Refreshing org.springframework.web.context.support.GenericWebApplicationContext@37e6679d
2025-09-20T20:34:48.059-03:00  INFO 29846 --- [TechNews] [           main] .s.d.r.c.RepositoryConfigurationDelegate : Bootstrapping Spring Data JPA repositories in DEFAULT mode.
2025-09-20T20:34:48.389-03:00  INFO 29846 --- [TechNews] [           main] .s.d.r.c.RepositoryConfigurationDelegate : Finished Spring Data repository scanning in 327 ms. Found 6 JPA repository interfaces.
2025-09-20T20:34:48.855-03:00  INFO 29846 --- [TechNews] [           main] o.hibernate.jpa.internal.util.LogHelper  : HHH000204: Processing PersistenceUnitInfo [name: default]
2025-09-20T20:34:48.891-03:00  INFO 29846 --- [TechNews] [           main] o.h.c.internal.RegionFactoryInitiator    : HHH000026: Second-level cache disabled
2025-09-20T20:34:48.987-03:00  INFO 29846 --- [TechNews] [           main] o.s.o.j.p.SpringPersistenceUnitInfo      : No LoadTimeWeaver setup: ignoring JPA class transformer
2025-09-20T20:34:48.997-03:00  INFO 29846 --- [TechNews] [           main] com.zaxxer.hikari.HikariDataSource       : HikariPool-1 - Starting...
2025-09-20T20:34:49.072-03:00  INFO 29846 --- [TechNews] [           main] com.zaxxer.hikari.pool.HikariPool        : HikariPool-1 - Added connection conn68: url=jdbc:h2:mem:testdb user=SA
2025-09-20T20:34:49.086-03:00  INFO 29846 --- [TechNews] [           main] com.zaxxer.hikari.HikariDataSource       : HikariPool-1 - Start completed.
2025-09-20T20:34:49.110-03:00  WARN 29846 --- [TechNews] [           main] org.hibernate.orm.deprecation            : HHH90000025: H2Dialect does not need to be specified explicitly using 'hibernate.dialect' (remove the property setting and it will be selected by default)
2025-09-20T20:34:49.118-03:00  INFO 29846 --- [TechNews] [           main] org.hibernate.orm.connections.pooling    : HHH10001005: Database info:
	Database JDBC URL [Connecting through datasource 'HikariDataSource (HikariPool-1)']
	Database driver: undefined/unknown
	Database version: 2.3.232
	Autocommit mode: undefined/unknown
	Isolation level: undefined/unknown
	Minimum pool size: undefined/unknown
	Maximum pool size: undefined/unknown
2025-09-20T20:34:49.557-03:00  INFO 29846 --- [TechNews] [           main] o.h.e.t.j.p.i.JtaPlatformInitiator       : HHH000489: No JTA platform available (set 'hibernate.transaction.jta.platform' to enable JTA platform integration)
2025-09-20T20:34:49.558-03:00 DEBUG 29846 --- [TechNews] [           main] org.hibernate.SQL                        : 
    drop table if exists categories cascade 
Hibernate: 
    drop table if exists categories cascade 
2025-09-20T20:34:49.565-03:00 DEBUG 29846 --- [TechNews] [           main] org.hibernate.SQL                        : 
    drop table if exists news_articles cascade 
Hibernate: 
    drop table if exists news_articles cascade 
2025-09-20T20:34:49.565-03:00 DEBUG 29846 --- [TechNews] [           main] org.hibernate.SQL                        : 
    drop table if exists newsletter_schedule_categories cascade 
Hibernate: 
    drop table if exists newsletter_schedule_categories cascade 
2025-09-20T20:34:49.565-03:00 DEBUG 29846 --- [TechNews] [           main] org.hibernate.SQL                        : 
    drop table if exists newsletter_schedules cascade 
Hibernate: 
    drop table if exists newsletter_schedules cascade 
2025-09-20T20:34:49.565-03:00 DEBUG 29846 --- [TechNews] [           main] org.hibernate.SQL                        : 
    drop table if exists newsletter_templates cascade 
Hibernate: 
    drop table if exists newsletter_templates cascade 
2025-09-20T20:34:49.565-03:00 DEBUG 29846 --- [TechNews] [           main] org.hibernate.SQL                        : 
    drop table if exists subscriber_categories cascade 
Hibernate: 
    drop table if exists subscriber_categories cascade 
2025-09-20T20:34:49.565-03:00 DEBUG 29846 --- [TechNews] [           main] org.hibernate.SQL                        : 
    drop table if exists subscribers cascade 
Hibernate: 
    drop table if exists subscribers cascade 
2025-09-20T20:34:49.565-03:00 DEBUG 29846 --- [TechNews] [           main] org.hibernate.SQL                        : 
    drop table if exists trusted_sources cascade 
Hibernate: 
    drop table if exists trusted_sources cascade 
2025-09-20T20:34:49.566-03:00 DEBUG 29846 --- [TechNews] [           main] org.hibernate.SQL                        : 
    create table categories (
        active boolean not null,
        color varchar(7),
        created_at timestamp(6) not null,
        id bigint generated by default as identity,
        updated_at timestamp(6),
        name varchar(50) not null unique,
        slug varchar(60) not null unique,
        description varchar(200),
        primary key (id)
    )
Hibernate: 
    create table categories (
        active boolean not null,
        color varchar(7),
        created_at timestamp(6) not null,
        id bigint generated by default as identity,
        updated_at timestamp(6),
        name varchar(50) not null unique,
        slug varchar(60) not null unique,
        description varchar(200),
        primary key (id)
    )
2025-09-20T20:34:49.569-03:00 DEBUG 29846 --- [TechNews] [           main] org.hibernate.SQL                        : 
    create table news_articles (
        published boolean,
        category_id bigint,
        created_at timestamp(6),
        id bigint generated by default as identity,
        published_at timestamp(6),
        updated_at timestamp(6),
        category varchar(50),
        author varchar(100),
        source_domain varchar(100),
        title varchar(200) not null,
        image_url varchar(500),
        summary varchar(500),
        url varchar(500) unique,
        content TEXT,
        status enum ('APROVADO','ENVIADO','PENDENTE_REVISAO','PUBLICADO','REJEITADO') not null,
        primary key (id)
    )
Hibernate: 
    create table news_articles (
        published boolean,
        category_id bigint,
        created_at timestamp(6),
        id bigint generated by default as identity,
        published_at timestamp(6),
        updated_at timestamp(6),
        category varchar(50),
        author varchar(100),
        source_domain varchar(100),
        title varchar(200) not null,
        image_url varchar(500),
        summary varchar(500),
        url varchar(500) unique,
        content TEXT,
        status enum ('APROVADO','ENVIADO','PENDENTE_REVISAO','PUBLICADO','REJEITADO') not null,
        primary key (id)
    )
2025-09-20T20:34:49.570-03:00 DEBUG 29846 --- [TechNews] [           main] org.hibernate.SQL                        : 
    create table newsletter_schedule_categories (
        category_id bigint not null,
        schedule_id bigint not null,
        primary key (category_id, schedule_id)
    )
Hibernate: 
    create table newsletter_schedule_categories (
        category_id bigint not null,
        schedule_id bigint not null,
        primary key (category_id, schedule_id)
    )
2025-09-20T20:34:49.572-03:00 DEBUG 29846 --- [TechNews] [           main] org.hibernate.SQL                        : 
    create table newsletter_schedules (
        active_only boolean,
        error_count integer,
        recipient_count integer,
        success_count integer,
        verified_only boolean,
        created_date timestamp(6) not null,
        id bigint generated by default as identity,
        scheduled_date timestamp(6) not null,
        sent_date timestamp(6),
        error_message TEXT,
        subject varchar(255) not null,
        template_key varchar(255),
        frequency_filter enum ('DAILY','MONTHLY','WEEKLY'),
        status enum ('CANCELLED','FAILED','PENDING','PROCESSING','SENT') not null,
        primary key (id)
    )
Hibernate: 
    create table newsletter_schedules (
        active_only boolean,
        error_count integer,
        recipient_count integer,
        success_count integer,
        verified_only boolean,
        created_date timestamp(6) not null,
        id bigint generated by default as identity,
        scheduled_date timestamp(6) not null,
        sent_date timestamp(6),
        error_message TEXT,
        subject varchar(255) not null,
        template_key varchar(255),
        frequency_filter enum ('DAILY','MONTHLY','WEEKLY'),
        status enum ('CANCELLED','FAILED','PENDING','PROCESSING','SENT') not null,
        primary key (id)
    )
2025-09-20T20:34:49.573-03:00 DEBUG 29846 --- [TechNews] [           main] org.hibernate.SQL                        : 
    create table newsletter_templates (
        is_active boolean not null,
        is_default boolean not null,
        created_at timestamp(6) not null,
        id bigint generated by default as identity,
        updated_at timestamp(6),
        template_key varchar(50) not null,
        created_by varchar(100),
        name varchar(100) not null,
        description varchar(500),
        configuration TEXT,
        css_styles TEXT,
        html_content TEXT,
        primary key (id)
    )
Hibernate: 
    create table newsletter_templates (
        is_active boolean not null,
        is_default boolean not null,
        created_at timestamp(6) not null,
        id bigint generated by default as identity,
        updated_at timestamp(6),
        template_key varchar(50) not null,
        created_by varchar(100),
        name varchar(100) not null,
        description varchar(500),
        configuration TEXT,
        css_styles TEXT,
        html_content TEXT,
        primary key (id)
    )
2025-09-20T20:34:49.574-03:00 DEBUG 29846 --- [TechNews] [           main] org.hibernate.SQL                        : 
    create table subscriber_categories (
        category_id bigint not null,
        subscriber_id bigint not null,
        primary key (category_id, subscriber_id)
    )
Hibernate: 
    create table subscriber_categories (
        category_id bigint not null,
        subscriber_id bigint not null,
        primary key (category_id, subscriber_id)
    )
2025-09-20T20:34:49.575-03:00 DEBUG 29846 --- [TechNews] [           main] org.hibernate.SQL                        : 
    create table subscribers (
        active boolean not null,
        email_count integer not null,
        email_verified boolean not null,
        id bigint generated by default as identity,
        last_email_sent_at timestamp(6),
        reactivated_at timestamp(6),
        subscribed_at timestamp(6),
        unsubscribed_at timestamp(6),
        updated_at timestamp(6),
        verification_token_expires_at timestamp(6),
        verified_at timestamp(6),
        subscription_ip varchar(45),
        full_name varchar(100),
        subscription_user_agent varchar(500),
        email varchar(255) not null unique,
        manage_token varchar(255) unique,
        unsubscribe_token varchar(255) unique,
        verification_token varchar(255),
        subscription_frequency enum ('DAILY','MONTHLY','WEEKLY') not null,
        primary key (id)
    )
Hibernate: 
    create table subscribers (
        active boolean not null,
        email_count integer not null,
        email_verified boolean not null,
        id bigint generated by default as identity,
        last_email_sent_at timestamp(6),
        reactivated_at timestamp(6),
        subscribed_at timestamp(6),
        unsubscribed_at timestamp(6),
        updated_at timestamp(6),
        verification_token_expires_at timestamp(6),
        verified_at timestamp(6),
        subscription_ip varchar(45),
        full_name varchar(100),
        subscription_user_agent varchar(500),
        email varchar(255) not null unique,
        manage_token varchar(255) unique,
        unsubscribe_token varchar(255) unique,
        verification_token varchar(255),
        subscription_frequency enum ('DAILY','MONTHLY','WEEKLY') not null,
        primary key (id)
    )
2025-09-20T20:34:49.576-03:00 DEBUG 29846 --- [TechNews] [           main] org.hibernate.SQL                        : 
    create table trusted_sources (
        active boolean not null,
        created_at timestamp(6) not null,
        id bigint generated by default as identity,
        updated_at timestamp(6),
        name varchar(100) not null,
        description varchar(500),
        domain_name varchar(255) not null unique,
        primary key (id)
    )
Hibernate: 
    create table trusted_sources (
        active boolean not null,
        created_at timestamp(6) not null,
        id bigint generated by default as identity,
        updated_at timestamp(6),
        name varchar(100) not null,
        description varchar(500),
        domain_name varchar(255) not null unique,
        primary key (id)
    )
2025-09-20T20:34:49.578-03:00 DEBUG 29846 --- [TechNews] [           main] org.hibernate.SQL                        : 
    alter table if exists news_articles 
       add constraint FKm2h7mf03kny9rcqj7r26e8xsl 
       foreign key (category_id) 
       references categories
Hibernate: 
    alter table if exists news_articles 
       add constraint FKm2h7mf03kny9rcqj7r26e8xsl 
       foreign key (category_id) 
       references categories
2025-09-20T20:34:49.579-03:00 DEBUG 29846 --- [TechNews] [           main] org.hibernate.SQL                        : 
    alter table if exists newsletter_schedule_categories 
       add constraint FKpgwqcabkojfcxreintwrq9rrq 
       foreign key (category_id) 
       references categories
Hibernate: 
    alter table if exists newsletter_schedule_categories 
       add constraint FKpgwqcabkojfcxreintwrq9rrq 
       foreign key (category_id) 
       references categories
2025-09-20T20:34:49.580-03:00 DEBUG 29846 --- [TechNews] [           main] org.hibernate.SQL                        : 
    alter table if exists newsletter_schedule_categories 
       add constraint FKo7g4fw0b0h8i5ng9dn9nmy33n 
       foreign key (schedule_id) 
       references newsletter_schedules
Hibernate: 
    alter table if exists newsletter_schedule_categories 
       add constraint FKo7g4fw0b0h8i5ng9dn9nmy33n 
       foreign key (schedule_id) 
       references newsletter_schedules
2025-09-20T20:34:49.582-03:00 DEBUG 29846 --- [TechNews] [           main] org.hibernate.SQL                        : 
    alter table if exists subscriber_categories 
       add constraint FK7j1vci1l1ilinypbnyrmobqye 
       foreign key (category_id) 
       references categories
Hibernate: 
    alter table if exists subscriber_categories 
       add constraint FK7j1vci1l1ilinypbnyrmobqye 
       foreign key (category_id) 
       references categories
2025-09-20T20:34:49.583-03:00 DEBUG 29846 --- [TechNews] [           main] org.hibernate.SQL                        : 
    alter table if exists subscriber_categories 
       add constraint FKf85tm3itr0exqfw13k3kgaoli 
       foreign key (subscriber_id) 
       references subscribers
Hibernate: 
    alter table if exists subscriber_categories 
       add constraint FKf85tm3itr0exqfw13k3kgaoli 
       foreign key (subscriber_id) 
       references subscribers
2025-09-20T20:34:49.594-03:00  INFO 29846 --- [TechNews] [           main] j.LocalContainerEntityManagerFactoryBean : Initialized JPA EntityManagerFactory for persistence unit 'default'
2025-09-20T20:34:49.974-03:00  WARN 29846 --- [TechNews] [           main] o.s.w.c.s.GenericWebApplicationContext   : Exception encountered during context initialization - cancelling refresh attempt: org.springframework.beans.factory.UnsatisfiedDependencyException: Error creating bean with name 'adminController': Unsatisfied dependency expressed through field 'subscriberService': Error creating bean with name 'subscriberService' defined in file [/mnt/c/Users/Usuario/Documents/technews/target/classes/br/com/technews/service/SubscriberService.class]: Unsatisfied dependency expressed through constructor parameter 2: Error creating bean with name 'emailService': Injection of autowired dependencies failed
2025-09-20T20:34:49.975-03:00  INFO 29846 --- [TechNews] [           main] j.LocalContainerEntityManagerFactoryBean : Closing JPA EntityManagerFactory for persistence unit 'default'
2025-09-20T20:34:49.985-03:00 DEBUG 29846 --- [TechNews] [           main] org.hibernate.SQL                        : 
    drop table if exists categories cascade 
Hibernate: 
    drop table if exists categories cascade 
2025-09-20T20:34:49.992-03:00 DEBUG 29846 --- [TechNews] [           main] org.hibernate.SQL                        : 
    drop table if exists news_articles cascade 
Hibernate: 
    drop table if exists news_articles cascade 
2025-09-20T20:34:49.993-03:00 DEBUG 29846 --- [TechNews] [           main] org.hibernate.SQL                        : 
    drop table if exists newsletter_schedule_categories cascade 
Hibernate: 
    drop table if exists newsletter_schedule_categories cascade 
2025-09-20T20:34:49.994-03:00 DEBUG 29846 --- [TechNews] [           main] org.hibernate.SQL                        : 
    drop table if exists newsletter_schedules cascade 
Hibernate: 
    drop table if exists newsletter_schedules cascade 
2025-09-20T20:34:49.995-03:00 DEBUG 29846 --- [TechNews] [           main] org.hibernate.SQL                        : 
    drop table if exists newsletter_templates cascade 
Hibernate: 
    drop table if exists newsletter_templates cascade 
2025-09-20T20:34:49.996-03:00 DEBUG 29846 --- [TechNews] [           main] org.hibernate.SQL                        : 
    drop table if exists subscriber_categories cascade 
Hibernate: 
    drop table if exists subscriber_categories cascade 
2025-09-20T20:34:50.001-03:00 DEBUG 29846 --- [TechNews] [           main] org.hibernate.SQL                        : 
    drop table if exists subscribers cascade 
Hibernate: 
    drop table if exists subscribers cascade 
2025-09-20T20:34:50.004-03:00 DEBUG 29846 --- [TechNews] [           main] org.hibernate.SQL                        : 
    drop table if exists trusted_sources cascade 
Hibernate: 
    drop table if exists trusted_sources cascade 
2025-09-20T20:34:50.011-03:00  INFO 29846 --- [TechNews] [           main] com.zaxxer.hikari.HikariDataSource       : HikariPool-1 - Shutdown initiated...
2025-09-20T20:34:50.021-03:00  INFO 29846 --- [TechNews] [           main] com.zaxxer.hikari.HikariDataSource       : HikariPool-1 - Shutdown completed.



============================
CONDITIONS EVALUATION REPORT
============================


Positive matches:
-----------------

   AopAutoConfiguration matched:
      - 
@ConditionalOnBooleanProperty 
(spring.aop.auto=true) matched 
(OnPropertyCondition)

   AopAutoConfiguration.AspectJAut
oProxyingConfiguration matched:
      - @ConditionalOnClass found 
required class 
'org.aspectj.weaver.Advice' 
(OnClassCondition)

   AopAutoConfiguration.AspectJAut
oProxyingConfiguration.CglibAutoPr
oxyConfiguration matched:
      - 
@ConditionalOnBooleanProperty (spr
ing.aop.proxy-target-class=true) 
matched (OnPropertyCondition)

   ApplicationAvailabilityAutoConf
iguration#applicationAvailability 
matched:
      - @ConditionalOnMissingBean 
(types: org.springframework.boot.a
vailability.ApplicationAvailabilit
y; SearchStrategy: all) did not 
find any beans (OnBeanCondition)

   DataSourceAutoConfiguration 
matched:
      - @ConditionalOnClass found 
required classes 
'javax.sql.DataSource', 'org.sprin
gframework.jdbc.datasource.embedde
d.EmbeddedDatabaseType' 
(OnClassCondition)
      - @ConditionalOnMissingBean 
(types: ?; SearchStrategy: all) 
did not find any beans 
(OnBeanCondition)

   DataSourceAutoConfiguration.Poo
ledDataSourceConfiguration 
matched:
      - AnyNestedCondition 1 
matched 1 did not; 
NestedCondition on DataSourceAutoC
onfiguration.PooledDataSourceCondi
tion.PooledDataSourceAvailable 
PooledDataSource found supported 
DataSource; NestedCondition on Dat
aSourceAutoConfiguration.PooledDat
aSourceCondition.ExplicitType 
@ConditionalOnProperty 
(spring.datasource.type) did not 
find property 
'spring.datasource.type' (DataSour
ceAutoConfiguration.PooledDataSour
ceCondition)
      - @ConditionalOnMissingBean 
(types: javax.sql.DataSource,javax
.sql.XADataSource; 
SearchStrategy: all) did not find 
any beans (OnBeanCondition)

   DataSourceAutoConfiguration.Poo
ledDataSourceConfiguration#jdbcCon
nectionDetails matched:
      - @ConditionalOnMissingBean 
(types: org.springframework.boot.a
utoconfigure.jdbc.JdbcConnectionDe
tails; SearchStrategy: all) did 
not find any beans 
(OnBeanCondition)

   DataSourceConfiguration.Hikari 
matched:
      - @ConditionalOnClass found 
required class 'com.zaxxer.hikari.
HikariDataSource' 
(OnClassCondition)
      - @ConditionalOnProperty (sp
ring.datasource.type=com.zaxxer.hi
kari.HikariDataSource) matched 
(OnPropertyCondition)
      - @ConditionalOnMissingBean 
(types: javax.sql.DataSource; 
SearchStrategy: all) did not find 
any beans (OnBeanCondition)

   DataSourcePoolMetadataProviders
Configuration.HikariPoolDataSource
MetadataProviderConfiguration 
matched:
      - @ConditionalOnClass found 
required class 'com.zaxxer.hikari.
HikariDataSource' 
(OnClassCondition)

   DataSourceTransactionManagerAut
oConfiguration matched:
      - @ConditionalOnClass found 
required classes 
'javax.sql.DataSource', 'org.sprin
gframework.jdbc.core.JdbcTemplate'
, 'org.springframework.transaction
.TransactionManager' 
(OnClassCondition)

   DataSourceTransactionManagerAut
oConfiguration.JdbcTransactionMana
gerConfiguration matched:
      - 
@ConditionalOnSingleCandidate 
(types: javax.sql.DataSource; 
SearchStrategy: all) found a 
single bean 'dataSource' 
(OnBeanCondition)

   DispatcherServletAutoConfigurat
ion matched:
      - @ConditionalOnClass found 
required class 'org.springframewor
k.web.servlet.DispatcherServlet' 
(OnClassCondition)
      - found 'session' scope 
(OnWebApplicationCondition)

   DispatcherServletAutoConfigurat
ion.DispatcherServletConfiguration
 matched:
      - @ConditionalOnClass found 
required class 'jakarta.servlet.Se
rvletRegistration' 
(OnClassCondition)
      - Default DispatcherServlet 
did not find dispatcher servlet 
beans (DispatcherServletAutoConfig
uration.DefaultDispatcherServletCo
ndition)

   DispatcherServletAutoConfigurat
ion.DispatcherServletRegistrationC
onfiguration matched:
      - @ConditionalOnClass found 
required class 'jakarta.servlet.Se
rvletRegistration' 
(OnClassCondition)
      - DispatcherServlet 
Registration did not find servlet 
registration bean (DispatcherServl
etAutoConfiguration.DispatcherServ
letRegistrationCondition)

   DispatcherServletAutoConfigurat
ion.DispatcherServletRegistrationC
onfiguration#dispatcherServletRegi
stration matched:
      - @ConditionalOnBean 
(names: dispatcherServlet types: o
rg.springframework.web.servlet.Dis
patcherServlet; SearchStrategy: 
all) found bean 
'dispatcherServlet' 
(OnBeanCondition)

   ErrorMvcAutoConfiguration 
matched:
      - @ConditionalOnClass found 
required classes 
'jakarta.servlet.Servlet', 'org.sp
ringframework.web.servlet.Dispatch
erServlet' (OnClassCondition)
      - found 'session' scope 
(OnWebApplicationCondition)

   ErrorMvcAutoConfiguration#basic
ErrorController matched:
      - @ConditionalOnMissingBean 
(types: org.springframework.boot.w
eb.servlet.error.ErrorController; 
SearchStrategy: current) did not 
find any beans (OnBeanCondition)

   ErrorMvcAutoConfiguration#error
Attributes matched:
      - @ConditionalOnMissingBean 
(types: org.springframework.boot.w
eb.servlet.error.ErrorAttributes; 
SearchStrategy: current) did not 
find any beans (OnBeanCondition)

   ErrorMvcAutoConfiguration.Defau
ltErrorViewResolverConfiguration#c
onventionErrorViewResolver 
matched:
      - @ConditionalOnBean 
(types: org.springframework.web.se
rvlet.DispatcherServlet; 
SearchStrategy: all) found bean 
'dispatcherServlet'; 
@ConditionalOnMissingBean (types: 
org.springframework.boot.autoconfi
gure.web.servlet.error.ErrorViewRe
solver; SearchStrategy: all) did 
not find any beans 
(OnBeanCondition)

   ErrorMvcAutoConfiguration.White
labelErrorViewConfiguration 
matched:
      - 
@ConditionalOnBooleanProperty (ser
ver.error.whitelabel.enabled=true)
 matched (OnPropertyCondition)
      - ErrorTemplate Missing did 
not find error template view (Erro
rMvcAutoConfiguration.ErrorTemplat
eMissingCondition)

   ErrorMvcAutoConfiguration.White
labelErrorViewConfiguration#beanNa
meViewResolver matched:
      - @ConditionalOnMissingBean 
(types: org.springframework.web.se
rvlet.view.BeanNameViewResolver; 
SearchStrategy: all) did not find 
any beans (OnBeanCondition)

   ErrorMvcAutoConfiguration.White
labelErrorViewConfiguration#defaul
tErrorView matched:
      - @ConditionalOnMissingBean 
(names: error; SearchStrategy: 
all) did not find any beans 
(OnBeanCondition)

   GenericCacheConfiguration 
matched:
      - Cache org.springframework.
boot.autoconfigure.cache.GenericCa
cheConfiguration automatic cache 
type (CacheCondition)

   H2ConsoleAutoConfiguration 
matched:
      - @ConditionalOnClass found 
required class 'org.h2.server.web.
JakartaWebServlet' 
(OnClassCondition)
      - found 'session' scope 
(OnWebApplicationCondition)
      - 
@ConditionalOnBooleanProperty 
(spring.h2.console.enabled=true) 
matched (OnPropertyCondition)

   HibernateJpaAutoConfiguration 
matched:
      - @ConditionalOnClass found 
required classes 'org.springframew
ork.orm.jpa.LocalContainerEntityMa
nagerFactoryBean', 'jakarta.persis
tence.EntityManager', 'org.hiberna
te.engine.spi.SessionImplementor' 
(OnClassCondition)

   HibernateJpaConfiguration 
matched:
      - 
@ConditionalOnSingleCandidate 
(types: javax.sql.DataSource; 
SearchStrategy: all) found a 
single bean 'dataSource' 
(OnBeanCondition)

   HttpClientAutoConfiguration 
matched:
      - @ConditionalOnClass found 
required class 'org.springframewor
k.http.client.ClientHttpRequestFac
tory' (OnClassCondition)
      - NoneNestedConditions 0 
matched 1 did not; 
NestedCondition on NotReactiveWebA
pplicationCondition.ReactiveWebApp
lication did not find reactive 
web application classes (NotReacti
veWebApplicationCondition)

   HttpClientAutoConfiguration#cli
entHttpRequestFactoryBuilder 
matched:
      - @ConditionalOnMissingBean 
(types: org.springframework.boot.h
ttp.client.ClientHttpRequestFactor
yBuilder<?>; SearchStrategy: all) 
did not find any beans 
(OnBeanCondition)

   HttpClientAutoConfiguration#cli
entHttpRequestFactorySettings 
matched:
      - @ConditionalOnMissingBean 
(types: org.springframework.boot.h
ttp.client.ClientHttpRequestFactor
ySettings; SearchStrategy: all) 
did not find any beans 
(OnBeanCondition)

   HttpEncodingAutoConfiguration 
matched:
      - @ConditionalOnClass found 
required class 'org.springframewor
k.web.filter.CharacterEncodingFilt
er' (OnClassCondition)
      - found 'session' scope 
(OnWebApplicationCondition)
      - 
@ConditionalOnBooleanProperty (ser
ver.servlet.encoding.enabled=true)
 matched (OnPropertyCondition)

   HttpEncodingAutoConfiguration#c
haracterEncodingFilter matched:
      - @ConditionalOnMissingBean 
(types: org.springframework.web.fi
lter.CharacterEncodingFilter; 
SearchStrategy: all) did not find 
any beans (OnBeanCondition)

   HttpMessageConvertersAutoConfig
uration matched:
      - @ConditionalOnClass found 
required class 'org.springframewor
k.http.converter.HttpMessageConver
ter' (OnClassCondition)
      - NoneNestedConditions 0 
matched 1 did not; 
NestedCondition on HttpMessageConv
ertersAutoConfiguration.NotReactiv
eWebApplicationCondition.ReactiveW
ebApplication did not find 
reactive web application classes (
HttpMessageConvertersAutoConfigura
tion.NotReactiveWebApplicationCond
ition)

   HttpMessageConvertersAutoConfig
uration#messageConverters matched:
      - @ConditionalOnMissingBean 
(types: org.springframework.boot.a
utoconfigure.http.HttpMessageConve
rters; SearchStrategy: all) did 
not find any beans 
(OnBeanCondition)

   HttpMessageConvertersAutoConfig
uration.StringHttpMessageConverter
Configuration matched:
      - @ConditionalOnClass found 
required class 'org.springframewor
k.http.converter.StringHttpMessage
Converter' (OnClassCondition)

   HttpMessageConvertersAutoConfig
uration.StringHttpMessageConverter
Configuration#stringHttpMessageCon
verter matched:
      - @ConditionalOnMissingBean 
(types: org.springframework.http.c
onverter.StringHttpMessageConverte
r; SearchStrategy: all) did not 
find any beans (OnBeanCondition)

   JacksonAutoConfiguration 
matched:
      - @ConditionalOnClass found 
required class 'com.fasterxml.jack
son.databind.ObjectMapper' 
(OnClassCondition)

   JacksonAutoConfiguration.Jackso
n2ObjectMapperBuilderCustomizerCon
figuration matched:
      - @ConditionalOnClass found 
required class 'org.springframewor
k.http.converter.json.Jackson2Obje
ctMapperBuilder' 
(OnClassCondition)

   JacksonAutoConfiguration.Jackso
nObjectMapperBuilderConfiguration 
matched:
      - @ConditionalOnClass found 
required class 'org.springframewor
k.http.converter.json.Jackson2Obje
ctMapperBuilder' 
(OnClassCondition)

   JacksonAutoConfiguration.Jackso
nObjectMapperBuilderConfiguration#
jacksonObjectMapperBuilder 
matched:
      - @ConditionalOnMissingBean 
(types: org.springframework.http.c
onverter.json.Jackson2ObjectMapper
Builder; SearchStrategy: all) did 
not find any beans 
(OnBeanCondition)

   JacksonAutoConfiguration.Jackso
nObjectMapperConfiguration 
matched:
      - @ConditionalOnClass found 
required class 'org.springframewor
k.http.converter.json.Jackson2Obje
ctMapperBuilder' 
(OnClassCondition)

   JacksonAutoConfiguration.Jackso
nObjectMapperConfiguration#jackson
ObjectMapper matched:
      - @ConditionalOnMissingBean 
(types: com.fasterxml.jackson.data
bind.ObjectMapper; 
SearchStrategy: all) did not find 
any beans (OnBeanCondition)

   JacksonAutoConfiguration.Parame
terNamesModuleConfiguration 
matched:
      - @ConditionalOnClass found 
required class 'com.fasterxml.jack
son.module.paramnames.ParameterNam
esModule' (OnClassCondition)

   JacksonAutoConfiguration.Parame
terNamesModuleConfiguration#parame
terNamesModule matched:
      - @ConditionalOnMissingBean 
(types: com.fasterxml.jackson.modu
le.paramnames.ParameterNamesModule
; SearchStrategy: all) did not 
find any beans (OnBeanCondition)

   JacksonHttpMessageConvertersCon
figuration.MappingJackson2HttpMess
ageConverterConfiguration matched:
      - @ConditionalOnClass found 
required class 'com.fasterxml.jack
son.databind.ObjectMapper' 
(OnClassCondition)
      - 
@ConditionalOnPreferredJsonMapper 
JACKSON no property was 
configured and Jackson is the 
default 
(OnPreferredJsonMapperCondition)
      - @ConditionalOnBean 
(types: com.fasterxml.jackson.data
bind.ObjectMapper; 
SearchStrategy: all) found bean 
'jacksonObjectMapper' 
(OnBeanCondition)

   JacksonHttpMessageConvertersCon
figuration.MappingJackson2HttpMess
ageConverterConfiguration#mappingJ
ackson2HttpMessageConverter 
matched:
      - @ConditionalOnMissingBean 
(types: org.springframework.http.c
onverter.json.MappingJackson2HttpM
essageConverter ignored: ?; 
SearchStrategy: all) did not find 
any beans (OnBeanCondition)

   JdbcClientAutoConfiguration 
matched:
      - 
@ConditionalOnSingleCandidate 
(types: org.springframework.jdbc.c
ore.namedparam.NamedParameterJdbcT
emplate; SearchStrategy: all) 
found a single bean 
'namedParameterJdbcTemplate'; 
@ConditionalOnMissingBean (types: 
org.springframework.jdbc.core.simp
le.JdbcClient; SearchStrategy: 
all) did not find any beans 
(OnBeanCondition)

   JdbcTemplateAutoConfiguration 
matched:
      - @ConditionalOnClass found 
required classes 
'javax.sql.DataSource', 'org.sprin
gframework.jdbc.core.JdbcTemplate'
 (OnClassCondition)
      - 
@ConditionalOnSingleCandidate 
(types: javax.sql.DataSource; 
SearchStrategy: all) found a 
single bean 'dataSource' 
(OnBeanCondition)

   JdbcTemplateConfiguration 
matched:
      - @ConditionalOnMissingBean 
(types: org.springframework.jdbc.c
ore.JdbcOperations; 
SearchStrategy: all) did not find 
any beans (OnBeanCondition)

   JpaBaseConfiguration#entityMana
gerFactory matched:
      - @ConditionalOnMissingBean 
(types: org.springframework.orm.jp
a.LocalContainerEntityManagerFacto
ryBean,jakarta.persistence.EntityM
anagerFactory; SearchStrategy: 
all) did not find any beans 
(OnBeanCondition)

   JpaBaseConfiguration#entityMana
gerFactoryBuilder matched:
      - @ConditionalOnMissingBean 
(types: org.springframework.boot.o
rm.jpa.EntityManagerFactoryBuilder
; SearchStrategy: all) did not 
find any beans (OnBeanCondition)

   JpaBaseConfiguration#jpaVendorA
dapter matched:
      - @ConditionalOnMissingBean 
(types: org.springframework.orm.jp
a.JpaVendorAdapter; 
SearchStrategy: all) did not find 
any beans (OnBeanCondition)

   JpaBaseConfiguration#transactio
nManager matched:
      - @ConditionalOnMissingBean 
(types: org.springframework.transa
ction.TransactionManager; 
SearchStrategy: all) did not find 
any beans (OnBeanCondition)

   JpaBaseConfiguration.JpaWebConf
iguration matched:
      - @ConditionalOnClass found 
required class 'org.springframewor
k.web.servlet.config.annotation.We
bMvcConfigurer' (OnClassCondition)
      - found 'session' scope 
(OnWebApplicationCondition)
      - 
@ConditionalOnBooleanProperty 
(spring.jpa.open-in-view=true) 
matched (OnPropertyCondition)
      - @ConditionalOnMissingBean 
(types: org.springframework.orm.jp
a.support.OpenEntityManagerInViewI
nterceptor,org.springframework.orm
.jpa.support.OpenEntityManagerInVi
ewFilter; SearchStrategy: all) 
did not find any beans 
(OnBeanCondition)

   JpaBaseConfiguration.Persistenc
eManagedTypesConfiguration 
matched:
      - @ConditionalOnMissingBean 
(types: org.springframework.orm.jp
a.LocalContainerEntityManagerFacto
ryBean,jakarta.persistence.EntityM
anagerFactory; SearchStrategy: 
all) did not find any beans 
(OnBeanCondition)

   JpaBaseConfiguration.Persistenc
eManagedTypesConfiguration#persist
enceManagedTypes matched:
      - @ConditionalOnMissingBean 
(types: org.springframework.orm.jp
a.persistenceunit.PersistenceManag
edTypes; SearchStrategy: all) did 
not find any beans 
(OnBeanCondition)

   
JpaRepositoriesAutoConfiguration 
matched:
      - @ConditionalOnClass found 
required class 'org.springframewor
k.data.jpa.repository.JpaRepositor
y' (OnClassCondition)
      - 
@ConditionalOnBooleanProperty (spr
ing.data.jpa.repositories.enabled=
true) matched 
(OnPropertyCondition)
      - @ConditionalOnBean 
(types: javax.sql.DataSource; 
SearchStrategy: all) found bean 
'dataSource'; 
@ConditionalOnMissingBean (types: 
org.springframework.data.jpa.repos
itory.support.JpaRepositoryFactory
Bean,org.springframework.data.jpa.
repository.config.JpaRepositoryCon
figExtension; SearchStrategy: 
all) did not find any beans 
(OnBeanCondition)

   JtaAutoConfiguration matched:
      - @ConditionalOnClass found 
required class 
'jakarta.transaction.Transaction' 
(OnClassCondition)
      - 
@ConditionalOnBooleanProperty 
(spring.jta.enabled=true) matched 
(OnPropertyCondition)

   LifecycleAutoConfiguration#defa
ultLifecycleProcessor matched:
      - @ConditionalOnMissingBean 
(names: lifecycleProcessor; 
SearchStrategy: current) did not 
find any beans (OnBeanCondition)

   MailSenderAutoConfiguration 
matched:
      - @ConditionalOnClass found 
required classes 'jakarta.mail.int
ernet.MimeMessage', 
'jakarta.activation.MimeType', 'or
g.springframework.mail.MailSender'
 (OnClassCondition)
      - AnyNestedCondition 1 
matched 1 did not; 
NestedCondition on MailSenderAutoC
onfiguration.MailSenderCondition.J
ndiNameProperty 
@ConditionalOnProperty 
(spring.mail.jndi-name) did not 
find property 
'spring.mail.jndi-name'; 
NestedCondition on MailSenderAutoC
onfiguration.MailSenderCondition.H
ostProperty 
@ConditionalOnProperty 
(spring.mail.host) matched (MailSe
nderAutoConfiguration.MailSenderCo
ndition)
      - @ConditionalOnMissingBean 
(types: org.springframework.mail.M
ailSender; SearchStrategy: all) 
did not find any beans 
(OnBeanCondition)

   
MailSenderPropertiesConfiguration 
matched:
      - @ConditionalOnProperty 
(spring.mail.host) matched 
(OnPropertyCondition)

   MailSenderPropertiesConfigurati
on#mailSender matched:
      - @ConditionalOnMissingBean 
(types: org.springframework.mail.j
avamail.JavaMailSender; 
SearchStrategy: all) did not find 
any beans (OnBeanCondition)

   MultipartAutoConfiguration 
matched:
      - @ConditionalOnClass found 
required classes 
'jakarta.servlet.Servlet', 'org.sp
ringframework.web.multipart.suppor
t.StandardServletMultipartResolver
', 'jakarta.servlet.MultipartConfi
gElement' (OnClassCondition)
      - found 'session' scope 
(OnWebApplicationCondition)
      - 
@ConditionalOnBooleanProperty (spr
ing.servlet.multipart.enabled=true
) matched (OnPropertyCondition)

   MultipartAutoConfiguration#mult
ipartConfigElement matched:
      - @ConditionalOnMissingBean 
(types: jakarta.servlet.MultipartC
onfigElement; SearchStrategy: 
all) did not find any beans 
(OnBeanCondition)

   MultipartAutoConfiguration#mult
ipartResolver matched:
      - @ConditionalOnMissingBean 
(types: org.springframework.web.mu
ltipart.MultipartResolver; 
SearchStrategy: all) did not find 
any beans (OnBeanCondition)

   NamedParameterJdbcTemplateConfi
guration matched:
      - 
@ConditionalOnSingleCandidate 
(types: org.springframework.jdbc.c
ore.JdbcTemplate; SearchStrategy: 
all) found a single bean 
'jdbcTemplate'; 
@ConditionalOnMissingBean (types: 
org.springframework.jdbc.core.name
dparam.NamedParameterJdbcOperation
s; SearchStrategy: all) did not 
find any beans (OnBeanCondition)

   NoOpCacheConfiguration matched:
      - Cache org.springframework.
boot.autoconfigure.cache.NoOpCache
Configuration automatic cache 
type (CacheCondition)

   PersistenceExceptionTranslation
AutoConfiguration matched:
      - @ConditionalOnClass found 
required class 'org.springframewor
k.dao.annotation.PersistenceExcept
ionTranslationPostProcessor' 
(OnClassCondition)

   PersistenceExceptionTranslation
AutoConfiguration#persistenceExcep
tionTranslationPostProcessor 
matched:
      - 
@ConditionalOnBooleanProperty (spr
ing.dao.exceptiontranslation.enabl
ed=true) matched 
(OnPropertyCondition)
      - @ConditionalOnMissingBean 
(types: org.springframework.dao.an
notation.PersistenceExceptionTrans
lationPostProcessor; 
SearchStrategy: all) did not find 
any beans (OnBeanCondition)

   PropertyPlaceholderAutoConfigur
ation#propertySourcesPlaceholderCo
nfigurer matched:
      - @ConditionalOnMissingBean 
(types: org.springframework.contex
t.support.PropertySourcesPlacehold
erConfigurer; SearchStrategy: 
current) did not find any beans 
(OnBeanCondition)

   QuartzAutoConfiguration 
matched:
      - @ConditionalOnClass found 
required classes 
'org.quartz.Scheduler', 'org.sprin
gframework.scheduling.quartz.Sched
ulerFactoryBean', 'org.springframe
work.transaction.PlatformTransacti
onManager' (OnClassCondition)

   QuartzAutoConfiguration#quartzS
cheduler matched:
      - @ConditionalOnMissingBean 
(types: org.springframework.schedu
ling.quartz.SchedulerFactoryBean; 
SearchStrategy: all) did not find 
any beans (OnBeanCondition)

   RestClientAutoConfiguration 
matched:
      - @ConditionalOnClass found 
required class 'org.springframewor
k.web.client.RestClient' 
(OnClassCondition)
      - AnyNestedCondition 1 
matched 1 did not; 
NestedCondition on NotReactiveWebA
pplicationOrVirtualThreadsExecutor
EnabledCondition.VirtualThreadsExe
cutorEnabled found non-matching 
nested conditions 
@ConditionalOnThreading did not 
find VIRTUAL; NestedCondition on N
otReactiveWebApplicationOrVirtualT
hreadsExecutorEnabledCondition.Not
ReactiveWebApplication 
NoneNestedConditions 0 matched 1 
did not; NestedCondition on NotRea
ctiveWebApplicationCondition.React
iveWebApplication did not find 
reactive web application classes (
NotReactiveWebApplicationOrVirtual
ThreadsExecutorEnabledCondition)

   RestClientAutoConfiguration#htt
pMessageConvertersRestClientCustom
izer matched:
      - @ConditionalOnMissingBean 
(types: org.springframework.boot.a
utoconfigure.web.client.HttpMessag
eConvertersRestClientCustomizer; 
SearchStrategy: all) did not find 
any beans (OnBeanCondition)

   RestClientAutoConfiguration#res
tClientBuilder matched:
      - @ConditionalOnMissingBean 
(types: org.springframework.web.cl
ient.RestClient$Builder; 
SearchStrategy: all) did not find 
any beans (OnBeanCondition)

   RestClientAutoConfiguration#res
tClientBuilderConfigurer matched:
      - @ConditionalOnMissingBean 
(types: org.springframework.boot.a
utoconfigure.web.client.RestClient
BuilderConfigurer; 
SearchStrategy: all) did not find 
any beans (OnBeanCondition)

   RestClientAutoConfiguration#res
tClientSsl matched:
      - @ConditionalOnBean 
(types: org.springframework.boot.s
sl.SslBundles; SearchStrategy: 
all) found bean 
'sslBundleRegistry'; 
@ConditionalOnMissingBean (types: 
org.springframework.boot.autoconfi
gure.web.client.RestClientSsl; 
SearchStrategy: all) did not find 
any beans (OnBeanCondition)

   RestTemplateAutoConfiguration 
matched:
      - @ConditionalOnClass found 
required class 'org.springframewor
k.web.client.RestTemplate' 
(OnClassCondition)
      - NoneNestedConditions 0 
matched 1 did not; 
NestedCondition on NotReactiveWebA
pplicationCondition.ReactiveWebApp
lication did not find reactive 
web application classes (NotReacti
veWebApplicationCondition)

   RestTemplateAutoConfiguration#r
estTemplateBuilder matched:
      - @ConditionalOnMissingBean 
(types: org.springframework.boot.w
eb.client.RestTemplateBuilder; 
SearchStrategy: all) did not find 
any beans (OnBeanCondition)

   SecurityAutoConfiguration 
matched:
      - @ConditionalOnClass found 
required class 'org.springframewor
k.security.authentication.DefaultA
uthenticationEventPublisher' 
(OnClassCondition)

   SecurityAutoConfiguration#authe
nticationEventPublisher matched:
      - @ConditionalOnMissingBean 
(types: org.springframework.securi
ty.authentication.AuthenticationEv
entPublisher; SearchStrategy: 
all) did not find any beans 
(OnBeanCondition)

   
SecurityFilterAutoConfiguration 
matched:
      - @ConditionalOnClass found 
required classes 'org.springframew
ork.security.web.context.AbstractS
ecurityWebApplicationInitializer',
 'org.springframework.security.con
fig.http.SessionCreationPolicy' 
(OnClassCondition)
      - found 'session' scope 
(OnWebApplicationCondition)

   SecurityFilterAutoConfiguration
#securityFilterChainRegistration 
matched:
      - @ConditionalOnBean 
(names: 
springSecurityFilterChain; 
SearchStrategy: all) found bean 
'springSecurityFilterChain' 
(OnBeanCondition)

   ServletWebServerFactoryAutoConf
iguration matched:
      - @ConditionalOnClass found 
required class 
'jakarta.servlet.ServletRequest' 
(OnClassCondition)
      - found 'session' scope 
(OnWebApplicationCondition)

   ServletWebServerFactoryAutoConf
iguration#tomcatServletWebServerFa
ctoryCustomizer matched:
      - @ConditionalOnClass found 
required class 'org.apache.catalin
a.startup.Tomcat' 
(OnClassCondition)

   ServletWebServerFactoryConfigur
ation.EmbeddedTomcat matched:
      - @ConditionalOnClass found 
required classes 
'jakarta.servlet.Servlet', 'org.ap
ache.catalina.startup.Tomcat', 'or
g.apache.coyote.UpgradeProtocol' 
(OnClassCondition)
      - @ConditionalOnMissingBean 
(types: org.springframework.boot.w
eb.servlet.server.ServletWebServer
Factory; SearchStrategy: current) 
did not find any beans 
(OnBeanCondition)

   SimpleCacheConfiguration 
matched:
      - Cache org.springframework.
boot.autoconfigure.cache.SimpleCac
heConfiguration automatic cache 
type (CacheCondition)

   SpringBootWebSecurityConfigurat
ion matched:
      - found 'session' scope 
(OnWebApplicationCondition)

   SpringDataWebAutoConfiguration 
matched:
      - @ConditionalOnClass found 
required classes 'org.springframew
ork.data.web.PageableHandlerMethod
ArgumentResolver', 'org.springfram
ework.web.servlet.config.annotatio
n.WebMvcConfigurer' 
(OnClassCondition)
      - found 'session' scope 
(OnWebApplicationCondition)
      - @ConditionalOnMissingBean 
(types: org.springframework.data.w
eb.PageableHandlerMethodArgumentRe
solver; SearchStrategy: all) did 
not find any beans 
(OnBeanCondition)

   SpringDataWebAutoConfiguration#
pageableCustomizer matched:
      - @ConditionalOnMissingBean 
(types: org.springframework.data.w
eb.config.PageableHandlerMethodArg
umentResolverCustomizer; 
SearchStrategy: all) did not find 
any beans (OnBeanCondition)

   SpringDataWebAutoConfiguration#
sortCustomizer matched:
      - @ConditionalOnMissingBean 
(types: org.springframework.data.w
eb.config.SortHandlerMethodArgumen
tResolverCustomizer; 
SearchStrategy: all) did not find 
any beans (OnBeanCondition)

   SpringDataWebAutoConfiguration#
springDataWebSettings matched:
      - @ConditionalOnMissingBean 
(types: org.springframework.data.w
eb.config.SpringDataWebSettings; 
SearchStrategy: all) did not find 
any beans (OnBeanCondition)

   SslAutoConfiguration#sslBundleR
egistry matched:
      - @ConditionalOnMissingBean 
(types: org.springframework.boot.s
sl.SslBundleRegistry,org.springfra
mework.boot.ssl.SslBundles; 
SearchStrategy: all) did not find 
any beans (OnBeanCondition)

   TaskExecutionAutoConfiguration 
matched:
      - @ConditionalOnClass found 
required class 'org.springframewor
k.scheduling.concurrent.ThreadPool
TaskExecutor' (OnClassCondition)

   TaskExecutorConfigurations.Asyn
cConfigurerConfiguration matched:
      - @ConditionalOnMissingBean 
(types: org.springframework.schedu
ling.annotation.AsyncConfigurer; 
SearchStrategy: all) did not find 
any beans (OnBeanCondition)

   TaskExecutorConfigurations.Asyn
cConfigurerConfiguration#applicati
onTaskExecutorAsyncConfigurer 
matched:
      - @ConditionalOnMissingBean 
(types: org.springframework.schedu
ling.annotation.AsyncConfigurer; 
SearchStrategy: all) did not find 
any beans (OnBeanCondition)

   TaskExecutorConfigurations.Simp
leAsyncTaskExecutorBuilderConfigur
ation#simpleAsyncTaskExecutorBuild
er matched:
      - @ConditionalOnMissingBean 
(types: org.springframework.boot.t
ask.SimpleAsyncTaskExecutorBuilder
; SearchStrategy: all) did not 
find any beans (OnBeanCondition)
      - @ConditionalOnThreading 
found PLATFORM 
(OnThreadingCondition)

   TaskExecutorConfigurations.Task
ExecutorConfiguration matched:
      - AnyNestedCondition 1 
matched 1 did not; 
NestedCondition on TaskExecutorCon
figurations.OnExecutorCondition.Mo
delCondition 
@ConditionalOnProperty (spring.tas
k.execution.mode=force) did not 
find property 
'spring.task.execution.mode'; 
NestedCondition on TaskExecutorCon
figurations.OnExecutorCondition.Ex
ecutorBeanCondition 
@ConditionalOnMissingBean (types: 
java.util.concurrent.Executor; 
SearchStrategy: all) did not find 
any beans (TaskExecutorConfigurati
ons.OnExecutorCondition)

   TaskExecutorConfigurations.Task
ExecutorConfiguration#applicationT
askExecutor matched:
      - @ConditionalOnThreading 
found PLATFORM 
(OnThreadingCondition)

   TaskExecutorConfigurations.Thre
adPoolTaskExecutorBuilderConfigura
tion#threadPoolTaskExecutorBuilder
 matched:
      - @ConditionalOnMissingBean 
(types: org.springframework.boot.t
ask.ThreadPoolTaskExecutorBuilder;
 SearchStrategy: all) did not 
find any beans (OnBeanCondition)

   
TaskSchedulingAutoConfiguration 
matched:
      - @ConditionalOnClass found 
required class 'org.springframewor
k.scheduling.concurrent.ThreadPool
TaskScheduler' (OnClassCondition)

   TaskSchedulingAutoConfiguration
#scheduledBeanLazyInitializationEx
cludeFilter matched:
      - @ConditionalOnBean 
(names: org.springframework.contex
t.annotation.internalScheduledAnno
tationProcessor; SearchStrategy: 
all) found bean 'org.springframewo
rk.context.annotation.internalSche
duledAnnotationProcessor' 
(OnBeanCondition)

   TaskSchedulingConfigurations.Si
mpleAsyncTaskSchedulerBuilderConfi
guration#simpleAsyncTaskSchedulerB
uilder matched:
      - @ConditionalOnMissingBean 
(types: org.springframework.boot.t
ask.SimpleAsyncTaskSchedulerBuilde
r; SearchStrategy: all) did not 
find any beans (OnBeanCondition)
      - @ConditionalOnThreading 
found PLATFORM 
(OnThreadingCondition)

   TaskSchedulingConfigurations.Ta
skSchedulerConfiguration matched:
      - @ConditionalOnBean 
(names: org.springframework.contex
t.annotation.internalScheduledAnno
tationProcessor; SearchStrategy: 
all) found bean 'org.springframewo
rk.context.annotation.internalSche
duledAnnotationProcessor'; 
@ConditionalOnMissingBean (types: 
org.springframework.scheduling.Tas
kScheduler,java.util.concurrent.Sc
heduledExecutorService; 
SearchStrategy: all) did not find 
any beans (OnBeanCondition)

   TaskSchedulingConfigurations.Ta
skSchedulerConfiguration#taskSched
uler matched:
      - @ConditionalOnThreading 
found PLATFORM 
(OnThreadingCondition)

   TaskSchedulingConfigurations.Th
readPoolTaskSchedulerBuilderConfig
uration#threadPoolTaskSchedulerBui
lder matched:
      - @ConditionalOnMissingBean 
(types: org.springframework.boot.t
ask.ThreadPoolTaskSchedulerBuilder
; SearchStrategy: all) did not 
find any beans (OnBeanCondition)

   TemplateEngineConfigurations.De
faultTemplateEngineConfiguration#t
emplateEngine matched:
      - @ConditionalOnMissingBean 
(types: org.thymeleaf.spring6.ISpr
ingTemplateEngine; 
SearchStrategy: all) did not find 
any beans (OnBeanCondition)

   ThymeleafAutoConfiguration 
matched:
      - @ConditionalOnClass found 
required classes 'org.thymeleaf.te
mplatemode.TemplateMode', 'org.thy
meleaf.spring6.SpringTemplateEngin
e' (OnClassCondition)

   ThymeleafAutoConfiguration.Defa
ultTemplateResolverConfiguration 
matched:
      - @ConditionalOnMissingBean 
(names: defaultTemplateResolver; 
SearchStrategy: all) did not find 
any beans (OnBeanCondition)

   ThymeleafAutoConfiguration.Thym
eleafSecurityDialectConfiguration 
matched:
      - @ConditionalOnClass found 
required classes 'org.thymeleaf.ex
tras.springsecurity6.dialect.Sprin
gSecurityDialect', 'org.springfram
ework.security.web.server.csrf.Csr
fToken' (OnClassCondition)

   ThymeleafAutoConfiguration.Thym
eleafSecurityDialectConfiguration#
securityDialect matched:
      - @ConditionalOnMissingBean 
(types: org.thymeleaf.extras.sprin
gsecurity6.dialect.SpringSecurityD
ialect; SearchStrategy: all) did 
not find any beans 
(OnBeanCondition)

   ThymeleafAutoConfiguration.Thym
eleafWebMvcConfiguration matched:
      - found 'session' scope 
(OnWebApplicationCondition)
      - 
@ConditionalOnBooleanProperty 
(spring.thymeleaf.enabled=true) 
matched (OnPropertyCondition)

   ThymeleafAutoConfiguration.Thym
eleafWebMvcConfiguration.Thymeleaf
ViewResolverConfiguration matched:
      - @ConditionalOnClass found 
required class 'org.springframewor
k.web.servlet.view.AbstractCaching
ViewResolver' (OnClassCondition)

   ThymeleafAutoConfiguration.Thym
eleafWebMvcConfiguration.Thymeleaf
ViewResolverConfiguration#thymelea
fViewResolver matched:
      - @ConditionalOnMissingBean 
(names: thymeleafViewResolver; 
SearchStrategy: all) did not find 
any beans (OnBeanCondition)

   TransactionAutoConfiguration 
matched:
      - @ConditionalOnClass found 
required class 'org.springframewor
k.transaction.PlatformTransactionM
anager' (OnClassCondition)

   TransactionAutoConfiguration.En
ableTransactionManagementConfigura
tion matched:
      - @ConditionalOnBean 
(types: org.springframework.transa
ction.TransactionManager; 
SearchStrategy: all) found bean 
'transactionManager'; 
@ConditionalOnMissingBean (types: 
org.springframework.transaction.an
notation.AbstractTransactionManage
mentConfiguration; 
SearchStrategy: all) did not find 
any beans (OnBeanCondition)

   TransactionAutoConfiguration.En
ableTransactionManagementConfigura
tion.CglibAutoProxyConfiguration 
matched:
      - 
@ConditionalOnBooleanProperty (spr
ing.aop.proxy-target-class=true) 
matched (OnPropertyCondition)

   TransactionAutoConfiguration.Tr
ansactionTemplateConfiguration 
matched:
      - 
@ConditionalOnSingleCandidate 
(types: org.springframework.transa
ction.PlatformTransactionManager; 
SearchStrategy: all) found a 
single bean 'transactionManager' 
(OnBeanCondition)

   TransactionAutoConfiguration.Tr
ansactionTemplateConfiguration#tra
nsactionTemplate matched:
      - @ConditionalOnMissingBean 
(types: org.springframework.transa
ction.support.TransactionOperation
s; SearchStrategy: all) did not 
find any beans (OnBeanCondition)

   TransactionManagerCustomization
AutoConfiguration matched:
      - @ConditionalOnClass found 
required class 'org.springframewor
k.transaction.PlatformTransactionM
anager' (OnClassCondition)

   TransactionManagerCustomization
AutoConfiguration#platformTransact
ionManagerCustomizers matched:
      - @ConditionalOnMissingBean 
(types: org.springframework.boot.a
utoconfigure.transaction.Transacti
onManagerCustomizers; 
SearchStrategy: all) did not find 
any beans (OnBeanCondition)

   ValidationAutoConfiguration 
matched:
      - @ConditionalOnClass found 
required class 'jakarta.validation
.executable.ExecutableValidator' 
(OnClassCondition)
      - @ConditionalOnResource 
found location classpath:META-INF/
services/jakarta.validation.spi.Va
lidationProvider 
(OnResourceCondition)

   ValidationAutoConfiguration#def
aultValidator matched:
      - @ConditionalOnMissingBean 
(types: 
jakarta.validation.Validator; 
SearchStrategy: all) did not find 
any beans (OnBeanCondition)

   ValidationAutoConfiguration#met
hodValidationPostProcessor 
matched:
      - @ConditionalOnMissingBean 
(types: org.springframework.valida
tion.beanvalidation.MethodValidati
onPostProcessor; SearchStrategy: 
current) did not find any beans 
(OnBeanCondition)

   WebMvcAutoConfiguration 
matched:
      - @ConditionalOnClass found 
required classes 
'jakarta.servlet.Servlet', 'org.sp
ringframework.web.servlet.Dispatch
erServlet', 'org.springframework.w
eb.servlet.config.annotation.WebMv
cConfigurer' (OnClassCondition)
      - found 'session' scope 
(OnWebApplicationCondition)
      - @ConditionalOnMissingBean 
(types: org.springframework.web.se
rvlet.config.annotation.WebMvcConf
igurationSupport; SearchStrategy: 
all) did not find any beans 
(OnBeanCondition)

   WebMvcAutoConfiguration#formCon
tentFilter matched:
      - 
@ConditionalOnBooleanProperty (spr
ing.mvc.formcontent.filter.enabled
=true) matched 
(OnPropertyCondition)
      - @ConditionalOnMissingBean 
(types: org.springframework.web.fi
lter.FormContentFilter; 
SearchStrategy: all) did not find 
any beans (OnBeanCondition)

   WebMvcAutoConfiguration.EnableW
ebMvcConfiguration#flashMapManager
 matched:
      - @ConditionalOnMissingBean 
(names: flashMapManager; 
SearchStrategy: all) did not find 
any beans (OnBeanCondition)

   WebMvcAutoConfiguration.EnableW
ebMvcConfiguration#localeResolver 
matched:
      - @ConditionalOnMissingBean 
(names: localeResolver; 
SearchStrategy: all) did not find 
any beans (OnBeanCondition)

   WebMvcAutoConfiguration.EnableW
ebMvcConfiguration#themeResolver 
matched:
      - @ConditionalOnMissingBean 
(names: themeResolver; 
SearchStrategy: all) did not find 
any beans (OnBeanCondition)

   WebMvcAutoConfiguration.EnableW
ebMvcConfiguration#viewNameTransla
tor matched:
      - @ConditionalOnMissingBean 
(names: viewNameTranslator; 
SearchStrategy: all) did not find 
any beans (OnBeanCondition)

   WebMvcAutoConfiguration.WebMvcA
utoConfigurationAdapter#defaultVie
wResolver matched:
      - @ConditionalOnMissingBean 
(types: org.springframework.web.se
rvlet.view.InternalResourceViewRes
olver; SearchStrategy: all) did 
not find any beans 
(OnBeanCondition)

   WebMvcAutoConfiguration.WebMvcA
utoConfigurationAdapter#requestCon
textFilter matched:
      - @ConditionalOnMissingBean 
(types: org.springframework.web.co
ntext.request.RequestContextListen
er,org.springframework.web.filter.
RequestContextFilter; 
SearchStrategy: all) did not find 
any beans (OnBeanCondition)

   WebMvcAutoConfiguration.WebMvcA
utoConfigurationAdapter#viewResolv
er matched:
      - @ConditionalOnBean 
(types: org.springframework.web.se
rvlet.ViewResolver; 
SearchStrategy: all) found beans 
'defaultViewResolver', 
'beanNameViewResolver', 
'mvcViewResolver'; 
@ConditionalOnMissingBean (names: 
viewResolver types: org.springfram
ework.web.servlet.view.ContentNego
tiatingViewResolver; 
SearchStrategy: all) did not find 
any beans (OnBeanCondition)

   
WebSocketServletAutoConfiguration 
matched:
      - @ConditionalOnClass found 
required classes 
'jakarta.servlet.Servlet', 'jakart
a.websocket.server.ServerContainer
' (OnClassCondition)
      - found 'session' scope 
(OnWebApplicationCondition)

   WebSocketServletAutoConfigurati
on.TomcatWebSocketConfiguration 
matched:
      - @ConditionalOnClass found 
required classes 'org.apache.catal
ina.startup.Tomcat', 'org.apache.t
omcat.websocket.server.WsSci' 
(OnClassCondition)

   WebSocketServletAutoConfigurati
on.TomcatWebSocketConfiguration#we
bsocketServletWebServerCustomizer 
matched:
      - @ConditionalOnMissingBean 
(names: websocketServletWebServerC
ustomizer; SearchStrategy: all) 
did not find any beans 
(OnBeanCondition)


Negative matches:
-----------------

   ActiveMQAutoConfiguration:
      Did not match:
         - @ConditionalOnClass 
did not find required class 
'jakarta.jms.ConnectionFactory' 
(OnClassCondition)

   AopAutoConfiguration.AspectJAut
oProxyingConfiguration.JdkDynamicA
utoProxyConfiguration:
      Did not match:
         - 
@ConditionalOnBooleanProperty (spr
ing.aop.proxy-target-class=false) 
did not find property 
'spring.aop.proxy-target-class' 
(OnPropertyCondition)

   AopAutoConfiguration.ClassProxy
ingConfiguration:
      Did not match:
         - 
@ConditionalOnMissingClass found 
unwanted class 
'org.aspectj.weaver.Advice' 
(OnClassCondition)

   ArtemisAutoConfiguration:
      Did not match:
         - @ConditionalOnClass 
did not find required class 
'jakarta.jms.ConnectionFactory' 
(OnClassCondition)

   BatchAutoConfiguration:
      Did not match:
         - @ConditionalOnClass 
did not find required class 'org.s
pringframework.batch.core.launch.J
obLauncher' (OnClassCondition)

   Cache2kCacheConfiguration:
      Did not match:
         - @ConditionalOnClass 
did not find required class 
'org.cache2k.Cache2kBuilder' 
(OnClassCondition)

   CacheAutoConfiguration:
      Did not match:
         - @ConditionalOnBean 
(types: org.springframework.cache.
interceptor.CacheAspectSupport; 
SearchStrategy: all) did not find 
any beans of type org.springframew
ork.cache.interceptor.CacheAspectS
upport (OnBeanCondition)
      Matched:
         - @ConditionalOnClass 
found required class 'org.springfr
amework.cache.CacheManager' 
(OnClassCondition)

   CacheAutoConfiguration.CacheMan
agerEntityManagerFactoryDependsOnP
ostProcessor:
      Did not match:
         - Ancestor org.springfram
ework.boot.autoconfigure.cache.Cac
heAutoConfiguration did not match 
(ConditionEvaluationReport.Ancesto
rsMatchedCondition)
      Matched:
         - @ConditionalOnClass 
found required class 'org.springfr
amework.orm.jpa.LocalContainerEnti
tyManagerFactoryBean' 
(OnClassCondition)

   CaffeineCacheConfiguration:
      Did not match:
         - @ConditionalOnClass 
did not find required class 'com.g
ithub.benmanes.caffeine.cache.Caff
eine' (OnClassCondition)

   CassandraAutoConfiguration:
      Did not match:
         - @ConditionalOnClass 
did not find required class 'com.d
atastax.oss.driver.api.core.CqlSes
sion' (OnClassCondition)

   CassandraDataAutoConfiguration:
      Did not match:
         - @ConditionalOnClass 
did not find required class 'com.d
atastax.oss.driver.api.core.CqlSes
sion' (OnClassCondition)

   CassandraReactiveDataAutoConfig
uration:
      Did not match:
         - @ConditionalOnClass 
did not find required class 'com.d
atastax.oss.driver.api.core.CqlSes
sion' (OnClassCondition)

   CassandraReactiveRepositoriesAu
toConfiguration:
      Did not match:
         - @ConditionalOnClass 
did not find required class 'org.s
pringframework.data.cassandra.Reac
tiveSession' (OnClassCondition)
2025-09-20T20:34:50.048-03:00  INFO 29846 --- [TechNews] [           main] .s.b.a.l.ConditionEvaluationReportLogger : 

Error starting ApplicationContext. To display the condition evaluation report re-run your application with 'debug' enabled.

   CassandraRepositoriesAutoConfig
uration:
      Did not match:
         - @ConditionalOnClass 
did not find required class 'com.d
atastax.oss.driver.api.core.CqlSes
sion' (OnClassCondition)

   org.springframework.boot.autoco
nfigure.http.client.reactive.Clien
tHttpConnectorAutoConfiguration:
      Did not match:
         - @ConditionalOnClass 
did not find required class 
'reactor.core.publisher.Mono' 
(OnClassCondition)

   org.springframework.boot.autoco
nfigure.web.reactive.function.clie
nt.ClientHttpConnectorAutoConfigur
ation:
      Did not match:
         - @ConditionalOnClass 
did not find required class 'org.s
pringframework.web.reactive.functi
on.client.WebClient' 
(OnClassCondition)

   CodecsAutoConfiguration:
      Did not match:
         - @ConditionalOnClass 
did not find required class 'org.s
pringframework.web.reactive.functi
on.client.WebClient' 
(OnClassCondition)

   CouchbaseAutoConfiguration:
      Did not match:
         - @ConditionalOnClass 
did not find required class 'com.c
ouchbase.client.java.Cluster' 
(OnClassCondition)

   CouchbaseCacheConfiguration:
      Did not match:
         - @ConditionalOnClass 
did not find required class 'com.c
ouchbase.client.java.Cluster' 
(OnClassCondition)

   CouchbaseDataAutoConfiguration:
      Did not match:
         - @ConditionalOnClass 
did not find required class 'com.c
ouchbase.client.java.Bucket' 
(OnClassCondition)

   CouchbaseReactiveDataAutoConfig
uration:
      Did not match:
         - @ConditionalOnClass 
did not find required class 'com.c
ouchbase.client.java.Cluster' 
(OnClassCondition)

   CouchbaseReactiveRepositoriesAu
toConfiguration:
      Did not match:
         - @ConditionalOnClass 
did not find required class 'com.c
ouchbase.client.java.Cluster' 
(OnClassCondition)

   CouchbaseRepositoriesAutoConfig
uration:
      Did not match:
         - @ConditionalOnClass 
did not find required class 'com.c
ouchbase.client.java.Bucket' 
(OnClassCondition)

   DataSourceAutoConfiguration.Emb
eddedDatabaseConfiguration:
      Did not match:
         - EmbeddedDataSource 
spring.datasource.url is set (Data
SourceAutoConfiguration.EmbeddedDa
tabaseCondition)

   DataSourceCheckpointRestoreConf
iguration:
      Did not match:
         - @ConditionalOnClass 
did not find required class 
'org.crac.Resource' 
(OnClassCondition)

   DataSourceConfiguration.Dbcp2:
      Did not match:
         - @ConditionalOnClass 
did not find required class 'org.a
pache.commons.dbcp2.BasicDataSourc
e' (OnClassCondition)

   
DataSourceConfiguration.Generic:
      Did not match:
         - @ConditionalOnProperty 
(spring.datasource.type) did not 
find property 
'spring.datasource.type' 
(OnPropertyCondition)

   
DataSourceConfiguration.OracleUcp:
      Did not match:
         - @ConditionalOnClass 
did not find required classes 'ora
cle.ucp.jdbc.PoolDataSourceImpl', 
'oracle.jdbc.OracleConnection' 
(OnClassCondition)

   DataSourceConfiguration.Tomcat:
      Did not match:
         - @ConditionalOnClass 
did not find required class 'org.a
pache.tomcat.jdbc.pool.DataSource'
 (OnClassCondition)

   DataSourceJmxConfiguration:
      Did not match:
         - 
@ConditionalOnBooleanProperty 
(spring.jmx.enabled=true) found 
different value in property 
'spring.jmx.enabled' 
(OnPropertyCondition)

   DataSourcePoolMetadataProviders
Configuration.CommonsDbcp2PoolData
SourceMetadataProviderConfiguratio
n:
      Did not match:
         - @ConditionalOnClass 
did not find required class 'org.a
pache.commons.dbcp2.BasicDataSourc
e' (OnClassCondition)

   DataSourcePoolMetadataProviders
Configuration.OracleUcpPoolDataSou
rceMetadataProviderConfiguration:
      Did not match:
         - @ConditionalOnClass 
did not find required classes 
'oracle.ucp.jdbc.PoolDataSource', 
'oracle.jdbc.OracleConnection' 
(OnClassCondition)

   DataSourcePoolMetadataProviders
Configuration.TomcatDataSourcePool
MetadataProviderConfiguration:
      Did not match:
         - @ConditionalOnClass 
did not find required class 'org.a
pache.tomcat.jdbc.pool.DataSource'
 (OnClassCondition)

   DataSourceTransactionManagerAut
oConfiguration.JdbcTransactionMana
gerConfiguration#transactionManage
r:
      Did not match:
         - 
@ConditionalOnMissingBean (types: 
org.springframework.transaction.Tr
ansactionManager; SearchStrategy: 
all) found beans of type 'org.spri
ngframework.transaction.Transactio
nManager' transactionManager 
(OnBeanCondition)

   DispatcherServletAutoConfigurat
ion.DispatcherServletConfiguration
#multipartResolver:
      Did not match:
         - @ConditionalOnBean 
(types: org.springframework.web.mu
ltipart.MultipartResolver; 
SearchStrategy: all) did not find 
any beans of type org.springframew
ork.web.multipart.MultipartResolve
r (OnBeanCondition)

   ElasticsearchClientAutoConfigur
ation:
      Did not match:
         - @ConditionalOnClass 
did not find required class 'co.el
astic.clients.elasticsearch.Elasti
csearchClient' (OnClassCondition)

   ElasticsearchDataAutoConfigurat
ion:
      Did not match:
         - @ConditionalOnClass 
did not find required class 'org.s
pringframework.data.elasticsearch.
client.elc.ElasticsearchTemplate' 
(OnClassCondition)

   ElasticsearchRepositoriesAutoCo
nfiguration:
      Did not match:
         - @ConditionalOnClass 
did not find required class 'org.s
pringframework.data.elasticsearch.
repository.ElasticsearchRepository
' (OnClassCondition)

   ElasticsearchRestClientAutoConf
iguration:
      Did not match:
         - @ConditionalOnClass 
did not find required class 'org.e
lasticsearch.client.RestClientBuil
der' (OnClassCondition)

   EmbeddedLdapAutoConfiguration:
      Did not match:
         - @ConditionalOnClass 
did not find required class 'com.u
nboundid.ldap.listener.InMemoryDir
ectoryServer' (OnClassCondition)

   EmbeddedWebServerFactoryCustomi
zerAutoConfiguration:
      Did not match:
         - Application is 
deployed as a WAR file. 
(OnWarDeploymentCondition)
      Matched:
         - 
@ConditionalOnWebApplication 
(required) found 'session' scope 
(OnWebApplicationCondition)

   ErrorWebFluxAutoConfiguration:
      Did not match:
         - @ConditionalOnClass 
did not find required class 'org.s
pringframework.web.reactive.config
.WebFluxConfigurer' 
(OnClassCondition)

   FlywayAutoConfiguration:
      Did not match:
         - 
@ConditionalOnBooleanProperty 
(spring.flyway.enabled=true) 
found different value in property 
'spring.flyway.enabled' 
(OnPropertyCondition)
      Matched:
         - @ConditionalOnClass 
found required class 
'org.flywaydb.core.Flyway' 
(OnClassCondition)

   FreeMarkerAutoConfiguration:
      Did not match:
         - @ConditionalOnClass 
did not find required class 'freem
arker.template.Configuration' 
(OnClassCondition)

   GraphQlAutoConfiguration:
      Did not match:
         - @ConditionalOnClass 
did not find required class 
'graphql.GraphQL' 
(OnClassCondition)

   GraphQlQueryByExampleAutoConfig
uration:
      Did not match:
         - @ConditionalOnClass 
did not find required class 
'graphql.GraphQL' 
(OnClassCondition)

   
GraphQlQuerydslAutoConfiguration:
      Did not match:
         - @ConditionalOnClass 
did not find required class 
'com.querydsl.core.Query' 
(OnClassCondition)

   
GraphQlRSocketAutoConfiguration:
      Did not match:
         - @ConditionalOnClass 
did not find required class 
'graphql.GraphQL' 
(OnClassCondition)

   GraphQlReactiveQueryByExampleAu
toConfiguration:
      Did not match:
         - @ConditionalOnClass 
did not find required class 
'graphql.GraphQL' 
(OnClassCondition)

   GraphQlReactiveQuerydslAutoConf
iguration:
      Did not match:
         - @ConditionalOnClass 
did not find required class 
'com.querydsl.core.Query' 
(OnClassCondition)

   
GraphQlWebFluxAutoConfiguration:
      Did not match:
         - @ConditionalOnClass 
did not find required class 
'graphql.GraphQL' 
(OnClassCondition)

   GraphQlWebFluxSecurityAutoConfi
guration:
      Did not match:
         - @ConditionalOnClass 
did not find required class 
'graphql.GraphQL' 
(OnClassCondition)

   GraphQlWebMvcAutoConfiguration:
      Did not match:
         - @ConditionalOnClass 
did not find required class 
'graphql.GraphQL' 
(OnClassCondition)

   GraphQlWebMvcSecurityAutoConfig
uration:
      Did not match:
         - @ConditionalOnClass 
did not find required class 
'graphql.GraphQL' 
(OnClassCondition)

   
GroovyTemplateAutoConfiguration:
      Did not match:
         - @ConditionalOnClass 
did not find required class 'groov
y.text.markup.MarkupTemplateEngine
' (OnClassCondition)

   GsonAutoConfiguration:
      Did not match:
         - @ConditionalOnClass 
did not find required class 
'com.google.gson.Gson' 
(OnClassCondition)

   GsonHttpMessageConvertersConfig
uration:
      Did not match:
         - @ConditionalOnClass 
did not find required class 
'com.google.gson.Gson' 
(OnClassCondition)

   HazelcastAutoConfiguration:
      Did not match:
         - @ConditionalOnClass 
did not find required class 'com.h
azelcast.core.HazelcastInstance' 
(OnClassCondition)

   HazelcastCacheConfiguration:
      Did not match:
         - @ConditionalOnClass 
did not find required class 'com.h
azelcast.core.HazelcastInstance' 
(OnClassCondition)

   HazelcastJpaDependencyAutoConfi
guration:
      Did not match:
         - @ConditionalOnClass 
did not find required class 'com.h
azelcast.core.HazelcastInstance' 
(OnClassCondition)

   HttpHandlerAutoConfiguration:
      Did not match:
         - @ConditionalOnClass 
did not find required class 'org.s
pringframework.web.reactive.Dispat
cherHandler' (OnClassCondition)

   HypermediaAutoConfiguration:
      Did not match:
         - @ConditionalOnClass 
did not find required class 'org.s
pringframework.hateoas.EntityModel
' (OnClassCondition)

   InfinispanCacheConfiguration:
      Did not match:
         - @ConditionalOnClass 
did not find required class 'org.i
nfinispan.spring.embedded.provider
.SpringEmbeddedCacheManager' 
(OnClassCondition)

   IntegrationAutoConfiguration:
      Did not match:
         - @ConditionalOnClass 
did not find required class 'org.s
pringframework.integration.config.
EnableIntegration' 
(OnClassCondition)

   JCacheCacheConfiguration:
      Did not match:
         - @ConditionalOnClass 
did not find required class 
'javax.cache.Caching' 
(OnClassCondition)

   JacksonHttpMessageConvertersCon
figuration.MappingJackson2XmlHttpM
essageConverterConfiguration:
      Did not match:
         - @ConditionalOnClass 
did not find required class 'com.f
asterxml.jackson.dataformat.xml.Xm
lMapper' (OnClassCondition)

   
JdbcRepositoriesAutoConfiguration:
      Did not match:
         - @ConditionalOnClass 
did not find required class 'org.s
pringframework.data.jdbc.repositor
y.config.AbstractJdbcConfiguration
' (OnClassCondition)

   JerseyAutoConfiguration:
      Did not match:
         - @ConditionalOnClass 
did not find required class 'org.g
lassfish.jersey.server.spring.Spri
ngComponentProvider' 
(OnClassCondition)

   JmsAutoConfiguration:
      Did not match:
         - @ConditionalOnClass 
did not find required class 
'jakarta.jms.Message' 
(OnClassCondition)

   JmxAutoConfiguration:
      Did not match:
         - 
@ConditionalOnBooleanProperty 
(spring.jmx.enabled=true) found 
different value in property 
'spring.jmx.enabled' 
(OnPropertyCondition)
      Matched:
         - @ConditionalOnClass 
found required class 'org.springfr
amework.jmx.export.MBeanExporter' 
(OnClassCondition)

   JndiConnectionFactoryAutoConfig
uration:
      Did not match:
         - @ConditionalOnClass 
did not find required class 'org.s
pringframework.jms.core.JmsTemplat
e' (OnClassCondition)

   
JndiDataSourceAutoConfiguration:
      Did not match:
         - @ConditionalOnProperty 
(spring.datasource.jndi-name) did 
not find property 
'spring.datasource.jndi-name' 
(OnPropertyCondition)
      Matched:
         - @ConditionalOnClass 
found required classes 
'javax.sql.DataSource', 'org.sprin
gframework.jdbc.datasource.embedde
d.EmbeddedDatabaseType' 
(OnClassCondition)

   JndiJtaConfiguration:
      Did not match:
         - @ConditionalOnJndi 
JNDI environment is not available 
(OnJndiCondition)
      Matched:
         - @ConditionalOnClass 
found required class 'org.springfr
amework.transaction.jta.JtaTransac
tionManager' (OnClassCondition)

   JooqAutoConfiguration:
      Did not match:
         - @ConditionalOnClass 
did not find required class 
'org.jooq.DSLContext' 
(OnClassCondition)

   JpaRepositoriesAutoConfiguratio
n#entityManagerFactoryBootstrapExe
cutorCustomizer:
      Did not match:
         - AnyNestedCondition 0 
matched 2 did not; 
NestedCondition on JpaRepositories
AutoConfiguration.BootstrapExecuto
rCondition.LazyBootstrapMode 
@ConditionalOnProperty (spring.dat
a.jpa.repositories.bootstrap-mode=
lazy) did not find property 'sprin
g.data.jpa.repositories.bootstrap-
mode'; NestedCondition on JpaRepos
itoriesAutoConfiguration.Bootstrap
ExecutorCondition.DeferredBootstra
pMode @ConditionalOnProperty (spri
ng.data.jpa.repositories.bootstrap
-mode=deferred) did not find 
property 'spring.data.jpa.reposito
ries.bootstrap-mode' (JpaRepositor
iesAutoConfiguration.BootstrapExec
utorCondition)

   JsonbAutoConfiguration:
      Did not match:
         - @ConditionalOnClass 
did not find required class 
'jakarta.json.bind.Jsonb' 
(OnClassCondition)
2025-09-20T20:34:50.228-03:00 ERROR 29846 --- [TechNews] [           main] o.s.boot.SpringApplication               : Application run failed

org.springframework.beans.factory.UnsatisfiedDependencyException: Error creating bean with name 'adminController': Unsatisfied dependency expressed through field 'subscriberService': Error creating bean with name 'subscriberService' defined in file [/mnt/c/Users/Usuario/Documents/technews/target/classes/br/com/technews/service/SubscriberService.class]: Unsatisfied dependency expressed through constructor parameter 2: Error creating bean with name 'emailService': Injection of autowired dependencies failed
	at org.springframework.beans.factory.annotation.AutowiredAnnotationBeanPostProcessor$AutowiredFieldElement.resolveFieldValue(AutowiredAnnotationBeanPostProcessor.java:788) ~[spring-beans-6.2.10.jar:6.2.10]
	at org.springframework.beans.factory.annotation.AutowiredAnnotationBeanPostProcessor$AutowiredFieldElement.inject(AutowiredAnnotationBeanPostProcessor.java:768) ~[spring-beans-6.2.10.jar:6.2.10]
	at org.springframework.beans.factory.annotation.InjectionMetadata.inject(InjectionMetadata.java:146) ~[spring-beans-6.2.10.jar:6.2.10]
	at org.springframework.beans.factory.annotation.AutowiredAnnotationBeanPostProcessor.postProcessProperties(AutowiredAnnotationBeanPostProcessor.java:509) ~[spring-beans-6.2.10.jar:6.2.10]
	at org.springframework.beans.factory.support.AbstractAutowireCapableBeanFactory.populateBean(AbstractAutowireCapableBeanFactory.java:1459) ~[spring-beans-6.2.10.jar:6.2.10]
	at org.springframework.beans.factory.support.AbstractAutowireCapableBeanFactory.doCreateBean(AbstractAutowireCapableBeanFactory.java:606) ~[spring-beans-6.2.10.jar:6.2.10]
	at org.springframework.beans.factory.support.AbstractAutowireCapableBeanFactory.createBean(AbstractAutowireCapableBeanFactory.java:529) ~[spring-beans-6.2.10.jar:6.2.10]
	at org.springframework.beans.factory.support.AbstractBeanFactory.lambda$doGetBean$0(AbstractBeanFactory.java:339) ~[spring-beans-6.2.10.jar:6.2.10]
	at org.springframework.beans.factory.support.DefaultSingletonBeanRegistry.getSingleton(DefaultSingletonBeanRegistry.java:373) ~[spring-beans-6.2.10.jar:6.2.10]
	at org.springframework.beans.factory.support.AbstractBeanFactory.doGetBean(AbstractBeanFactory.java:337) ~[spring-beans-6.2.10.jar:6.2.10]
	at org.springframework.beans.factory.support.AbstractBeanFactory.getBean(AbstractBeanFactory.java:202) ~[spring-beans-6.2.10.jar:6.2.10]
	at org.springframework.beans.factory.support.DefaultListableBeanFactory.instantiateSingleton(DefaultListableBeanFactory.java:1222) ~[spring-beans-6.2.10.jar:6.2.10]
	at org.springframework.beans.factory.support.DefaultListableBeanFactory.preInstantiateSingleton(DefaultListableBeanFactory.java:1188) ~[spring-beans-6.2.10.jar:6.2.10]
	at org.springframework.beans.factory.support.DefaultListableBeanFactory.preInstantiateSingletons(DefaultListableBeanFactory.java:1123) ~[spring-beans-6.2.10.jar:6.2.10]
	at org.springframework.context.support.AbstractApplicationContext.finishBeanFactoryInitialization(AbstractApplicationContext.java:987) ~[spring-context-6.2.10.jar:6.2.10]
	at org.springframework.context.support.AbstractApplicationContext.refresh(AbstractApplicationContext.java:627) ~[spring-context-6.2.10.jar:6.2.10]
	at org.springframework.boot.SpringApplication.refresh(SpringApplication.java:752) ~[spring-boot-3.5.5.jar:3.5.5]
	at org.springframework.boot.SpringApplication.refreshContext(SpringApplication.java:439) ~[spring-boot-3.5.5.jar:3.5.5]
	at org.springframework.boot.SpringApplication.run(SpringApplication.java:318) ~[spring-boot-3.5.5.jar:3.5.5]
	at org.springframework.boot.test.context.SpringBootContextLoader.lambda$loadContext$3(SpringBootContextLoader.java:144) ~[spring-boot-test-3.5.5.jar:3.5.5]
	at org.springframework.util.function.ThrowingSupplier.get(ThrowingSupplier.java:58) ~[spring-core-6.2.10.jar:6.2.10]
	at org.springframework.util.function.ThrowingSupplier.get(ThrowingSupplier.java:46) ~[spring-core-6.2.10.jar:6.2.10]
	at org.springframework.boot.SpringApplication.withHook(SpringApplication.java:1461) ~[spring-boot-3.5.5.jar:3.5.5]
	at org.springframework.boot.test.context.SpringBootContextLoader$ContextLoaderHook.run(SpringBootContextLoader.java:563) ~[spring-boot-test-3.5.5.jar:3.5.5]
	at org.springframework.boot.test.context.SpringBootContextLoader.loadContext(SpringBootContextLoader.java:144) ~[spring-boot-test-3.5.5.jar:3.5.5]
	at org.springframework.boot.test.context.SpringBootContextLoader.loadContext(SpringBootContextLoader.java:110) ~[spring-boot-test-3.5.5.jar:3.5.5]
	at org.springframework.test.context.cache.DefaultCacheAwareContextLoaderDelegate.loadContextInternal(DefaultCacheAwareContextLoaderDelegate.java:225) ~[spring-test-6.2.10.jar:6.2.10]
	at org.springframework.test.context.cache.DefaultCacheAwareContextLoaderDelegate.loadContext(DefaultCacheAwareContextLoaderDelegate.java:152) ~[spring-test-6.2.10.jar:6.2.10]
	at org.springframework.test.context.support.DefaultTestContext.getApplicationContext(DefaultTestContext.java:130) ~[spring-test-6.2.10.jar:6.2.10]
	at org.springframework.test.context.web.ServletTestExecutionListener.setUpRequestContextIfNecessary(ServletTestExecutionListener.java:200) ~[spring-test-6.2.10.jar:6.2.10]
	at org.springframework.test.context.web.ServletTestExecutionListener.prepareTestInstance(ServletTestExecutionListener.java:139) ~[spring-test-6.2.10.jar:6.2.10]
	at org.springframework.test.context.TestContextManager.prepareTestInstance(TestContextManager.java:260) ~[spring-test-6.2.10.jar:6.2.10]
	at org.springframework.test.context.junit.jupiter.SpringExtension.postProcessTestInstance(SpringExtension.java:159) ~[spring-test-6.2.10.jar:6.2.10]
	at org.junit.jupiter.engine.descriptor.ClassBasedTestDescriptor.lambda$invokeTestInstancePostProcessors$10(ClassBasedTestDescriptor.java:383) ~[junit-jupiter-engine-5.12.2.jar:5.12.2]
	at org.junit.jupiter.engine.descriptor.ClassBasedTestDescriptor.executeAndMaskThrowable(ClassBasedTestDescriptor.java:388) ~[junit-jupiter-engine-5.12.2.jar:5.12.2]
	at org.junit.jupiter.engine.descriptor.ClassBasedTestDescriptor.lambda$invokeTestInstancePostProcessors$11(ClassBasedTestDescriptor.java:382) ~[junit-jupiter-engine-5.12.2.jar:5.12.2]
	at java.base/java.util.stream.ForEachOps$ForEachOp$OfRef.accept(ForEachOps.java:184) ~[na:na]
	at java.base/java.util.stream.ReferencePipeline$3$1.accept(ReferencePipeline.java:197) ~[na:na]
	at java.base/java.util.stream.ReferencePipeline$2$1.accept(ReferencePipeline.java:179) ~[na:na]
	at java.base/java.util.stream.ReferencePipeline$3$1.accept(ReferencePipeline.java:197) ~[na:na]
	at java.base/java.util.ArrayList$ArrayListSpliterator.forEachRemaining(ArrayList.java:1708) ~[na:na]
	at java.base/java.util.stream.AbstractPipeline.copyInto(AbstractPipeline.java:509) ~[na:na]
	at java.base/java.util.stream.AbstractPipeline.wrapAndCopyInto(AbstractPipeline.java:499) ~[na:na]
	at java.base/java.util.stream.ForEachOps$ForEachOp.evaluateSequential(ForEachOps.java:151) ~[na:na]
	at java.base/java.util.stream.ForEachOps$ForEachOp$OfRef.evaluateSequential(ForEachOps.java:174) ~[na:na]

   JsonbHttpMessageConvertersConfi
guration:
      Did not match:
         - @ConditionalOnClass 
did not find required class 
'jakarta.json.bind.Jsonb' 
(OnClassCondition)

   KafkaAutoConfiguration:
      Did not match:
         - @ConditionalOnClass 
did not find required class 'org.s
pringframework.kafka.core.KafkaTem
plate' (OnClassCondition)

   LdapAutoConfiguration:
      Did not match:
         - @ConditionalOnClass 
did not find required class 'org.s
pringframework.ldap.core.ContextSo
urce' (OnClassCondition)

   
LdapRepositoriesAutoConfiguration:
      Did not match:
         - @ConditionalOnClass 
did not find required class 'org.s
pringframework.data.ldap.repositor
y.LdapRepository' 
(OnClassCondition)

   LiquibaseAutoConfiguration:
      Did not match:
         - @ConditionalOnClass 
did not find required class 
'liquibase.change.DatabaseChange' 
(OnClassCondition)

   MailSenderJndiConfiguration:
      Did not match:
         - @ConditionalOnProperty 
(spring.mail.jndi-name) did not 
find property 
'spring.mail.jndi-name' 
(OnPropertyCondition)
      Matched:
         - @ConditionalOnClass 
found required class 
'jakarta.mail.Session' 
(OnClassCondition)

   MailSenderValidatorAutoConfigur
ation:
      Did not match:
         - 
@ConditionalOnBooleanProperty (spr
ing.mail.test-connection=true) 
did not find property 
'spring.mail.test-connection' 
(OnPropertyCondition)

   MessageSourceAutoConfiguration:
      Did not match:
         - ResourceBundle did not 
find bundle with basename 
messages (MessageSourceAutoConfigu
ration.ResourceBundleCondition)

   MongoAutoConfiguration:
      Did not match:
         - @ConditionalOnClass 
did not find required class 
'com.mongodb.client.MongoClient' 
(OnClassCondition)

   MongoDataAutoConfiguration:
      Did not match:
         - @ConditionalOnClass 
did not find required class 
'com.mongodb.client.MongoClient' 
(OnClassCondition)

   MongoReactiveAutoConfiguration:
      Did not match:
         - @ConditionalOnClass 
did not find required class 'com.m
ongodb.reactivestreams.client.Mong
oClient' (OnClassCondition)

   MongoReactiveDataAutoConfigurat
ion:
      Did not match:
         - @ConditionalOnClass 
did not find required class 'com.m
ongodb.reactivestreams.client.Mong
oClient' (OnClassCondition)

   MongoReactiveRepositoriesAutoCo
nfiguration:
      Did not match:
         - @ConditionalOnClass 
did not find required class 'com.m
ongodb.reactivestreams.client.Mong
oClient' (OnClassCondition)

   MongoRepositoriesAutoConfigurat
ion:
      Did not match:
         - @ConditionalOnClass 
did not find required class 
'com.mongodb.client.MongoClient' 
(OnClassCondition)

   MustacheAutoConfiguration:
      Did not match:
	at java.base/java.util.stream.AbstractPipeline.evaluate(AbstractPipeline.java:234) ~[na:na]
	at java.base/java.util.stream.ReferencePipeline.forEach(ReferencePipeline.java:596) ~[na:na]
	at org.junit.jupiter.engine.descriptor.ClassBasedTestDescriptor.invokeTestInstancePostProcessors(ClassBasedTestDescriptor.java:382) ~[junit-jupiter-engine-5.12.2.jar:5.12.2]
	at org.junit.jupiter.engine.descriptor.ClassBasedTestDescriptor.lambda$instantiateAndPostProcessTestInstance$6(ClassBasedTestDescriptor.java:293) ~[junit-jupiter-engine-5.12.2.jar:5.12.2]
	at org.junit.platform.engine.support.hierarchical.ThrowableCollector.execute(ThrowableCollector.java:73) ~[junit-platform-engine-1.12.2.jar:1.12.2]
	at org.junit.jupiter.engine.descriptor.ClassBasedTestDescriptor.instantiateAndPostProcessTestInstance(ClassBasedTestDescriptor.java:292) ~[junit-jupiter-engine-5.12.2.jar:5.12.2]
         - @ConditionalOnClass 
did not find required class 'com.s
amskivert.mustache.Mustache' 
(OnClassCondition)

   Neo4jAutoConfiguration:
      Did not match:
         - @ConditionalOnClass 
did not find required class 
'org.neo4j.driver.Driver' 
(OnClassCondition)

   Neo4jDataAutoConfiguration:
      Did not match:
         - @ConditionalOnClass 
did not find required class 
'org.neo4j.driver.Driver' 
(OnClassCondition)

   Neo4jReactiveDataAutoConfigurat
ion:
      Did not match:
         - @ConditionalOnClass 
did not find required class 
'org.neo4j.driver.Driver' 
(OnClassCondition)

   Neo4jReactiveRepositoriesAutoCo
nfiguration:
      Did not match:
         - @ConditionalOnClass 
did not find required class 
'org.neo4j.driver.Driver' 
(OnClassCondition)

   Neo4jRepositoriesAutoConfigurat
ion:
      Did not match:
	at org.junit.jupiter.engine.descriptor.ClassBasedTestDescriptor.lambda$testInstancesProvider$4(ClassBasedTestDescriptor.java:281) ~[junit-jupiter-engine-5.12.2.jar:5.12.2]
	at java.base/java.util.Optional.orElseGet(Optional.java:364) ~[na:na]
	at org.junit.jupiter.engine.descriptor.ClassBasedTestDescriptor.lambda$testInstancesProvider$5(ClassBasedTestDescriptor.java:280) ~[junit-jupiter-engine-5.12.2.jar:5.12.2]
	at org.junit.jupiter.engine.execution.TestInstancesProvider.getTestInstances(TestInstancesProvider.java:27) ~[junit-jupiter-engine-5.12.2.jar:5.12.2]
	at org.junit.jupiter.engine.descriptor.TestMethodTestDescriptor.lambda$prepare$0(TestMethodTestDescriptor.java:112) ~[junit-jupiter-engine-5.12.2.jar:5.12.2]
	at org.junit.platform.engine.support.hierarchical.ThrowableCollector.execute(ThrowableCollector.java:73) ~[junit-platform-engine-1.12.2.jar:1.12.2]
	at org.junit.jupiter.engine.descriptor.TestMethodTestDescriptor.prepare(TestMethodTestDescriptor.java:111) ~[junit-jupiter-engine-5.12.2.jar:5.12.2]
	at org.junit.jupiter.engine.descriptor.TestMethodTestDescriptor.prepare(TestMethodTestDescriptor.java:69) ~[junit-jupiter-engine-5.12.2.jar:5.12.2]
	at org.junit.platform.engine.support.hierarchical.NodeTestTask.lambda$prepare$2(NodeTestTask.java:128) ~[junit-platform-engine-1.12.2.jar:1.12.2]
	at org.junit.platform.engine.support.hierarchical.ThrowableCollector.execute(ThrowableCollector.java:73) ~[junit-platform-engine-1.12.2.jar:1.12.2]
	at org.junit.platform.engine.support.hierarchical.NodeTestTask.prepare(NodeTestTask.java:128) ~[junit-platform-engine-1.12.2.jar:1.12.2]
	at org.junit.platform.engine.support.hierarchical.NodeTestTask.execute(NodeTestTask.java:95) ~[junit-platform-engine-1.12.2.jar:1.12.2]
	at java.base/java.util.ArrayList.forEach(ArrayList.java:1596) ~[na:na]
	at org.junit.platform.engine.support.hierarchical.SameThreadHierarchicalTestExecutorService.invokeAll(SameThreadHierarchicalTestExecutorService.java:41) ~[junit-platform-engine-1.12.2.jar:1.12.2]
	at org.junit.platform.engine.support.hierarchical.NodeTestTask.lambda$executeRecursively$6(NodeTestTask.java:160) ~[junit-platform-engine-1.12.2.jar:1.12.2]
	at org.junit.platform.engine.support.hierarchical.ThrowableCollector.execute(ThrowableCollector.java:73) ~[junit-platform-engine-1.12.2.jar:1.12.2]
	at org.junit.platform.engine.support.hierarchical.NodeTestTask.lambda$executeRecursively$8(NodeTestTask.java:146) ~[junit-platform-engine-1.12.2.jar:1.12.2]
	at org.junit.platform.engine.support.hierarchical.Node.around(Node.java:137) ~[junit-platform-engine-1.12.2.jar:1.12.2]
	at org.junit.platform.engine.support.hierarchical.NodeTestTask.lambda$executeRecursively$9(NodeTestTask.java:144) ~[junit-platform-engine-1.12.2.jar:1.12.2]
	at org.junit.platform.engine.support.hierarchical.ThrowableCollector.execute(ThrowableCollector.java:73) ~[junit-platform-engine-1.12.2.jar:1.12.2]
	at org.junit.platform.engine.support.hierarchical.NodeTestTask.executeRecursively(NodeTestTask.java:143) ~[junit-platform-engine-1.12.2.jar:1.12.2]
	at org.junit.platform.engine.support.hierarchical.NodeTestTask.execute(NodeTestTask.java:100) ~[junit-platform-engine-1.12.2.jar:1.12.2]
	at java.base/java.util.ArrayList.forEach(ArrayList.java:1596) ~[na:na]
	at org.junit.platform.engine.support.hierarchical.SameThreadHierarchicalTestExecutorService.invokeAll(SameThreadHierarchicalTestExecutorService.java:41) ~[junit-platform-engine-1.12.2.jar:1.12.2]
	at org.junit.platform.engine.support.hierarchical.NodeTestTask.lambda$executeRecursively$6(NodeTestTask.java:160) ~[junit-platform-engine-1.12.2.jar:1.12.2]
	at org.junit.platform.engine.support.hierarchical.ThrowableCollector.execute(ThrowableCollector.java:73) ~[junit-platform-engine-1.12.2.jar:1.12.2]
	at org.junit.platform.engine.support.hierarchical.NodeTestTask.lambda$executeRecursively$8(NodeTestTask.java:146) ~[junit-platform-engine-1.12.2.jar:1.12.2]
	at org.junit.platform.engine.support.hierarchical.Node.around(Node.java:137) ~[junit-platform-engine-1.12.2.jar:1.12.2]
	at org.junit.platform.engine.support.hierarchical.NodeTestTask.lambda$executeRecursively$9(NodeTestTask.java:144) ~[junit-platform-engine-1.12.2.jar:1.12.2]
	at org.junit.platform.engine.support.hierarchical.ThrowableCollector.execute(ThrowableCollector.java:73) ~[junit-platform-engine-1.12.2.jar:1.12.2]
	at org.junit.platform.engine.support.hierarchical.NodeTestTask.executeRecursively(NodeTestTask.java:143) ~[junit-platform-engine-1.12.2.jar:1.12.2]
	at org.junit.platform.engine.support.hierarchical.NodeTestTask.execute(NodeTestTask.java:100) ~[junit-platform-engine-1.12.2.jar:1.12.2]
	at org.junit.platform.engine.support.hierarchical.SameThreadHierarchicalTestExecutorService.submit(SameThreadHierarchicalTestExecutorService.java:35) ~[junit-platform-engine-1.12.2.jar:1.12.2]
	at org.junit.platform.engine.support.hierarchical.HierarchicalTestExecutor.execute(HierarchicalTestExecutor.java:57) ~[junit-platform-engine-1.12.2.jar:1.12.2]
	at org.junit.platform.engine.support.hierarchical.HierarchicalTestEngine.execute(HierarchicalTestEngine.java:54) ~[junit-platform-engine-1.12.2.jar:1.12.2]
	at org.junit.platform.launcher.core.EngineExecutionOrchestrator.execute(EngineExecutionOrchestrator.java:201) ~[junit-platform-launcher-1.12.2.jar:1.12.2]
	at org.junit.platform.launcher.core.EngineExecutionOrchestrator.execute(EngineExecutionOrchestrator.java:170) ~[junit-platform-launcher-1.12.2.jar:1.12.2]
	at org.junit.platform.launcher.core.EngineExecutionOrchestrator.execute(EngineExecutionOrchestrator.java:94) ~[junit-platform-launcher-1.12.2.jar:1.12.2]
	at org.junit.platform.launcher.core.EngineExecutionOrchestrator.lambda$execute$0(EngineExecutionOrchestrator.java:59) ~[junit-platform-launcher-1.12.2.jar:1.12.2]
	at org.junit.platform.launcher.core.EngineExecutionOrchestrator.withInterceptedStreams(EngineExecutionOrchestrator.java:142) ~[junit-platform-launcher-1.12.2.jar:1.12.2]
	at org.junit.platform.launcher.core.EngineExecutionOrchestrator.execute(EngineExecutionOrchestrator.java:58) ~[junit-platform-launcher-1.12.2.jar:1.12.2]
	at org.junit.platform.launcher.core.DefaultLauncher.execute(DefaultLauncher.java:103) ~[junit-platform-launcher-1.12.2.jar:1.12.2]
	at org.junit.platform.launcher.core.DefaultLauncher.execute(DefaultLauncher.java:85) ~[junit-platform-launcher-1.12.2.jar:1.12.2]
	at org.junit.platform.launcher.core.DelegatingLauncher.execute(DelegatingLauncher.java:47) ~[junit-platform-launcher-1.12.2.jar:1.12.2]
	at org.junit.platform.launcher.core.InterceptingLauncher.lambda$execute$1(InterceptingLauncher.java:39) ~[junit-platform-launcher-1.12.2.jar:1.12.2]
	at org.junit.platform.launcher.core.ClasspathAlignmentCheckingLauncherInterceptor.intercept(ClasspathAlignmentCheckingLauncherInterceptor.java:25) ~[junit-platform-launcher-1.12.2.jar:1.12.2]
	at org.junit.platform.launcher.core.InterceptingLauncher.execute(InterceptingLauncher.java:38) ~[junit-platform-launcher-1.12.2.jar:1.12.2]
	at org.junit.platform.launcher.core.DelegatingLauncher.execute(DelegatingLauncher.java:47) ~[junit-platform-launcher-1.12.2.jar:1.12.2]
	at org.apache.maven.surefire.junitplatform.LazyLauncher.execute(LazyLauncher.java:55) ~[surefire-junit-platform-3.0.0-M9.jar:3.0.0-M9]
	at org.apache.maven.surefire.junitplatform.JUnitPlatformProvider.execute(JUnitPlatformProvider.java:223) ~[surefire-junit-platform-3.0.0-M9.jar:3.0.0-M9]
	at org.apache.maven.surefire.junitplatform.JUnitPlatformProvider.invokeAllTests(JUnitPlatformProvider.java:175) ~[surefire-junit-platform-3.0.0-M9.jar:3.0.0-M9]
	at org.apache.maven.surefire.junitplatform.JUnitPlatformProvider.invoke(JUnitPlatformProvider.java:139) ~[surefire-junit-platform-3.0.0-M9.jar:3.0.0-M9]
	at org.apache.maven.surefire.booter.ForkedBooter.runSuitesInProcess(ForkedBooter.java:456) ~[surefire-booter-3.0.0-M9.jar:3.0.0-M9]
	at org.apache.maven.surefire.booter.ForkedBooter.execute(ForkedBooter.java:169) ~[surefire-booter-3.0.0-M9.jar:3.0.0-M9]
	at org.apache.maven.surefire.booter.ForkedBooter.run(ForkedBooter.java:595) ~[surefire-booter-3.0.0-M9.jar:3.0.0-M9]
	at org.apache.maven.surefire.booter.ForkedBooter.main(ForkedBooter.java:581) ~[surefire-booter-3.0.0-M9.jar:3.0.0-M9]
Caused by: org.springframework.beans.factory.UnsatisfiedDependencyException: Error creating bean with name 'subscriberService' defined in file [/mnt/c/Users/Usuario/Documents/technews/target/classes/br/com/technews/service/SubscriberService.class]: Unsatisfied dependency expressed through constructor parameter 2: Error creating bean with name 'emailService': Injection of autowired dependencies failed
	at org.springframework.beans.factory.support.ConstructorResolver.createArgumentArray(ConstructorResolver.java:804) ~[spring-beans-6.2.10.jar:6.2.10]
	at org.springframework.beans.factory.support.ConstructorResolver.autowireConstructor(ConstructorResolver.java:240) ~[spring-beans-6.2.10.jar:6.2.10]
	at org.springframework.beans.factory.support.AbstractAutowireCapableBeanFactory.autowireConstructor(AbstractAutowireCapableBeanFactory.java:1395) ~[spring-beans-6.2.10.jar:6.2.10]
	at org.springframework.beans.factory.support.AbstractAutowireCapableBeanFactory.createBeanInstance(AbstractAutowireCapableBeanFactory.java:1232) ~[spring-beans-6.2.10.jar:6.2.10]
	at org.springframework.beans.factory.support.AbstractAutowireCapableBeanFactory.doCreateBean(AbstractAutowireCapableBeanFactory.java:569) ~[spring-beans-6.2.10.jar:6.2.10]
	at org.springframework.beans.factory.support.AbstractAutowireCapableBeanFactory.createBean(AbstractAutowireCapableBeanFactory.java:529) ~[spring-beans-6.2.10.jar:6.2.10]
	at org.springframework.beans.factory.support.AbstractBeanFactory.lambda$doGetBean$0(AbstractBeanFactory.java:339) ~[spring-beans-6.2.10.jar:6.2.10]
	at org.springframework.beans.factory.support.DefaultSingletonBeanRegistry.getSingleton(DefaultSingletonBeanRegistry.java:373) ~[spring-beans-6.2.10.jar:6.2.10]
	at org.springframework.beans.factory.support.AbstractBeanFactory.doGetBean(AbstractBeanFactory.java:337) ~[spring-beans-6.2.10.jar:6.2.10]
	at org.springframework.beans.factory.support.AbstractBeanFactory.getBean(AbstractBeanFactory.java:202) ~[spring-beans-6.2.10.jar:6.2.10]
	at org.springframework.beans.factory.support.DefaultListableBeanFactory.doResolveDependency(DefaultListableBeanFactory.java:1690) ~[spring-beans-6.2.10.jar:6.2.10]
	at org.springframework.beans.factory.support.DefaultListableBeanFactory.resolveDependency(DefaultListableBeanFactory.java:1635) ~[spring-beans-6.2.10.jar:6.2.10]
	at org.springframework.beans.factory.annotation.AutowiredAnnotationBeanPostProcessor$AutowiredFieldElement.resolveFieldValue(AutowiredAnnotationBeanPostProcessor.java:785) ~[spring-beans-6.2.10.jar:6.2.10]
         - @ConditionalOnClass 
did not find required class 
'org.neo4j.driver.Driver' 
(OnClassCondition)

   NettyAutoConfiguration:
      Did not match:
         - @ConditionalOnClass 
did not find required class 
'io.netty.util.NettyRuntime' 
(OnClassCondition)

   OAuth2AuthorizationServerAutoCo
nfiguration:
      Did not match:
         - @ConditionalOnClass 
did not find required class 'org.s
pringframework.security.oauth2.ser
ver.authorization.OAuth2Authorizat
ion' (OnClassCondition)

   OAuth2AuthorizationServerJwtAut
oConfiguration:
      Did not match:
         - @ConditionalOnClass 
did not find required class 'com.n
imbusds.jose.jwk.source.JWKSource'
 (OnClassCondition)

   OAuth2ClientAutoConfiguration:
      Did not match:
         - @ConditionalOnClass 
did not find required class 'org.s
pringframework.security.oauth2.cli
ent.registration.ClientRegistratio
n' (OnClassCondition)

   OAuth2ClientWebSecurityAutoConf
iguration:
      Did not match:
         - @ConditionalOnClass 
did not find required class 'org.s
pringframework.security.oauth2.cli
ent.web.OAuth2AuthorizedClientRepo
sitory' (OnClassCondition)

   OAuth2ResourceServerAutoConfigu
ration:
      Did not match:
         - @ConditionalOnClass 
did not find required class 'org.s
pringframework.security.oauth2.ser
ver.resource.authentication.Bearer
TokenAuthenticationToken' 
(OnClassCondition)

   ProjectInfoAutoConfiguration#bu
ildProperties:
      Did not match:
         - @ConditionalOnResource 
did not find resource '${spring.in
fo.build.location:classpath:META-I
NF/build-info.properties}' 
(OnResourceCondition)

   ProjectInfoAutoConfiguration#gi
tProperties:
      Did not match:
         - GitResource did not 
find git info at 
classpath:git.properties (ProjectI
nfoAutoConfiguration.GitResourceAv
ailableCondition)

   PulsarAutoConfiguration:
      Did not match:
         - @ConditionalOnClass 
did not find required class 'org.a
pache.pulsar.client.api.PulsarClie
nt' (OnClassCondition)

   
PulsarReactiveAutoConfiguration:
      Did not match:
         - @ConditionalOnClass 
did not find required class 'org.a
pache.pulsar.client.api.PulsarClie
nt' (OnClassCondition)

   QuartzAutoConfiguration.JdbcSto
reTypeConfiguration:
      Did not match:
         - @ConditionalOnProperty 
(spring.quartz.job-store-type=jdbc
) found different value in 
property 
'spring.quartz.job-store-type' 
(OnPropertyCondition)

   R2dbcAutoConfiguration:
      Did not match:
         - @ConditionalOnClass 
did not find required class 
'io.r2dbc.spi.ConnectionFactory' 
(OnClassCondition)

   R2dbcDataAutoConfiguration:
      Did not match:
         - @ConditionalOnClass 
did not find required class 'org.s
pringframework.data.r2dbc.core.R2d
bcEntityTemplate' 
(OnClassCondition)

   R2dbcProxyAutoConfiguration:
      Did not match:
         - @ConditionalOnClass 
did not find required class 'io.r2
dbc.proxy.ProxyConnectionFactory' 
(OnClassCondition)

   R2dbcRepositoriesAutoConfigurat
ion:
      Did not match:
         - @ConditionalOnClass 
did not find required class 
'io.r2dbc.spi.ConnectionFactory' 
(OnClassCondition)

   R2dbcTransactionManagerAutoConf
iguration:
      Did not match:
         - @ConditionalOnClass 
did not find required class 'org.s
pringframework.r2dbc.connection.R2
dbcTransactionManager' 
(OnClassCondition)

   RSocketGraphQlClientAutoConfigu
ration:
      Did not match:
         - @ConditionalOnClass 
did not find required class 
'graphql.GraphQL' 
(OnClassCondition)

   
RSocketMessagingAutoConfiguration:
	... 106 common frames omitted
Caused by: org.springframework.beans.factory.BeanCreationException: Error creating bean with name 'emailService': Injection of autowired dependencies failed
	at org.springframework.beans.factory.annotation.AutowiredAnnotationBeanPostProcessor.postProcessProperties(AutowiredAnnotationBeanPostProcessor.java:515) ~[spring-beans-6.2.10.jar:6.2.10]
	at org.springframework.beans.factory.support.AbstractAutowireCapableBeanFactory.populateBean(AbstractAutowireCapableBeanFactory.java:1459) ~[spring-beans-6.2.10.jar:6.2.10]
	at org.springframework.beans.factory.support.AbstractAutowireCapableBeanFactory.doCreateBean(AbstractAutowireCapableBeanFactory.java:606) ~[spring-beans-6.2.10.jar:6.2.10]
	at org.springframework.beans.factory.support.AbstractAutowireCapableBeanFactory.createBean(AbstractAutowireCapableBeanFactory.java:529) ~[spring-beans-6.2.10.jar:6.2.10]
	at org.springframework.beans.factory.support.AbstractBeanFactory.lambda$doGetBean$0(AbstractBeanFactory.java:339) ~[spring-beans-6.2.10.jar:6.2.10]
	at org.springframework.beans.factory.support.DefaultSingletonBeanRegistry.getSingleton(DefaultSingletonBeanRegistry.java:373) ~[spring-beans-6.2.10.jar:6.2.10]
	at org.springframework.beans.factory.support.AbstractBeanFactory.doGetBean(AbstractBeanFactory.java:337) ~[spring-beans-6.2.10.jar:6.2.10]
	at org.springframework.beans.factory.support.AbstractBeanFactory.getBean(AbstractBeanFactory.java:202) ~[spring-beans-6.2.10.jar:6.2.10]
	at org.springframework.beans.factory.support.DefaultListableBeanFactory.doResolveDependency(DefaultListableBeanFactory.java:1690) ~[spring-beans-6.2.10.jar:6.2.10]
	at org.springframework.beans.factory.support.DefaultListableBeanFactory.resolveDependency(DefaultListableBeanFactory.java:1635) ~[spring-beans-6.2.10.jar:6.2.10]
	at org.springframework.beans.factory.support.ConstructorResolver.resolveAutowiredArgument(ConstructorResolver.java:913) ~[spring-beans-6.2.10.jar:6.2.10]
	at org.springframework.beans.factory.support.ConstructorResolver.createArgumentArray(ConstructorResolver.java:791) ~[spring-beans-6.2.10.jar:6.2.10]
	... 118 common frames omitted
Caused by: org.springframework.util.PlaceholderResolutionException: Could not resolve placeholder 'app.base-url' in value "${app.base-url}"
	at org.springframework.util.PlaceholderResolutionException.withValue(PlaceholderResolutionException.java:81) ~[spring-core-6.2.10.jar:6.2.10]
	at org.springframework.util.PlaceholderParser$ParsedValue.resolve(PlaceholderParser.java:423) ~[spring-core-6.2.10.jar:6.2.10]
	at org.springframework.util.PlaceholderParser.replacePlaceholders(PlaceholderParser.java:128) ~[spring-core-6.2.10.jar:6.2.10]
	at org.springframework.util.PropertyPlaceholderHelper.parseStringValue(PropertyPlaceholderHelper.java:118) ~[spring-core-6.2.10.jar:6.2.10]
	at org.springframework.util.PropertyPlaceholderHelper.replacePlaceholders(PropertyPlaceholderHelper.java:114) ~[spring-core-6.2.10.jar:6.2.10]
	at org.springframework.core.env.AbstractPropertyResolver.doResolvePlaceholders(AbstractPropertyResolver.java:293) ~[spring-core-6.2.10.jar:6.2.10]
	at org.springframework.core.env.AbstractPropertyResolver.resolveRequiredPlaceholders(AbstractPropertyResolver.java:264) ~[spring-core-6.2.10.jar:6.2.10]
	at org.springframework.context.support.PropertySourcesPlaceholderConfigurer.lambda$processProperties$0(PropertySourcesPlaceholderConfigurer.java:186) ~[spring-context-6.2.10.jar:6.2.10]
	at org.springframework.beans.factory.support.AbstractBeanFactory.resolveEmbeddedValue(AbstractBeanFactory.java:971) ~[spring-beans-6.2.10.jar:6.2.10]
	at org.springframework.beans.factory.support.DefaultListableBeanFactory.doResolveDependency(DefaultListableBeanFactory.java:1657) ~[spring-beans-6.2.10.jar:6.2.10]
	at org.springframework.beans.factory.support.DefaultListableBeanFactory.resolveDependency(DefaultListableBeanFactory.java:1635) ~[spring-beans-6.2.10.jar:6.2.10]
	at org.springframework.beans.factory.annotation.AutowiredAnnotationBeanPostProcessor$AutowiredFieldElement.resolveFieldValue(AutowiredAnnotationBeanPostProcessor.java:785) ~[spring-beans-6.2.10.jar:6.2.10]
	at org.springframework.beans.factory.annotation.AutowiredAnnotationBeanPostProcessor$AutowiredFieldElement.inject(AutowiredAnnotationBeanPostProcessor.java:768) ~[spring-beans-6.2.10.jar:6.2.10]
	at org.springframework.beans.factory.annotation.InjectionMetadata.inject(InjectionMetadata.java:146) ~[spring-beans-6.2.10.jar:6.2.10]
	at org.springframework.beans.factory.annotation.AutowiredAnnotationBeanPostProcessor.postProcessProperties(AutowiredAnnotationBeanPostProcessor.java:509) ~[spring-beans-6.2.10.jar:6.2.10]
	... 129 common frames omitted

2025-09-20T20:34:50.252-03:00  WARN 29846 --- [TechNews] [           main] o.s.test.context.TestContextManager      : Caught exception while allowing TestExecutionListener [org.springframework.test.context.web.ServletTestExecutionListener] to prepare test instance [br.com.technews.TechnewsApplicationTests@19e7f39]

java.lang.IllegalStateException: Failed to load ApplicationContext for [WebMergedContextConfiguration@3bde931c testClass = br.com.technews.TechnewsApplicationTests, locations = [], classes = [br.com.technews.TechnewsApplication], contextInitializerClasses = [], activeProfiles = [], propertySourceDescriptors = [], propertySourceProperties = ["org.springframework.boot.test.context.SpringBootTestContextBootstrapper=true"], contextCustomizers = [org.springframework.boot.test.context.filter.ExcludeFilterContextCustomizer@3fc9504b, org.springframework.boot.test.json.DuplicateJsonObjectContextCustomizerFactory$DuplicateJsonObjectContextCustomizer@7e4204e2, org.springframework.boot.test.mock.mockito.MockitoContextCustomizer@0, org.springframework.boot.test.web.client.TestRestTemplateContextCustomizer@4a35be58, org.springframework.boot.test.web.reactor.netty.DisableReactorResourceFactoryGlobalResourcesContextCustomizerFactory$DisableReactorResourceFactoryGlobalResourcesContextCustomizerCustomizer@7b94089b, org.springframework.boot.test.autoconfigure.OnFailureConditionReportContextCustomizerFactory$OnFailureConditionReportContextCustomizer@6155d082, org.springframework.boot.test.autoconfigure.actuate.observability.ObservabilityContextCustomizerFactory$DisableObservabilityContextCustomizer@1f, org.springframework.boot.test.autoconfigure.properties.PropertyMappingContextCustomizer@0, org.springframework.boot.test.autoconfigure.web.servlet.WebDriverContextCustomizer@16c63f5, org.springframework.test.context.support.DynamicPropertiesContextCustomizer@0, org.springframework.boot.test.context.SpringBootTestAnnotation@4df9cf9a], resourceBasePath = "src/main/webapp", contextLoader = org.springframework.boot.test.context.SpringBootContextLoader, parent = null]
	at org.springframework.test.context.cache.DefaultCacheAwareContextLoaderDelegate.loadContext(DefaultCacheAwareContextLoaderDelegate.java:180) ~[spring-test-6.2.10.jar:6.2.10]
	at org.springframework.test.context.support.DefaultTestContext.getApplicationContext(DefaultTestContext.java:130) ~[spring-test-6.2.10.jar:6.2.10]
	at org.springframework.test.context.web.ServletTestExecutionListener.setUpRequestContextIfNecessary(ServletTestExecutionListener.java:200) ~[spring-test-6.2.10.jar:6.2.10]
	at org.springframework.test.context.web.ServletTestExecutionListener.prepareTestInstance(ServletTestExecutionListener.java:139) ~[spring-test-6.2.10.jar:6.2.10]
	at org.springframework.test.context.TestContextManager.prepareTestInstance(TestContextManager.java:260) ~[spring-test-6.2.10.jar:6.2.10]
	at org.springframework.test.context.junit.jupiter.SpringExtension.postProcessTestInstance(SpringExtension.java:159) ~[spring-test-6.2.10.jar:6.2.10]
	at org.junit.jupiter.engine.descriptor.ClassBasedTestDescriptor.lambda$invokeTestInstancePostProcessors$10(ClassBasedTestDescriptor.java:383) ~[junit-jupiter-engine-5.12.2.jar:5.12.2]
	at org.junit.jupiter.engine.descriptor.ClassBasedTestDescriptor.executeAndMaskThrowable(ClassBasedTestDescriptor.java:388) ~[junit-jupiter-engine-5.12.2.jar:5.12.2]
	at org.junit.jupiter.engine.descriptor.ClassBasedTestDescriptor.lambda$invokeTestInstancePostProcessors$11(ClassBasedTestDescriptor.java:382) ~[junit-jupiter-engine-5.12.2.jar:5.12.2]
	at java.base/java.util.stream.ForEachOps$ForEachOp$OfRef.accept(ForEachOps.java:184) ~[na:na]
	at java.base/java.util.stream.ReferencePipeline$3$1.accept(ReferencePipeline.java:197) ~[na:na]
	at java.base/java.util.stream.ReferencePipeline$2$1.accept(ReferencePipeline.java:179) ~[na:na]
	at java.base/java.util.stream.ReferencePipeline$3$1.accept(ReferencePipeline.java:197) ~[na:na]
	at java.base/java.util.ArrayList$ArrayListSpliterator.forEachRemaining(ArrayList.java:1708) ~[na:na]
	at java.base/java.util.stream.AbstractPipeline.copyInto(AbstractPipeline.java:509) ~[na:na]
	at java.base/java.util.stream.AbstractPipeline.wrapAndCopyInto(AbstractPipeline.java:499) ~[na:na]
	at java.base/java.util.stream.ForEachOps$ForEachOp.evaluateSequential(ForEachOps.java:151) ~[na:na]
	at java.base/java.util.stream.ForEachOps$ForEachOp$OfRef.evaluateSequential(ForEachOps.java:174) ~[na:na]
	at java.base/java.util.stream.AbstractPipeline.evaluate(AbstractPipeline.java:234) ~[na:na]
	at java.base/java.util.stream.ReferencePipeline.forEach(ReferencePipeline.java:596) ~[na:na]
	at org.junit.jupiter.engine.descriptor.ClassBasedTestDescriptor.invokeTestInstancePostProcessors(ClassBasedTestDescriptor.java:382) ~[junit-jupiter-engine-5.12.2.jar:5.12.2]
	at org.junit.jupiter.engine.descriptor.ClassBasedTestDescriptor.lambda$instantiateAndPostProcessTestInstance$6(ClassBasedTestDescriptor.java:293) ~[junit-jupiter-engine-5.12.2.jar:5.12.2]
	at org.junit.platform.engine.support.hierarchical.ThrowableCollector.execute(ThrowableCollector.java:73) ~[junit-platform-engine-1.12.2.jar:1.12.2]
	at org.junit.jupiter.engine.descriptor.ClassBasedTestDescriptor.instantiateAndPostProcessTestInstance(ClassBasedTestDescriptor.java:292) ~[junit-jupiter-engine-5.12.2.jar:5.12.2]
	at org.junit.jupiter.engine.descriptor.ClassBasedTestDescriptor.lambda$testInstancesProvider$4(ClassBasedTestDescriptor.java:281) ~[junit-jupiter-engine-5.12.2.jar:5.12.2]
	at java.base/java.util.Optional.orElseGet(Optional.java:364) ~[na:na]
	at org.junit.jupiter.engine.descriptor.ClassBasedTestDescriptor.lambda$testInstancesProvider$5(ClassBasedTestDescriptor.java:280) ~[junit-jupiter-engine-5.12.2.jar:5.12.2]
	at org.junit.jupiter.engine.execution.TestInstancesProvider.getTestInstances(TestInstancesProvider.java:27) ~[junit-jupiter-engine-5.12.2.jar:5.12.2]
	at org.junit.jupiter.engine.descriptor.TestMethodTestDescriptor.lambda$prepare$0(TestMethodTestDescriptor.java:112) ~[junit-jupiter-engine-5.12.2.jar:5.12.2]
	at org.junit.platform.engine.support.hierarchical.ThrowableCollector.execute(ThrowableCollector.java:73) ~[junit-platform-engine-1.12.2.jar:1.12.2]
	at org.junit.jupiter.engine.descriptor.TestMethodTestDescriptor.prepare(TestMethodTestDescriptor.java:111) ~[junit-jupiter-engine-5.12.2.jar:5.12.2]
	at org.junit.jupiter.engine.descriptor.TestMethodTestDescriptor.prepare(TestMethodTestDescriptor.java:69) ~[junit-jupiter-engine-5.12.2.jar:5.12.2]
	at org.junit.platform.engine.support.hierarchical.NodeTestTask.lambda$prepare$2(NodeTestTask.java:128) ~[junit-platform-engine-1.12.2.jar:1.12.2]
	at org.junit.platform.engine.support.hierarchical.ThrowableCollector.execute(ThrowableCollector.java:73) ~[junit-platform-engine-1.12.2.jar:1.12.2]
	at org.junit.platform.engine.support.hierarchical.NodeTestTask.prepare(NodeTestTask.java:128) ~[junit-platform-engine-1.12.2.jar:1.12.2]
	at org.junit.platform.engine.support.hierarchical.NodeTestTask.execute(NodeTestTask.java:95) ~[junit-platform-engine-1.12.2.jar:1.12.2]
	at java.base/java.util.ArrayList.forEach(ArrayList.java:1596) ~[na:na]
	at org.junit.platform.engine.support.hierarchical.SameThreadHierarchicalTestExecutorService.invokeAll(SameThreadHierarchicalTestExecutorService.java:41) ~[junit-platform-engine-1.12.2.jar:1.12.2]
	at org.junit.platform.engine.support.hierarchical.NodeTestTask.lambda$executeRecursively$6(NodeTestTask.java:160) ~[junit-platform-engine-1.12.2.jar:1.12.2]
	at org.junit.platform.engine.support.hierarchical.ThrowableCollector.execute(ThrowableCollector.java:73) ~[junit-platform-engine-1.12.2.jar:1.12.2]
	at org.junit.platform.engine.support.hierarchical.NodeTestTask.lambda$executeRecursively$8(NodeTestTask.java:146) ~[junit-platform-engine-1.12.2.jar:1.12.2]
	at org.junit.platform.engine.support.hierarchical.Node.around(Node.java:137) ~[junit-platform-engine-1.12.2.jar:1.12.2]
	at org.junit.platform.engine.support.hierarchical.NodeTestTask.lambda$executeRecursively$9(NodeTestTask.java:144) ~[junit-platform-engine-1.12.2.jar:1.12.2]
	at org.junit.platform.engine.support.hierarchical.ThrowableCollector.execute(ThrowableCollector.java:73) ~[junit-platform-engine-1.12.2.jar:1.12.2]
	at org.junit.platform.engine.support.hierarchical.NodeTestTask.executeRecursively(NodeTestTask.java:143) ~[junit-platform-engine-1.12.2.jar:1.12.2]
	at org.junit.platform.engine.support.hierarchical.NodeTestTask.execute(NodeTestTask.java:100) ~[junit-platform-engine-1.12.2.jar:1.12.2]
	at java.base/java.util.ArrayList.forEach(ArrayList.java:1596) ~[na:na]
	at org.junit.platform.engine.support.hierarchical.SameThreadHierarchicalTestExecutorService.invokeAll(SameThreadHierarchicalTestExecutorService.java:41) ~[junit-platform-engine-1.12.2.jar:1.12.2]
	at org.junit.platform.engine.support.hierarchical.NodeTestTask.lambda$executeRecursively$6(NodeTestTask.java:160) ~[junit-platform-engine-1.12.2.jar:1.12.2]
	at org.junit.platform.engine.support.hierarchical.ThrowableCollector.execute(ThrowableCollector.java:73) ~[junit-platform-engine-1.12.2.jar:1.12.2]
	at org.junit.platform.engine.support.hierarchical.NodeTestTask.lambda$executeRecursively$8(NodeTestTask.java:146) ~[junit-platform-engine-1.12.2.jar:1.12.2]
	at org.junit.platform.engine.support.hierarchical.Node.around(Node.java:137) ~[junit-platform-engine-1.12.2.jar:1.12.2]
	at org.junit.platform.engine.support.hierarchical.NodeTestTask.lambda$executeRecursively$9(NodeTestTask.java:144) ~[junit-platform-engine-1.12.2.jar:1.12.2]
	at org.junit.platform.engine.support.hierarchical.ThrowableCollector.execute(ThrowableCollector.java:73) ~[junit-platform-engine-1.12.2.jar:1.12.2]
	at org.junit.platform.engine.support.hierarchical.NodeTestTask.executeRecursively(NodeTestTask.java:143) ~[junit-platform-engine-1.12.2.jar:1.12.2]
	at org.junit.platform.engine.support.hierarchical.NodeTestTask.execute(NodeTestTask.java:100) ~[junit-platform-engine-1.12.2.jar:1.12.2]
	at org.junit.platform.engine.support.hierarchical.SameThreadHierarchicalTestExecutorService.submit(SameThreadHierarchicalTestExecutorService.java:35) ~[junit-platform-engine-1.12.2.jar:1.12.2]
      Did not match:
         - @ConditionalOnClass 
did not find required class 
'io.rsocket.RSocket' 
(OnClassCondition)

   
RSocketRequesterAutoConfiguration:
      Did not match:
         - @ConditionalOnClass 
did not find required class 
'io.rsocket.RSocket' 
(OnClassCondition)

   
RSocketSecurityAutoConfiguration:
      Did not match:
         - @ConditionalOnClass 
did not find required class 'org.s
pringframework.security.rsocket.co
re.SecuritySocketAcceptorIntercept
or' (OnClassCondition)

   RSocketServerAutoConfiguration:
      Did not match:
	at org.junit.platform.engine.support.hierarchical.HierarchicalTestExecutor.execute(HierarchicalTestExecutor.java:57) ~[junit-platform-engine-1.12.2.jar:1.12.2]
	at org.junit.platform.engine.support.hierarchical.HierarchicalTestEngine.execute(HierarchicalTestEngine.java:54) ~[junit-platform-engine-1.12.2.jar:1.12.2]
	at org.junit.platform.launcher.core.EngineExecutionOrchestrator.execute(EngineExecutionOrchestrator.java:201) ~[junit-platform-launcher-1.12.2.jar:1.12.2]
	at org.junit.platform.launcher.core.EngineExecutionOrchestrator.execute(EngineExecutionOrchestrator.java:170) ~[junit-platform-launcher-1.12.2.jar:1.12.2]
	at org.junit.platform.launcher.core.EngineExecutionOrchestrator.execute(EngineExecutionOrchestrator.java:94) ~[junit-platform-launcher-1.12.2.jar:1.12.2]
	at org.junit.platform.launcher.core.EngineExecutionOrchestrator.lambda$execute$0(EngineExecutionOrchestrator.java:59) ~[junit-platform-launcher-1.12.2.jar:1.12.2]
	at org.junit.platform.launcher.core.EngineExecutionOrchestrator.withInterceptedStreams(EngineExecutionOrchestrator.java:142) ~[junit-platform-launcher-1.12.2.jar:1.12.2]
	at org.junit.platform.launcher.core.EngineExecutionOrchestrator.execute(EngineExecutionOrchestrator.java:58) ~[junit-platform-launcher-1.12.2.jar:1.12.2]
	at org.junit.platform.launcher.core.DefaultLauncher.execute(DefaultLauncher.java:103) ~[junit-platform-launcher-1.12.2.jar:1.12.2]
	at org.junit.platform.launcher.core.DefaultLauncher.execute(DefaultLauncher.java:85) ~[junit-platform-launcher-1.12.2.jar:1.12.2]
	at org.junit.platform.launcher.core.DelegatingLauncher.execute(DelegatingLauncher.java:47) ~[junit-platform-launcher-1.12.2.jar:1.12.2]
	at org.junit.platform.launcher.core.InterceptingLauncher.lambda$execute$1(InterceptingLauncher.java:39) ~[junit-platform-launcher-1.12.2.jar:1.12.2]
	at org.junit.platform.launcher.core.ClasspathAlignmentCheckingLauncherInterceptor.intercept(ClasspathAlignmentCheckingLauncherInterceptor.java:25) ~[junit-platform-launcher-1.12.2.jar:1.12.2]
	at org.junit.platform.launcher.core.InterceptingLauncher.execute(InterceptingLauncher.java:38) ~[junit-platform-launcher-1.12.2.jar:1.12.2]
	at org.junit.platform.launcher.core.DelegatingLauncher.execute(DelegatingLauncher.java:47) ~[junit-platform-launcher-1.12.2.jar:1.12.2]
	at org.apache.maven.surefire.junitplatform.LazyLauncher.execute(LazyLauncher.java:55) ~[surefire-junit-platform-3.0.0-M9.jar:3.0.0-M9]
	at org.apache.maven.surefire.junitplatform.JUnitPlatformProvider.execute(JUnitPlatformProvider.java:223) ~[surefire-junit-platform-3.0.0-M9.jar:3.0.0-M9]
	at org.apache.maven.surefire.junitplatform.JUnitPlatformProvider.invokeAllTests(JUnitPlatformProvider.java:175) ~[surefire-junit-platform-3.0.0-M9.jar:3.0.0-M9]
	at org.apache.maven.surefire.junitplatform.JUnitPlatformProvider.invoke(JUnitPlatformProvider.java:139) ~[surefire-junit-platform-3.0.0-M9.jar:3.0.0-M9]
	at org.apache.maven.surefire.booter.ForkedBooter.runSuitesInProcess(ForkedBooter.java:456) ~[surefire-booter-3.0.0-M9.jar:3.0.0-M9]
	at org.apache.maven.surefire.booter.ForkedBooter.execute(ForkedBooter.java:169) ~[surefire-booter-3.0.0-M9.jar:3.0.0-M9]
	at org.apache.maven.surefire.booter.ForkedBooter.run(ForkedBooter.java:595) ~[surefire-booter-3.0.0-M9.jar:3.0.0-M9]
	at org.apache.maven.surefire.booter.ForkedBooter.main(ForkedBooter.java:581) ~[surefire-booter-3.0.0-M9.jar:3.0.0-M9]
Caused by: org.springframework.beans.factory.UnsatisfiedDependencyException: Error creating bean with name 'adminController': Unsatisfied dependency expressed through field 'subscriberService': Error creating bean with name 'subscriberService' defined in file [/mnt/c/Users/Usuario/Documents/technews/target/classes/br/com/technews/service/SubscriberService.class]: Unsatisfied dependency expressed through constructor parameter 2: Error creating bean with name 'emailService': Injection of autowired dependencies failed
	at org.springframework.beans.factory.annotation.AutowiredAnnotationBeanPostProcessor$AutowiredFieldElement.resolveFieldValue(AutowiredAnnotationBeanPostProcessor.java:788) ~[spring-beans-6.2.10.jar:6.2.10]
	at org.springframework.beans.factory.annotation.AutowiredAnnotationBeanPostProcessor$AutowiredFieldElement.inject(AutowiredAnnotationBeanPostProcessor.java:768) ~[spring-beans-6.2.10.jar:6.2.10]
	at org.springframework.beans.factory.annotation.InjectionMetadata.inject(InjectionMetadata.java:146) ~[spring-beans-6.2.10.jar:6.2.10]
	at org.springframework.beans.factory.annotation.AutowiredAnnotationBeanPostProcessor.postProcessProperties(AutowiredAnnotationBeanPostProcessor.java:509) ~[spring-beans-6.2.10.jar:6.2.10]
	at org.springframework.beans.factory.support.AbstractAutowireCapableBeanFactory.populateBean(AbstractAutowireCapableBeanFactory.java:1459) ~[spring-beans-6.2.10.jar:6.2.10]
	at org.springframework.beans.factory.support.AbstractAutowireCapableBeanFactory.doCreateBean(AbstractAutowireCapableBeanFactory.java:606) ~[spring-beans-6.2.10.jar:6.2.10]
	at org.springframework.beans.factory.support.AbstractAutowireCapableBeanFactory.createBean(AbstractAutowireCapableBeanFactory.java:529) ~[spring-beans-6.2.10.jar:6.2.10]
	at org.springframework.beans.factory.support.AbstractBeanFactory.lambda$doGetBean$0(AbstractBeanFactory.java:339) ~[spring-beans-6.2.10.jar:6.2.10]
	at org.springframework.beans.factory.support.DefaultSingletonBeanRegistry.getSingleton(DefaultSingletonBeanRegistry.java:373) ~[spring-beans-6.2.10.jar:6.2.10]
	at org.springframework.beans.factory.support.AbstractBeanFactory.doGetBean(AbstractBeanFactory.java:337) ~[spring-beans-6.2.10.jar:6.2.10]
	at org.springframework.beans.factory.support.AbstractBeanFactory.getBean(AbstractBeanFactory.java:202) ~[spring-beans-6.2.10.jar:6.2.10]
	at org.springframework.beans.factory.support.DefaultListableBeanFactory.instantiateSingleton(DefaultListableBeanFactory.java:1222) ~[spring-beans-6.2.10.jar:6.2.10]
	at org.springframework.beans.factory.support.DefaultListableBeanFactory.preInstantiateSingleton(DefaultListableBeanFactory.java:1188) ~[spring-beans-6.2.10.jar:6.2.10]
	at org.springframework.beans.factory.support.DefaultListableBeanFactory.preInstantiateSingletons(DefaultListableBeanFactory.java:1123) ~[spring-beans-6.2.10.jar:6.2.10]
	at org.springframework.context.support.AbstractApplicationContext.finishBeanFactoryInitialization(AbstractApplicationContext.java:987) ~[spring-context-6.2.10.jar:6.2.10]
	at org.springframework.context.support.AbstractApplicationContext.refresh(AbstractApplicationContext.java:627) ~[spring-context-6.2.10.jar:6.2.10]
	at org.springframework.boot.SpringApplication.refresh(SpringApplication.java:752) ~[spring-boot-3.5.5.jar:3.5.5]
         - @ConditionalOnClass 
did not find required class 
'io.rsocket.core.RSocketServer' 
(OnClassCondition)

   RSocketStrategiesAutoConfigurat
ion:
      Did not match:
         - @ConditionalOnClass 
did not find required class 'io.ne
tty.buffer.PooledByteBufAllocator'
 (OnClassCondition)

   RabbitAutoConfiguration:
      Did not match:
         - @ConditionalOnClass 
did not find required class 
'com.rabbitmq.client.Channel' 
(OnClassCondition)

   ReactiveElasticsearchClientAuto
Configuration:
      Did not match:
         - @ConditionalOnClass 
did not find required class 'co.el
astic.clients.transport.Elasticsea
rchTransport' (OnClassCondition)

   ReactiveElasticsearchRepositori
esAutoConfiguration:
      Did not match:
         - @ConditionalOnClass 
did not find required class 
'reactor.core.publisher.Mono' 
(OnClassCondition)

   ReactiveMultipartAutoConfigurat
ion:
      Did not match:
         - @ConditionalOnClass 
did not find required class 'org.s
pringframework.web.reactive.config
.WebFluxConfigurer' 
(OnClassCondition)

   ReactiveOAuth2ClientAutoConfigu
ration:
      Did not match:
         - @ConditionalOnClass 
did not find required class 
'reactor.core.publisher.Flux' 
(OnClassCondition)

   ReactiveOAuth2ClientWebSecurity
AutoConfiguration:
      Did not match:
         - @ConditionalOnClass 
did not find required class 
'reactor.core.publisher.Flux' 
(OnClassCondition)

   ReactiveOAuth2ResourceServerAut
oConfiguration:
      Did not match:
         - 
@ConditionalOnWebApplication did 
not find reactive web application 
classes 
(OnWebApplicationCondition)

   
ReactiveSecurityAutoConfiguration:
      Did not match:
         - @ConditionalOnClass 
did not find required class 
'reactor.core.publisher.Flux' 
(OnClassCondition)

   ReactiveUserDetailsServiceAutoC
onfiguration:
      Did not match:
         - AnyNestedCondition 0 
matched 2 did not; 
NestedCondition on ReactiveUserDet
ailsServiceAutoConfiguration.RSock
etEnabledOrReactiveWebApplication.
ReactiveWebApplicationCondition 
did not find reactive web 
application classes; 
NestedCondition on ReactiveUserDet
ailsServiceAutoConfiguration.RSock
etEnabledOrReactiveWebApplication.
RSocketSecurityEnabledCondition 
@ConditionalOnBean (types: ?; 
SearchStrategy: all) did not find 
any beans of type ? (ReactiveUserD
etailsServiceAutoConfiguration.RSo
cketEnabledOrReactiveWebApplicatio
n)
      Matched:
         - @ConditionalOnClass 
found required class 'org.springfr
amework.security.authentication.Re
activeAuthenticationManager' 
(OnClassCondition)
         - AnyNestedCondition 3 
matched 0 did not; 
NestedCondition on ReactiveUserDet
ailsServiceAutoConfiguration.Missi
ngAlternativeOrUserPropertiesConfi
gured.PasswordConfigured 
@ConditionalOnProperty 
(spring.security.user.password) 
matched; NestedCondition on Reacti
veUserDetailsServiceAutoConfigurat
ion.MissingAlternativeOrUserProper
tiesConfigured.NameConfigured 
@ConditionalOnProperty 
(spring.security.user.name) 
matched; NestedCondition on Reacti
veUserDetailsServiceAutoConfigurat
ion.MissingAlternativeOrUserProper
tiesConfigured.MissingAlternative 
@ConditionalOnMissingClass did 
not find unwanted classes 'org.spr
ingframework.security.oauth2.clien
t.registration.ClientRegistrationR
epository', 'org.springframework.s
ecurity.oauth2.server.resource.int
rospection.ReactiveOpaqueTokenIntr
ospector' (ReactiveUserDetailsServ
iceAutoConfiguration.MissingAltern
ativeOrUserPropertiesConfigured)

   ReactiveWebServerFactoryAutoCon
figuration:
      Did not match:
         - 
@ConditionalOnWebApplication did 
not find reactive web application 
classes 
(OnWebApplicationCondition)

   ReactorAutoConfiguration:
      Did not match:
         - @ConditionalOnClass 
did not find required class 
'reactor.core.publisher.Hooks' 
(OnClassCondition)

   RedisAutoConfiguration:
      Did not match:
         - @ConditionalOnClass 
did not find required class 'org.s
pringframework.data.redis.core.Red
isOperations' (OnClassCondition)

   RedisCacheConfiguration:
      Did not match:
         - @ConditionalOnClass 
did not find required class 'org.s
pringframework.data.redis.connecti
on.RedisConnectionFactory' 
(OnClassCondition)

   RedisReactiveAutoConfiguration:
      Did not match:
         - @ConditionalOnClass 
did not find required class 
'reactor.core.publisher.Flux' 
(OnClassCondition)

   RedisRepositoriesAutoConfigurat
ion:
      Did not match:
         - @ConditionalOnClass 
did not find required class 'org.s
pringframework.data.redis.reposito
ry.configuration.EnableRedisReposi
tories' (OnClassCondition)

   RepositoryRestMvcAutoConfigurat
ion:
      Did not match:
         - @ConditionalOnClass 
did not find required class 'org.s
pringframework.data.rest.webmvc.co
nfig.RepositoryRestMvcConfiguratio
n' (OnClassCondition)

   Saml2RelyingPartyAutoConfigurat
ion:
      Did not match:
         - @ConditionalOnClass 
did not find required class 'org.s
pringframework.security.saml2.prov
ider.service.registration.RelyingP
artyRegistrationRepository' 
(OnClassCondition)

   SecurityDataConfiguration:
      Did not match:
         - @ConditionalOnClass 
did not find required class 'org.s
pringframework.security.data.repos
itory.query.SecurityEvaluationCont
extExtension' (OnClassCondition)

   SendGridAutoConfiguration:
      Did not match:
         - @ConditionalOnClass 
did not find required class 
'com.sendgrid.SendGrid' 
(OnClassCondition)

   ServletWebServerFactoryAutoConf
iguration.ForwardedHeaderFilterCon
figuration:
      Did not match:
         - @ConditionalOnProperty 
(server.forward-headers-strategy=f
ramework) did not find property 
'server.forward-headers-strategy' 
(OnPropertyCondition)

   ServletWebServerFactoryConfigur
ation.EmbeddedJetty:
      Did not match:
         - @ConditionalOnClass 
did not find required classes 'org
.eclipse.jetty.server.Server', 
'org.eclipse.jetty.util.Loader', '
org.eclipse.jetty.ee10.webapp.WebA
ppContext' (OnClassCondition)

   ServletWebServerFactoryConfigur
ation.EmbeddedUndertow:
      Did not match:
         - @ConditionalOnClass 
did not find required classes 
'io.undertow.Undertow', 
'org.xnio.SslClientAuthMode' 
(OnClassCondition)

   SessionAutoConfiguration:
      Did not match:
         - @ConditionalOnClass 
did not find required class 'org.s
pringframework.session.Session' 
(OnClassCondition)

   SpringApplicationAdminJmxAutoCo
nfiguration:
      Did not match:
         - 
@ConditionalOnBooleanProperty (spr
ing.application.admin.enabled=true
) did not find property 'spring.ap
plication.admin.enabled' 
(OnPropertyCondition)

   SpringBootWebSecurityConfigurat
ion.SecurityFilterChainConfigurati
on:
      Did not match:
         - AllNestedConditions 1 
matched 1 did not; 
NestedCondition on 
DefaultWebSecurityCondition.Beans 
@ConditionalOnMissingBean (types: 
org.springframework.security.web.S
ecurityFilterChain; 
SearchStrategy: all) found beans 
of type 'org.springframework.secur
ity.web.SecurityFilterChain' 
filterChain; NestedCondition on De
faultWebSecurityCondition.Classes 
@ConditionalOnClass found 
required classes 'org.springframew
ork.security.web.SecurityFilterCha
in', 'org.springframework.security
.config.annotation.web.builders.Ht
tpSecurity' 
(DefaultWebSecurityCondition)

   SpringBootWebSecurityConfigurat
ion.WebSecurityEnablerConfiguratio
n:
      Did not match:
	at org.springframework.boot.SpringApplication.refreshContext(SpringApplication.java:439) ~[spring-boot-3.5.5.jar:3.5.5]
	at org.springframework.boot.SpringApplication.run(SpringApplication.java:318) ~[spring-boot-3.5.5.jar:3.5.5]
	at org.springframework.boot.test.context.SpringBootContextLoader.lambda$loadContext$3(SpringBootContextLoader.java:144) ~[spring-boot-test-3.5.5.jar:3.5.5]
	at org.springframework.util.function.ThrowingSupplier.get(ThrowingSupplier.java:58) ~[spring-core-6.2.10.jar:6.2.10]
	at org.springframework.util.function.ThrowingSupplier.get(ThrowingSupplier.java:46) ~[spring-core-6.2.10.jar:6.2.10]
	at org.springframework.boot.SpringApplication.withHook(SpringApplication.java:1461) ~[spring-boot-3.5.5.jar:3.5.5]
	at org.springframework.boot.test.context.SpringBootContextLoader$ContextLoaderHook.run(SpringBootContextLoader.java:563) ~[spring-boot-test-3.5.5.jar:3.5.5]
	at org.springframework.boot.test.context.SpringBootContextLoader.loadContext(SpringBootContextLoader.java:144) ~[spring-boot-test-3.5.5.jar:3.5.5]
	at org.springframework.boot.test.context.SpringBootContextLoader.loadContext(SpringBootContextLoader.java:110) ~[spring-boot-test-3.5.5.jar:3.5.5]
	at org.springframework.test.context.cache.DefaultCacheAwareContextLoaderDelegate.loadContextInternal(DefaultCacheAwareContextLoaderDelegate.java:225) ~[spring-test-6.2.10.jar:6.2.10]
	at org.springframework.test.context.cache.DefaultCacheAwareContextLoaderDelegate.loadContext(DefaultCacheAwareContextLoaderDelegate.java:152) ~[spring-test-6.2.10.jar:6.2.10]
         - 
@ConditionalOnMissingBean (names: 
springSecurityFilterChain; 
SearchStrategy: all) found beans 
named springSecurityFilterChain 
(OnBeanCondition)
      Matched:
         - @ConditionalOnClass 
found required class 'org.springfr
amework.security.config.annotation
.web.configuration.EnableWebSecuri
ty' (OnClassCondition)

   SqlInitializationAutoConfigurat
ion:
      Did not match:
         - NoneNestedConditions 1 
matched 0 did not; 
NestedCondition on SqlInitializati
onAutoConfiguration.SqlInitializat
ionModeCondition.ModeIsNever 
@ConditionalOnProperty 
(spring.sql.init.mode=never) 
matched (SqlInitializationAutoConf
iguration.SqlInitializationModeCon
dition)
      Matched:
         - 
@ConditionalOnBooleanProperty 
(spring.sql.init.enabled=true) 
matched (OnPropertyCondition)

   TaskExecutorConfigurations.Simp
leAsyncTaskExecutorBuilderConfigur
ation#simpleAsyncTaskExecutorBuild
erVirtualThreads:
      Did not match:
         - 
@ConditionalOnMissingBean (types: 
org.springframework.boot.task.Simp
leAsyncTaskExecutorBuilder; 
SearchStrategy: all) found beans 
of type 'org.springframework.boot.
task.SimpleAsyncTaskExecutorBuilde
r' simpleAsyncTaskExecutorBuilder 
(OnBeanCondition)

   TaskExecutorConfigurations.Task
ExecutorConfiguration#applicationT
askExecutorVirtualThreads:
      Did not match:
         - 
@ConditionalOnThreading did not 
find VIRTUAL 
(OnThreadingCondition)

   TaskSchedulingConfigurations.Si
mpleAsyncTaskSchedulerBuilderConfi
guration#simpleAsyncTaskSchedulerB
uilderVirtualThreads:
      Did not match:
         - 
@ConditionalOnMissingBean (types: 
org.springframework.boot.task.Simp
leAsyncTaskSchedulerBuilder; 
SearchStrategy: all) found beans 
of type 'org.springframework.boot.
task.SimpleAsyncTaskSchedulerBuild
er' 
simpleAsyncTaskSchedulerBuilder 
(OnBeanCondition)

   TaskSchedulingConfigurations.Ta
skSchedulerConfiguration#taskSched
ulerVirtualThreads:
      Did not match:
         - 
@ConditionalOnThreading did not 
find VIRTUAL 
(OnThreadingCondition)

   TemplateEngineConfigurations.Re
activeTemplateEngineConfiguration:
      Did not match:
         - did not find reactive 
web application classes 
(OnWebApplicationCondition)

   ThymeleafAutoConfiguration.Data
AttributeDialectConfiguration:
      Did not match:
         - @ConditionalOnClass 
did not find required class 'com.g
ithub.mxab.thymeleaf.extras.dataat
tribute.dialect.DataAttributeDiale
ct' (OnClassCondition)

   ThymeleafAutoConfiguration.Thym
eleafWebFluxConfiguration:
      Did not match:
         - did not find reactive 
web application classes 
(OnWebApplicationCondition)

   ThymeleafAutoConfiguration.Thym
eleafWebLayoutConfiguration:
      Did not match:
         - @ConditionalOnClass 
did not find required class 'nz.ne
t.ultraq.thymeleaf.layoutdialect.L
ayoutDialect' (OnClassCondition)

   ThymeleafAutoConfiguration.Thym
eleafWebMvcConfiguration#resourceU
rlEncodingFilter:
      Did not match:
         - @ConditionalOnEnabledRe
sourceChain did not find class 
org.webjars.WebJarVersionLocator 
(OnEnabledResourceChainCondition)

   TransactionAutoConfiguration#tr
ansactionalOperator:
      Did not match:
         - 
@ConditionalOnSingleCandidate 
(types: org.springframework.transa
ction.ReactiveTransactionManager; 
SearchStrategy: all) did not find 
any beans (OnBeanCondition)

   TransactionAutoConfiguration.As
pectJTransactionManagementConfigur
ation:
      Did not match:
         - @ConditionalOnBean 
(types: org.springframework.transa
ction.aspectj.AbstractTransactionA
spect; SearchStrategy: all) did 
not find any beans of type org.spr
ingframework.transaction.aspectj.A
bstractTransactionAspect 
(OnBeanCondition)

   TransactionAutoConfiguration.En
ableTransactionManagementConfigura
tion.JdkDynamicAutoProxyConfigurat
ion:
	... 79 common frames omitted
Caused by: org.springframework.beans.factory.UnsatisfiedDependencyException: Error creating bean with name 'subscriberService' defined in file [/mnt/c/Users/Usuario/Documents/technews/target/classes/br/com/technews/service/SubscriberService.class]: Unsatisfied dependency expressed through constructor parameter 2: Error creating bean with name 'emailService': Injection of autowired dependencies failed
	at org.springframework.beans.factory.support.ConstructorResolver.createArgumentArray(ConstructorResolver.java:804) ~[spring-beans-6.2.10.jar:6.2.10]
	at org.springframework.beans.factory.support.ConstructorResolver.autowireConstructor(ConstructorResolver.java:240) ~[spring-beans-6.2.10.jar:6.2.10]
	at org.springframework.beans.factory.support.AbstractAutowireCapableBeanFactory.autowireConstructor(AbstractAutowireCapableBeanFactory.java:1395) ~[spring-beans-6.2.10.jar:6.2.10]
	at org.springframework.beans.factory.support.AbstractAutowireCapableBeanFactory.createBeanInstance(AbstractAutowireCapableBeanFactory.java:1232) ~[spring-beans-6.2.10.jar:6.2.10]
	at org.springframework.beans.factory.support.AbstractAutowireCapableBeanFactory.doCreateBean(AbstractAutowireCapableBeanFactory.java:569) ~[spring-beans-6.2.10.jar:6.2.10]
	at org.springframework.beans.factory.support.AbstractAutowireCapableBeanFactory.createBean(AbstractAutowireCapableBeanFactory.java:529) ~[spring-beans-6.2.10.jar:6.2.10]
	at org.springframework.beans.factory.support.AbstractBeanFactory.lambda$doGetBean$0(AbstractBeanFactory.java:339) ~[spring-beans-6.2.10.jar:6.2.10]
	at org.springframework.beans.factory.support.DefaultSingletonBeanRegistry.getSingleton(DefaultSingletonBeanRegistry.java:373) ~[spring-beans-6.2.10.jar:6.2.10]
	at org.springframework.beans.factory.support.AbstractBeanFactory.doGetBean(AbstractBeanFactory.java:337) ~[spring-beans-6.2.10.jar:6.2.10]
	at org.springframework.beans.factory.support.AbstractBeanFactory.getBean(AbstractBeanFactory.java:202) ~[spring-beans-6.2.10.jar:6.2.10]
	at org.springframework.beans.factory.support.DefaultListableBeanFactory.doResolveDependency(DefaultListableBeanFactory.java:1690) ~[spring-beans-6.2.10.jar:6.2.10]
	at org.springframework.beans.factory.support.DefaultListableBeanFactory.resolveDependency(DefaultListableBeanFactory.java:1635) ~[spring-beans-6.2.10.jar:6.2.10]
	at org.springframework.beans.factory.annotation.AutowiredAnnotationBeanPostProcessor$AutowiredFieldElement.resolveFieldValue(AutowiredAnnotationBeanPostProcessor.java:785) ~[spring-beans-6.2.10.jar:6.2.10]
	... 106 common frames omitted
Caused by: org.springframework.beans.factory.BeanCreationException: Error creating bean with name 'emailService': Injection of autowired dependencies failed
	at org.springframework.beans.factory.annotation.AutowiredAnnotationBeanPostProcessor.postProcessProperties(AutowiredAnnotationBeanPostProcessor.java:515) ~[spring-beans-6.2.10.jar:6.2.10]
	at org.springframework.beans.factory.support.AbstractAutowireCapableBeanFactory.populateBean(AbstractAutowireCapableBeanFactory.java:1459) ~[spring-beans-6.2.10.jar:6.2.10]
	at org.springframework.beans.factory.support.AbstractAutowireCapableBeanFactory.doCreateBean(AbstractAutowireCapableBeanFactory.java:606) ~[spring-beans-6.2.10.jar:6.2.10]
	at org.springframework.beans.factory.support.AbstractAutowireCapableBeanFactory.createBean(AbstractAutowireCapableBeanFactory.java:529) ~[spring-beans-6.2.10.jar:6.2.10]
	at org.springframework.beans.factory.support.AbstractBeanFactory.lambda$doGetBean$0(AbstractBeanFactory.java:339) ~[spring-beans-6.2.10.jar:6.2.10]
	at org.springframework.beans.factory.support.DefaultSingletonBeanRegistry.getSingleton(DefaultSingletonBeanRegistry.java:373) ~[spring-beans-6.2.10.jar:6.2.10]
	at org.springframework.beans.factory.support.AbstractBeanFactory.doGetBean(AbstractBeanFactory.java:337) ~[spring-beans-6.2.10.jar:6.2.10]
	at org.springframework.beans.factory.support.AbstractBeanFactory.getBean(AbstractBeanFactory.java:202) ~[spring-beans-6.2.10.jar:6.2.10]
	at org.springframework.beans.factory.support.DefaultListableBeanFactory.doResolveDependency(DefaultListableBeanFactory.java:1690) ~[spring-beans-6.2.10.jar:6.2.10]
	at org.springframework.beans.factory.support.DefaultListableBeanFactory.resolveDependency(DefaultListableBeanFactory.java:1635) ~[spring-beans-6.2.10.jar:6.2.10]
	at org.springframework.beans.factory.support.ConstructorResolver.resolveAutowiredArgument(ConstructorResolver.java:913) ~[spring-beans-6.2.10.jar:6.2.10]
	at org.springframework.beans.factory.support.ConstructorResolver.createArgumentArray(ConstructorResolver.java:791) ~[spring-beans-6.2.10.jar:6.2.10]
	... 118 common frames omitted
Caused by: org.springframework.util.PlaceholderResolutionException: Could not resolve placeholder 'app.base-url' in value "${app.base-url}"
	at org.springframework.util.PlaceholderResolutionException.withValue(PlaceholderResolutionException.java:81) ~[spring-core-6.2.10.jar:6.2.10]
	at org.springframework.util.PlaceholderParser$ParsedValue.resolve(PlaceholderParser.java:423) ~[spring-core-6.2.10.jar:6.2.10]
	at org.springframework.util.PlaceholderParser.replacePlaceholders(PlaceholderParser.java:128) ~[spring-core-6.2.10.jar:6.2.10]
	at org.springframework.util.PropertyPlaceholderHelper.parseStringValue(PropertyPlaceholderHelper.java:118) ~[spring-core-6.2.10.jar:6.2.10]
	at org.springframework.util.PropertyPlaceholderHelper.replacePlaceholders(PropertyPlaceholderHelper.java:114) ~[spring-core-6.2.10.jar:6.2.10]
	at org.springframework.core.env.AbstractPropertyResolver.doResolvePlaceholders(AbstractPropertyResolver.java:293) ~[spring-core-6.2.10.jar:6.2.10]
	at org.springframework.core.env.AbstractPropertyResolver.resolveRequiredPlaceholders(AbstractPropertyResolver.java:264) ~[spring-core-6.2.10.jar:6.2.10]
	at org.springframework.context.support.PropertySourcesPlaceholderConfigurer.lambda$processProperties$0(PropertySourcesPlaceholderConfigurer.java:186) ~[spring-context-6.2.10.jar:6.2.10]
	at org.springframework.beans.factory.support.AbstractBeanFactory.resolveEmbeddedValue(AbstractBeanFactory.java:971) ~[spring-beans-6.2.10.jar:6.2.10]
	at org.springframework.beans.factory.support.DefaultListableBeanFactory.doResolveDependency(DefaultListableBeanFactory.java:1657) ~[spring-beans-6.2.10.jar:6.2.10]
	at org.springframework.beans.factory.support.DefaultListableBeanFactory.resolveDependency(DefaultListableBeanFactory.java:1635) ~[spring-beans-6.2.10.jar:6.2.10]
	at org.springframework.beans.factory.annotation.AutowiredAnnotationBeanPostProcessor$AutowiredFieldElement.resolveFieldValue(AutowiredAnnotationBeanPostProcessor.java:785) ~[spring-beans-6.2.10.jar:6.2.10]
	at org.springframework.beans.factory.annotation.AutowiredAnnotationBeanPostProcessor$AutowiredFieldElement.inject(AutowiredAnnotationBeanPostProcessor.java:768) ~[spring-beans-6.2.10.jar:6.2.10]
	at org.springframework.beans.factory.annotation.InjectionMetadata.inject(InjectionMetadata.java:146) ~[spring-beans-6.2.10.jar:6.2.10]
	at org.springframework.beans.factory.annotation.AutowiredAnnotationBeanPostProcessor.postProcessProperties(AutowiredAnnotationBeanPostProcessor.java:509) ~[spring-beans-6.2.10.jar:6.2.10]
	... 129 common frames omitted

[ERROR] Tests run: 1, Failures: 0, Errors: 1, Skipped: 0, Time elapsed: 4.628 s <<< FAILURE! - in br.com.technews.TechnewsApplicationTests
[ERROR] br.com.technews.TechnewsApplicationTests.contextLoads  Time elapsed: 0.002 s  <<< ERROR!
java.lang.IllegalStateException: Failed to load ApplicationContext for [WebMergedContextConfiguration@3bde931c testClass = br.com.technews.TechnewsApplicationTests, locations = [], classes = [br.com.technews.TechnewsApplication], contextInitializerClasses = [], activeProfiles = [], propertySourceDescriptors = [], propertySourceProperties = ["org.springframework.boot.test.context.SpringBootTestContextBootstrapper=true"], contextCustomizers = [org.springframework.boot.test.context.filter.ExcludeFilterContextCustomizer@3fc9504b, org.springframework.boot.test.json.DuplicateJsonObjectContextCustomizerFactory$DuplicateJsonObjectContextCustomizer@7e4204e2, org.springframework.boot.test.mock.mockito.MockitoContextCustomizer@0, org.springframework.boot.test.web.client.TestRestTemplateContextCustomizer@4a35be58, org.springframework.boot.test.web.reactor.netty.DisableReactorResourceFactoryGlobalResourcesContextCustomizerFactory$DisableReactorResourceFactoryGlobalResourcesContextCustomizerCustomizer@7b94089b, org.springframework.boot.test.autoconfigure.OnFailureConditionReportContextCustomizerFactory$OnFailureConditionReportContextCustomizer@6155d082, org.springframework.boot.test.autoconfigure.actuate.observability.ObservabilityContextCustomizerFactory$DisableObservabilityContextCustomizer@1f, org.springframework.boot.test.autoconfigure.properties.PropertyMappingContextCustomizer@0, org.springframework.boot.test.autoconfigure.web.servlet.WebDriverContextCustomizer@16c63f5, org.springframework.test.context.support.DynamicPropertiesContextCustomizer@0, org.springframework.boot.test.context.SpringBootTestAnnotation@4df9cf9a], resourceBasePath = "src/main/webapp", contextLoader = org.springframework.boot.test.context.SpringBootContextLoader, parent = null]
	at org.springframework.test.context.cache.DefaultCacheAwareContextLoaderDelegate.loadContext(DefaultCacheAwareContextLoaderDelegate.java:180)
      Did not match:
         - 
@ConditionalOnBooleanProperty (spr
ing.aop.proxy-target-class=false) 
did not find property 
'spring.aop.proxy-target-class' 
(OnPropertyCondition)

   UserDetailsServiceAutoConfigura
tion:
      Did not match:
         - 
@ConditionalOnMissingBean (types: 
org.springframework.security.authe
ntication.AuthenticationManager,or
g.springframework.security.authent
ication.AuthenticationProvider,org
.springframework.security.core.use
rdetails.UserDetailsService,org.sp
ringframework.security.authenticat
ion.AuthenticationManagerResolver,
?; SearchStrategy: all) found 
beans of type 'org.springframework
.security.core.userdetails.UserDet
ailsService' userDetailsService 
(OnBeanCondition)
      Matched:
         - @ConditionalOnClass 
found required class 'org.springfr
amework.security.authentication.Au
thenticationManager' 
(OnClassCondition)
         - found 'session' scope 
(OnWebApplicationCondition)
         - AnyNestedCondition 3 
matched 0 did not; 
NestedCondition on UserDetailsServ
iceAutoConfiguration.MissingAltern
ativeOrUserPropertiesConfigured.Pa
sswordConfigured 
@ConditionalOnProperty 
(spring.security.user.password) 
matched; NestedCondition on UserDe
tailsServiceAutoConfiguration.Miss
ingAlternativeOrUserPropertiesConf
igured.NameConfigured 
@ConditionalOnProperty 
(spring.security.user.name) 
matched; NestedCondition on UserDe
tailsServiceAutoConfiguration.Miss
ingAlternativeOrUserPropertiesConf
igured.MissingAlternative 
@ConditionalOnMissingClass did 
not find unwanted classes 'org.spr
ingframework.security.oauth2.clien
t.registration.ClientRegistrationR
epository', 'org.springframework.s
ecurity.oauth2.server.resource.int
rospection.OpaqueTokenIntrospector
', 'org.springframework.security.s
aml2.provider.service.registration
.RelyingPartyRegistrationRepositor
y' (UserDetailsServiceAutoConfigur
ation.MissingAlternativeOrUserProp
ertiesConfigured)

   WebClientAutoConfiguration:
      Did not match:
         - @ConditionalOnClass 
did not find required class 'org.s
pringframework.web.reactive.functi
on.client.WebClient' 
(OnClassCondition)

   WebFluxAutoConfiguration:
      Did not match:
         - @ConditionalOnClass 
did not find required class 'org.s
pringframework.web.reactive.config
.WebFluxConfigurer' 
(OnClassCondition)

   WebMvcAutoConfiguration#hiddenH
ttpMethodFilter:
      Did not match:
         - 
@ConditionalOnBooleanProperty (spr
ing.mvc.hiddenmethod.filter.enable
d=true) did not find property 'spr
ing.mvc.hiddenmethod.filter.enable
d' (OnPropertyCondition)

   WebMvcAutoConfiguration.Problem
DetailsErrorHandlingConfiguration:
      Did not match:
         - 
@ConditionalOnBooleanProperty (spr
ing.mvc.problemdetails.enabled=tru
e) did not find property 'spring.m
vc.problemdetails.enabled' 
(OnPropertyCondition)

   WebMvcAutoConfiguration.Resourc
eChainCustomizerConfiguration:
      Did not match:
         - @ConditionalOnEnabledRe
sourceChain did not find class 
org.webjars.WebJarVersionLocator 
(OnEnabledResourceChainCondition)

   WebMvcAutoConfiguration.WebMvcA
utoConfigurationAdapter#beanNameVi
ewResolver:
      Did not match:
         - 
@ConditionalOnMissingBean (types: 
org.springframework.web.servlet.vi
ew.BeanNameViewResolver; 
SearchStrategy: all) found beans 
of type 'org.springframework.web.s
ervlet.view.BeanNameViewResolver' 
beanNameViewResolver 
(OnBeanCondition)

   WebServiceTemplateAutoConfigura
tion:
      Did not match:
         - @ConditionalOnClass 
did not find required class 'org.s
pringframework.oxm.Marshaller' 
(OnClassCondition)

   WebServicesAutoConfiguration:
      Did not match:
         - @ConditionalOnClass 
did not find required class 'org.s
pringframework.ws.transport.http.M
essageDispatcherServlet' 
(OnClassCondition)

   WebSessionIdResolverAutoConfigu
ration:
      Did not match:
         - @ConditionalOnClass 
did not find required class 
'reactor.core.publisher.Mono' 
(OnClassCondition)

   WebSocketMessagingAutoConfigura
tion:
      Did not match:
         - @ConditionalOnClass 
did not find required class 'org.s
pringframework.web.socket.config.a
nnotation.WebSocketMessageBrokerCo
nfigurer' (OnClassCondition)

   WebSocketReactiveAutoConfigurat
ion:
      Did not match:
         - 
@ConditionalOnWebApplication did 
not find reactive web application 
classes 
(OnWebApplicationCondition)

   WebSocketServletAutoConfigurati
on.JettyWebSocketConfiguration:
      Did not match:
         - @ConditionalOnClass 
did not find required class 'org.e
clipse.jetty.ee10.websocket.jakart
a.server.config.JakartaWebSocketSe
rvletContainerInitializer' 
(OnClassCondition)

   WebSocketServletAutoConfigurati
on.UndertowWebSocketConfiguration:
      Did not match:
	at org.springframework.test.context.support.DefaultTestContext.getApplicationContext(DefaultTestContext.java:130)
	at org.springframework.test.context.web.ServletTestExecutionListener.setUpRequestContextIfNecessary(ServletTestExecutionListener.java:200)
	at org.springframework.test.context.web.ServletTestExecutionListener.prepareTestInstance(ServletTestExecutionListener.java:139)
	at org.springframework.test.context.TestContextManager.prepareTestInstance(TestContextManager.java:260)
	at org.springframework.test.context.junit.jupiter.SpringExtension.postProcessTestInstance(SpringExtension.java:159)
	at java.base/java.util.stream.ForEachOps$ForEachOp$OfRef.accept(ForEachOps.java:184)
	at java.base/java.util.stream.ReferencePipeline$3$1.accept(ReferencePipeline.java:197)
	at java.base/java.util.stream.ReferencePipeline$2$1.accept(ReferencePipeline.java:179)
	at java.base/java.util.stream.ReferencePipeline$3$1.accept(ReferencePipeline.java:197)
	at java.base/java.util.ArrayList$ArrayListSpliterator.forEachRemaining(ArrayList.java:1708)
	at java.base/java.util.stream.AbstractPipeline.copyInto(AbstractPipeline.java:509)
	at java.base/java.util.stream.AbstractPipeline.wrapAndCopyInto(AbstractPipeline.java:499)
	at java.base/java.util.stream.ForEachOps$ForEachOp.evaluateSequential(ForEachOps.java:151)
	at java.base/java.util.stream.ForEachOps$ForEachOp$OfRef.evaluateSequential(ForEachOps.java:174)
	at java.base/java.util.stream.AbstractPipeline.evaluate(AbstractPipeline.java:234)
	at java.base/java.util.stream.ReferencePipeline.forEach(ReferencePipeline.java:596)
	at java.base/java.util.Optional.orElseGet(Optional.java:364)
	at java.base/java.util.ArrayList.forEach(ArrayList.java:1596)
	at java.base/java.util.ArrayList.forEach(ArrayList.java:1596)
Caused by: org.springframework.beans.factory.UnsatisfiedDependencyException: Error creating bean with name 'adminController': Unsatisfied dependency expressed through field 'subscriberService': Error creating bean with name 'subscriberService' defined in file [/mnt/c/Users/Usuario/Documents/technews/target/classes/br/com/technews/service/SubscriberService.class]: Unsatisfied dependency expressed through constructor parameter 2: Error creating bean with name 'emailService': Injection of autowired dependencies failed
	at org.springframework.beans.factory.annotation.AutowiredAnnotationBeanPostProcessor$AutowiredFieldElement.resolveFieldValue(AutowiredAnnotationBeanPostProcessor.java:788)
	at org.springframework.beans.factory.annotation.AutowiredAnnotationBeanPostProcessor$AutowiredFieldElement.inject(AutowiredAnnotationBeanPostProcessor.java:768)
	at org.springframework.beans.factory.annotation.InjectionMetadata.inject(InjectionMetadata.java:146)
	at org.springframework.beans.factory.annotation.AutowiredAnnotationBeanPostProcessor.postProcessProperties(AutowiredAnnotationBeanPostProcessor.java:509)
	at org.springframework.beans.factory.support.AbstractAutowireCapableBeanFactory.populateBean(AbstractAutowireCapableBeanFactory.java:1459)
	at org.springframework.beans.factory.support.AbstractAutowireCapableBeanFactory.doCreateBean(AbstractAutowireCapableBeanFactory.java:606)
	at org.springframework.beans.factory.support.AbstractAutowireCapableBeanFactory.createBean(AbstractAutowireCapableBeanFactory.java:529)
	at org.springframework.beans.factory.support.AbstractBeanFactory.lambda$doGetBean$0(AbstractBeanFactory.java:339)
	at org.springframework.beans.factory.support.DefaultSingletonBeanRegistry.getSingleton(DefaultSingletonBeanRegistry.java:373)
	at org.springframework.beans.factory.support.AbstractBeanFactory.doGetBean(AbstractBeanFactory.java:337)
	at org.springframework.beans.factory.support.AbstractBeanFactory.getBean(AbstractBeanFactory.java:202)
	at org.springframework.beans.factory.support.DefaultListableBeanFactory.instantiateSingleton(DefaultListableBeanFactory.java:1222)
	at org.springframework.beans.factory.support.DefaultListableBeanFactory.preInstantiateSingleton(DefaultListableBeanFactory.java:1188)
	at org.springframework.beans.factory.support.DefaultListableBeanFactory.preInstantiateSingletons(DefaultListableBeanFactory.java:1123)
	at org.springframework.context.support.AbstractApplicationContext.finishBeanFactoryInitialization(AbstractApplicationContext.java:987)
	at org.springframework.context.support.AbstractApplicationContext.refresh(AbstractApplicationContext.java:627)
	at org.springframework.boot.SpringApplication.refresh(SpringApplication.java:752)
	at org.springframework.boot.SpringApplication.refreshContext(SpringApplication.java:439)
	at org.springframework.boot.SpringApplication.run(SpringApplication.java:318)
	at org.springframework.boot.test.context.SpringBootContextLoader.lambda$loadContext$3(SpringBootContextLoader.java:144)
	at org.springframework.util.function.ThrowingSupplier.get(ThrowingSupplier.java:58)
	at org.springframework.util.function.ThrowingSupplier.get(ThrowingSupplier.java:46)
	at org.springframework.boot.SpringApplication.withHook(SpringApplication.java:1461)
	at org.springframework.boot.test.context.SpringBootContextLoader$ContextLoaderHook.run(SpringBootContextLoader.java:563)
	at org.springframework.boot.test.context.SpringBootContextLoader.loadContext(SpringBootContextLoader.java:144)
	at org.springframework.boot.test.context.SpringBootContextLoader.loadContext(SpringBootContextLoader.java:110)
	at org.springframework.test.context.cache.DefaultCacheAwareContextLoaderDelegate.loadContextInternal(DefaultCacheAwareContextLoaderDelegate.java:225)
	at org.springframework.test.context.cache.DefaultCacheAwareContextLoaderDelegate.loadContext(DefaultCacheAwareContextLoaderDelegate.java:152)
	... 19 more
         - @ConditionalOnClass 
did not find required class 'io.un
dertow.websockets.jsr.Bootstrap' 
(OnClassCondition)

   XADataSourceAutoConfiguration:
      Did not match:
         - @ConditionalOnBean 
(types: org.springframework.boot.j
dbc.XADataSourceWrapper; 
SearchStrategy: all) did not find 
any beans of type org.springframew
ork.boot.jdbc.XADataSourceWrapper 
(OnBeanCondition)
      Matched:
         - @ConditionalOnClass 
found required classes 
'javax.sql.DataSource', 'jakarta.t
ransaction.TransactionManager', 'o
rg.springframework.jdbc.datasource
.embedded.EmbeddedDatabaseType' 
(OnClassCondition)


Exclusions:
-----------

    None


Unconditional classes:
----------------------

    org.springframework.boot.autoc
onfigure.context.ConfigurationProp
ertiesAutoConfiguration

    org.springframework.boot.autoc
onfigure.ssl.SslAutoConfiguration

    org.springframework.boot.autoc
onfigure.context.PropertyPlacehold
erAutoConfiguration

    org.springframework.boot.autoc
onfigure.context.LifecycleAutoConf
iguration

    org.springframework.boot.autoc
onfigure.availability.ApplicationA
vailabilityAutoConfiguration

    org.springframework.boot.autoc
onfigure.info.ProjectInfoAutoConfi
guration



Caused by: org.springframework.beans.factory.UnsatisfiedDependencyException: Error creating bean with name 'subscriberService' defined in file [/mnt/c/Users/Usuario/Documents/technews/target/classes/br/com/technews/service/SubscriberService.class]: Unsatisfied dependency expressed through constructor parameter 2: Error creating bean with name 'emailService': Injection of autowired dependencies failed
	at org.springframework.beans.factory.support.ConstructorResolver.createArgumentArray(ConstructorResolver.java:804)
	at org.springframework.beans.factory.support.ConstructorResolver.autowireConstructor(ConstructorResolver.java:240)
	at org.springframework.beans.factory.support.AbstractAutowireCapableBeanFactory.autowireConstructor(AbstractAutowireCapableBeanFactory.java:1395)
	at org.springframework.beans.factory.support.AbstractAutowireCapableBeanFactory.createBeanInstance(AbstractAutowireCapableBeanFactory.java:1232)
	at org.springframework.beans.factory.support.AbstractAutowireCapableBeanFactory.doCreateBean(AbstractAutowireCapableBeanFactory.java:569)
	at org.springframework.beans.factory.support.AbstractAutowireCapableBeanFactory.createBean(AbstractAutowireCapableBeanFactory.java:529)
	at org.springframework.beans.factory.support.AbstractBeanFactory.lambda$doGetBean$0(AbstractBeanFactory.java:339)
	at org.springframework.beans.factory.support.DefaultSingletonBeanRegistry.getSingleton(DefaultSingletonBeanRegistry.java:373)
	at org.springframework.beans.factory.support.AbstractBeanFactory.doGetBean(AbstractBeanFactory.java:337)
	at org.springframework.beans.factory.support.AbstractBeanFactory.getBean(AbstractBeanFactory.java:202)
	at org.springframework.beans.factory.support.DefaultListableBeanFactory.doResolveDependency(DefaultListableBeanFactory.java:1690)
	at org.springframework.beans.factory.support.DefaultListableBeanFactory.resolveDependency(DefaultListableBeanFactory.java:1635)
	at org.springframework.beans.factory.annotation.AutowiredAnnotationBeanPostProcessor$AutowiredFieldElement.resolveFieldValue(AutowiredAnnotationBeanPostProcessor.java:785)
	... 46 more
Caused by: org.springframework.beans.factory.BeanCreationException: Error creating bean with name 'emailService': Injection of autowired dependencies failed
	at org.springframework.beans.factory.annotation.AutowiredAnnotationBeanPostProcessor.postProcessProperties(AutowiredAnnotationBeanPostProcessor.java:515)
	at org.springframework.beans.factory.support.AbstractAutowireCapableBeanFactory.populateBean(AbstractAutowireCapableBeanFactory.java:1459)
	at org.springframework.beans.factory.support.AbstractAutowireCapableBeanFactory.doCreateBean(AbstractAutowireCapableBeanFactory.java:606)
	at org.springframework.beans.factory.support.AbstractAutowireCapableBeanFactory.createBean(AbstractAutowireCapableBeanFactory.java:529)
	at org.springframework.beans.factory.support.AbstractBeanFactory.lambda$doGetBean$0(AbstractBeanFactory.java:339)
	at org.springframework.beans.factory.support.DefaultSingletonBeanRegistry.getSingleton(DefaultSingletonBeanRegistry.java:373)
	at org.springframework.beans.factory.support.AbstractBeanFactory.doGetBean(AbstractBeanFactory.java:337)
	at org.springframework.beans.factory.support.AbstractBeanFactory.getBean(AbstractBeanFactory.java:202)
	at org.springframework.beans.factory.support.DefaultListableBeanFactory.doResolveDependency(DefaultListableBeanFactory.java:1690)
	at org.springframework.beans.factory.support.DefaultListableBeanFactory.resolveDependency(DefaultListableBeanFactory.java:1635)
	at org.springframework.beans.factory.support.ConstructorResolver.resolveAutowiredArgument(ConstructorResolver.java:913)
	at org.springframework.beans.factory.support.ConstructorResolver.createArgumentArray(ConstructorResolver.java:791)
	... 58 more
Caused by: org.springframework.util.PlaceholderResolutionException: Could not resolve placeholder 'app.base-url' in value "${app.base-url}"
	at org.springframework.util.PlaceholderResolutionException.withValue(PlaceholderResolutionException.java:81)
	at org.springframework.util.PlaceholderParser$ParsedValue.resolve(PlaceholderParser.java:423)
	at org.springframework.util.PlaceholderParser.replacePlaceholders(PlaceholderParser.java:128)
	at org.springframework.util.PropertyPlaceholderHelper.parseStringValue(PropertyPlaceholderHelper.java:118)
	at org.springframework.util.PropertyPlaceholderHelper.replacePlaceholders(PropertyPlaceholderHelper.java:114)
	at org.springframework.core.env.AbstractPropertyResolver.doResolvePlaceholders(AbstractPropertyResolver.java:293)
	at org.springframework.core.env.AbstractPropertyResolver.resolveRequiredPlaceholders(AbstractPropertyResolver.java:264)
	at org.springframework.context.support.PropertySourcesPlaceholderConfigurer.lambda$processProperties$0(PropertySourcesPlaceholderConfigurer.java:186)
	at org.springframework.beans.factory.support.AbstractBeanFactory.resolveEmbeddedValue(AbstractBeanFactory.java:971)
	at org.springframework.beans.factory.support.DefaultListableBeanFactory.doResolveDependency(DefaultListableBeanFactory.java:1657)
	at org.springframework.beans.factory.support.DefaultListableBeanFactory.resolveDependency(DefaultListableBeanFactory.java:1635)
	at org.springframework.beans.factory.annotation.AutowiredAnnotationBeanPostProcessor$AutowiredFieldElement.resolveFieldValue(AutowiredAnnotationBeanPostProcessor.java:785)
	at org.springframework.beans.factory.annotation.AutowiredAnnotationBeanPostProcessor$AutowiredFieldElement.inject(AutowiredAnnotationBeanPostProcessor.java:768)
	at org.springframework.beans.factory.annotation.InjectionMetadata.inject(InjectionMetadata.java:146)
	at org.springframework.beans.factory.annotation.AutowiredAnnotationBeanPostProcessor.postProcessProperties(AutowiredAnnotationBeanPostProcessor.java:509)
	... 69 more

[INFO] Running com.example.technews.TechnewsApplicationTests
2025-09-20T20:34:50.279-03:00  INFO 29846 --- [TechNews] [           main] t.c.s.AnnotationConfigContextLoaderUtils : Could not detect default configuration classes for test class [com.example.technews.TechnewsApplicationTests]: TechnewsApplicationTests does not declare any static, non-private, non-final, nested classes annotated with @Configuration.
2025-09-20T20:34:50.363-03:00  INFO 29846 --- [TechNews] [           main] .b.t.c.SpringBootTestContextBootstrapper : Found @SpringBootConfiguration com.example.technews.TechnewsApplication for test class com.example.technews.TechnewsApplicationTests

  .   ____          _            __ _ _
 /\\ / ___'_ __ _ _(_)_ __  __ _ \ \ \ \
( ( )\___ | '_ | '_| | '_ \/ _` | \ \ \ \
 \\/  ___)| |_)| | | | | || (_| |  ) ) ) )
  '  |____| .__|_| |_|_| |_\__, | / / / /
 =========|_|==============|___/=/_/_/_/

 :: Spring Boot ::                (v3.5.5)

2025-09-20T20:34:50.506-03:00  INFO 29846 --- [TechNews] [           main] c.e.technews.TechnewsApplicationTests    : Starting TechnewsApplicationTests using Java 21.0.8 with PID 29846 (started by lan in /mnt/c/Users/Usuario/Documents/technews)
2025-09-20T20:34:50.506-03:00  INFO 29846 --- [TechNews] [           main] c.e.technews.TechnewsApplicationTests    : The following 1 profile is active: "test"
2025-09-20T20:34:50.515-03:00 DEBUG 29846 --- [TechNews] [           main] o.s.w.c.s.GenericWebApplicationContext   : Refreshing org.springframework.web.context.support.GenericWebApplicationContext@635ba418
2025-09-20T20:34:51.249-03:00  INFO 29846 --- [TechNews] [           main] .s.d.r.c.RepositoryConfigurationDelegate : Bootstrapping Spring Data JPA repositories in DEFAULT mode.
2025-09-20T20:34:51.277-03:00  INFO 29846 --- [TechNews] [           main] .s.d.r.c.RepositoryConfigurationDelegate : Finished Spring Data repository scanning in 24 ms. Found 0 JPA repository interfaces.
2025-09-20T20:34:51.467-03:00  INFO 29846 --- [TechNews] [           main] o.hibernate.jpa.internal.util.LogHelper  : HHH000204: Processing PersistenceUnitInfo [name: default]
2025-09-20T20:34:51.511-03:00  INFO 29846 --- [TechNews] [           main] o.h.c.internal.RegionFactoryInitiator    : HHH000026: Second-level cache disabled
2025-09-20T20:34:51.603-03:00  INFO 29846 --- [TechNews] [           main] o.s.o.j.p.SpringPersistenceUnitInfo      : No LoadTimeWeaver setup: ignoring JPA class transformer
2025-09-20T20:34:51.611-03:00  INFO 29846 --- [TechNews] [           main] com.zaxxer.hikari.HikariDataSource       : HikariPool-2 - Starting...
2025-09-20T20:34:51.613-03:00  INFO 29846 --- [TechNews] [           main] com.zaxxer.hikari.pool.HikariPool        : HikariPool-2 - Added connection conn78: url=jdbc:h2:mem:testdb user=SA
2025-09-20T20:34:51.613-03:00  INFO 29846 --- [TechNews] [           main] com.zaxxer.hikari.HikariDataSource       : HikariPool-2 - Start completed.
2025-09-20T20:34:51.614-03:00  WARN 29846 --- [TechNews] [           main] org.hibernate.orm.deprecation            : HHH90000025: H2Dialect does not need to be specified explicitly using 'hibernate.dialect' (remove the property setting and it will be selected by default)
2025-09-20T20:34:51.614-03:00  INFO 29846 --- [TechNews] [           main] org.hibernate.orm.connections.pooling    : HHH10001005: Database info:
	Database JDBC URL [Connecting through datasource 'HikariDataSource (HikariPool-2)']
	Database driver: undefined/unknown
	Database version: 2.3.232
	Autocommit mode: undefined/unknown
	Isolation level: undefined/unknown
	Minimum pool size: undefined/unknown
	Maximum pool size: undefined/unknown
2025-09-20T20:34:51.750-03:00  INFO 29846 --- [TechNews] [           main] o.h.e.t.j.p.i.JtaPlatformInitiator       : HHH000489: No JTA platform available (set 'hibernate.transaction.jta.platform' to enable JTA platform integration)
2025-09-20T20:34:51.750-03:00  INFO 29846 --- [TechNews] [           main] j.LocalContainerEntityManagerFactoryBean : Initialized JPA EntityManagerFactory for persistence unit 'default'
2025-09-20T20:34:51.942-03:00  WARN 29846 --- [TechNews] [           main] JpaBaseConfiguration$JpaWebConfiguration : spring.jpa.open-in-view is enabled by default. Therefore, database queries may be performed during view rendering. Explicitly configure spring.jpa.open-in-view to disable this warning
2025-09-20T20:34:52.004-03:00  INFO 29846 --- [TechNews] [           main] o.s.b.a.w.s.WelcomePageHandlerMapping    : Adding welcome page template: index
2025-09-20T20:34:52.054-03:00 DEBUG 29846 --- [TechNews] [           main] s.w.s.m.m.a.RequestMappingHandlerMapping : 2 mappings in 'requestMappingHandlerMapping'
2025-09-20T20:34:52.130-03:00 DEBUG 29846 --- [TechNews] [           main] o.s.w.s.handler.SimpleUrlHandlerMapping  : Patterns [/webjars/**, /**] in 'resourceHandlerMapping'
2025-09-20T20:34:52.139-03:00 DEBUG 29846 --- [TechNews] [           main] s.w.s.m.m.a.RequestMappingHandlerAdapter : ControllerAdvice beans: 0 @ModelAttribute, 0 @InitBinder, 1 RequestBodyAdvice, 1 ResponseBodyAdvice
2025-09-20T20:34:52.156-03:00 DEBUG 29846 --- [TechNews] [           main] .m.m.a.ExceptionHandlerExceptionResolver : ControllerAdvice beans: 0 @ExceptionHandler, 1 ResponseBodyAdvice
2025-09-20T20:34:52.187-03:00  INFO 29846 --- [TechNews] [           main] o.s.b.a.h2.H2ConsoleAutoConfiguration    : H2 console available at '/h2-console'. Database available at 'jdbc:h2:mem:testdb'
2025-09-20T20:34:52.395-03:00  INFO 29846 --- [TechNews] [           main] org.quartz.impl.StdSchedulerFactory      : Using default implementation for ThreadExecutor
2025-09-20T20:34:52.456-03:00  INFO 29846 --- [TechNews] [           main] org.quartz.core.SchedulerSignalerImpl    : Initialized Scheduler Signaller of type: class org.quartz.core.SchedulerSignalerImpl
2025-09-20T20:34:52.456-03:00  INFO 29846 --- [TechNews] [           main] org.quartz.core.QuartzScheduler          : Quartz Scheduler v2.5.0 created.
2025-09-20T20:34:52.458-03:00  INFO 29846 --- [TechNews] [           main] org.quartz.simpl.RAMJobStore             : RAMJobStore initialized.
2025-09-20T20:34:52.460-03:00  INFO 29846 --- [TechNews] [           main] org.quartz.core.QuartzScheduler          : Scheduler meta-data: Quartz Scheduler (v2.5.0) 'TestScheduler' with instanceId 'NON_CLUSTERED'
  Scheduler class: 'org.quartz.core.QuartzScheduler' - running locally.
  NOT STARTED.
  Currently in standby mode.
  Number of jobs executed: 0
  Using thread pool 'org.quartz.simpl.SimpleThreadPool' - with 10 threads.
  Using job-store 'org.quartz.simpl.RAMJobStore' - which does not support persistence. and is not clustered.

2025-09-20T20:34:52.460-03:00  INFO 29846 --- [TechNews] [           main] org.quartz.impl.StdSchedulerFactory      : Quartz scheduler 'TestScheduler' initialized from an externally provided properties instance.
2025-09-20T20:34:52.460-03:00  INFO 29846 --- [TechNews] [           main] org.quartz.impl.StdSchedulerFactory      : Quartz scheduler version: 2.5.0
2025-09-20T20:34:52.460-03:00  INFO 29846 --- [TechNews] [           main] org.quartz.core.QuartzScheduler          : JobFactory set to: org.springframework.scheduling.quartz.SpringBeanJobFactory@702eebca
2025-09-20T20:34:52.485-03:00  INFO 29846 --- [TechNews] [           main] r$InitializeUserDetailsManagerConfigurer : Global AuthenticationManager configured with UserDetailsService bean with name inMemoryUserDetailsManager
2025-09-20T20:34:52.580-03:00  INFO 29846 --- [TechNews] [           main] o.s.s.quartz.SchedulerFactoryBean        : Starting Quartz Scheduler now
2025-09-20T20:34:52.580-03:00  INFO 29846 --- [TechNews] [           main] org.quartz.core.QuartzScheduler          : Scheduler TestScheduler_$_NON_CLUSTERED started.
2025-09-20T20:34:52.583-03:00  INFO 29846 --- [TechNews] [           main] c.e.technews.TechnewsApplicationTests    : Started TechnewsApplicationTests in 2.202 seconds (process running for 64.206)
[INFO] Tests run: 1, Failures: 0, Errors: 0, Skipped: 0, Time elapsed: 2.326 s - in com.example.technews.TechnewsApplicationTests
[INFO] 
[INFO] Results:
[INFO] 
[ERROR] Failures: 
[ERROR]   CategoryControllerTest.shouldHandleUpdateCategoryNotFound:184 Flash attribute 'errorMessage' expected:<Categoria n├úo encontrada!> but was:<null>
[ERROR]   CategoryControllerTest.shouldUpdateCategorySuccessfully:168 
Wanted but not invoked:
br.com.technews.service.CategoryService#0 bean.findById(
    1L
);
-> at br.com.technews.service.CategoryService.findById(CategoryService.java:46)

However, there was exactly 1 interaction with this mock:
br.com.technews.service.CategoryService#0 bean.update(
    1L,
    Category{id=1, name='Technology Updated', slug='TECHNOLOGY', active=true}
);
-> at br.com.technews.controller.admin.CategoryController.updateCategory(CategoryController.java:135)


[ERROR] Errors: 
[ERROR]   TechnewsApplicationTests.contextLoads ┬╗ IllegalState Failed to load ApplicationContext for [WebMergedContextConfiguration@3bde931c testClass = br.com.technews.TechnewsApplicationTests, locations = [], classes = [br.com.technews.TechnewsApplication], contextInitializerClasses = [], activeProfiles = [], propertySourceDescriptors = [], propertySourceProperties = ["org.springframework.boot.test.context.SpringBootTestContextBootstrapper=true"], contextCustomizers = [org.springframework.boot.test.context.filter.ExcludeFilterContextCustomizer@3fc9504b, org.springframework.boot.test.json.DuplicateJsonObjectContextCustomizerFactory$DuplicateJsonObjectContextCustomizer@7e4204e2, org.springframework.boot.test.mock.mockito.MockitoContextCustomizer@0, org.springframework.boot.test.web.client.TestRestTemplateContextCustomizer@4a35be58, org.springframework.boot.test.web.reactor.netty.DisableReactorResourceFactoryGlobalResourcesContextCustomizerFactory$DisableReactorResourceFactoryGlobalResourcesContextCustomizerCustomizer@7b94089b, org.springframework.boot.test.autoconfigure.OnFailureConditionReportContextCustomizerFactory$OnFailureConditionReportContextCustomizer@6155d082, org.springframework.boot.test.autoconfigure.actuate.observability.ObservabilityContextCustomizerFactory$DisableObservabilityContextCustomizer@1f, org.springframework.boot.test.autoconfigure.properties.PropertyMappingContextCustomizer@0, org.springframework.boot.test.autoconfigure.web.servlet.WebDriverContextCustomizer@16c63f5, org.springframework.test.context.support.DynamicPropertiesContextCustomizer@0, org.springframework.boot.test.context.SpringBootTestAnnotation@4df9cf9a], resourceBasePath = "src/main/webapp", contextLoader = org.springframework.boot.test.context.SpringBootContextLoader, parent = null]
[ERROR]   AdminControllerTest.shouldShowEditSubscriberForm:94 ┬╗ Servlet Request processing failed: org.thymeleaf.exceptions.TemplateInputException: An error happened during template parsing (template: "class path resource [templates/admin/subscribers/form.html]")
[ERROR]   CategoryControllerTest.shouldShowEditForm:125 ┬╗ Servlet Request processing failed: org.thymeleaf.exceptions.TemplateInputException: An error happened during template parsing (template: "class path resource [templates/admin/categories/form.html]")
[ERROR]   CategoryControllerTest.shouldViewCategoryDetails:230 ┬╗ Servlet Request processing failed: org.thymeleaf.exceptions.TemplateInputException: An error happened during template parsing (template: "class path resource [templates/admin/categories/view.html]")
[INFO] 
[ERROR] Tests run: 215, Failures: 2, Errors: 4, Skipped: 0
[INFO] 
[INFO] ------------------------------------------------------------------------
[INFO] BUILD FAILURE
[INFO] ------------------------------------------------------------------------
[INFO] Total time:  01:14 min
[INFO] Finished at: 2025-09-20T20:34:52-03:00
[INFO] ------------------------------------------------------------------------
[ERROR] Failed to execute goal org.apache.maven.plugins:maven-surefire-plugin:3.0.0-M9:test (default-test) on project technews: There are test failures.
[ERROR] 
[ERROR] Please refer to /mnt/c/Users/Usuario/Documents/technews/target/surefire-reports for the individual test results.
[ERROR] Please refer to dump files (if any exist) [date].dump, [date]-jvmRun[N].dump and [date].dumpstream.
[ERROR] -> [Help 1]
[ERROR] 
[ERROR] To see the full stack trace of the errors, re-run Maven with the -e switch.
[ERROR] Re-run Maven using the -X switch to enable full debug logging.
[ERROR] 
[ERROR] For more information about the errors and possible solutions, please read the following articles:
[ERROR] [Help 1] http://cwiki.apache.org/confluence/display/MAVEN/MojoFailureException
